Archive member included because of file (symbol)

/home/maska/ATMEL/arm-gnu-toolchain-linux-2/bin/../lib/gcc/arm-elf/4.1.0/../../../../arm-elf/lib/thumb/interwork/libc.a(atoi.o)
                              main.o (atoi)
/home/maska/ATMEL/arm-gnu-toolchain-linux-2/bin/../lib/gcc/arm-elf/4.1.0/../../../../arm-elf/lib/thumb/interwork/libc.a(memcpy.o)
                              main.o (memcpy)
/home/maska/ATMEL/arm-gnu-toolchain-linux-2/bin/../lib/gcc/arm-elf/4.1.0/../../../../arm-elf/lib/thumb/interwork/libc.a(sprintf.o)
                              main.o (sprintf)
/home/maska/ATMEL/arm-gnu-toolchain-linux-2/bin/../lib/gcc/arm-elf/4.1.0/../../../../arm-elf/lib/thumb/interwork/libc.a(strcmp.o)
                              main.o (strcmp)
/home/maska/ATMEL/arm-gnu-toolchain-linux-2/bin/../lib/gcc/arm-elf/4.1.0/../../../../arm-elf/lib/thumb/interwork/libc.a(strcpy.o)
                              main.o (strcpy)
/home/maska/ATMEL/arm-gnu-toolchain-linux-2/bin/../lib/gcc/arm-elf/4.1.0/../../../../arm-elf/lib/thumb/interwork/libc.a(strlen.o)
                              main.o (strlen)
/home/maska/ATMEL/arm-gnu-toolchain-linux-2/bin/../lib/gcc/arm-elf/4.1.0/../../../../arm-elf/lib/thumb/interwork/libc.a(strtok.o)
                              main.o (strtok)
/home/maska/ATMEL/arm-gnu-toolchain-linux-2/bin/../lib/gcc/arm-elf/4.1.0/../../../../arm-elf/lib/thumb/interwork/libc.a(strtok_r.o)
                              /home/maska/ATMEL/arm-gnu-toolchain-linux-2/bin/../lib/gcc/arm-elf/4.1.0/../../../../arm-elf/lib/thumb/interwork/libc.a(strtok.o) (__strtok_r)
/home/maska/ATMEL/arm-gnu-toolchain-linux-2/bin/../lib/gcc/arm-elf/4.1.0/../../../../arm-elf/lib/thumb/interwork/libc.a(strtol.o)
                              /home/maska/ATMEL/arm-gnu-toolchain-linux-2/bin/../lib/gcc/arm-elf/4.1.0/../../../../arm-elf/lib/thumb/interwork/libc.a(atoi.o) (_strtol_r)
/home/maska/ATMEL/arm-gnu-toolchain-linux-2/bin/../lib/gcc/arm-elf/4.1.0/../../../../arm-elf/lib/thumb/interwork/libc.a(vfprintf.o)
                              /home/maska/ATMEL/arm-gnu-toolchain-linux-2/bin/../lib/gcc/arm-elf/4.1.0/../../../../arm-elf/lib/thumb/interwork/libc.a(sprintf.o) (_vfprintf_r)
/home/maska/ATMEL/arm-gnu-toolchain-linux-2/bin/../lib/gcc/arm-elf/4.1.0/../../../../arm-elf/lib/thumb/interwork/libc.a(wcrtomb.o)
                              /home/maska/ATMEL/arm-gnu-toolchain-linux-2/bin/../lib/gcc/arm-elf/4.1.0/../../../../arm-elf/lib/thumb/interwork/libc.a(vfprintf.o) (_wcrtomb_r)
/home/maska/ATMEL/arm-gnu-toolchain-linux-2/bin/../lib/gcc/arm-elf/4.1.0/../../../../arm-elf/lib/thumb/interwork/libc.a(wcsrtombs.o)
                              /home/maska/ATMEL/arm-gnu-toolchain-linux-2/bin/../lib/gcc/arm-elf/4.1.0/../../../../arm-elf/lib/thumb/interwork/libc.a(vfprintf.o) (_wcsrtombs_r)
/home/maska/ATMEL/arm-gnu-toolchain-linux-2/bin/../lib/gcc/arm-elf/4.1.0/../../../../arm-elf/lib/thumb/interwork/libc.a(wctomb_r.o)
                              /home/maska/ATMEL/arm-gnu-toolchain-linux-2/bin/../lib/gcc/arm-elf/4.1.0/../../../../arm-elf/lib/thumb/interwork/libc.a(wcrtomb.o) (_wctomb_r)
/home/maska/ATMEL/arm-gnu-toolchain-linux-2/bin/../lib/gcc/arm-elf/4.1.0/../../../../arm-elf/lib/thumb/interwork/libc.a(wsetup.o)
                              /home/maska/ATMEL/arm-gnu-toolchain-linux-2/bin/../lib/gcc/arm-elf/4.1.0/../../../../arm-elf/lib/thumb/interwork/libc.a(vfprintf.o) (__swsetup)
/home/maska/ATMEL/arm-gnu-toolchain-linux-2/bin/../lib/gcc/arm-elf/4.1.0/../../../../arm-elf/lib/thumb/interwork/libc.a(ctype_.o)
                              /home/maska/ATMEL/arm-gnu-toolchain-linux-2/bin/../lib/gcc/arm-elf/4.1.0/../../../../arm-elf/lib/thumb/interwork/libc.a(strtol.o) (__ctype_ptr)
/home/maska/ATMEL/arm-gnu-toolchain-linux-2/bin/../lib/gcc/arm-elf/4.1.0/../../../../arm-elf/lib/thumb/interwork/libc.a(dtoa.o)
                              /home/maska/ATMEL/arm-gnu-toolchain-linux-2/bin/../lib/gcc/arm-elf/4.1.0/../../../../arm-elf/lib/thumb/interwork/libc.a(vfprintf.o) (_dtoa_r)
/home/maska/ATMEL/arm-gnu-toolchain-linux-2/bin/../lib/gcc/arm-elf/4.1.0/../../../../arm-elf/lib/thumb/interwork/libc.a(fflush.o)
                              /home/maska/ATMEL/arm-gnu-toolchain-linux-2/bin/../lib/gcc/arm-elf/4.1.0/../../../../arm-elf/lib/thumb/interwork/libc.a(vfprintf.o) (fflush)
/home/maska/ATMEL/arm-gnu-toolchain-linux-2/bin/../lib/gcc/arm-elf/4.1.0/../../../../arm-elf/lib/thumb/interwork/libc.a(findfp.o)
                              /home/maska/ATMEL/arm-gnu-toolchain-linux-2/bin/../lib/gcc/arm-elf/4.1.0/../../../../arm-elf/lib/thumb/interwork/libc.a(vfprintf.o) (__sinit)
/home/maska/ATMEL/arm-gnu-toolchain-linux-2/bin/../lib/gcc/arm-elf/4.1.0/../../../../arm-elf/lib/thumb/interwork/libc.a(freer.o)
                              /home/maska/ATMEL/arm-gnu-toolchain-linux-2/bin/../lib/gcc/arm-elf/4.1.0/../../../../arm-elf/lib/thumb/interwork/libc.a(vfprintf.o) (_free_r)
[...]
Memory Configuration

Name             Origin             Length             Attributes
CODE             0x00100000         0x00010000         xr
DATA             0x00200000         0x00004000         rw
STACK            0x00204000         0x00000000         rw
*default*        0x00000000         0xffffffff

Linker script and memory map

LOAD Cstartup.o
LOAD main.o
LOAD Cstartup_SAM7.o
LOAD syscalls.o
LOAD cdc_enumerate.o
LOAD adc.o
LOAD pwm.o
LOAD aic.o
LOAD async.o
LOAD delay.o
LOAD math.o
LOAD /home/maska/ATMEL/arm-gnu-toolchain-linux-2/bin/../lib/gcc/arm-elf/4.1.0/../../../../arm-elf/lib/thumb/interwork/libc.a
LOAD /home/maska/ATMEL/arm-gnu-toolchain-linux-2/bin/../lib/gcc/arm-elf/4.1.0/../../../../arm-elf/lib/thumb/interwork/libm.a
LOAD /home/maska/ATMEL/arm-gnu-toolchain-linux-2/bin/../lib/gcc/arm-elf/4.1.0/../../../../arm-elf/lib/thumb/interwork/libc.a
LOAD /home/maska/ATMEL/arm-gnu-toolchain-linux-2/bin/../lib/gcc/arm-elf/4.1.0/thumb/interwork/libgcc.a
START GROUP
LOAD /home/maska/ATMEL/arm-gnu-toolchain-linux-2/bin/../lib/gcc/arm-elf/4.1.0/thumb/interwork/libgcc.a
LOAD /home/maska/ATMEL/arm-gnu-toolchain-linux-2/bin/../lib/gcc/arm-elf/4.1.0/../../../../arm-elf/lib/thumb/interwork/libg.a
LOAD /home/maska/ATMEL/arm-gnu-toolchain-linux-2/bin/../lib/gcc/arm-elf/4.1.0/../../../../arm-elf/lib/thumb/interwork/libc.a
END GROUP
                0x00000000                . = 0x0

.text           0x00100000     0x81ac
 *Cstartup.o(.text)
 .text          0x00100000      0x13c Cstartup.o
                0x001000bc                IRQ_Handler_Entry
                0x0010010c                AT91F_Default_FIQ_handler
                0x00100000                _startup
                0x00100110                AT91F_Default_IRQ_handler
                0x00100114                AT91F_Spurious_handler
                0x001000b8                exit
 *(.text)
 .text          0x0010013c      0xf54 main.o
                0x0010017c                FIQHandler
                0x001001e8                AT91FUSBOpen
                0x00100180                getCDCMEssage
                0x001003d0                main
                0x00100174                IRQ0Handler
                0x00100178                IRQ1Handler
 .text          0x00101090       0xdc Cstartup_SAM7.o
                0x00101090                AT91F_LowLevelInit
 .text          0x0010116c      0x124 syscalls.o
                0x00101244                _lseek_r
                0x0010124c                _fstat_r
                0x0010125c                isatty
                0x00101264                _sbrk_r
                0x00101190                _read_r
                0x0010123c                _close_r
                0x001011f8                _write_r
 .text          0x00101290      0x724 cdc_enumerate.o
                0x00101390                AT91F_USB_SendZlp
                0x001013c4                AT91F_USB_SendStall
                0x00101290                AT91F_CDC_Open
 .text          0x001019b4      0x158 adc.o
                0x00101ae4                getValueChannel6
                0x00101a44                getValueChannel1
                0x001019b4                InitADC
                0x00101abc                getValueChannel5
                0x00101a1c                getValueChannel0
                0x00101a6c                getValueChannel2
                0x00101a94                getValueChannel4
 .text          0x00101b0c      0x12c pwm.o
                0x00101bc4                pwmDutySet_u8
                0x00101b0c                pwmFreqSet
                0x00101bf8                pwmDutySetPercent
 .text          0x00101c38       0x58 aic.o
                0x00101c7c                AIC_DisableIT
                0x00101c68                AIC_EnableIT
                0x00101c38                AIC_ConfigureIT
 .text          0x00101c90       0x10 async.o
                0x00101c90                ASYNC_IsFinished
 .text          0x00101ca0       0x7c delay.o
                0x00101ca0                delay_us
                0x00101ce4                delay_ms
 .text          0x00101d1c       0x38 math.o
                0x00101d34                power
                0x00101d28                absv
                0x00101d1c                min
 .text          0x00101d54       0x20 /home/maska/ATMEL/arm-gnu-toolchain-linux-2/bin/../lib/gcc/arm-elf/4.1.0/../../../../arm-elf/lib/thumb/interwork/libc.a(atoi.o)
                0x00101d54                _atoi_r
                0x00101d64                atoi
 .text          0x00101d74       0x64 /home/maska/ATMEL/arm-gnu-toolchain-linux-2/bin/../lib/gcc/arm-elf/4.1.0/../../../../arm-elf/lib/thumb/interwork/libc.a(memcpy.o)
                0x00101d74                memcpy
 .text          0x00101dd8       0x84 /home/maska/ATMEL/arm-gnu-toolchain-linux-2/bin/../lib/gcc/arm-elf/4.1.0/../../../../arm-elf/lib/thumb/interwork/libc.a(sprintf.o)
                0x00101e1c                _sprintf_r
                0x00101dd8                sprintf
 .text          0x00101e5c       0x68 /home/maska/ATMEL/arm-gnu-toolchain-linux-2/bin/../lib/gcc/arm-elf/4.1.0/../../../../arm-elf/lib/thumb/interwork/libc.a(strcmp.o)
                0x00101e5c                strcmp
 .text          0x00101ec4       0x50 /home/maska/ATMEL/arm-gnu-toolchain-linux-2/bin/../lib/gcc/arm-elf/4.1.0/../../../../arm-elf/lib/thumb/interwork/libc.a(strcpy.o)
                0x00101ec4                strcpy
 .text          0x00101f14       0x50 /home/maska/ATMEL/arm-gnu-toolchain-linux-2/bin/../lib/gcc/arm-elf/4.1.0/../../../../arm-elf/lib/thumb/interwork/libc.a(strlen.o)
                0x00101f14                strlen
 .text          0x00101f64       0x18 /home/maska/ATMEL/arm-gnu-toolchain-linux-2/bin/../lib/gcc/arm-elf/4.1.0/../../../../arm-elf/lib/thumb/interwork/libc.a(strtok.o)
                0x00101f64                strtok
 .text          0x00101f7c       0x7c /home/maska/ATMEL/arm-gnu-toolchain-linux-2/bin/../lib/gcc/arm-elf/4.1.0/../../../../arm-elf/lib/thumb/interwork/libc.a(strtok_r.o)
                0x00101fec                strtok_r
                0x00101f7c                __strtok_r
 .text          0x00101ff8      0x168 /home/maska/ATMEL/arm-gnu-toolchain-linux-2/bin/../lib/gcc/arm-elf/4.1.0/../../../../arm-elf/lib/thumb/interwork/libc.a(strtol.o)
                0x00102140                strtol
                0x00101ff8                _strtol_r
 .text          0x00102160     0x1a60 /home/maska/ATMEL/arm-gnu-toolchain-linux-2/bin/../lib/gcc/arm-elf/4.1.0/../../../../arm-elf/lib/thumb/interwork/libc.a(vfprintf.o)
                0x00102180                _vfprintf_r
                0x00103ba0                vfprintf
 .text          0x00103bc0       0x54 /home/maska/ATMEL/arm-gnu-toolchain-linux-2/bin/../lib/gcc/arm-elf/4.1.0/../../../../arm-elf/lib/thumb/interwork/libc.a(wcrtomb.o)
                0x00103bc0                _wcrtomb_r
                0x00103bf4                wcrtomb
 .text          0x00103c14      0x10c /home/maska/ATMEL/arm-gnu-toolchain-linux-2/bin/../lib/gcc/arm-elf/4.1.0/../../../../arm-elf/lib/thumb/interwork/libc.a(wcsrtombs.o)
                0x00103c14                _wcsrtombs_r
                0x00103cf8                wcsrtombs
 .text          0x00103d20      0x2b8 /home/maska/ATMEL/arm-gnu-toolchain-linux-2/bin/../lib/gcc/arm-elf/4.1.0/../../../../arm-elf/lib/thumb/interwork/libc.a(wctomb_r.o)
                0x00103d20                _wctomb_r
 .text          0x00103fd8       0xa0 /home/maska/ATMEL/arm-gnu-toolchain-linux-2/bin/../lib/gcc/arm-elf/4.1.0/../../../../arm-elf/lib/thumb/interwork/libc.a(wsetup.o)
                0x00103fd8                __swsetup
 .text          0x00104078      0xf28 /home/maska/ATMEL/arm-gnu-toolchain-linux-2/bin/../lib/gcc/arm-elf/4.1.0/../../../../arm-elf/lib/thumb/interwork/libc.a(dtoa.o)
                0x001041c8                _dtoa_r
 .text          0x00104fa0       0x90 /home/maska/ATMEL/arm-gnu-toolchain-linux-2/bin/../lib/gcc/arm-elf/4.1.0/../../../../arm-elf/lib/thumb/interwork/libc.a(fflush.o)
                0x00104fa0                fflush
 .text          0x00105030      0x1c4 /home/maska/ATMEL/arm-gnu-toolchain-linux-2/bin/../lib/gcc/arm-elf/4.1.0/../../../../arm-elf/lib/thumb/interwork/libc.a(findfp.o)
                0x00105078                __sinit
                0x00105130                __sfmoreglue
                0x0010511c                _cleanup
                0x0010510c                _cleanup_r
                0x001050f4                __fp_lock_all
                0x00105068                __sfp_lock_acquire
                0x00105168                __sfp
                0x00105074                __sinit_lock_release
                0x001050dc                __fp_unlock_all
                0x0010506c                __sfp_lock_release
                0x00105070                __sinit_lock_acquire
 .text          0x001051f4      0x268 /home/maska/ATMEL/arm-gnu-toolchain-linux-2/bin/../lib/gcc/arm-elf/4.1.0/../../../../arm-elf/lib/thumb/interwork/libc.a(freer.o)
                0x00105294                _free_r
                0x001051f4                _malloc_trim_r
 .text          0x0010545c      0x298 /home/maska/ATMEL/arm-gnu-toolchain-linux-2/bin/../lib/gcc/arm-elf/4.1.0/../../../../arm-elf/lib/thumb/interwork/libc.a(fvwrite.o)
                0x0010545c                __sfvwrite
 .text          0x001056f4       0xf0 /home/maska/ATMEL/arm-gnu-toolchain-linux-2/bin/../lib/gcc/arm-elf/4.1.0/../../../../arm-elf/lib/thumb/interwork/libc.a(fwalk.o)
                0x0010576c                _fwalk
                0x001056f4                _fwalk_reent
 .text          0x001057e4       0x88 /home/maska/ATMEL/arm-gnu-toolchain-linux-2/bin/../lib/gcc/arm-elf/4.1.0/../../../../arm-elf/lib/thumb/interwork/libc.a(locale.o)
                0x0010580c                _setlocale_r
                0x001057e4                __locale_charset
                0x001057f0                _localeconv_r
                0x00105850                setlocale
                0x001057f8                localeconv
 .text          0x0010586c       0xdc /home/maska/ATMEL/arm-gnu-toolchain-linux-2/bin/../lib/gcc/arm-elf/4.1.0/../../../../arm-elf/lib/thumb/interwork/libc.a(makebuf.o)
                0x0010586c                __smakebuf
 .text          0x00105948      0x538 /home/maska/ATMEL/arm-gnu-toolchain-linux-2/bin/../lib/gcc/arm-elf/4.1.0/../../../../arm-elf/lib/thumb/interwork/libc.a(mallocr.o)
                0x00105948                _malloc_r
 .text          0x00105e80       0xbc /home/maska/ATMEL/arm-gnu-toolchain-linux-2/bin/../lib/gcc/arm-elf/4.1.0/../../../../arm-elf/lib/thumb/interwork/libc.a(memchr.o)
                0x00105e80                memchr
 .text          0x00105f3c       0x8c /home/maska/ATMEL/arm-gnu-toolchain-linux-2/bin/../lib/gcc/arm-elf/4.1.0/../../../../arm-elf/lib/thumb/interwork/libc.a(memmove.o)
                0x00105f3c                memmove
 .text          0x00105fc8       0x64 /home/maska/ATMEL/arm-gnu-toolchain-linux-2/bin/../lib/gcc/arm-elf/4.1.0/../../../../arm-elf/lib/thumb/interwork/libc.a(memset.o)
                0x00105fc8                memset
 .text          0x0010602c        0x8 /home/maska/ATMEL/arm-gnu-toolchain-linux-2/bin/../lib/gcc/arm-elf/4.1.0/../../../../arm-elf/lib/thumb/interwork/libc.a(mlock.o)
                0x00106030                __malloc_unlock
                0x0010602c                __malloc_lock
 .text          0x00106034      0x8c0 /home/maska/ATMEL/arm-gnu-toolchain-linux-2/bin/../lib/gcc/arm-elf/4.1.0/../../../../arm-elf/lib/thumb/interwork/libc.a(mprec.o)
                0x001062ac                _mprec_log10
                0x0010604c                _hi0bits
                0x001062ec                _Balloc
                0x00106348                _d2b
                0x001065c4                _multiply
                0x00106258                _ratio
                0x00106864                _s2b
                0x00106714                _i2b
                0x00106094                _lo0bits
                0x00106100                __mcmp
                0x001067c8                _pow5mult
                0x00106140                _ulp
                0x00106190                _b2d
                0x0010672c                _multadd
                0x00106430                __mdiff
                0x00106518                _lshift
                0x00106034                _Bfree
 .text          0x001068f4      0x3d8 /home/maska/ATMEL/arm-gnu-toolchain-linux-2/bin/../lib/gcc/arm-elf/4.1.0/../../../../arm-elf/lib/thumb/interwork/libc.a(reallocr.o)
                0x001068f4                _realloc_r
 .text          0x00106ccc       0x24 /home/maska/ATMEL/arm-gnu-toolchain-linux-2/bin/../lib/gcc/arm-elf/4.1.0/../../../../arm-elf/lib/thumb/interwork/libc.a(s_isinf.o)
                0x00106ccc                isinf
 .text          0x00106cf0       0x1c /home/maska/ATMEL/arm-gnu-toolchain-linux-2/bin/../lib/gcc/arm-elf/4.1.0/../../../../arm-elf/lib/thumb/interwork/libc.a(s_isnan.o)
                0x00106cf0                isnan
 .text          0x00106d0c       0xd8 /home/maska/ATMEL/arm-gnu-toolchain-linux-2/bin/../lib/gcc/arm-elf/4.1.0/../../../../arm-elf/lib/thumb/interwork/libc.a(stdio.o)
                0x00106d24                __sseek
                0x00106dac                __sread
                0x00106d0c                __sclose
                0x00106d64                __swrite
 .text          0x00106de4       0x60 /home/maska/ATMEL/arm-gnu-toolchain-linux-2/bin/../lib/gcc/arm-elf/4.1.0/../../../../arm-elf/lib/thumb/interwork/libc.a(callocr.o)
                0x00106de4                _calloc_r
 .text          0x00106e44       0xbc /home/maska/ATMEL/arm-gnu-toolchain-linux-2/bin/../lib/gcc/arm-elf/4.1.0/../../../../arm-elf/lib/thumb/interwork/libc.a(fclose.o)
                0x00106e44                _fclose_r
                0x00106ee8                fclose
 .text          0x00106f00       0x8c /home/maska/ATMEL/arm-gnu-toolchain-linux-2/bin/../lib/gcc/arm-elf/4.1.0/thumb/interwork/libgcc.a(_udivsi3.o)
                0x00106f00                __udivsi3
                0x00106f00                __aeabi_uidiv
                0x00106f7c                __aeabi_uidivmod
 .text          0x00106f8c       0xa4 /home/maska/ATMEL/arm-gnu-toolchain-linux-2/bin/../lib/gcc/arm-elf/4.1.0/thumb/interwork/libgcc.a(_divsi3.o)
                0x00106f8c                __aeabi_idiv
                0x00106f8c                __divsi3
                0x00107020                __aeabi_idivmod
 .text          0x00107030       0xc8 /home/maska/ATMEL/arm-gnu-toolchain-linux-2/bin/../lib/gcc/arm-elf/4.1.0/thumb/interwork/libgcc.a(_umodsi3.o)
                0x00107030                __umodsi3
 .text          0x001070f8       0xd8 /home/maska/ATMEL/arm-gnu-toolchain-linux-2/bin/../lib/gcc/arm-elf/4.1.0/thumb/interwork/libgcc.a(_modsi3.o)
                0x001070f8                __modsi3
 .text          0x001071d0        0x4 /home/maska/ATMEL/arm-gnu-toolchain-linux-2/bin/../lib/gcc/arm-elf/4.1.0/thumb/interwork/libgcc.a(_dvmd_tls.o)
                0x001071d0                __aeabi_ldiv0
                0x001071d0                __div0
                0x001071d0                __aeabi_idiv0
 .text          0x001071d4      0x328 /home/maska/ATMEL/arm-gnu-toolchain-linux-2/bin/../lib/gcc/arm-elf/4.1.0/thumb/interwork/libgcc.a(_addsub_df.o)
                0x001074c4                __adddf3
                0x00107484                __subdf3
 .text          0x001074fc      0x2ac /home/maska/ATMEL/arm-gnu-toolchain-linux-2/bin/../lib/gcc/arm-elf/4.1.0/thumb/interwork/libgcc.a(_mul_df.o)
                0x00107534                __muldf3
 .text          0x001077a8      0x1ac /home/maska/ATMEL/arm-gnu-toolchain-linux-2/bin/../lib/gcc/arm-elf/4.1.0/thumb/interwork/libgcc.a(_div_df.o)
                0x001077e0                __divdf3
 .text          0x00107954       0x58 /home/maska/ATMEL/arm-gnu-toolchain-linux-2/bin/../lib/gcc/arm-elf/4.1.0/thumb/interwork/libgcc.a(_eq_df.o)
                0x00107964                __eqdf2
 .text          0x001079ac       0x58 /home/maska/ATMEL/arm-gnu-toolchain-linux-2/bin/../lib/gcc/arm-elf/4.1.0/thumb/interwork/libgcc.a(_ne_df.o)
                0x001079bc                __nedf2
 .text          0x00107a04       0x58 /home/maska/ATMEL/arm-gnu-toolchain-linux-2/bin/../lib/gcc/arm-elf/4.1.0/thumb/interwork/libgcc.a(_gt_df.o)
                0x00107a14                __gtdf2
 .text          0x00107a5c       0x58 /home/maska/ATMEL/arm-gnu-toolchain-linux-2/bin/../lib/gcc/arm-elf/4.1.0/thumb/interwork/libgcc.a(_ge_df.o)
                0x00107a6c                __gedf2
 .text          0x00107ab4       0x58 /home/maska/ATMEL/arm-gnu-toolchain-linux-2/bin/../lib/gcc/arm-elf/4.1.0/thumb/interwork/libgcc.a(_lt_df.o)
                0x00107ac4                __ltdf2
 .text          0x00107b0c       0x8c /home/maska/ATMEL/arm-gnu-toolchain-linux-2/bin/../lib/gcc/arm-elf/4.1.0/thumb/interwork/libgcc.a(_si_to_df.o)
                0x00107b0c                __floatsidf
 .text          0x00107b98       0xb4 /home/maska/ATMEL/arm-gnu-toolchain-linux-2/bin/../lib/gcc/arm-elf/4.1.0/thumb/interwork/libgcc.a(_df_to_si.o)
                0x00107bc8                __fixdfsi
 .text          0x00107c4c       0x84 /home/maska/ATMEL/arm-gnu-toolchain-linux-2/bin/../lib/gcc/arm-elf/4.1.0/thumb/interwork/libgcc.a(_muldi3.o)
                0x00107c4c                __muldi3
 .text          0x00107cd0      0x290 /home/maska/ATMEL/arm-gnu-toolchain-linux-2/bin/../lib/gcc/arm-elf/4.1.0/thumb/interwork/libgcc.a(_pack_df.o)
                0x00107d00                __pack_d
 .text          0x00107f60       0xc4 /home/maska/ATMEL/arm-gnu-toolchain-linux-2/bin/../lib/gcc/arm-elf/4.1.0/thumb/interwork/libgcc.a(_unpack_df.o)
                0x00107f60                __unpack_d
 .text          0x00108024       0xf0 /home/maska/ATMEL/arm-gnu-toolchain-linux-2/bin/../lib/gcc/arm-elf/4.1.0/thumb/interwork/libgcc.a(_fpcmp_parts_df.o)
                0x00108054                __fpcmp_parts_d
 *(.glue_7t)
 .glue_7t       0x00108114       0x38 /home/maska/ATMEL/arm-gnu-toolchain-linux-2/bin/../lib/gcc/arm-elf/4.1.0/thumb/interwork/libgcc.a(_fpcmp_parts_df.o)
                0x00108118                ___sbrk_r_change_to_arm
                0x00108144                ___read_r_from_thumb
                0x0010811c                ___fstat_r_from_thumb
                0x00108128                __isatty_change_to_arm
                0x00108130                ___close_r_change_to_arm
                0x00108148                ___read_r_change_to_arm
                0x00108120                ___fstat_r_change_to_arm
                0x00108138                ___lseek_r_change_to_arm
                0x00108140                ___write_r_change_to_arm
                0x00108134                ___lseek_r_from_thumb
                0x0010812c                ___close_r_from_thumb
                0x00108114                ___sbrk_r_from_thumb
                0x0010813c                ___write_r_from_thumb
                0x00108124                __isatty_from_thumb
 *(.glue_7)
 .glue_7        0x0010814c       0x60 /home/maska/ATMEL/arm-gnu-toolchain-linux-2/bin/../lib/gcc/arm-elf/4.1.0/thumb/interwork/libgcc.a(_fpcmp_parts_df.o)
                0x00108170                __strtok_from_arm
                0x00108188                __strcpy_from_arm
                0x00108164                __strlen_from_arm
                0x001081a0                ____udivsi3_from_arm
                0x00108158                __sprintf_from_arm
                0x0010817c                __strcmp_from_arm
                0x0010814c                __memcpy_from_arm
                0x00108194                __atoi_from_arm
                0x001081ac                . = ALIGN (0x4)

.rodata         0x001081ac      0x468
 *(.rodata)
 .rodata        0x001081ac       0x55 cdc_enumerate.o
                0x001081be                cfgDescriptor
                0x001081ac                devDescriptor
 *fill*         0x00108201        0x3 00
 .rodata        0x00108204      0x184 /home/maska/ATMEL/arm-gnu-toolchain-linux-2/bin/../lib/gcc/arm-elf/4.1.0/../../../../arm-elf/lib/thumb/interwork/libc.a(vfprintf.o)
 .rodata        0x00108388      0x101 /home/maska/ATMEL/arm-gnu-toolchain-linux-2/bin/../lib/gcc/arm-elf/4.1.0/../../../../arm-elf/lib/thumb/interwork/libc.a(ctype_.o)
                0x00108388                _ctype_
 *fill*         0x00108489        0x3 00
 .rodata        0x0010848c       0x18 /home/maska/ATMEL/arm-gnu-toolchain-linux-2/bin/../lib/gcc/arm-elf/4.1.0/../../../../arm-elf/lib/thumb/interwork/libc.a(dtoa.o)
 .rodata        0x001084a4        0x4 /home/maska/ATMEL/arm-gnu-toolchain-linux-2/bin/../lib/gcc/arm-elf/4.1.0/../../../../arm-elf/lib/thumb/interwork/libc.a(impure.o)
                0x001084a4                _global_impure_ptr
 .rodata        0x001084a8       0x34 /home/maska/ATMEL/arm-gnu-toolchain-linux-2/bin/../lib/gcc/arm-elf/4.1.0/../../../../arm-elf/lib/thumb/interwork/libc.a(locale.o)
 .rodata        0x001084dc      0x124 /home/maska/ATMEL/arm-gnu-toolchain-linux-2/bin/../lib/gcc/arm-elf/4.1.0/../../../../arm-elf/lib/thumb/interwork/libc.a(mprec.o)
                0x001085cc                __mprec_tinytens
                0x001084dc                __mprec_tens
                0x001085a4                __mprec_bigtens
 .rodata        0x00108600       0x14 /home/maska/ATMEL/arm-gnu-toolchain-linux-2/bin/../lib/gcc/arm-elf/4.1.0/thumb/interwork/libgcc.a(_thenan_df.o)
                0x00108600                __thenan_df

.rodata.str1.4  0x00108614      0x547
 .rodata.str1.4
                0x00108614      0x4a7 main.o
                                0x4c0 (size before relaxing)
 *fill*         0x00108abb        0x1 00
 .rodata.str1.4
                0x00108abc       0x5f /home/maska/ATMEL/arm-gnu-toolchain-linux-2/bin/../lib/gcc/arm-elf/4.1.0/../../../../arm-elf/lib/thumb/interwork/libc.a(vfprintf.o)
                                 0x64 (size before relaxing)
 *fill*         0x00108b1b        0x1 00
 .rodata.str1.4
                0x00108b1c       0x1e /home/maska/ATMEL/arm-gnu-toolchain-linux-2/bin/../lib/gcc/arm-elf/4.1.0/../../../../arm-elf/lib/thumb/interwork/libc.a(wctomb_r.o)
                                 0x20 (size before relaxing)
 *fill*         0x00108b3a        0x2 00
 .rodata.str1.4
                0x00108b3c       0x10 /home/maska/ATMEL/arm-gnu-toolchain-linux-2/bin/../lib/gcc/arm-elf/4.1.0/../../../../arm-elf/lib/thumb/interwork/libc.a(dtoa.o)
                                 0x14 (size before relaxing)
 .rodata.str1.4
                0x00108b4c        0x2 /home/maska/ATMEL/arm-gnu-toolchain-linux-2/bin/../lib/gcc/arm-elf/4.1.0/../../../../arm-elf/lib/thumb/interwork/libc.a(impure.o)
                                  0x4 (size before relaxing)
 *fill*         0x00108b4e        0x2 00
 .rodata.str1.4
                0x00108b50        0xb /home/maska/ATMEL/arm-gnu-toolchain-linux-2/bin/../lib/gcc/arm-elf/4.1.0/../../../../arm-elf/lib/thumb/interwork/libc.a(locale.o)
                                 0x18 (size before relaxing)
                0x00108b5c                . = ALIGN (0x4)
                0x00108b5c                _etext = .
                0x00108b5c                PROVIDE (etext, .)

.data           0x00200000      0x838 load address 0x00108b5c
                0x00200000                _data = .
 *(.data)
 .data          0x00200000        0x8 cdc_enumerate.o
                0x00200000                line
 .data          0x00200008        0x8 adc.o
                0x0020000c                a_pPMC
                0x00200008                a_pADC
 .data          0x00200010        0x4 /home/maska/ATMEL/arm-gnu-toolchain-linux-2/bin/../lib/gcc/arm-elf/4.1.0/../../../../arm-elf/lib/thumb/interwork/libc.a(ctype_.o)
                0x00200010                __ctype_ptr
 .data          0x00200014      0x404 /home/maska/ATMEL/arm-gnu-toolchain-linux-2/bin/../lib/gcc/arm-elf/4.1.0/../../../../arm-elf/lib/thumb/interwork/libc.a(impure.o)
                0x00200014                _impure_ptr
 .data          0x00200418       0x10 /home/maska/ATMEL/arm-gnu-toolchain-linux-2/bin/../lib/gcc/arm-elf/4.1.0/../../../../arm-elf/lib/thumb/interwork/libc.a(locale.o)
                0x00200418                __mb_cur_max
                0x0020041c                __lc_ctype
 .data          0x00200428      0x410 /home/maska/ATMEL/arm-gnu-toolchain-linux-2/bin/../lib/gcc/arm-elf/4.1.0/../../../../arm-elf/lib/thumb/interwork/libc.a(mallocr.o)
                0x00200834                __malloc_sbrk_base
                0x00200428                __malloc_av_
                0x00200830                __malloc_trim_threshold
                0x00200838                . = ALIGN (0x4)
                0x00200838                _edata = .
                0x00200838                PROVIDE (edata, .)

.bss            0x00200838     0x11f0
                0x00200838                __bss_start = .
                0x00200838                __bss_start__ = .
 *(.bss)
 .bss           0x00200838        0x4 syscalls.o
 .bss           0x0020083c        0x1 cdc_enumerate.o
                0x0020083c                csrIdx
 *fill*         0x0020083d        0x3 00
 .bss           0x00200840        0xc /home/maska/ATMEL/arm-gnu-toolchain-linux-2/bin/../lib/gcc/arm-elf/4.1.0/../../../../arm-elf/lib/thumb/interwork/libc.a(locale.o)
                0x00200840                __nlocale_changed
                0x00200844                __mlocale_changed
                0x00200848                _PathLocale
 .bss           0x0020084c       0x34 /home/maska/ATMEL/arm-gnu-toolchain-linux-2/bin/../lib/gcc/arm-elf/4.1.0/../../../../arm-elf/lib/thumb/interwork/libc.a(mallocr.o)
                0x0020084c                __malloc_top_pad
                0x00200850                __malloc_max_sbrked_mem
                0x00200858                __malloc_current_mallinfo
                0x00200854                __malloc_max_total_mem
 *(COMMON)
 COMMON         0x00200880     0x1018 main.o
                0x00200880                msg
                0x00201080                pCDC
                0x00201098                cmd
 COMMON         0x00201898      0x190 cdc_enumerate.o
                0x00201898                csrTab
                0x00201a28                . = ALIGN (0x4)
                0x00201a28                __bss_end__ = .
                0x00201a28                __bss_end__ = .
                0x00201a28                _end = .
                0x00201a28                PROVIDE (end, .)

.int_data       0x00204000        0x0
 *(.internal_ram_top)

.stab
 *(.stab)

.stabstr
 *(.stabstr)

.stab.excl
 *(.stab.excl)

.stab.exclstr
 *(.stab.exclstr)

.stab.index
 *(.stab.index)

.stab.indexstr
 *(.stab.indexstr)

.comment        0x00000000      0x44a
 *(.comment)
 .comment       0x00000000       0x12 main.o
 .comment       0x00000012       0x12 Cstartup_SAM7.o
 .comment       0x00000024       0x12 syscalls.o
 .comment       0x00000036       0x12 cdc_enumerate.o
 .comment       0x00000048       0x12 adc.o
 .comment       0x0000005a       0x12 pwm.o
 .comment       0x0000006c       0x12 aic.o
 .comment       0x0000007e       0x12 async.o
 .comment       0x00000090       0x12 delay.o
 .comment       0x000000a2       0x12 math.o
 .comment       0x000000b4       0x12 /home/maska/ATMEL/arm-gnu-toolchain-linux-2/bin/../lib/gcc/arm-elf/4.1.0/../../../../arm-elf/lib/thumb/interwork/libc.a(atoi.o)
 .comment       0x000000c6       0x12 /home/maska/ATMEL/arm-gnu-toolchain-linux-2/bin/../lib/gcc/arm-elf/4.1.0/../../../../arm-elf/lib/thumb/interwork/libc.a(memcpy.o)
 .comment       0x000000d8       0x12 /home/maska/ATMEL/arm-gnu-toolchain-linux-2/bin/../lib/gcc/arm-elf/4.1.0/../../../../arm-elf/lib/thumb/interwork/libc.a(sprintf.o)
 .comment       0x000000ea       0x12 /home/maska/ATMEL/arm-gnu-toolchain-linux-2/bin/../lib/gcc/arm-elf/4.1.0/../../../../arm-elf/lib/thumb/interwork/libc.a(strcmp.o)
 .comment       0x000000fc       0x12 /home/maska/ATMEL/arm-gnu-toolchain-linux-2/bin/../lib/gcc/arm-elf/4.1.0/../../../../arm-elf/lib/thumb/interwork/libc.a(strcpy.o)
 .comment       0x0000010e       0x12 /home/maska/ATMEL/arm-gnu-toolchain-linux-2/bin/../lib/gcc/arm-elf/4.1.0/../../../../arm-elf/lib/thumb/interwork/libc.a(strlen.o)
 .comment       0x00000120       0x12 /home/maska/ATMEL/arm-gnu-toolchain-linux-2/bin/../lib/gcc/arm-elf/4.1.0/../../../../arm-elf/lib/thumb/interwork/libc.a(strtok.o)
 .comment       0x00000132       0x12 /home/maska/ATMEL/arm-gnu-toolchain-linux-2/bin/../lib/gcc/arm-elf/4.1.0/../../../../arm-elf/lib/thumb/interwork/libc.a(strtok_r.o)
 .comment       0x00000144       0x12 /home/maska/ATMEL/arm-gnu-toolchain-linux-2/bin/../lib/gcc/arm-elf/4.1.0/../../../../arm-elf/lib/thumb/interwork/libc.a(strtol.o)
 .comment       0x00000156       0x12 /home/maska/ATMEL/arm-gnu-toolchain-linux-2/bin/../lib/gcc/arm-elf/4.1.0/../../../../arm-elf/lib/thumb/interwork/libc.a(vfprintf.o)
 .comment       0x00000168       0x12 /home/maska/ATMEL/arm-gnu-toolchain-linux-2/bin/../lib/gcc/arm-elf/4.1.0/../../../../arm-elf/lib/thumb/interwork/libc.a(wcrtomb.o)
 .comment       0x0000017a       0x12 /home/maska/ATMEL/arm-gnu-toolchain-linux-2/bin/../lib/gcc/arm-elf/4.1.0/../../../../arm-elf/lib/thumb/interwork/libc.a(wcsrtombs.o)
 .comment       0x0000018c       0x12 /home/maska/ATMEL/arm-gnu-toolchain-linux-2/bin/../lib/gcc/arm-elf/4.1.0/../../../../arm-elf/lib/thumb/interwork/libc.a(wctomb_r.o)
 .comment       0x0000019e       0x12 /home/maska/ATMEL/arm-gnu-toolchain-linux-2/bin/../lib/gcc/arm-elf/4.1.0/../../../../arm-elf/lib/thumb/interwork/libc.a(wsetup.o)
 .comment       0x000001b0       0x12 /home/maska/ATMEL/arm-gnu-toolchain-linux-2/bin/../lib/gcc/arm-elf/4.1.0/../../../../arm-elf/lib/thumb/interwork/libc.a(ctype_.o)
 .comment       0x000001c2       0x12 /home/maska/ATMEL/arm-gnu-toolchain-linux-2/bin/../lib/gcc/arm-elf/4.1.0/../../../../arm-elf/lib/thumb/interwork/libc.a(dtoa.o)
 .comment       0x000001d4       0x12 /home/maska/ATMEL/arm-gnu-toolchain-linux-2/bin/../lib/gcc/arm-elf/4.1.0/../../../../arm-elf/lib/thumb/interwork/libc.a(fflush.o)
 .comment       0x000001e6       0x12 /home/maska/ATMEL/arm-gnu-toolchain-linux-2/bin/../lib/gcc/arm-elf/4.1.0/../../../../arm-elf/lib/thumb/interwork/libc.a(findfp.o)
 .comment       0x000001f8       0x12 /home/maska/ATMEL/arm-gnu-toolchain-linux-2/bin/../lib/gcc/arm-elf/4.1.0/../../../../arm-elf/lib/thumb/interwork/libc.a(freer.o)
 .comment       0x0000020a       0x12 /home/maska/ATMEL/arm-gnu-toolchain-linux-2/bin/../lib/gcc/arm-elf/4.1.0/../../../../arm-elf/lib/thumb/interwork/libc.a(fvwrite.o)
 .comment       0x0000021c       0x12 /home/maska/ATMEL/arm-gnu-toolchain-linux-2/bin/../lib/gcc/arm-elf/4.1.0/../../../../arm-elf/lib/thumb/interwork/libc.a(fwalk.o)
 .comment       0x0000022e       0x12 /home/maska/ATMEL/arm-gnu-toolchain-linux-2/bin/../lib/gcc/arm-elf/4.1.0/../../../../arm-elf/lib/thumb/interwork/libc.a(impure.o)
 .comment       0x00000240       0x12 /home/maska/ATMEL/arm-gnu-toolchain-linux-2/bin/../lib/gcc/arm-elf/4.1.0/../../../../arm-elf/lib/thumb/interwork/libc.a(locale.o)
 .comment       0x00000252       0x12 /home/maska/ATMEL/arm-gnu-toolchain-linux-2/bin/../lib/gcc/arm-elf/4.1.0/../../../../arm-elf/lib/thumb/interwork/libc.a(makebuf.o)
 .comment       0x00000264       0x12 /home/maska/ATMEL/arm-gnu-toolchain-linux-2/bin/../lib/gcc/arm-elf/4.1.0/../../../../arm-elf/lib/thumb/interwork/libc.a(mallocr.o)
 .comment       0x00000276       0x12 /home/maska/ATMEL/arm-gnu-toolchain-linux-2/bin/../lib/gcc/arm-elf/4.1.0/../../../../arm-elf/lib/thumb/interwork/libc.a(memchr.o)
 .comment       0x00000288       0x12 /home/maska/ATMEL/arm-gnu-toolchain-linux-2/bin/../lib/gcc/arm-elf/4.1.0/../../../../arm-elf/lib/thumb/interwork/libc.a(memmove.o)
 .comment       0x0000029a       0x12 /home/maska/ATMEL/arm-gnu-toolchain-linux-2/bin/../lib/gcc/arm-elf/4.1.0/../../../../arm-elf/lib/thumb/interwork/libc.a(memset.o)
 .comment       0x000002ac       0x12 /home/maska/ATMEL/arm-gnu-toolchain-linux-2/bin/../lib/gcc/arm-elf/4.1.0/../../../../arm-elf/lib/thumb/interwork/libc.a(mlock.o)
 .comment       0x000002be       0x12 /home/maska/ATMEL/arm-gnu-toolchain-linux-2/bin/../lib/gcc/arm-elf/4.1.0/../../../../arm-elf/lib/thumb/interwork/libc.a(mprec.o)
 .comment       0x000002d0       0x12 /home/maska/ATMEL/arm-gnu-toolchain-linux-2/bin/../lib/gcc/arm-elf/4.1.0/../../../../arm-elf/lib/thumb/interwork/libc.a(reallocr.o)
 .comment       0x000002e2       0x12 /home/maska/ATMEL/arm-gnu-toolchain-linux-2/bin/../lib/gcc/arm-elf/4.1.0/../../../../arm-elf/lib/thumb/interwork/libc.a(s_isinf.o)
 .comment       0x000002f4       0x12 /home/maska/ATMEL/arm-gnu-toolchain-linux-2/bin/../lib/gcc/arm-elf/4.1.0/../../../../arm-elf/lib/thumb/interwork/libc.a(s_isnan.o)
 .comment       0x00000306       0x12 /home/maska/ATMEL/arm-gnu-toolchain-linux-2/bin/../lib/gcc/arm-elf/4.1.0/../../../../arm-elf/lib/thumb/interwork/libc.a(stdio.o)
 .comment       0x00000318       0x12 /home/maska/ATMEL/arm-gnu-toolchain-linux-2/bin/../lib/gcc/arm-elf/4.1.0/../../../../arm-elf/lib/thumb/interwork/libc.a(callocr.o)
 .comment       0x0000032a       0x12 /home/maska/ATMEL/arm-gnu-toolchain-linux-2/bin/../lib/gcc/arm-elf/4.1.0/../../../../arm-elf/lib/thumb/interwork/libc.a(fclose.o)
 .comment       0x0000033c       0x12 /home/maska/ATMEL/arm-gnu-toolchain-linux-2/bin/../lib/gcc/arm-elf/4.1.0/thumb/interwork/libgcc.a(_addsub_df.o)
 .comment       0x0000034e       0x12 /home/maska/ATMEL/arm-gnu-toolchain-linux-2/bin/../lib/gcc/arm-elf/4.1.0/thumb/interwork/libgcc.a(_mul_df.o)
 .comment       0x00000360       0x12 /home/maska/ATMEL/arm-gnu-toolchain-linux-2/bin/../lib/gcc/arm-elf/4.1.0/thumb/interwork/libgcc.a(_div_df.o)
 .comment       0x00000372       0x12 /home/maska/ATMEL/arm-gnu-toolchain-linux-2/bin/../lib/gcc/arm-elf/4.1.0/thumb/interwork/libgcc.a(_eq_df.o)
 .comment       0x00000384       0x12 /home/maska/ATMEL/arm-gnu-toolchain-linux-2/bin/../lib/gcc/arm-elf/4.1.0/thumb/interwork/libgcc.a(_ne_df.o)
 .comment       0x00000396       0x12 /home/maska/ATMEL/arm-gnu-toolchain-linux-2/bin/../lib/gcc/arm-elf/4.1.0/thumb/interwork/libgcc.a(_gt_df.o)
 .comment       0x000003a8       0x12 /home/maska/ATMEL/arm-gnu-toolchain-linux-2/bin/../lib/gcc/arm-elf/4.1.0/thumb/interwork/libgcc.a(_ge_df.o)
 .comment       0x000003ba       0x12 /home/maska/ATMEL/arm-gnu-toolchain-linux-2/bin/../lib/gcc/arm-elf/4.1.0/thumb/interwork/libgcc.a(_lt_df.o)
 .comment       0x000003cc       0x12 /home/maska/ATMEL/arm-gnu-toolchain-linux-2/bin/../lib/gcc/arm-elf/4.1.0/thumb/interwork/libgcc.a(_si_to_df.o)
 .comment       0x000003de       0x12 /home/maska/ATMEL/arm-gnu-toolchain-linux-2/bin/../lib/gcc/arm-elf/4.1.0/thumb/interwork/libgcc.a(_df_to_si.o)
 .comment       0x000003f0       0x12 /home/maska/ATMEL/arm-gnu-toolchain-linux-2/bin/../lib/gcc/arm-elf/4.1.0/thumb/interwork/libgcc.a(_thenan_df.o)
 .comment       0x00000402       0x12 /home/maska/ATMEL/arm-gnu-toolchain-linux-2/bin/../lib/gcc/arm-elf/4.1.0/thumb/interwork/libgcc.a(_muldi3.o)
 .comment       0x00000414       0x12 /home/maska/ATMEL/arm-gnu-toolchain-linux-2/bin/../lib/gcc/arm-elf/4.1.0/thumb/interwork/libgcc.a(_pack_df.o)
 .comment       0x00000426       0x12 /home/maska/ATMEL/arm-gnu-toolchain-linux-2/bin/../lib/gcc/arm-elf/4.1.0/thumb/interwork/libgcc.a(_unpack_df.o)
 .comment       0x00000438       0x12 /home/maska/ATMEL/arm-gnu-toolchain-linux-2/bin/../lib/gcc/arm-elf/4.1.0/thumb/interwork/libgcc.a(_fpcmp_parts_df.o)

.debug
 *(.debug)

.line
 *(.line)

.debug_srcinfo
 *(.debug_srcinfo)

.debug_sfnames
 *(.debug_sfnames)

.debug_aranges  0x00000000      0x800
 *(.debug_aranges)
 .debug_aranges
                0x00000000       0x20 Cstartup.o
 .debug_aranges
                0x00000020       0x20 main.o
 .debug_aranges
                0x00000040       0x20 Cstartup_SAM7.o
 .debug_aranges
                0x00000060       0x20 syscalls.o
 .debug_aranges
                0x00000080       0x20 cdc_enumerate.o
 .debug_aranges
                0x000000a0       0x20 adc.o
 .debug_aranges
                0x000000c0       0x20 pwm.o
 .debug_aranges
                0x000000e0       0x20 aic.o
 .debug_aranges
                0x00000100       0x20 async.o
 .debug_aranges
                0x00000120       0x20 delay.o
 .debug_aranges
                0x00000140       0x20 math.o
 .debug_aranges
                0x00000160       0x20 /home/maska/ATMEL/arm-gnu-toolchain-linux-2/bin/../lib/gcc/arm-elf/4.1.0/../../../../arm-elf/lib/thumb/interwork/libc.a(atoi.o)
 .debug_aranges
                0x00000180       0x20 /home/maska/ATMEL/arm-gnu-toolchain-linux-2/bin/../lib/gcc/arm-elf/4.1.0/../../../../arm-elf/lib/thumb/interwork/libc.a(memcpy.o)
 .debug_aranges
                0x000001a0       0x20 /home/maska/ATMEL/arm-gnu-toolchain-linux-2/bin/../lib/gcc/arm-elf/4.1.0/../../../../arm-elf/lib/thumb/interwork/libc.a(sprintf.o)
 .debug_aranges
                0x000001c0       0x20 /home/maska/ATMEL/arm-gnu-toolchain-linux-2/bin/../lib/gcc/arm-elf/4.1.0/../../../../arm-elf/lib/thumb/interwork/libc.a(strcmp.o)
 .debug_aranges
                0x000001e0       0x20 /home/maska/ATMEL/arm-gnu-toolchain-linux-2/bin/../lib/gcc/arm-elf/4.1.0/../../../../arm-elf/lib/thumb/interwork/libc.a(strcpy.o)
 .debug_aranges
                0x00000200       0x20 /home/maska/ATMEL/arm-gnu-toolchain-linux-2/bin/../lib/gcc/arm-elf/4.1.0/../../../../arm-elf/lib/thumb/interwork/libc.a(strlen.o)
 .debug_aranges
                0x00000220       0x20 /home/maska/ATMEL/arm-gnu-toolchain-linux-2/bin/../lib/gcc/arm-elf/4.1.0/../../../../arm-elf/lib/thumb/interwork/libc.a(strtok.o)
 .debug_aranges
                0x00000240       0x20 /home/maska/ATMEL/arm-gnu-toolchain-linux-2/bin/../lib/gcc/arm-elf/4.1.0/../../../../arm-elf/lib/thumb/interwork/libc.a(strtok_r.o)
 .debug_aranges
                0x00000260       0x20 /home/maska/ATMEL/arm-gnu-toolchain-linux-2/bin/../lib/gcc/arm-elf/4.1.0/../../../../arm-elf/lib/thumb/interwork/libc.a(strtol.o)
 .debug_aranges
                0x00000280       0x20 /home/maska/ATMEL/arm-gnu-toolchain-linux-2/bin/../lib/gcc/arm-elf/4.1.0/../../../../arm-elf/lib/thumb/interwork/libc.a(vfprintf.o)
 .debug_aranges
                0x000002a0       0x20 /home/maska/ATMEL/arm-gnu-toolchain-linux-2/bin/../lib/gcc/arm-elf/4.1.0/../../../../arm-elf/lib/thumb/interwork/libc.a(wcrtomb.o)
 .debug_aranges
                0x000002c0       0x20 /home/maska/ATMEL/arm-gnu-toolchain-linux-2/bin/../lib/gcc/arm-elf/4.1.0/../../../../arm-elf/lib/thumb/interwork/libc.a(wcsrtombs.o)
 .debug_aranges
                0x000002e0       0x20 /home/maska/ATMEL/arm-gnu-toolchain-linux-2/bin/../lib/gcc/arm-elf/4.1.0/../../../../arm-elf/lib/thumb/interwork/libc.a(wctomb_r.o)
 .debug_aranges
                0x00000300       0x20 /home/maska/ATMEL/arm-gnu-toolchain-linux-2/bin/../lib/gcc/arm-elf/4.1.0/../../../../arm-elf/lib/thumb/interwork/libc.a(wsetup.o)
 .debug_aranges
                0x00000320       0x20 /home/maska/ATMEL/arm-gnu-toolchain-linux-2/bin/../lib/gcc/arm-elf/4.1.0/../../../../arm-elf/lib/thumb/interwork/libc.a(dtoa.o)
 .debug_aranges
                0x00000340       0x20 /home/maska/ATMEL/arm-gnu-toolchain-linux-2/bin/../lib/gcc/arm-elf/4.1.0/../../../../arm-elf/lib/thumb/interwork/libc.a(fflush.o)
 .debug_aranges
                0x00000360       0x20 /home/maska/ATMEL/arm-gnu-toolchain-linux-2/bin/../lib/gcc/arm-elf/4.1.0/../../../../arm-elf/lib/thumb/interwork/libc.a(findfp.o)
 .debug_aranges
                0x00000380       0x20 /home/maska/ATMEL/arm-gnu-toolchain-linux-2/bin/../lib/gcc/arm-elf/4.1.0/../../../../arm-elf/lib/thumb/interwork/libc.a(freer.o)
 .debug_aranges
                0x000003a0       0x20 /home/maska/ATMEL/arm-gnu-toolchain-linux-2/bin/../lib/gcc/arm-elf/4.1.0/../../../../arm-elf/lib/thumb/interwork/libc.a(fvwrite.o)
 .debug_aranges
                0x000003c0       0x20 /home/maska/ATMEL/arm-gnu-toolchain-linux-2/bin/../lib/gcc/arm-elf/4.1.0/../../../../arm-elf/lib/thumb/interwork/libc.a(fwalk.o)
 .debug_aranges
                0x000003e0       0x20 /home/maska/ATMEL/arm-gnu-toolchain-linux-2/bin/../lib/gcc/arm-elf/4.1.0/../../../../arm-elf/lib/thumb/interwork/libc.a(locale.o)
 .debug_aranges
                0x00000400       0x20 /home/maska/ATMEL/arm-gnu-toolchain-linux-2/bin/../lib/gcc/arm-elf/4.1.0/../../../../arm-elf/lib/thumb/interwork/libc.a(makebuf.o)
 .debug_aranges
                0x00000420       0x20 /home/maska/ATMEL/arm-gnu-toolchain-linux-2/bin/../lib/gcc/arm-elf/4.1.0/../../../../arm-elf/lib/thumb/interwork/libc.a(mallocr.o)
 .debug_aranges
                0x00000440       0x20 /home/maska/ATMEL/arm-gnu-toolchain-linux-2/bin/../lib/gcc/arm-elf/4.1.0/../../../../arm-elf/lib/thumb/interwork/libc.a(memchr.o)
 .debug_aranges
                0x00000460       0x20 /home/maska/ATMEL/arm-gnu-toolchain-linux-2/bin/../lib/gcc/arm-elf/4.1.0/../../../../arm-elf/lib/thumb/interwork/libc.a(memmove.o)
 .debug_aranges
                0x00000480       0x20 /home/maska/ATMEL/arm-gnu-toolchain-linux-2/bin/../lib/gcc/arm-elf/4.1.0/../../../../arm-elf/lib/thumb/interwork/libc.a(memset.o)
 .debug_aranges
                0x000004a0       0x20 /home/maska/ATMEL/arm-gnu-toolchain-linux-2/bin/../lib/gcc/arm-elf/4.1.0/../../../../arm-elf/lib/thumb/interwork/libc.a(mlock.o)
 .debug_aranges
                0x000004c0       0x20 /home/maska/ATMEL/arm-gnu-toolchain-linux-2/bin/../lib/gcc/arm-elf/4.1.0/../../../../arm-elf/lib/thumb/interwork/libc.a(mprec.o)
 .debug_aranges
                0x000004e0       0x20 /home/maska/ATMEL/arm-gnu-toolchain-linux-2/bin/../lib/gcc/arm-elf/4.1.0/../../../../arm-elf/lib/thumb/interwork/libc.a(reallocr.o)
 .debug_aranges
                0x00000500       0x20 /home/maska/ATMEL/arm-gnu-toolchain-linux-2/bin/../lib/gcc/arm-elf/4.1.0/../../../../arm-elf/lib/thumb/interwork/libc.a(s_isinf.o)
 .debug_aranges
                0x00000520       0x20 /home/maska/ATMEL/arm-gnu-toolchain-linux-2/bin/../lib/gcc/arm-elf/4.1.0/../../../../arm-elf/lib/thumb/interwork/libc.a(s_isnan.o)
 .debug_aranges
                0x00000540       0x20 /home/maska/ATMEL/arm-gnu-toolchain-linux-2/bin/../lib/gcc/arm-elf/4.1.0/../../../../arm-elf/lib/thumb/interwork/libc.a(stdio.o)
 .debug_aranges
                0x00000560       0x20 /home/maska/ATMEL/arm-gnu-toolchain-linux-2/bin/../lib/gcc/arm-elf/4.1.0/../../../../arm-elf/lib/thumb/interwork/libc.a(callocr.o)
 .debug_aranges
                0x00000580       0x20 /home/maska/ATMEL/arm-gnu-toolchain-linux-2/bin/../lib/gcc/arm-elf/4.1.0/../../../../arm-elf/lib/thumb/interwork/libc.a(fclose.o)
 .debug_aranges
                0x000005a0       0x20 /home/maska/ATMEL/arm-gnu-toolchain-linux-2/bin/../lib/gcc/arm-elf/4.1.0/thumb/interwork/libgcc.a(_udivsi3.o)
 .debug_aranges
                0x000005c0       0x20 /home/maska/ATMEL/arm-gnu-toolchain-linux-2/bin/../lib/gcc/arm-elf/4.1.0/thumb/interwork/libgcc.a(_divsi3.o)
 .debug_aranges
                0x000005e0       0x20 /home/maska/ATMEL/arm-gnu-toolchain-linux-2/bin/../lib/gcc/arm-elf/4.1.0/thumb/interwork/libgcc.a(_umodsi3.o)
 .debug_aranges
                0x00000600       0x20 /home/maska/ATMEL/arm-gnu-toolchain-linux-2/bin/../lib/gcc/arm-elf/4.1.0/thumb/interwork/libgcc.a(_modsi3.o)
 .debug_aranges
                0x00000620       0x20 /home/maska/ATMEL/arm-gnu-toolchain-linux-2/bin/../lib/gcc/arm-elf/4.1.0/thumb/interwork/libgcc.a(_dvmd_tls.o)
 .debug_aranges
                0x00000640       0x20 /home/maska/ATMEL/arm-gnu-toolchain-linux-2/bin/../lib/gcc/arm-elf/4.1.0/thumb/interwork/libgcc.a(_addsub_df.o)
 .debug_aranges
                0x00000660       0x20 /home/maska/ATMEL/arm-gnu-toolchain-linux-2/bin/../lib/gcc/arm-elf/4.1.0/thumb/interwork/libgcc.a(_mul_df.o)
 .debug_aranges
                0x00000680       0x20 /home/maska/ATMEL/arm-gnu-toolchain-linux-2/bin/../lib/gcc/arm-elf/4.1.0/thumb/interwork/libgcc.a(_div_df.o)
 .debug_aranges
                0x000006a0       0x20 /home/maska/ATMEL/arm-gnu-toolchain-linux-2/bin/../lib/gcc/arm-elf/4.1.0/thumb/interwork/libgcc.a(_eq_df.o)
 .debug_aranges
                0x000006c0       0x20 /home/maska/ATMEL/arm-gnu-toolchain-linux-2/bin/../lib/gcc/arm-elf/4.1.0/thumb/interwork/libgcc.a(_ne_df.o)
 .debug_aranges
                0x000006e0       0x20 /home/maska/ATMEL/arm-gnu-toolchain-linux-2/bin/../lib/gcc/arm-elf/4.1.0/thumb/interwork/libgcc.a(_gt_df.o)
 .debug_aranges
                0x00000700       0x20 /home/maska/ATMEL/arm-gnu-toolchain-linux-2/bin/../lib/gcc/arm-elf/4.1.0/thumb/interwork/libgcc.a(_ge_df.o)
 .debug_aranges
                0x00000720       0x20 /home/maska/ATMEL/arm-gnu-toolchain-linux-2/bin/../lib/gcc/arm-elf/4.1.0/thumb/interwork/libgcc.a(_lt_df.o)
 .debug_aranges
                0x00000740       0x20 /home/maska/ATMEL/arm-gnu-toolchain-linux-2/bin/../lib/gcc/arm-elf/4.1.0/thumb/interwork/libgcc.a(_si_to_df.o)
 .debug_aranges
                0x00000760       0x20 /home/maska/ATMEL/arm-gnu-toolchain-linux-2/bin/../lib/gcc/arm-elf/4.1.0/thumb/interwork/libgcc.a(_df_to_si.o)
 .debug_aranges
                0x00000780       0x20 /home/maska/ATMEL/arm-gnu-toolchain-linux-2/bin/../lib/gcc/arm-elf/4.1.0/thumb/interwork/libgcc.a(_muldi3.o)
 .debug_aranges
                0x000007a0       0x20 /home/maska/ATMEL/arm-gnu-toolchain-linux-2/bin/../lib/gcc/arm-elf/4.1.0/thumb/interwork/libgcc.a(_pack_df.o)
 .debug_aranges
                0x000007c0       0x20 /home/maska/ATMEL/arm-gnu-toolchain-linux-2/bin/../lib/gcc/arm-elf/4.1.0/thumb/interwork/libgcc.a(_unpack_df.o)
 .debug_aranges
                0x000007e0       0x20 /home/maska/ATMEL/arm-gnu-toolchain-linux-2/bin/../lib/gcc/arm-elf/4.1.0/thumb/interwork/libgcc.a(_fpcmp_parts_df.o)

.debug_pubnames
                0x00000000      0xd9f
 *(.debug_pubnames)
 .debug_pubnames
                0x00000000       0x86 main.o
 .debug_pubnames
                0x00000086       0x29 Cstartup_SAM7.o
 .debug_pubnames
                0x000000af       0x69 syscalls.o
 .debug_pubnames
                0x00000118       0x96 cdc_enumerate.o
 .debug_pubnames
                0x000001ae       0xb2 adc.o
 .debug_pubnames
                0x00000260       0x49 pwm.o
 .debug_pubnames
                0x000002a9       0x49 aic.o
 .debug_pubnames
                0x000002f2       0x27 async.o
 .debug_pubnames
                0x00000319       0x2c delay.o
 .debug_pubnames
                0x00000345       0x2d math.o
 .debug_pubnames
                0x00000372       0x27 /home/maska/ATMEL/arm-gnu-toolchain-linux-2/bin/../lib/gcc/arm-elf/4.1.0/../../../../arm-elf/lib/thumb/interwork/libc.a(atoi.o)
 .debug_pubnames
                0x00000399       0x1d /home/maska/ATMEL/arm-gnu-toolchain-linux-2/bin/../lib/gcc/arm-elf/4.1.0/../../../../arm-elf/lib/thumb/interwork/libc.a(memcpy.o)
 .debug_pubnames
                0x000003b6       0x2d /home/maska/ATMEL/arm-gnu-toolchain-linux-2/bin/../lib/gcc/arm-elf/4.1.0/../../../../arm-elf/lib/thumb/interwork/libc.a(sprintf.o)
 .debug_pubnames
                0x000003e3       0x1d /home/maska/ATMEL/arm-gnu-toolchain-linux-2/bin/../lib/gcc/arm-elf/4.1.0/../../../../arm-elf/lib/thumb/interwork/libc.a(strcmp.o)
 .debug_pubnames
                0x00000400       0x1d /home/maska/ATMEL/arm-gnu-toolchain-linux-2/bin/../lib/gcc/arm-elf/4.1.0/../../../../arm-elf/lib/thumb/interwork/libc.a(strcpy.o)
 .debug_pubnames
                0x0000041d       0x1d /home/maska/ATMEL/arm-gnu-toolchain-linux-2/bin/../lib/gcc/arm-elf/4.1.0/../../../../arm-elf/lib/thumb/interwork/libc.a(strlen.o)
 .debug_pubnames
                0x0000043a       0x1d /home/maska/ATMEL/arm-gnu-toolchain-linux-2/bin/../lib/gcc/arm-elf/4.1.0/../../../../arm-elf/lib/thumb/interwork/libc.a(strtok.o)
 .debug_pubnames
                0x00000457       0x2e /home/maska/ATMEL/arm-gnu-toolchain-linux-2/bin/../lib/gcc/arm-elf/4.1.0/../../../../arm-elf/lib/thumb/interwork/libc.a(strtok_r.o)
 .debug_pubnames
                0x00000485       0x2b /home/maska/ATMEL/arm-gnu-toolchain-linux-2/bin/../lib/gcc/arm-elf/4.1.0/../../../../arm-elf/lib/thumb/interwork/libc.a(strtol.o)
 .debug_pubnames
                0x000004b0       0x2f /home/maska/ATMEL/arm-gnu-toolchain-linux-2/bin/../lib/gcc/arm-elf/4.1.0/../../../../arm-elf/lib/thumb/interwork/libc.a(vfprintf.o)
 .debug_pubnames
                0x000004df       0x2d /home/maska/ATMEL/arm-gnu-toolchain-linux-2/bin/../lib/gcc/arm-elf/4.1.0/../../../../arm-elf/lib/thumb/interwork/libc.a(wcrtomb.o)
 .debug_pubnames
                0x0000050c       0x31 /home/maska/ATMEL/arm-gnu-toolchain-linux-2/bin/../lib/gcc/arm-elf/4.1.0/../../../../arm-elf/lib/thumb/interwork/libc.a(wcsrtombs.o)
 .debug_pubnames
                0x0000053d       0x20 /home/maska/ATMEL/arm-gnu-toolchain-linux-2/bin/../lib/gcc/arm-elf/4.1.0/../../../../arm-elf/lib/thumb/interwork/libc.a(wctomb_r.o)
 .debug_pubnames
                0x0000055d       0x20 /home/maska/ATMEL/arm-gnu-toolchain-linux-2/bin/../lib/gcc/arm-elf/4.1.0/../../../../arm-elf/lib/thumb/interwork/libc.a(wsetup.o)
 .debug_pubnames
                0x0000057d       0x2e /home/maska/ATMEL/arm-gnu-toolchain-linux-2/bin/../lib/gcc/arm-elf/4.1.0/../../../../arm-elf/lib/thumb/interwork/libc.a(ctype_.o)
 .debug_pubnames
                0x000005ab       0x1e /home/maska/ATMEL/arm-gnu-toolchain-linux-2/bin/../lib/gcc/arm-elf/4.1.0/../../../../arm-elf/lib/thumb/interwork/libc.a(dtoa.o)
 .debug_pubnames
                0x000005c9       0x1d /home/maska/ATMEL/arm-gnu-toolchain-linux-2/bin/../lib/gcc/arm-elf/4.1.0/../../../../arm-elf/lib/thumb/interwork/libc.a(fflush.o)
 .debug_pubnames
                0x000005e6       0xdb /home/maska/ATMEL/arm-gnu-toolchain-linux-2/bin/../lib/gcc/arm-elf/4.1.0/../../../../arm-elf/lib/thumb/interwork/libc.a(findfp.o)
 .debug_pubnames
                0x000006c1       0x31 /home/maska/ATMEL/arm-gnu-toolchain-linux-2/bin/../lib/gcc/arm-elf/4.1.0/../../../../arm-elf/lib/thumb/interwork/libc.a(freer.o)
 .debug_pubnames
                0x000006f2       0x21 /home/maska/ATMEL/arm-gnu-toolchain-linux-2/bin/../lib/gcc/arm-elf/4.1.0/../../../../arm-elf/lib/thumb/interwork/libc.a(fvwrite.o)
 .debug_pubnames
                0x00000713       0x2e /home/maska/ATMEL/arm-gnu-toolchain-linux-2/bin/../lib/gcc/arm-elf/4.1.0/../../../../arm-elf/lib/thumb/interwork/libc.a(fwalk.o)
 .debug_pubnames
                0x00000741       0x39 /home/maska/ATMEL/arm-gnu-toolchain-linux-2/bin/../lib/gcc/arm-elf/4.1.0/../../../../arm-elf/lib/thumb/interwork/libc.a(impure.o)
 .debug_pubnames
                0x0000077a       0xc3 /home/maska/ATMEL/arm-gnu-toolchain-linux-2/bin/../lib/gcc/arm-elf/4.1.0/../../../../arm-elf/lib/thumb/interwork/libc.a(locale.o)
 .debug_pubnames
                0x0000083d       0x21 /home/maska/ATMEL/arm-gnu-toolchain-linux-2/bin/../lib/gcc/arm-elf/4.1.0/../../../../arm-elf/lib/thumb/interwork/libc.a(makebuf.o)
 .debug_pubnames
                0x0000085e       0xce /home/maska/ATMEL/arm-gnu-toolchain-linux-2/bin/../lib/gcc/arm-elf/4.1.0/../../../../arm-elf/lib/thumb/interwork/libc.a(mallocr.o)
 .debug_pubnames
                0x0000092c       0x1d /home/maska/ATMEL/arm-gnu-toolchain-linux-2/bin/../lib/gcc/arm-elf/4.1.0/../../../../arm-elf/lib/thumb/interwork/libc.a(memchr.o)
 .debug_pubnames
                0x00000949       0x1e /home/maska/ATMEL/arm-gnu-toolchain-linux-2/bin/../lib/gcc/arm-elf/4.1.0/../../../../arm-elf/lib/thumb/interwork/libc.a(memmove.o)
 .debug_pubnames
                0x00000967       0x1d /home/maska/ATMEL/arm-gnu-toolchain-linux-2/bin/../lib/gcc/arm-elf/4.1.0/../../../../arm-elf/lib/thumb/interwork/libc.a(memset.o)
 .debug_pubnames
                0x00000984       0x38 /home/maska/ATMEL/arm-gnu-toolchain-linux-2/bin/../lib/gcc/arm-elf/4.1.0/../../../../arm-elf/lib/thumb/interwork/libc.a(mlock.o)
 .debug_pubnames
                0x000009bc      0x112 /home/maska/ATMEL/arm-gnu-toolchain-linux-2/bin/../lib/gcc/arm-elf/4.1.0/../../../../arm-elf/lib/thumb/interwork/libc.a(mprec.o)
 .debug_pubnames
                0x00000ace       0x21 /home/maska/ATMEL/arm-gnu-toolchain-linux-2/bin/../lib/gcc/arm-elf/4.1.0/../../../../arm-elf/lib/thumb/interwork/libc.a(reallocr.o)
 .debug_pubnames
                0x00000aef       0x1c /home/maska/ATMEL/arm-gnu-toolchain-linux-2/bin/../lib/gcc/arm-elf/4.1.0/../../../../arm-elf/lib/thumb/interwork/libc.a(s_isinf.o)
 .debug_pubnames
                0x00000b0b       0x1c /home/maska/ATMEL/arm-gnu-toolchain-linux-2/bin/../lib/gcc/arm-elf/4.1.0/../../../../arm-elf/lib/thumb/interwork/libc.a(s_isnan.o)
 .debug_pubnames
                0x00000b27       0x44 /home/maska/ATMEL/arm-gnu-toolchain-linux-2/bin/../lib/gcc/arm-elf/4.1.0/../../../../arm-elf/lib/thumb/interwork/libc.a(stdio.o)
 .debug_pubnames
                0x00000b6b       0x20 /home/maska/ATMEL/arm-gnu-toolchain-linux-2/bin/../lib/gcc/arm-elf/4.1.0/../../../../arm-elf/lib/thumb/interwork/libc.a(callocr.o)
 .debug_pubnames
                0x00000b8b       0x2b /home/maska/ATMEL/arm-gnu-toolchain-linux-2/bin/../lib/gcc/arm-elf/4.1.0/../../../../arm-elf/lib/thumb/interwork/libc.a(fclose.o)
 .debug_pubnames
                0x00000bb6       0x2c /home/maska/ATMEL/arm-gnu-toolchain-linux-2/bin/../lib/gcc/arm-elf/4.1.0/thumb/interwork/libgcc.a(_addsub_df.o)
 .debug_pubnames
                0x00000be2       0x1f /home/maska/ATMEL/arm-gnu-toolchain-linux-2/bin/../lib/gcc/arm-elf/4.1.0/thumb/interwork/libgcc.a(_mul_df.o)
 .debug_pubnames
                0x00000c01       0x1f /home/maska/ATMEL/arm-gnu-toolchain-linux-2/bin/../lib/gcc/arm-elf/4.1.0/thumb/interwork/libgcc.a(_div_df.o)
 .debug_pubnames
                0x00000c20       0x1e /home/maska/ATMEL/arm-gnu-toolchain-linux-2/bin/../lib/gcc/arm-elf/4.1.0/thumb/interwork/libgcc.a(_eq_df.o)
 .debug_pubnames
                0x00000c3e       0x1e /home/maska/ATMEL/arm-gnu-toolchain-linux-2/bin/../lib/gcc/arm-elf/4.1.0/thumb/interwork/libgcc.a(_ne_df.o)
 .debug_pubnames
                0x00000c5c       0x1e /home/maska/ATMEL/arm-gnu-toolchain-linux-2/bin/../lib/gcc/arm-elf/4.1.0/thumb/interwork/libgcc.a(_gt_df.o)
 .debug_pubnames
                0x00000c7a       0x1e /home/maska/ATMEL/arm-gnu-toolchain-linux-2/bin/../lib/gcc/arm-elf/4.1.0/thumb/interwork/libgcc.a(_ge_df.o)
 .debug_pubnames
                0x00000c98       0x1e /home/maska/ATMEL/arm-gnu-toolchain-linux-2/bin/../lib/gcc/arm-elf/4.1.0/thumb/interwork/libgcc.a(_lt_df.o)
 .debug_pubnames
                0x00000cb6       0x22 /home/maska/ATMEL/arm-gnu-toolchain-linux-2/bin/../lib/gcc/arm-elf/4.1.0/thumb/interwork/libgcc.a(_si_to_df.o)
 .debug_pubnames
                0x00000cd8       0x20 /home/maska/ATMEL/arm-gnu-toolchain-linux-2/bin/../lib/gcc/arm-elf/4.1.0/thumb/interwork/libgcc.a(_df_to_si.o)
 .debug_pubnames
                0x00000cf8       0x22 /home/maska/ATMEL/arm-gnu-toolchain-linux-2/bin/../lib/gcc/arm-elf/4.1.0/thumb/interwork/libgcc.a(_thenan_df.o)
 .debug_pubnames
                0x00000d1a       0x1f /home/maska/ATMEL/arm-gnu-toolchain-linux-2/bin/../lib/gcc/arm-elf/4.1.0/thumb/interwork/libgcc.a(_muldi3.o)
 .debug_pubnames
                0x00000d39       0x1f /home/maska/ATMEL/arm-gnu-toolchain-linux-2/bin/../lib/gcc/arm-elf/4.1.0/thumb/interwork/libgcc.a(_pack_df.o)
 .debug_pubnames
                0x00000d58       0x21 /home/maska/ATMEL/arm-gnu-toolchain-linux-2/bin/../lib/gcc/arm-elf/4.1.0/thumb/interwork/libgcc.a(_unpack_df.o)
 .debug_pubnames
                0x00000d79       0x26 /home/maska/ATMEL/arm-gnu-toolchain-linux-2/bin/../lib/gcc/arm-elf/4.1.0/thumb/interwork/libgcc.a(_fpcmp_parts_df.o)

.debug_info     0x00000000    0x1916e
 *(.debug_info .gnu.linkonce.wi.*)
 .debug_info    0x00000000       0x8e Cstartup.o
 .debug_info    0x0000008e     0x2046 main.o
 .debug_info    0x000020d4      0x208 Cstartup_SAM7.o
 .debug_info    0x000022dc     0x1022 syscalls.o
 .debug_info    0x000032fe      0x68f cdc_enumerate.o
 .debug_info    0x0000398d      0x4ab adc.o
 .debug_info    0x00003e38      0x477 pwm.o
 .debug_info    0x000042af       0xc5 aic.o
 .debug_info    0x00004374       0xc5 async.o
 .debug_info    0x00004439       0x8d delay.o
 .debug_info    0x000044c6       0xd0 math.o
 .debug_info    0x00004596      0x949 /home/maska/ATMEL/arm-gnu-toolchain-linux-2/bin/../lib/gcc/arm-elf/4.1.0/../../../../arm-elf/lib/thumb/interwork/libc.a(atoi.o)
 .debug_info    0x00004edf      0x10e /home/maska/ATMEL/arm-gnu-toolchain-linux-2/bin/../lib/gcc/arm-elf/4.1.0/../../../../arm-elf/lib/thumb/interwork/libc.a(memcpy.o)
 .debug_info    0x00004fed      0xa02 /home/maska/ATMEL/arm-gnu-toolchain-linux-2/bin/../lib/gcc/arm-elf/4.1.0/../../../../arm-elf/lib/thumb/interwork/libc.a(sprintf.o)
 .debug_info    0x000059ef       0xda /home/maska/ATMEL/arm-gnu-toolchain-linux-2/bin/../lib/gcc/arm-elf/4.1.0/../../../../arm-elf/lib/thumb/interwork/libc.a(strcmp.o)
 .debug_info    0x00005ac9      0x10d /home/maska/ATMEL/arm-gnu-toolchain-linux-2/bin/../lib/gcc/arm-elf/4.1.0/../../../../arm-elf/lib/thumb/interwork/libc.a(strcpy.o)
 .debug_info    0x00005bd6       0xd6 /home/maska/ATMEL/arm-gnu-toolchain-linux-2/bin/../lib/gcc/arm-elf/4.1.0/../../../../arm-elf/lib/thumb/interwork/libc.a(strlen.o)
 .debug_info    0x00005cac      0x930 /home/maska/ATMEL/arm-gnu-toolchain-linux-2/bin/../lib/gcc/arm-elf/4.1.0/../../../../arm-elf/lib/thumb/interwork/libc.a(strtok.o)
 .debug_info    0x000065dc      0x15f /home/maska/ATMEL/arm-gnu-toolchain-linux-2/bin/../lib/gcc/arm-elf/4.1.0/../../../../arm-elf/lib/thumb/interwork/libc.a(strtok_r.o)
 .debug_info    0x0000673b      0xa11 /home/maska/ATMEL/arm-gnu-toolchain-linux-2/bin/../lib/gcc/arm-elf/4.1.0/../../../../arm-elf/lib/thumb/interwork/libc.a(strtol.o)
 .debug_info    0x0000714c     0x10eb /home/maska/ATMEL/arm-gnu-toolchain-linux-2/bin/../lib/gcc/arm-elf/4.1.0/../../../../arm-elf/lib/thumb/interwork/libc.a(vfprintf.o)
 .debug_info    0x00008237      0x9ef /home/maska/ATMEL/arm-gnu-toolchain-linux-2/bin/../lib/gcc/arm-elf/4.1.0/../../../../arm-elf/lib/thumb/interwork/libc.a(wcrtomb.o)
 .debug_info    0x00008c26      0xa84 /home/maska/ATMEL/arm-gnu-toolchain-linux-2/bin/../lib/gcc/arm-elf/4.1.0/../../../../arm-elf/lib/thumb/interwork/libc.a(wcsrtombs.o)
 .debug_info    0x000096aa      0x9f7 /home/maska/ATMEL/arm-gnu-toolchain-linux-2/bin/../lib/gcc/arm-elf/4.1.0/../../../../arm-elf/lib/thumb/interwork/libc.a(wctomb_r.o)
 .debug_info    0x0000a0a1      0x93a /home/maska/ATMEL/arm-gnu-toolchain-linux-2/bin/../lib/gcc/arm-elf/4.1.0/../../../../arm-elf/lib/thumb/interwork/libc.a(wsetup.o)
 .debug_info    0x0000a9db       0x79 /home/maska/ATMEL/arm-gnu-toolchain-linux-2/bin/../lib/gcc/arm-elf/4.1.0/../../../../arm-elf/lib/thumb/interwork/libc.a(ctype_.o)
 .debug_info    0x0000aa54      0xd65 /home/maska/ATMEL/arm-gnu-toolchain-linux-2/bin/../lib/gcc/arm-elf/4.1.0/../../../../arm-elf/lib/thumb/interwork/libc.a(dtoa.o)
 .debug_info    0x0000b7b9      0x974 /home/maska/ATMEL/arm-gnu-toolchain-linux-2/bin/../lib/gcc/arm-elf/4.1.0/../../../../arm-elf/lib/thumb/interwork/libc.a(fflush.o)
 .debug_info    0x0000c12d      0xb67 /home/maska/ATMEL/arm-gnu-toolchain-linux-2/bin/../lib/gcc/arm-elf/4.1.0/../../../../arm-elf/lib/thumb/interwork/libc.a(findfp.o)
 .debug_info    0x0000cc94      0xbb5 /home/maska/ATMEL/arm-gnu-toolchain-linux-2/bin/../lib/gcc/arm-elf/4.1.0/../../../../arm-elf/lib/thumb/interwork/libc.a(freer.o)
 .debug_info    0x0000d849      0xa5f /home/maska/ATMEL/arm-gnu-toolchain-linux-2/bin/../lib/gcc/arm-elf/4.1.0/../../../../arm-elf/lib/thumb/interwork/libc.a(fvwrite.o)
 .debug_info    0x0000e2a8      0xad9 /home/maska/ATMEL/arm-gnu-toolchain-linux-2/bin/../lib/gcc/arm-elf/4.1.0/../../../../arm-elf/lib/thumb/interwork/libc.a(fwalk.o)
 .debug_info    0x0000ed81      0x922 /home/maska/ATMEL/arm-gnu-toolchain-linux-2/bin/../lib/gcc/arm-elf/4.1.0/../../../../arm-elf/lib/thumb/interwork/libc.a(impure.o)
 .debug_info    0x0000f6a3      0xb82 /home/maska/ATMEL/arm-gnu-toolchain-linux-2/bin/../lib/gcc/arm-elf/4.1.0/../../../../arm-elf/lib/thumb/interwork/libc.a(locale.o)
 .debug_info    0x00010225      0xad9 /home/maska/ATMEL/arm-gnu-toolchain-linux-2/bin/../lib/gcc/arm-elf/4.1.0/../../../../arm-elf/lib/thumb/interwork/libc.a(makebuf.o)
 .debug_info    0x00010cfe      0xcbc /home/maska/ATMEL/arm-gnu-toolchain-linux-2/bin/../lib/gcc/arm-elf/4.1.0/../../../../arm-elf/lib/thumb/interwork/libc.a(mallocr.o)
 .debug_info    0x000119ba      0x133 /home/maska/ATMEL/arm-gnu-toolchain-linux-2/bin/../lib/gcc/arm-elf/4.1.0/../../../../arm-elf/lib/thumb/interwork/libc.a(memchr.o)
 .debug_info    0x00011aed      0x13f /home/maska/ATMEL/arm-gnu-toolchain-linux-2/bin/../lib/gcc/arm-elf/4.1.0/../../../../arm-elf/lib/thumb/interwork/libc.a(memmove.o)
 .debug_info    0x00011c2c      0x112 /home/maska/ATMEL/arm-gnu-toolchain-linux-2/bin/../lib/gcc/arm-elf/4.1.0/../../../../arm-elf/lib/thumb/interwork/libc.a(memset.o)
 .debug_info    0x00011d3e      0x93c /home/maska/ATMEL/arm-gnu-toolchain-linux-2/bin/../lib/gcc/arm-elf/4.1.0/../../../../arm-elf/lib/thumb/interwork/libc.a(mlock.o)
 .debug_info    0x0001267a     0x1336 /home/maska/ATMEL/arm-gnu-toolchain-linux-2/bin/../lib/gcc/arm-elf/4.1.0/../../../../arm-elf/lib/thumb/interwork/libc.a(mprec.o)
 .debug_info    0x000139b0      0xbc7 /home/maska/ATMEL/arm-gnu-toolchain-linux-2/bin/../lib/gcc/arm-elf/4.1.0/../../../../arm-elf/lib/thumb/interwork/libc.a(reallocr.o)
 .debug_info    0x00014577       0xd7 /home/maska/ATMEL/arm-gnu-toolchain-linux-2/bin/../lib/gcc/arm-elf/4.1.0/../../../../arm-elf/lib/thumb/interwork/libc.a(s_isinf.o)
 .debug_info    0x0001464e       0xd5 /home/maska/ATMEL/arm-gnu-toolchain-linux-2/bin/../lib/gcc/arm-elf/4.1.0/../../../../arm-elf/lib/thumb/interwork/libc.a(s_isnan.o)
 .debug_info    0x00014723      0xa74 /home/maska/ATMEL/arm-gnu-toolchain-linux-2/bin/../lib/gcc/arm-elf/4.1.0/../../../../arm-elf/lib/thumb/interwork/libc.a(stdio.o)
 .debug_info    0x00015197      0xa03 /home/maska/ATMEL/arm-gnu-toolchain-linux-2/bin/../lib/gcc/arm-elf/4.1.0/../../../../arm-elf/lib/thumb/interwork/libc.a(callocr.o)
 .debug_info    0x00015b9a      0x982 /home/maska/ATMEL/arm-gnu-toolchain-linux-2/bin/../lib/gcc/arm-elf/4.1.0/../../../../arm-elf/lib/thumb/interwork/libc.a(fclose.o)
 .debug_info    0x0001651c       0x88 /home/maska/ATMEL/arm-gnu-toolchain-linux-2/bin/../lib/gcc/arm-elf/4.1.0/thumb/interwork/libgcc.a(_udivsi3.o)
 .debug_info    0x000165a4       0x88 /home/maska/ATMEL/arm-gnu-toolchain-linux-2/bin/../lib/gcc/arm-elf/4.1.0/thumb/interwork/libgcc.a(_divsi3.o)
 .debug_info    0x0001662c       0x88 /home/maska/ATMEL/arm-gnu-toolchain-linux-2/bin/../lib/gcc/arm-elf/4.1.0/thumb/interwork/libgcc.a(_umodsi3.o)
 .debug_info    0x000166b4       0x88 /home/maska/ATMEL/arm-gnu-toolchain-linux-2/bin/../lib/gcc/arm-elf/4.1.0/thumb/interwork/libgcc.a(_modsi3.o)
 .debug_info    0x0001673c       0x88 /home/maska/ATMEL/arm-gnu-toolchain-linux-2/bin/../lib/gcc/arm-elf/4.1.0/thumb/interwork/libgcc.a(_dvmd_tls.o)
 .debug_info    0x000167c4      0x47d /home/maska/ATMEL/arm-gnu-toolchain-linux-2/bin/../lib/gcc/arm-elf/4.1.0/thumb/interwork/libgcc.a(_addsub_df.o)
 .debug_info    0x00016c41      0x473 /home/maska/ATMEL/arm-gnu-toolchain-linux-2/bin/../lib/gcc/arm-elf/4.1.0/thumb/interwork/libgcc.a(_mul_df.o)
 .debug_info    0x000170b4      0x3ad /home/maska/ATMEL/arm-gnu-toolchain-linux-2/bin/../lib/gcc/arm-elf/4.1.0/thumb/interwork/libgcc.a(_div_df.o)
 .debug_info    0x00017461      0x2aa /home/maska/ATMEL/arm-gnu-toolchain-linux-2/bin/../lib/gcc/arm-elf/4.1.0/thumb/interwork/libgcc.a(_eq_df.o)
 .debug_info    0x0001770b      0x2aa /home/maska/ATMEL/arm-gnu-toolchain-linux-2/bin/../lib/gcc/arm-elf/4.1.0/thumb/interwork/libgcc.a(_ne_df.o)
 .debug_info    0x000179b5      0x2aa /home/maska/ATMEL/arm-gnu-toolchain-linux-2/bin/../lib/gcc/arm-elf/4.1.0/thumb/interwork/libgcc.a(_gt_df.o)
 .debug_info    0x00017c5f      0x2aa /home/maska/ATMEL/arm-gnu-toolchain-linux-2/bin/../lib/gcc/arm-elf/4.1.0/thumb/interwork/libgcc.a(_ge_df.o)
 .debug_info    0x00017f09      0x2aa /home/maska/ATMEL/arm-gnu-toolchain-linux-2/bin/../lib/gcc/arm-elf/4.1.0/thumb/interwork/libgcc.a(_lt_df.o)
 .debug_info    0x000181b3      0x1bd /home/maska/ATMEL/arm-gnu-toolchain-linux-2/bin/../lib/gcc/arm-elf/4.1.0/thumb/interwork/libgcc.a(_si_to_df.o)
 .debug_info    0x00018370      0x2de /home/maska/ATMEL/arm-gnu-toolchain-linux-2/bin/../lib/gcc/arm-elf/4.1.0/thumb/interwork/libgcc.a(_df_to_si.o)
 .debug_info    0x0001864e      0x164 /home/maska/ATMEL/arm-gnu-toolchain-linux-2/bin/../lib/gcc/arm-elf/4.1.0/thumb/interwork/libgcc.a(_thenan_df.o)
 .debug_info    0x000187b2      0x207 /home/maska/ATMEL/arm-gnu-toolchain-linux-2/bin/../lib/gcc/arm-elf/4.1.0/thumb/interwork/libgcc.a(_muldi3.o)
 .debug_info    0x000189b9      0x323 /home/maska/ATMEL/arm-gnu-toolchain-linux-2/bin/../lib/gcc/arm-elf/4.1.0/thumb/interwork/libgcc.a(_pack_df.o)
 .debug_info    0x00018cdc      0x27a /home/maska/ATMEL/arm-gnu-toolchain-linux-2/bin/../lib/gcc/arm-elf/4.1.0/thumb/interwork/libgcc.a(_unpack_df.o)
 .debug_info    0x00018f56      0x218 /home/maska/ATMEL/arm-gnu-toolchain-linux-2/bin/../lib/gcc/arm-elf/4.1.0/thumb/interwork/libgcc.a(_fpcmp_parts_df.o)

.debug_abbrev   0x00000000     0x5466
 *(.debug_abbrev)
 .debug_abbrev  0x00000000       0x14 Cstartup.o
 .debug_abbrev  0x00000014      0x2d9 main.o
 .debug_abbrev  0x000002ed       0xaa Cstartup_SAM7.o
 .debug_abbrev  0x00000397      0x2ac syscalls.o
 .debug_abbrev  0x00000643      0x242 cdc_enumerate.o
 .debug_abbrev  0x00000885       0xb8 adc.o
 .debug_abbrev  0x0000093d      0x1a4 pwm.o
 .debug_abbrev  0x00000ae1       0x90 aic.o
 .debug_abbrev  0x00000b71       0x9b async.o
 .debug_abbrev  0x00000c0c       0x85 delay.o
 .debug_abbrev  0x00000c91       0xaf math.o
 .debug_abbrev  0x00000d40      0x176 /home/maska/ATMEL/arm-gnu-toolchain-linux-2/bin/../lib/gcc/arm-elf/4.1.0/../../../../arm-elf/lib/thumb/interwork/libc.a(atoi.o)
 .debug_abbrev  0x00000eb6       0x99 /home/maska/ATMEL/arm-gnu-toolchain-linux-2/bin/../lib/gcc/arm-elf/4.1.0/../../../../arm-elf/lib/thumb/interwork/libc.a(memcpy.o)
 .debug_abbrev  0x00000f4f      0x193 /home/maska/ATMEL/arm-gnu-toolchain-linux-2/bin/../lib/gcc/arm-elf/4.1.0/../../../../arm-elf/lib/thumb/interwork/libc.a(sprintf.o)
 .debug_abbrev  0x000010e2       0x71 /home/maska/ATMEL/arm-gnu-toolchain-linux-2/bin/../lib/gcc/arm-elf/4.1.0/../../../../arm-elf/lib/thumb/interwork/libc.a(strcmp.o)
 .debug_abbrev  0x00001153       0x80 /home/maska/ATMEL/arm-gnu-toolchain-linux-2/bin/../lib/gcc/arm-elf/4.1.0/../../../../arm-elf/lib/thumb/interwork/libc.a(strcpy.o)
 .debug_abbrev  0x000011d3       0x8b /home/maska/ATMEL/arm-gnu-toolchain-linux-2/bin/../lib/gcc/arm-elf/4.1.0/../../../../arm-elf/lib/thumb/interwork/libc.a(strlen.o)
 .debug_abbrev  0x0000125e      0x17f /home/maska/ATMEL/arm-gnu-toolchain-linux-2/bin/../lib/gcc/arm-elf/4.1.0/../../../../arm-elf/lib/thumb/interwork/libc.a(strtok.o)
 .debug_abbrev  0x000013dd       0xbe /home/maska/ATMEL/arm-gnu-toolchain-linux-2/bin/../lib/gcc/arm-elf/4.1.0/../../../../arm-elf/lib/thumb/interwork/libc.a(strtok_r.o)
 .debug_abbrev  0x0000149b      0x1ae /home/maska/ATMEL/arm-gnu-toolchain-linux-2/bin/../lib/gcc/arm-elf/4.1.0/../../../../arm-elf/lib/thumb/interwork/libc.a(strtol.o)
 .debug_abbrev  0x00001649      0x356 /home/maska/ATMEL/arm-gnu-toolchain-linux-2/bin/../lib/gcc/arm-elf/4.1.0/../../../../arm-elf/lib/thumb/interwork/libc.a(vfprintf.o)
 .debug_abbrev  0x0000199f      0x18e /home/maska/ATMEL/arm-gnu-toolchain-linux-2/bin/../lib/gcc/arm-elf/4.1.0/../../../../arm-elf/lib/thumb/interwork/libc.a(wcrtomb.o)
 .debug_abbrev  0x00001b2d      0x1a4 /home/maska/ATMEL/arm-gnu-toolchain-linux-2/bin/../lib/gcc/arm-elf/4.1.0/../../../../arm-elf/lib/thumb/interwork/libc.a(wcsrtombs.o)
 .debug_abbrev  0x00001cd1      0x1ab /home/maska/ATMEL/arm-gnu-toolchain-linux-2/bin/../lib/gcc/arm-elf/4.1.0/../../../../arm-elf/lib/thumb/interwork/libc.a(wctomb_r.o)
 .debug_abbrev  0x00001e7c      0x170 /home/maska/ATMEL/arm-gnu-toolchain-linux-2/bin/../lib/gcc/arm-elf/4.1.0/../../../../arm-elf/lib/thumb/interwork/libc.a(wsetup.o)
 .debug_abbrev  0x00001fec       0x52 /home/maska/ATMEL/arm-gnu-toolchain-linux-2/bin/../lib/gcc/arm-elf/4.1.0/../../../../arm-elf/lib/thumb/interwork/libc.a(ctype_.o)
 .debug_abbrev  0x0000203e      0x214 /home/maska/ATMEL/arm-gnu-toolchain-linux-2/bin/../lib/gcc/arm-elf/4.1.0/../../../../arm-elf/lib/thumb/interwork/libc.a(dtoa.o)
 .debug_abbrev  0x00002252      0x17f /home/maska/ATMEL/arm-gnu-toolchain-linux-2/bin/../lib/gcc/arm-elf/4.1.0/../../../../arm-elf/lib/thumb/interwork/libc.a(fflush.o)
 .debug_abbrev  0x000023d1      0x24a /home/maska/ATMEL/arm-gnu-toolchain-linux-2/bin/../lib/gcc/arm-elf/4.1.0/../../../../arm-elf/lib/thumb/interwork/libc.a(findfp.o)
 .debug_abbrev  0x0000261b      0x1d9 /home/maska/ATMEL/arm-gnu-toolchain-linux-2/bin/../lib/gcc/arm-elf/4.1.0/../../../../arm-elf/lib/thumb/interwork/libc.a(freer.o)
 .debug_abbrev  0x000027f4      0x1b4 /home/maska/ATMEL/arm-gnu-toolchain-linux-2/bin/../lib/gcc/arm-elf/4.1.0/../../../../arm-elf/lib/thumb/interwork/libc.a(fvwrite.o)
 .debug_abbrev  0x000029a8      0x1e3 /home/maska/ATMEL/arm-gnu-toolchain-linux-2/bin/../lib/gcc/arm-elf/4.1.0/../../../../arm-elf/lib/thumb/interwork/libc.a(fwalk.o)
 .debug_abbrev  0x00002b8b      0x157 /home/maska/ATMEL/arm-gnu-toolchain-linux-2/bin/../lib/gcc/arm-elf/4.1.0/../../../../arm-elf/lib/thumb/interwork/libc.a(impure.o)
 .debug_abbrev  0x00002ce2      0x20e /home/maska/ATMEL/arm-gnu-toolchain-linux-2/bin/../lib/gcc/arm-elf/4.1.0/../../../../arm-elf/lib/thumb/interwork/libc.a(locale.o)
 .debug_abbrev  0x00002ef0      0x1a8 /home/maska/ATMEL/arm-gnu-toolchain-linux-2/bin/../lib/gcc/arm-elf/4.1.0/../../../../arm-elf/lib/thumb/interwork/libc.a(makebuf.o)
 .debug_abbrev  0x00003098      0x216 /home/maska/ATMEL/arm-gnu-toolchain-linux-2/bin/../lib/gcc/arm-elf/4.1.0/../../../../arm-elf/lib/thumb/interwork/libc.a(mallocr.o)
 .debug_abbrev  0x000032ae       0xb5 /home/maska/ATMEL/arm-gnu-toolchain-linux-2/bin/../lib/gcc/arm-elf/4.1.0/../../../../arm-elf/lib/thumb/interwork/libc.a(memchr.o)
 .debug_abbrev  0x00003363       0x99 /home/maska/ATMEL/arm-gnu-toolchain-linux-2/bin/../lib/gcc/arm-elf/4.1.0/../../../../arm-elf/lib/thumb/interwork/libc.a(memmove.o)
 .debug_abbrev  0x000033fc       0x9a /home/maska/ATMEL/arm-gnu-toolchain-linux-2/bin/../lib/gcc/arm-elf/4.1.0/../../../../arm-elf/lib/thumb/interwork/libc.a(memset.o)
 .debug_abbrev  0x00003496      0x16a /home/maska/ATMEL/arm-gnu-toolchain-linux-2/bin/../lib/gcc/arm-elf/4.1.0/../../../../arm-elf/lib/thumb/interwork/libc.a(mlock.o)
 .debug_abbrev  0x00003600      0x262 /home/maska/ATMEL/arm-gnu-toolchain-linux-2/bin/../lib/gcc/arm-elf/4.1.0/../../../../arm-elf/lib/thumb/interwork/libc.a(mprec.o)
 .debug_abbrev  0x00003862      0x1c3 /home/maska/ATMEL/arm-gnu-toolchain-linux-2/bin/../lib/gcc/arm-elf/4.1.0/../../../../arm-elf/lib/thumb/interwork/libc.a(reallocr.o)
 .debug_abbrev  0x00003a25       0x79 /home/maska/ATMEL/arm-gnu-toolchain-linux-2/bin/../lib/gcc/arm-elf/4.1.0/../../../../arm-elf/lib/thumb/interwork/libc.a(s_isinf.o)
 .debug_abbrev  0x00003a9e       0x79 /home/maska/ATMEL/arm-gnu-toolchain-linux-2/bin/../lib/gcc/arm-elf/4.1.0/../../../../arm-elf/lib/thumb/interwork/libc.a(s_isnan.o)
 .debug_abbrev  0x00003b17      0x1aa /home/maska/ATMEL/arm-gnu-toolchain-linux-2/bin/../lib/gcc/arm-elf/4.1.0/../../../../arm-elf/lib/thumb/interwork/libc.a(stdio.o)
 .debug_abbrev  0x00003cc1      0x1af /home/maska/ATMEL/arm-gnu-toolchain-linux-2/bin/../lib/gcc/arm-elf/4.1.0/../../../../arm-elf/lib/thumb/interwork/libc.a(callocr.o)
 .debug_abbrev  0x00003e70      0x18e /home/maska/ATMEL/arm-gnu-toolchain-linux-2/bin/../lib/gcc/arm-elf/4.1.0/../../../../arm-elf/lib/thumb/interwork/libc.a(fclose.o)
 .debug_abbrev  0x00003ffe       0x14 /home/maska/ATMEL/arm-gnu-toolchain-linux-2/bin/../lib/gcc/arm-elf/4.1.0/thumb/interwork/libgcc.a(_udivsi3.o)
 .debug_abbrev  0x00004012       0x14 /home/maska/ATMEL/arm-gnu-toolchain-linux-2/bin/../lib/gcc/arm-elf/4.1.0/thumb/interwork/libgcc.a(_divsi3.o)
 .debug_abbrev  0x00004026       0x14 /home/maska/ATMEL/arm-gnu-toolchain-linux-2/bin/../lib/gcc/arm-elf/4.1.0/thumb/interwork/libgcc.a(_umodsi3.o)
 .debug_abbrev  0x0000403a       0x14 /home/maska/ATMEL/arm-gnu-toolchain-linux-2/bin/../lib/gcc/arm-elf/4.1.0/thumb/interwork/libgcc.a(_modsi3.o)
 .debug_abbrev  0x0000404e       0x14 /home/maska/ATMEL/arm-gnu-toolchain-linux-2/bin/../lib/gcc/arm-elf/4.1.0/thumb/interwork/libgcc.a(_dvmd_tls.o)
 .debug_abbrev  0x00004062      0x1a8 /home/maska/ATMEL/arm-gnu-toolchain-linux-2/bin/../lib/gcc/arm-elf/4.1.0/thumb/interwork/libgcc.a(_addsub_df.o)
 .debug_abbrev  0x0000420a      0x1e7 /home/maska/ATMEL/arm-gnu-toolchain-linux-2/bin/../lib/gcc/arm-elf/4.1.0/thumb/interwork/libgcc.a(_mul_df.o)
 .debug_abbrev  0x000043f1      0x1d9 /home/maska/ATMEL/arm-gnu-toolchain-linux-2/bin/../lib/gcc/arm-elf/4.1.0/thumb/interwork/libgcc.a(_div_df.o)
 .debug_abbrev  0x000045ca      0x157 /home/maska/ATMEL/arm-gnu-toolchain-linux-2/bin/../lib/gcc/arm-elf/4.1.0/thumb/interwork/libgcc.a(_eq_df.o)
 .debug_abbrev  0x00004721      0x157 /home/maska/ATMEL/arm-gnu-toolchain-linux-2/bin/../lib/gcc/arm-elf/4.1.0/thumb/interwork/libgcc.a(_ne_df.o)
 .debug_abbrev  0x00004878      0x157 /home/maska/ATMEL/arm-gnu-toolchain-linux-2/bin/../lib/gcc/arm-elf/4.1.0/thumb/interwork/libgcc.a(_gt_df.o)
 .debug_abbrev  0x000049cf      0x157 /home/maska/ATMEL/arm-gnu-toolchain-linux-2/bin/../lib/gcc/arm-elf/4.1.0/thumb/interwork/libgcc.a(_ge_df.o)
 .debug_abbrev  0x00004b26      0x157 /home/maska/ATMEL/arm-gnu-toolchain-linux-2/bin/../lib/gcc/arm-elf/4.1.0/thumb/interwork/libgcc.a(_lt_df.o)
 .debug_abbrev  0x00004c7d       0xf1 /home/maska/ATMEL/arm-gnu-toolchain-linux-2/bin/../lib/gcc/arm-elf/4.1.0/thumb/interwork/libgcc.a(_si_to_df.o)
 .debug_abbrev  0x00004d6e      0x166 /home/maska/ATMEL/arm-gnu-toolchain-linux-2/bin/../lib/gcc/arm-elf/4.1.0/thumb/interwork/libgcc.a(_df_to_si.o)
 .debug_abbrev  0x00004ed4       0xba /home/maska/ATMEL/arm-gnu-toolchain-linux-2/bin/../lib/gcc/arm-elf/4.1.0/thumb/interwork/libgcc.a(_thenan_df.o)
 .debug_abbrev  0x00004f8e       0xec /home/maska/ATMEL/arm-gnu-toolchain-linux-2/bin/../lib/gcc/arm-elf/4.1.0/thumb/interwork/libgcc.a(_muldi3.o)
 .debug_abbrev  0x0000507a      0x192 /home/maska/ATMEL/arm-gnu-toolchain-linux-2/bin/../lib/gcc/arm-elf/4.1.0/thumb/interwork/libgcc.a(_pack_df.o)
 .debug_abbrev  0x0000520c      0x149 /home/maska/ATMEL/arm-gnu-toolchain-linux-2/bin/../lib/gcc/arm-elf/4.1.0/thumb/interwork/libgcc.a(_unpack_df.o)
 .debug_abbrev  0x00005355      0x111 /home/maska/ATMEL/arm-gnu-toolchain-linux-2/bin/../lib/gcc/arm-elf/4.1.0/thumb/interwork/libgcc.a(_fpcmp_parts_df.o)

.debug_line     0x00000000     0x4e9b
 *(.debug_line)
 .debug_line    0x00000000       0x87 Cstartup.o
 .debug_line    0x00000087      0x4b5 main.o
 .debug_line    0x0000053c       0x60 Cstartup_SAM7.o
 .debug_line    0x0000059c      0x236 syscalls.o
 .debug_line    0x000007d2      0x142 cdc_enumerate.o
 .debug_line    0x00000914       0x6d adc.o
 .debug_line    0x00000981      0x12f pwm.o
 .debug_line    0x00000ab0       0x41 aic.o
 .debug_line    0x00000af1       0x41 async.o
 .debug_line    0x00000b32       0x4c delay.o
 .debug_line    0x00000b7e       0x3d math.o
 .debug_line    0x00000bbb      0x11a /home/maska/ATMEL/arm-gnu-toolchain-linux-2/bin/../lib/gcc/arm-elf/4.1.0/../../../../arm-elf/lib/thumb/interwork/libc.a(atoi.o)
 .debug_line    0x00000cd5       0xc9 /home/maska/ATMEL/arm-gnu-toolchain-linux-2/bin/../lib/gcc/arm-elf/4.1.0/../../../../arm-elf/lib/thumb/interwork/libc.a(memcpy.o)
 .debug_line    0x00000d9e      0x1a6 /home/maska/ATMEL/arm-gnu-toolchain-linux-2/bin/../lib/gcc/arm-elf/4.1.0/../../../../arm-elf/lib/thumb/interwork/libc.a(sprintf.o)
 .debug_line    0x00000f44       0x8c /home/maska/ATMEL/arm-gnu-toolchain-linux-2/bin/../lib/gcc/arm-elf/4.1.0/../../../../arm-elf/lib/thumb/interwork/libc.a(strcmp.o)
 .debug_line    0x00000fd0       0x85 /home/maska/ATMEL/arm-gnu-toolchain-linux-2/bin/../lib/gcc/arm-elf/4.1.0/../../../../arm-elf/lib/thumb/interwork/libc.a(strcpy.o)
 .debug_line    0x00001055       0xb8 /home/maska/ATMEL/arm-gnu-toolchain-linux-2/bin/../lib/gcc/arm-elf/4.1.0/../../../../arm-elf/lib/thumb/interwork/libc.a(strlen.o)
 .debug_line    0x0000110d      0x117 /home/maska/ATMEL/arm-gnu-toolchain-linux-2/bin/../lib/gcc/arm-elf/4.1.0/../../../../arm-elf/lib/thumb/interwork/libc.a(strtok.o)
 .debug_line    0x00001224       0xa2 /home/maska/ATMEL/arm-gnu-toolchain-linux-2/bin/../lib/gcc/arm-elf/4.1.0/../../../../arm-elf/lib/thumb/interwork/libc.a(strtok_r.o)
 .debug_line    0x000012c6      0x1c3 /home/maska/ATMEL/arm-gnu-toolchain-linux-2/bin/../lib/gcc/arm-elf/4.1.0/../../../../arm-elf/lib/thumb/interwork/libc.a(strtol.o)
 .debug_line    0x00001489      0x5a4 /home/maska/ATMEL/arm-gnu-toolchain-linux-2/bin/../lib/gcc/arm-elf/4.1.0/../../../../arm-elf/lib/thumb/interwork/libc.a(vfprintf.o)
 .debug_line    0x00001a2d      0x178 /home/maska/ATMEL/arm-gnu-toolchain-linux-2/bin/../lib/gcc/arm-elf/4.1.0/../../../../arm-elf/lib/thumb/interwork/libc.a(wcrtomb.o)
 .debug_line    0x00001ba5      0x1a5 /home/maska/ATMEL/arm-gnu-toolchain-linux-2/bin/../lib/gcc/arm-elf/4.1.0/../../../../arm-elf/lib/thumb/interwork/libc.a(wcsrtombs.o)
 .debug_line    0x00001d4a      0x1fb /home/maska/ATMEL/arm-gnu-toolchain-linux-2/bin/../lib/gcc/arm-elf/4.1.0/../../../../arm-elf/lib/thumb/interwork/libc.a(wctomb_r.o)
 .debug_line    0x00001f45      0x185 /home/maska/ATMEL/arm-gnu-toolchain-linux-2/bin/../lib/gcc/arm-elf/4.1.0/../../../../arm-elf/lib/thumb/interwork/libc.a(wsetup.o)
 .debug_line    0x000020ca       0x62 /home/maska/ATMEL/arm-gnu-toolchain-linux-2/bin/../lib/gcc/arm-elf/4.1.0/../../../../arm-elf/lib/thumb/interwork/libc.a(ctype_.o)
 .debug_line    0x0000212c      0x453 /home/maska/ATMEL/arm-gnu-toolchain-linux-2/bin/../lib/gcc/arm-elf/4.1.0/../../../../arm-elf/lib/thumb/interwork/libc.a(dtoa.o)
 .debug_line    0x0000257f      0x183 /home/maska/ATMEL/arm-gnu-toolchain-linux-2/bin/../lib/gcc/arm-elf/4.1.0/../../../../arm-elf/lib/thumb/interwork/libc.a(fflush.o)
 .debug_line    0x00002702      0x1e4 /home/maska/ATMEL/arm-gnu-toolchain-linux-2/bin/../lib/gcc/arm-elf/4.1.0/../../../../arm-elf/lib/thumb/interwork/libc.a(findfp.o)
 .debug_line    0x000028e6      0x185 /home/maska/ATMEL/arm-gnu-toolchain-linux-2/bin/../lib/gcc/arm-elf/4.1.0/../../../../arm-elf/lib/thumb/interwork/libc.a(freer.o)
 .debug_line    0x00002a6b      0x205 /home/maska/ATMEL/arm-gnu-toolchain-linux-2/bin/../lib/gcc/arm-elf/4.1.0/../../../../arm-elf/lib/thumb/interwork/libc.a(fvwrite.o)
 .debug_line    0x00002c70      0x198 /home/maska/ATMEL/arm-gnu-toolchain-linux-2/bin/../lib/gcc/arm-elf/4.1.0/../../../../arm-elf/lib/thumb/interwork/libc.a(fwalk.o)
 .debug_line    0x00002e08      0x104 /home/maska/ATMEL/arm-gnu-toolchain-linux-2/bin/../lib/gcc/arm-elf/4.1.0/../../../../arm-elf/lib/thumb/interwork/libc.a(impure.o)
 .debug_line    0x00002f0c      0x187 /home/maska/ATMEL/arm-gnu-toolchain-linux-2/bin/../lib/gcc/arm-elf/4.1.0/../../../../arm-elf/lib/thumb/interwork/libc.a(locale.o)
 .debug_line    0x00003093      0x1a0 /home/maska/ATMEL/arm-gnu-toolchain-linux-2/bin/../lib/gcc/arm-elf/4.1.0/../../../../arm-elf/lib/thumb/interwork/libc.a(makebuf.o)
 .debug_line    0x00003233      0x255 /home/maska/ATMEL/arm-gnu-toolchain-linux-2/bin/../lib/gcc/arm-elf/4.1.0/../../../../arm-elf/lib/thumb/interwork/libc.a(mallocr.o)
 .debug_line    0x00003488       0xde /home/maska/ATMEL/arm-gnu-toolchain-linux-2/bin/../lib/gcc/arm-elf/4.1.0/../../../../arm-elf/lib/thumb/interwork/libc.a(memchr.o)
 .debug_line    0x00003566       0xd0 /home/maska/ATMEL/arm-gnu-toolchain-linux-2/bin/../lib/gcc/arm-elf/4.1.0/../../../../arm-elf/lib/thumb/interwork/libc.a(memmove.o)
 .debug_line    0x00003636       0xd5 /home/maska/ATMEL/arm-gnu-toolchain-linux-2/bin/../lib/gcc/arm-elf/4.1.0/../../../../arm-elf/lib/thumb/interwork/libc.a(memset.o)
 .debug_line    0x0000370b      0x116 /home/maska/ATMEL/arm-gnu-toolchain-linux-2/bin/../lib/gcc/arm-elf/4.1.0/../../../../arm-elf/lib/thumb/interwork/libc.a(mlock.o)
 .debug_line    0x00003821      0x3dd /home/maska/ATMEL/arm-gnu-toolchain-linux-2/bin/../lib/gcc/arm-elf/4.1.0/../../../../arm-elf/lib/thumb/interwork/libc.a(mprec.o)
 .debug_line    0x00003bfe      0x1be /home/maska/ATMEL/arm-gnu-toolchain-linux-2/bin/../lib/gcc/arm-elf/4.1.0/../../../../arm-elf/lib/thumb/interwork/libc.a(reallocr.o)
 .debug_line    0x00003dbc       0xcb /home/maska/ATMEL/arm-gnu-toolchain-linux-2/bin/../lib/gcc/arm-elf/4.1.0/../../../../arm-elf/lib/thumb/interwork/libc.a(s_isinf.o)
 .debug_line    0x00003e87       0xcb /home/maska/ATMEL/arm-gnu-toolchain-linux-2/bin/../lib/gcc/arm-elf/4.1.0/../../../../arm-elf/lib/thumb/interwork/libc.a(s_isnan.o)
 .debug_line    0x00003f52      0x196 /home/maska/ATMEL/arm-gnu-toolchain-linux-2/bin/../lib/gcc/arm-elf/4.1.0/../../../../arm-elf/lib/thumb/interwork/libc.a(stdio.o)
 .debug_line    0x000040e8      0x11f /home/maska/ATMEL/arm-gnu-toolchain-linux-2/bin/../lib/gcc/arm-elf/4.1.0/../../../../arm-elf/lib/thumb/interwork/libc.a(callocr.o)
 .debug_line    0x00004207      0x184 /home/maska/ATMEL/arm-gnu-toolchain-linux-2/bin/../lib/gcc/arm-elf/4.1.0/../../../../arm-elf/lib/thumb/interwork/libc.a(fclose.o)
 .debug_line    0x0000438b       0x77 /home/maska/ATMEL/arm-gnu-toolchain-linux-2/bin/../lib/gcc/arm-elf/4.1.0/thumb/interwork/libgcc.a(_udivsi3.o)
 .debug_line    0x00004402       0x83 /home/maska/ATMEL/arm-gnu-toolchain-linux-2/bin/../lib/gcc/arm-elf/4.1.0/thumb/interwork/libgcc.a(_divsi3.o)
 .debug_line    0x00004485       0x6f /home/maska/ATMEL/arm-gnu-toolchain-linux-2/bin/../lib/gcc/arm-elf/4.1.0/thumb/interwork/libgcc.a(_umodsi3.o)
 .debug_line    0x000044f4       0x78 /home/maska/ATMEL/arm-gnu-toolchain-linux-2/bin/../lib/gcc/arm-elf/4.1.0/thumb/interwork/libgcc.a(_modsi3.o)
 .debug_line    0x0000456c       0x61 /home/maska/ATMEL/arm-gnu-toolchain-linux-2/bin/../lib/gcc/arm-elf/4.1.0/thumb/interwork/libgcc.a(_dvmd_tls.o)
 .debug_line    0x000045cd      0x10a /home/maska/ATMEL/arm-gnu-toolchain-linux-2/bin/../lib/gcc/arm-elf/4.1.0/thumb/interwork/libgcc.a(_addsub_df.o)
 .debug_line    0x000046d7       0xe5 /home/maska/ATMEL/arm-gnu-toolchain-linux-2/bin/../lib/gcc/arm-elf/4.1.0/thumb/interwork/libgcc.a(_mul_df.o)
 .debug_line    0x000047bc       0xca /home/maska/ATMEL/arm-gnu-toolchain-linux-2/bin/../lib/gcc/arm-elf/4.1.0/thumb/interwork/libgcc.a(_div_df.o)
 .debug_line    0x00004886       0x75 /home/maska/ATMEL/arm-gnu-toolchain-linux-2/bin/../lib/gcc/arm-elf/4.1.0/thumb/interwork/libgcc.a(_eq_df.o)
 .debug_line    0x000048fb       0x75 /home/maska/ATMEL/arm-gnu-toolchain-linux-2/bin/../lib/gcc/arm-elf/4.1.0/thumb/interwork/libgcc.a(_ne_df.o)
 .debug_line    0x00004970       0x75 /home/maska/ATMEL/arm-gnu-toolchain-linux-2/bin/../lib/gcc/arm-elf/4.1.0/thumb/interwork/libgcc.a(_gt_df.o)
 .debug_line    0x000049e5       0x75 /home/maska/ATMEL/arm-gnu-toolchain-linux-2/bin/../lib/gcc/arm-elf/4.1.0/thumb/interwork/libgcc.a(_ge_df.o)
 .debug_line    0x00004a5a       0x75 /home/maska/ATMEL/arm-gnu-toolchain-linux-2/bin/../lib/gcc/arm-elf/4.1.0/thumb/interwork/libgcc.a(_lt_df.o)
 .debug_line    0x00004acf       0x7e /home/maska/ATMEL/arm-gnu-toolchain-linux-2/bin/../lib/gcc/arm-elf/4.1.0/thumb/interwork/libgcc.a(_si_to_df.o)
 .debug_line    0x00004b4d       0x88 /home/maska/ATMEL/arm-gnu-toolchain-linux-2/bin/../lib/gcc/arm-elf/4.1.0/thumb/interwork/libgcc.a(_df_to_si.o)
 .debug_line    0x00004bd5       0x54 /home/maska/ATMEL/arm-gnu-toolchain-linux-2/bin/../lib/gcc/arm-elf/4.1.0/thumb/interwork/libgcc.a(_thenan_df.o)
 .debug_line    0x00004c29       0x67 /home/maska/ATMEL/arm-gnu-toolchain-linux-2/bin/../lib/gcc/arm-elf/4.1.0/thumb/interwork/libgcc.a(_muldi3.o)
 .debug_line    0x00004c90       0xcc /home/maska/ATMEL/arm-gnu-toolchain-linux-2/bin/../lib/gcc/arm-elf/4.1.0/thumb/interwork/libgcc.a(_pack_df.o)
 .debug_line    0x00004d5c       0x99 /home/maska/ATMEL/arm-gnu-toolchain-linux-2/bin/../lib/gcc/arm-elf/4.1.0/thumb/interwork/libgcc.a(_unpack_df.o)
 .debug_line    0x00004df5       0xa6 /home/maska/ATMEL/arm-gnu-toolchain-linux-2/bin/../lib/gcc/arm-elf/4.1.0/thumb/interwork/libgcc.a(_fpcmp_parts_df.o)

.debug_frame    0x00000000     0x1498
 *(.debug_frame)
 .debug_frame   0x00000000       0xe8 main.o
 .debug_frame   0x000000e8       0x20 Cstartup_SAM7.o
 .debug_frame   0x00000108       0xa4 syscalls.o
 .debug_frame   0x000001ac       0xc0 cdc_enumerate.o
 .debug_frame   0x0000026c       0x80 adc.o
 .debug_frame   0x000002ec       0x58 pwm.o
 .debug_frame   0x00000344       0x48 aic.o
 .debug_frame   0x0000038c       0x20 async.o
 .debug_frame   0x000003ac       0x3c delay.o
 .debug_frame   0x000003e8       0x40 math.o
 .debug_frame   0x00000428       0x40 /home/maska/ATMEL/arm-gnu-toolchain-linux-2/bin/../lib/gcc/arm-elf/4.1.0/../../../../arm-elf/lib/thumb/interwork/libc.a(atoi.o)
 .debug_frame   0x00000468       0x28 /home/maska/ATMEL/arm-gnu-toolchain-linux-2/bin/../lib/gcc/arm-elf/4.1.0/../../../../arm-elf/lib/thumb/interwork/libc.a(memcpy.o)
 .debug_frame   0x00000490       0x50 /home/maska/ATMEL/arm-gnu-toolchain-linux-2/bin/../lib/gcc/arm-elf/4.1.0/../../../../arm-elf/lib/thumb/interwork/libc.a(sprintf.o)
 .debug_frame   0x000004e0       0x2c /home/maska/ATMEL/arm-gnu-toolchain-linux-2/bin/../lib/gcc/arm-elf/4.1.0/../../../../arm-elf/lib/thumb/interwork/libc.a(strcmp.o)
 .debug_frame   0x0000050c       0x2c /home/maska/ATMEL/arm-gnu-toolchain-linux-2/bin/../lib/gcc/arm-elf/4.1.0/../../../../arm-elf/lib/thumb/interwork/libc.a(strcpy.o)
 .debug_frame   0x00000538       0x2c /home/maska/ATMEL/arm-gnu-toolchain-linux-2/bin/../lib/gcc/arm-elf/4.1.0/../../../../arm-elf/lib/thumb/interwork/libc.a(strlen.o)
 .debug_frame   0x00000564       0x28 /home/maska/ATMEL/arm-gnu-toolchain-linux-2/bin/../lib/gcc/arm-elf/4.1.0/../../../../arm-elf/lib/thumb/interwork/libc.a(strtok.o)
 .debug_frame   0x0000058c       0x48 /home/maska/ATMEL/arm-gnu-toolchain-linux-2/bin/../lib/gcc/arm-elf/4.1.0/../../../../arm-elf/lib/thumb/interwork/libc.a(strtok_r.o)
 .debug_frame   0x000005d4       0x58 /home/maska/ATMEL/arm-gnu-toolchain-linux-2/bin/../lib/gcc/arm-elf/4.1.0/../../../../arm-elf/lib/thumb/interwork/libc.a(strtol.o)
 .debug_frame   0x0000062c       0x70 /home/maska/ATMEL/arm-gnu-toolchain-linux-2/bin/../lib/gcc/arm-elf/4.1.0/../../../../arm-elf/lib/thumb/interwork/libc.a(vfprintf.o)
 .debug_frame   0x0000069c       0x48 /home/maska/ATMEL/arm-gnu-toolchain-linux-2/bin/../lib/gcc/arm-elf/4.1.0/../../../../arm-elf/lib/thumb/interwork/libc.a(wcrtomb.o)
 .debug_frame   0x000006e4       0x5c /home/maska/ATMEL/arm-gnu-toolchain-linux-2/bin/../lib/gcc/arm-elf/4.1.0/../../../../arm-elf/lib/thumb/interwork/libc.a(wcsrtombs.o)
 .debug_frame   0x00000740       0x30 /home/maska/ATMEL/arm-gnu-toolchain-linux-2/bin/../lib/gcc/arm-elf/4.1.0/../../../../arm-elf/lib/thumb/interwork/libc.a(wctomb_r.o)
 .debug_frame   0x00000770       0x2c /home/maska/ATMEL/arm-gnu-toolchain-linux-2/bin/../lib/gcc/arm-elf/4.1.0/../../../../arm-elf/lib/thumb/interwork/libc.a(wsetup.o)
 .debug_frame   0x0000079c       0x68 /home/maska/ATMEL/arm-gnu-toolchain-linux-2/bin/../lib/gcc/arm-elf/4.1.0/../../../../arm-elf/lib/thumb/interwork/libc.a(dtoa.o)
 .debug_frame   0x00000804       0x2c /home/maska/ATMEL/arm-gnu-toolchain-linux-2/bin/../lib/gcc/arm-elf/4.1.0/../../../../arm-elf/lib/thumb/interwork/libc.a(fflush.o)
 .debug_frame   0x00000830      0x130 /home/maska/ATMEL/arm-gnu-toolchain-linux-2/bin/../lib/gcc/arm-elf/4.1.0/../../../../arm-elf/lib/thumb/interwork/libc.a(findfp.o)
 .debug_frame   0x00000960       0x54 /home/maska/ATMEL/arm-gnu-toolchain-linux-2/bin/../lib/gcc/arm-elf/4.1.0/../../../../arm-elf/lib/thumb/interwork/libc.a(freer.o)
 .debug_frame   0x000009b4       0x3c /home/maska/ATMEL/arm-gnu-toolchain-linux-2/bin/../lib/gcc/arm-elf/4.1.0/../../../../arm-elf/lib/thumb/interwork/libc.a(fvwrite.o)
 .debug_frame   0x000009f0       0x5c /home/maska/ATMEL/arm-gnu-toolchain-linux-2/bin/../lib/gcc/arm-elf/4.1.0/../../../../arm-elf/lib/thumb/interwork/libc.a(fwalk.o)
 .debug_frame   0x00000a4c       0x80 /home/maska/ATMEL/arm-gnu-toolchain-linux-2/bin/../lib/gcc/arm-elf/4.1.0/../../../../arm-elf/lib/thumb/interwork/libc.a(locale.o)
 .debug_frame   0x00000acc       0x30 /home/maska/ATMEL/arm-gnu-toolchain-linux-2/bin/../lib/gcc/arm-elf/4.1.0/../../../../arm-elf/lib/thumb/interwork/libc.a(makebuf.o)
 .debug_frame   0x00000afc       0x3c /home/maska/ATMEL/arm-gnu-toolchain-linux-2/bin/../lib/gcc/arm-elf/4.1.0/../../../../arm-elf/lib/thumb/interwork/libc.a(mallocr.o)
 .debug_frame   0x00000b38       0x38 /home/maska/ATMEL/arm-gnu-toolchain-linux-2/bin/../lib/gcc/arm-elf/4.1.0/../../../../arm-elf/lib/thumb/interwork/libc.a(memchr.o)
 .debug_frame   0x00000b70       0x2c /home/maska/ATMEL/arm-gnu-toolchain-linux-2/bin/../lib/gcc/arm-elf/4.1.0/../../../../arm-elf/lib/thumb/interwork/libc.a(memmove.o)
 .debug_frame   0x00000b9c       0x2c /home/maska/ATMEL/arm-gnu-toolchain-linux-2/bin/../lib/gcc/arm-elf/4.1.0/../../../../arm-elf/lib/thumb/interwork/libc.a(memset.o)
 .debug_frame   0x00000bc8       0x30 /home/maska/ATMEL/arm-gnu-toolchain-linux-2/bin/../lib/gcc/arm-elf/4.1.0/../../../../arm-elf/lib/thumb/interwork/libc.a(mlock.o)
 .debug_frame   0x00000bf8      0x224 /home/maska/ATMEL/arm-gnu-toolchain-linux-2/bin/../lib/gcc/arm-elf/4.1.0/../../../../arm-elf/lib/thumb/interwork/libc.a(mprec.o)
 .debug_frame   0x00000e1c       0x3c /home/maska/ATMEL/arm-gnu-toolchain-linux-2/bin/../lib/gcc/arm-elf/4.1.0/../../../../arm-elf/lib/thumb/interwork/libc.a(reallocr.o)
 .debug_frame   0x00000e58       0x20 /home/maska/ATMEL/arm-gnu-toolchain-linux-2/bin/../lib/gcc/arm-elf/4.1.0/../../../../arm-elf/lib/thumb/interwork/libc.a(s_isinf.o)
 .debug_frame   0x00000e78       0x20 /home/maska/ATMEL/arm-gnu-toolchain-linux-2/bin/../lib/gcc/arm-elf/4.1.0/../../../../arm-elf/lib/thumb/interwork/libc.a(s_isnan.o)
 .debug_frame   0x00000e98       0x80 /home/maska/ATMEL/arm-gnu-toolchain-linux-2/bin/../lib/gcc/arm-elf/4.1.0/../../../../arm-elf/lib/thumb/interwork/libc.a(stdio.o)
 .debug_frame   0x00000f18       0x28 /home/maska/ATMEL/arm-gnu-toolchain-linux-2/bin/../lib/gcc/arm-elf/4.1.0/../../../../arm-elf/lib/thumb/interwork/libc.a(callocr.o)
 .debug_frame   0x00000f40       0x44 /home/maska/ATMEL/arm-gnu-toolchain-linux-2/bin/../lib/gcc/arm-elf/4.1.0/../../../../arm-elf/lib/thumb/interwork/libc.a(fclose.o)
 .debug_frame   0x00000f84       0x28 /home/maska/ATMEL/arm-gnu-toolchain-linux-2/bin/../lib/gcc/arm-elf/4.1.0/thumb/interwork/libgcc.a(_udivsi3.o)
 .debug_frame   0x00000fac       0x28 /home/maska/ATMEL/arm-gnu-toolchain-linux-2/bin/../lib/gcc/arm-elf/4.1.0/thumb/interwork/libgcc.a(_divsi3.o)
 .debug_frame   0x00000fd4       0x28 /home/maska/ATMEL/arm-gnu-toolchain-linux-2/bin/../lib/gcc/arm-elf/4.1.0/thumb/interwork/libgcc.a(_umodsi3.o)
 .debug_frame   0x00000ffc       0x28 /home/maska/ATMEL/arm-gnu-toolchain-linux-2/bin/../lib/gcc/arm-elf/4.1.0/thumb/interwork/libgcc.a(_modsi3.o)
 .debug_frame   0x00001024       0xb4 /home/maska/ATMEL/arm-gnu-toolchain-linux-2/bin/../lib/gcc/arm-elf/4.1.0/thumb/interwork/libgcc.a(_addsub_df.o)
 .debug_frame   0x000010d8       0x74 /home/maska/ATMEL/arm-gnu-toolchain-linux-2/bin/../lib/gcc/arm-elf/4.1.0/thumb/interwork/libgcc.a(_mul_df.o)
 .debug_frame   0x0000114c       0x70 /home/maska/ATMEL/arm-gnu-toolchain-linux-2/bin/../lib/gcc/arm-elf/4.1.0/thumb/interwork/libgcc.a(_div_df.o)
 .debug_frame   0x000011bc       0x3c /home/maska/ATMEL/arm-gnu-toolchain-linux-2/bin/../lib/gcc/arm-elf/4.1.0/thumb/interwork/libgcc.a(_eq_df.o)
 .debug_frame   0x000011f8       0x3c /home/maska/ATMEL/arm-gnu-toolchain-linux-2/bin/../lib/gcc/arm-elf/4.1.0/thumb/interwork/libgcc.a(_ne_df.o)
 .debug_frame   0x00001234       0x3c /home/maska/ATMEL/arm-gnu-toolchain-linux-2/bin/../lib/gcc/arm-elf/4.1.0/thumb/interwork/libgcc.a(_gt_df.o)
 .debug_frame   0x00001270       0x3c /home/maska/ATMEL/arm-gnu-toolchain-linux-2/bin/../lib/gcc/arm-elf/4.1.0/thumb/interwork/libgcc.a(_ge_df.o)
 .debug_frame   0x000012ac       0x3c /home/maska/ATMEL/arm-gnu-toolchain-linux-2/bin/../lib/gcc/arm-elf/4.1.0/thumb/interwork/libgcc.a(_lt_df.o)
 .debug_frame   0x000012e8       0x2c /home/maska/ATMEL/arm-gnu-toolchain-linux-2/bin/../lib/gcc/arm-elf/4.1.0/thumb/interwork/libgcc.a(_si_to_df.o)
 .debug_frame   0x00001314       0x60 /home/maska/ATMEL/arm-gnu-toolchain-linux-2/bin/../lib/gcc/arm-elf/4.1.0/thumb/interwork/libgcc.a(_df_to_si.o)
 .debug_frame   0x00001374       0x38 /home/maska/ATMEL/arm-gnu-toolchain-linux-2/bin/../lib/gcc/arm-elf/4.1.0/thumb/interwork/libgcc.a(_muldi3.o)
 .debug_frame   0x000013ac       0x60 /home/maska/ATMEL/arm-gnu-toolchain-linux-2/bin/../lib/gcc/arm-elf/4.1.0/thumb/interwork/libgcc.a(_pack_df.o)
 .debug_frame   0x0000140c       0x30 /home/maska/ATMEL/arm-gnu-toolchain-linux-2/bin/../lib/gcc/arm-elf/4.1.0/thumb/interwork/libgcc.a(_unpack_df.o)
 .debug_frame   0x0000143c       0x5c /home/maska/ATMEL/arm-gnu-toolchain-linux-2/bin/../lib/gcc/arm-elf/4.1.0/thumb/interwork/libgcc.a(_fpcmp_parts_df.o)

.debug_str      0x00000000     0x2a5d
 *(.debug_str)
 .debug_str     0x00000000      0x7c5 main.o
                                0x83b (size before relaxing)
 .debug_str     0x000007c5       0x23 Cstartup_SAM7.o
                                0x177 (size before relaxing)
 .debug_str     0x000007e8      0x5d5 syscalls.o
                                0x72e (size before relaxing)
 .debug_str     0x00000dbd      0x19f cdc_enumerate.o
                                0x362 (size before relaxing)
 .debug_str     0x00000f5c      0x187 adc.o
                                0x2d6 (size before relaxing)
 .debug_str     0x000010e3       0x93 pwm.o
                                0x29d (size before relaxing)
 .debug_str     0x00001176       0x40 aic.o
                                 0xcb (size before relaxing)
 .debug_str     0x000011b6       0x40 async.o
                                 0xda (size before relaxing)
 .debug_str     0x000011f6       0x20 delay.o
                                 0x8c (size before relaxing)
 .debug_str     0x00001216       0x12 math.o
                                 0x93 (size before relaxing)