Archive member included because of file (symbol)

/usr/local/arm/lib/gcc/arm-elf/4.1.0/../../../../arm-elf/lib/thumb/interwork/libc.a(atoi.o)
                              main.o (atoi)
/usr/local/arm/lib/gcc/arm-elf/4.1.0/../../../../arm-elf/lib/thumb/interwork/libc.a(memcpy.o)
                              main.o (memcpy)
/usr/local/arm/lib/gcc/arm-elf/4.1.0/../../../../arm-elf/lib/thumb/interwork/libc.a(sprintf.o)
                              main.o (sprintf)
/usr/local/arm/lib/gcc/arm-elf/4.1.0/../../../../arm-elf/lib/thumb/interwork/libc.a(strcmp.o)
                              main.o (strcmp)
/usr/local/arm/lib/gcc/arm-elf/4.1.0/../../../../arm-elf/lib/thumb/interwork/libc.a(strcpy.o)
                              main.o (strcpy)
/usr/local/arm/lib/gcc/arm-elf/4.1.0/../../../../arm-elf/lib/thumb/interwork/libc.a(strlen.o)
                              main.o (strlen)
/usr/local/arm/lib/gcc/arm-elf/4.1.0/../../../../arm-elf/lib/thumb/interwork/libc.a(strtok.o)
                              main.o (strtok)
/usr/local/arm/lib/gcc/arm-elf/4.1.0/../../../../arm-elf/lib/thumb/interwork/libc.a(strtok_r.o)
                              /usr/local/arm/lib/gcc/arm-elf/4.1.0/../../../../arm-elf/lib/thumb/interwork/libc.a(strtok.o) (__strtok_r)
/usr/local/arm/lib/gcc/arm-elf/4.1.0/../../../../arm-elf/lib/thumb/interwork/libc.a(strtol.o)
                              /usr/local/arm/lib/gcc/arm-elf/4.1.0/../../../../arm-elf/lib/thumb/interwork/libc.a(atoi.o) (_strtol_r)
/usr/local/arm/lib/gcc/arm-elf/4.1.0/../../../../arm-elf/lib/thumb/interwork/libc.a(vfprintf.o)
                              /usr/local/arm/lib/gcc/arm-elf/4.1.0/../../../../arm-elf/lib/thumb/interwork/libc.a(sprintf.o) (_vfprintf_r)
/usr/local/arm/lib/gcc/arm-elf/4.1.0/../../../../arm-elf/lib/thumb/interwork/libc.a(wcrtomb.o)
                              /usr/local/arm/lib/gcc/arm-elf/4.1.0/../../../../arm-elf/lib/thumb/interwork/libc.a(vfprintf.o) (_wcrtomb_r)
/usr/local/arm/lib/gcc/arm-elf/4.1.0/../../../../arm-elf/lib/thumb/interwork/libc.a(wcsrtombs.o)
                              /usr/local/arm/lib/gcc/arm-elf/4.1.0/../../../../arm-elf/lib/thumb/interwork/libc.a(vfprintf.o) (_wcsrtombs_r)
/usr/local/arm/lib/gcc/arm-elf/4.1.0/../../../../arm-elf/lib/thumb/interwork/libc.a(wctomb_r.o)
                              /usr/local/arm/lib/gcc/arm-elf/4.1.0/../../../../arm-elf/lib/thumb/interwork/libc.a(wcrtomb.o) (_wctomb_r)
/usr/local/arm/lib/gcc/arm-elf/4.1.0/../../../../arm-elf/lib/thumb/interwork/libc.a(wsetup.o)
                              /usr/local/arm/lib/gcc/arm-elf/4.1.0/../../../../arm-elf/lib/thumb/interwork/libc.a(vfprintf.o) (__swsetup)
/usr/local/arm/lib/gcc/arm-elf/4.1.0/../../../../arm-elf/lib/thumb/interwork/libc.a(ctype_.o)
                              /usr/local/arm/lib/gcc/arm-elf/4.1.0/../../../../arm-elf/lib/thumb/interwork/libc.a(strtol.o) (__ctype_ptr)
/usr/local/arm/lib/gcc/arm-elf/4.1.0/../../../../arm-elf/lib/thumb/interwork/libc.a(dtoa.o)
                              /usr/local/arm/lib/gcc/arm-elf/4.1.0/../../../../arm-elf/lib/thumb/interwork/libc.a(vfprintf.o) (_dtoa_r)
/usr/local/arm/lib/gcc/arm-elf/4.1.0/../../../../arm-elf/lib/thumb/interwork/libc.a(fflush.o)
                              /usr/local/arm/lib/gcc/arm-elf/4.1.0/../../../../arm-elf/lib/thumb/interwork/libc.a(vfprintf.o) (fflush)
/usr/local/arm/lib/gcc/arm-elf/4.1.0/../../../../arm-elf/lib/thumb/interwork/libc.a(findfp.o)
                              /usr/local/arm/lib/gcc/arm-elf/4.1.0/../../../../arm-elf/lib/thumb/interwork/libc.a(vfprintf.o) (__sinit)
/usr/local/arm/lib/gcc/arm-elf/4.1.0/../../../../arm-elf/lib/thumb/interwork/libc.a(freer.o)
                              /usr/local/arm/lib/gcc/arm-elf/4.1.0/../../../../arm-elf/lib/thumb/interwork/libc.a(vfprintf.o) (_free_r)
/usr/local/arm/lib/gcc/arm-elf/4.1.0/../../../../arm-elf/lib/thumb/interwork/libc.a(fvwrite.o)
                              /usr/local/arm/lib/gcc/arm-elf/4.1.0/../../../../arm-elf/lib/thumb/interwork/libc.a(vfprintf.o) (__sfvwrite)
/usr/local/arm/lib/gcc/arm-elf/4.1.0/../../../../arm-elf/lib/thumb/interwork/libc.a(fwalk.o)
                              /usr/local/arm/lib/gcc/arm-elf/4.1.0/../../../../arm-elf/lib/thumb/interwork/libc.a(fflush.o) (_fwalk)
/usr/local/arm/lib/gcc/arm-elf/4.1.0/../../../../arm-elf/lib/thumb/interwork/libc.a(impure.o)
                              /usr/local/arm/lib/gcc/arm-elf/4.1.0/../../../../arm-elf/lib/thumb/interwork/libc.a(sprintf.o) (_impure_ptr)
/usr/local/arm/lib/gcc/arm-elf/4.1.0/../../../../arm-elf/lib/thumb/interwork/libc.a(locale.o)
                              /usr/local/arm/lib/gcc/arm-elf/4.1.0/../../../../arm-elf/lib/thumb/interwork/libc.a(vfprintf.o) (localeconv)
/usr/local/arm/lib/gcc/arm-elf/4.1.0/../../../../arm-elf/lib/thumb/interwork/libc.a(makebuf.o)
                              /usr/local/arm/lib/gcc/arm-elf/4.1.0/../../../../arm-elf/lib/thumb/interwork/libc.a(wsetup.o) (__smakebuf)
[...]
Memory Configuration

Name             Origin             Length             Attributes
CODE             0x00100000         0x00010000         xr
DATA             0x00200000         0x00004000         rw
STACK            0x00204000         0x00000000         rw
*default*        0x00000000         0xffffffff

Linker script and memory map

LOAD Cstartup.o
LOAD main.o
LOAD Cstartup_SAM7.o
LOAD syscalls.o
LOAD cdc_enumerate.o
LOAD adc.o
LOAD pwm.o
LOAD aic.o
LOAD async.o
LOAD delay.o
LOAD util_math.o
LOAD /usr/local/arm/lib/gcc/arm-elf/4.1.0/../../../../arm-elf/lib/thumb/interwork/libc.a
LOAD /usr/local/arm/lib/gcc/arm-elf/4.1.0/../../../../arm-elf/lib/thumb/interwork/libm.a
LOAD /usr/local/arm/lib/gcc/arm-elf/4.1.0/../../../../arm-elf/lib/thumb/interwork/libc.a
LOAD /usr/local/arm/lib/gcc/arm-elf/4.1.0/thumb/interwork/libgcc.a
START GROUP
LOAD /usr/local/arm/lib/gcc/arm-elf/4.1.0/thumb/interwork/libgcc.a
LOAD /usr/local/arm/lib/gcc/arm-elf/4.1.0/../../../../arm-elf/lib/thumb/interwork/libg.a
LOAD /usr/local/arm/lib/gcc/arm-elf/4.1.0/../../../../arm-elf/lib/thumb/interwork/libc.a
END GROUP
                0x00000000                . = 0x0

.text           0x00100000     0x95cc
 *Cstartup.o(.text)
 .text          0x00100000      0x13c Cstartup.o
                0x001000bc                IRQ_Handler_Entry
                0x0010010c                AT91F_Default_FIQ_handler
                0x00100000                _startup
                0x00100110                AT91F_Default_IRQ_handler
                0x00100114                AT91F_Spurious_handler
                0x001000b8                exit
 *(.text)
 .text          0x0010013c     0x222c main.o
                0x00100208                getLink3Position
                0x0010017c                FIQHandler
                0x001001e8                getLink1Position
                0x001001f8                getLink2Position
                0x00100368                setLink3Position
                0x001002e0                getGripperGraspPosition
                0x0010042c                isObjectGrasped
                0x00100544                isObjectDetected
                0x00100658                setGripperGrasp
                0x001008c8                AT91FUSBOpen
                0x00100180                getCDCMEssage
                0x00100324                getGripperRotation
                0x00100e08                main
                0x0010024c                stopAllManipulatorDrives
                0x0010071c                setGripperRotation
                0x00100ac8                setLink1Position
                0x0010091c                setLink2Position
                0x00100174                IRQ0Handler
                0x00100178                IRQ1Handler
 .text          0x00102368       0xdc Cstartup_SAM7.o
                0x00102368                AT91F_LowLevelInit
 .text          0x00102444      0x124 syscalls.o
                0x0010251c                _lseek_r
                0x00102524                _fstat_r
                0x00102534                isatty
                0x0010253c                _sbrk_r
                0x00102468                _read_r
                0x00102514                _close_r
                0x001024d0                _write_r
 .text          0x00102568      0x724 cdc_enumerate.o
                0x00102668                AT91F_USB_SendZlp
                0x0010269c                AT91F_USB_SendStall
                0x00102568                AT91F_CDC_Open
 .text          0x00102c8c      0x158 adc.o
                0x00102dbc                getValueChannel6
                0x00102d1c                getValueChannel1
                0x00102c8c                InitADC
                0x00102d94                getValueChannel5
                0x00102cf4                getValueChannel0
                0x00102d44                getValueChannel2
                0x00102d6c                getValueChannel4
 .text          0x00102de4      0x12c pwm.o
                0x00102e9c                pwmDutySet_u8
                0x00102de4                pwmFreqSet
                0x00102ed0                pwmDutySetPercent
 .text          0x00102f10       0x58 aic.o
                0x00102f54                AIC_DisableIT
                0x00102f40                AIC_EnableIT
                0x00102f10                AIC_ConfigureIT
 .text          0x00102f68       0x10 async.o
                0x00102f68                ASYNC_IsFinished
 .text          0x00102f78       0x7c delay.o
                0x00102f78                delay_us
                0x00102fbc                delay_ms
 .text          0x00102ff4       0x38 util_math.o
                0x0010300c                power
                0x00103000                absv
                0x00102ff4                min
 .text          0x0010302c       0x20 /usr/local/arm/lib/gcc/arm-elf/4.1.0/../../../../arm-elf/lib/thumb/interwork/libc.a(atoi.o)
                0x0010302c                _atoi_r
                0x0010303c                atoi
 .text          0x0010304c       0x64 /usr/local/arm/lib/gcc/arm-elf/4.1.0/../../../../arm-elf/lib/thumb/interwork/libc.a(memcpy.o)
                0x0010304c                memcpy
 .text          0x001030b0       0x84 /usr/local/arm/lib/gcc/arm-elf/4.1.0/../../../../arm-elf/lib/thumb/interwork/libc.a(sprintf.o)
                0x001030f4                _sprintf_r
                0x001030b0                sprintf
 .text          0x00103134       0x68 /usr/local/arm/lib/gcc/arm-elf/4.1.0/../../../../arm-elf/lib/thumb/interwork/libc.a(strcmp.o)
                0x00103134                strcmp
 .text          0x0010319c       0x50 /usr/local/arm/lib/gcc/arm-elf/4.1.0/../../../../arm-elf/lib/thumb/interwork/libc.a(strcpy.o)
                0x0010319c                strcpy
 .text          0x001031ec       0x50 /usr/local/arm/lib/gcc/arm-elf/4.1.0/../../../../arm-elf/lib/thumb/interwork/libc.a(strlen.o)
                0x001031ec                strlen
 .text          0x0010323c       0x18 /usr/local/arm/lib/gcc/arm-elf/4.1.0/../../../../arm-elf/lib/thumb/interwork/libc.a(strtok.o)
                0x0010323c                strtok
 .text          0x00103254       0x7c /usr/local/arm/lib/gcc/arm-elf/4.1.0/../../../../arm-elf/lib/thumb/interwork/libc.a(strtok_r.o)
                0x001032c4                strtok_r
                0x00103254                __strtok_r
 .text          0x001032d0      0x168 /usr/local/arm/lib/gcc/arm-elf/4.1.0/../../../../arm-elf/lib/thumb/interwork/libc.a(strtol.o)
                0x00103418                strtol
                0x001032d0                _strtol_r
 .text          0x00103438     0x1a60 /usr/local/arm/lib/gcc/arm-elf/4.1.0/../../../../arm-elf/lib/thumb/interwork/libc.a(vfprintf.o)
                0x00103458                _vfprintf_r
                0x00104e78                vfprintf
 .text          0x00104e98       0x54 /usr/local/arm/lib/gcc/arm-elf/4.1.0/../../../../arm-elf/lib/thumb/interwork/libc.a(wcrtomb.o)
                0x00104e98                _wcrtomb_r
                0x00104ecc                wcrtomb
 .text          0x00104eec      0x10c /usr/local/arm/lib/gcc/arm-elf/4.1.0/../../../../arm-elf/lib/thumb/interwork/libc.a(wcsrtombs.o)
                0x00104eec                _wcsrtombs_r
                0x00104fd0                wcsrtombs
 .text          0x00104ff8      0x2b8 /usr/local/arm/lib/gcc/arm-elf/4.1.0/../../../../arm-elf/lib/thumb/interwork/libc.a(wctomb_r.o)
                0x00104ff8                _wctomb_r
 .text          0x001052b0       0xa0 /usr/local/arm/lib/gcc/arm-elf/4.1.0/../../../../arm-elf/lib/thumb/interwork/libc.a(wsetup.o)
                0x001052b0                __swsetup
 .text          0x00105350      0xf28 /usr/local/arm/lib/gcc/arm-elf/4.1.0/../../../../arm-elf/lib/thumb/interwork/libc.a(dtoa.o)
                0x001054a0                _dtoa_r
 .text          0x00106278       0x90 /usr/local/arm/lib/gcc/arm-elf/4.1.0/../../../../arm-elf/lib/thumb/interwork/libc.a(fflush.o)
                0x00106278                fflush
 .text          0x00106308      0x1c4 /usr/local/arm/lib/gcc/arm-elf/4.1.0/../../../../arm-elf/lib/thumb/interwork/libc.a(findfp.o)
                0x00106350                __sinit
                0x00106408                __sfmoreglue
                0x001063f4                _cleanup
                0x001063e4                _cleanup_r
                0x001063cc                __fp_lock_all
                0x00106340                __sfp_lock_acquire
                0x00106440                __sfp
                0x0010634c                __sinit_lock_release
                0x001063b4                __fp_unlock_all
                0x00106344                __sfp_lock_release
                0x00106348                __sinit_lock_acquire
 .text          0x001064cc      0x268 /usr/local/arm/lib/gcc/arm-elf/4.1.0/../../../../arm-elf/lib/thumb/interwork/libc.a(freer.o)
                0x0010656c                _free_r
                0x001064cc                _malloc_trim_r
 .text          0x00106734      0x298 /usr/local/arm/lib/gcc/arm-elf/4.1.0/../../../../arm-elf/lib/thumb/interwork/libc.a(fvwrite.o)
                0x00106734                __sfvwrite
 .text          0x001069cc       0xf0 /usr/local/arm/lib/gcc/arm-elf/4.1.0/../../../../arm-elf/lib/thumb/interwork/libc.a(fwalk.o)
                0x00106a44                _fwalk
                0x001069cc                _fwalk_reent
 .text          0x00106abc       0x88 /usr/local/arm/lib/gcc/arm-elf/4.1.0/../../../../arm-elf/lib/thumb/interwork/libc.a(locale.o)
                0x00106ae4                _setlocale_r
                0x00106abc                __locale_charset
                0x00106ac8                _localeconv_r
                0x00106b28                setlocale
                0x00106ad0                localeconv
 .text          0x00106b44       0xdc /usr/local/arm/lib/gcc/arm-elf/4.1.0/../../../../arm-elf/lib/thumb/interwork/libc.a(makebuf.o)
                0x00106b44                __smakebuf
 .text          0x00106c20      0x538 /usr/local/arm/lib/gcc/arm-elf/4.1.0/../../../../arm-elf/lib/thumb/interwork/libc.a(mallocr.o)
                0x00106c20                _malloc_r
 .text          0x00107158       0xbc /usr/local/arm/lib/gcc/arm-elf/4.1.0/../../../../arm-elf/lib/thumb/interwork/libc.a(memchr.o)
                0x00107158                memchr
 .text          0x00107214       0x8c /usr/local/arm/lib/gcc/arm-elf/4.1.0/../../../../arm-elf/lib/thumb/interwork/libc.a(memmove.o)
                0x00107214                memmove
 .text          0x001072a0       0x64 /usr/local/arm/lib/gcc/arm-elf/4.1.0/../../../../arm-elf/lib/thumb/interwork/libc.a(memset.o)
                0x001072a0                memset
 .text          0x00107304        0x8 /usr/local/arm/lib/gcc/arm-elf/4.1.0/../../../../arm-elf/lib/thumb/interwork/libc.a(mlock.o)
                0x00107308                __malloc_unlock
                0x00107304                __malloc_lock
 .text          0x0010730c      0x8c0 /usr/local/arm/lib/gcc/arm-elf/4.1.0/../../../../arm-elf/lib/thumb/interwork/libc.a(mprec.o)
                0x00107584                _mprec_log10
                0x00107324                _hi0bits
                0x001075c4                _Balloc
                0x00107620                _d2b
                0x0010789c                _multiply
                0x00107530                _ratio
                0x00107b3c                _s2b
                0x001079ec                _i2b
                0x0010736c                _lo0bits
                0x001073d8                __mcmp
                0x00107aa0                _pow5mult
                0x00107418                _ulp
                0x00107468                _b2d
                0x00107a04                _multadd
                0x00107708                __mdiff
                0x001077f0                _lshift
                0x0010730c                _Bfree
 .text          0x00107bcc      0x3d8 /usr/local/arm/lib/gcc/arm-elf/4.1.0/../../../../arm-elf/lib/thumb/interwork/libc.a(reallocr.o)
                0x00107bcc                _realloc_r
 .text          0x00107fa4       0x24 /usr/local/arm/lib/gcc/arm-elf/4.1.0/../../../../arm-elf/lib/thumb/interwork/libc.a(s_isinf.o)
                0x00107fa4                isinf
 .text          0x00107fc8       0x1c /usr/local/arm/lib/gcc/arm-elf/4.1.0/../../../../arm-elf/lib/thumb/interwork/libc.a(s_isnan.o)
                0x00107fc8                isnan
 .text          0x00107fe4       0xd8 /usr/local/arm/lib/gcc/arm-elf/4.1.0/../../../../arm-elf/lib/thumb/interwork/libc.a(stdio.o)
                0x00107ffc                __sseek
                0x00108084                __sread
                0x00107fe4                __sclose
                0x0010803c                __swrite
 .text          0x001080bc       0x60 /usr/local/arm/lib/gcc/arm-elf/4.1.0/../../../../arm-elf/lib/thumb/interwork/libc.a(callocr.o)
                0x001080bc                _calloc_r
 .text          0x0010811c       0xbc /usr/local/arm/lib/gcc/arm-elf/4.1.0/../../../../arm-elf/lib/thumb/interwork/libc.a(fclose.o)
                0x0010811c                _fclose_r
                0x001081c0                fclose
 .text          0x001081d8       0xc0 /usr/local/arm/lib/gcc/arm-elf/4.1.0/../../../../arm-elf/lib/thumb/interwork/libm.a(s_round.o)
                0x001081d8                round
 .text          0x00108298       0x8c /usr/local/arm/lib/gcc/arm-elf/4.1.0/thumb/interwork/libgcc.a(_udivsi3.o)
                0x00108298                __udivsi3
                0x00108298                __aeabi_uidiv
                0x00108314                __aeabi_uidivmod
 .text          0x00108324       0xa4 /usr/local/arm/lib/gcc/arm-elf/4.1.0/thumb/interwork/libgcc.a(_divsi3.o)
                0x00108324                __aeabi_idiv
                0x00108324                __divsi3
                0x001083b8                __aeabi_idivmod
 .text          0x001083c8       0xc8 /usr/local/arm/lib/gcc/arm-elf/4.1.0/thumb/interwork/libgcc.a(_umodsi3.o)
                0x001083c8                __umodsi3
 .text          0x00108490       0xd8 /usr/local/arm/lib/gcc/arm-elf/4.1.0/thumb/interwork/libgcc.a(_modsi3.o)
                0x00108490                __modsi3
 .text          0x00108568        0x4 /usr/local/arm/lib/gcc/arm-elf/4.1.0/thumb/interwork/libgcc.a(_dvmd_tls.o)
                0x00108568                __aeabi_ldiv0
                0x00108568                __div0
                0x00108568                __aeabi_idiv0
 .text          0x0010856c       0x40 /usr/local/arm/lib/gcc/arm-elf/4.1.0/thumb/interwork/libgcc.a(_fixunsdfsi.o)
                0x0010856c                __fixunsdfsi
 .text          0x001085ac      0x328 /usr/local/arm/lib/gcc/arm-elf/4.1.0/thumb/interwork/libgcc.a(_addsub_df.o)
                0x0010889c                __adddf3
                0x0010885c                __subdf3
 .text          0x001088d4      0x2ac /usr/local/arm/lib/gcc/arm-elf/4.1.0/thumb/interwork/libgcc.a(_mul_df.o)
                0x0010890c                __muldf3
 .text          0x00108b80      0x1ac /usr/local/arm/lib/gcc/arm-elf/4.1.0/thumb/interwork/libgcc.a(_div_df.o)
                0x00108bb8                __divdf3
 .text          0x00108d2c       0x58 /usr/local/arm/lib/gcc/arm-elf/4.1.0/thumb/interwork/libgcc.a(_eq_df.o)
                0x00108d3c                __eqdf2
 .text          0x00108d84       0x58 /usr/local/arm/lib/gcc/arm-elf/4.1.0/thumb/interwork/libgcc.a(_ne_df.o)
                0x00108d94                __nedf2
 .text          0x00108ddc       0x58 /usr/local/arm/lib/gcc/arm-elf/4.1.0/thumb/interwork/libgcc.a(_gt_df.o)
                0x00108dec                __gtdf2
 .text          0x00108e34       0x58 /usr/local/arm/lib/gcc/arm-elf/4.1.0/thumb/interwork/libgcc.a(_ge_df.o)
                0x00108e44                __gedf2
 .text          0x00108e8c       0x58 /usr/local/arm/lib/gcc/arm-elf/4.1.0/thumb/interwork/libgcc.a(_lt_df.o)
                0x00108e9c                __ltdf2
 .text          0x00108ee4       0x8c /usr/local/arm/lib/gcc/arm-elf/4.1.0/thumb/interwork/libgcc.a(_si_to_df.o)
                0x00108ee4                __floatsidf
 .text          0x00108f70       0xb4 /usr/local/arm/lib/gcc/arm-elf/4.1.0/thumb/interwork/libgcc.a(_df_to_si.o)
                0x00108fa0                __fixdfsi
 .text          0x00109024       0x84 /usr/local/arm/lib/gcc/arm-elf/4.1.0/thumb/interwork/libgcc.a(_muldi3.o)
                0x00109024                __muldi3
 .text          0x001090a8      0x290 /usr/local/arm/lib/gcc/arm-elf/4.1.0/thumb/interwork/libgcc.a(_pack_df.o)
                0x001090d8                __pack_d
 .text          0x00109338       0xc4 /usr/local/arm/lib/gcc/arm-elf/4.1.0/thumb/interwork/libgcc.a(_unpack_df.o)
                0x00109338                __unpack_d
 .text          0x001093fc       0xf0 /usr/local/arm/lib/gcc/arm-elf/4.1.0/thumb/interwork/libgcc.a(_fpcmp_parts_df.o)
                0x0010942c                __fpcmp_parts_d
 *(.glue_7t)
 .glue_7t       0x001094ec       0x38 /usr/local/arm/lib/gcc/arm-elf/4.1.0/thumb/interwork/libgcc.a(_fpcmp_parts_df.o)
                0x001094f0                ___sbrk_r_change_to_arm
                0x0010951c                ___read_r_from_thumb
                0x001094f4                ___fstat_r_from_thumb
                0x00109500                __isatty_change_to_arm
                0x00109508                ___close_r_change_to_arm
                0x00109520                ___read_r_change_to_arm
                0x001094f8                ___fstat_r_change_to_arm
                0x00109510                ___lseek_r_change_to_arm
                0x00109518                ___write_r_change_to_arm
                0x0010950c                ___lseek_r_from_thumb
                0x00109504                ___close_r_from_thumb
                0x001094ec                ___sbrk_r_from_thumb
                0x00109514                ___write_r_from_thumb
                0x001094fc                __isatty_from_thumb
 *(.glue_7)
 .glue_7        0x00109524       0xa8 /usr/local/arm/lib/gcc/arm-elf/4.1.0/thumb/interwork/libgcc.a(_fpcmp_parts_df.o)
                0x001095a8                __strtok_from_arm
                0x00109584                __strcpy_from_arm
                0x0010953c                __strlen_from_arm
                0x0010956c                __round_from_arm
                0x00109590                ____divdf3_from_arm
                0x00109548                ____udivsi3_from_arm
                0x00109530                __sprintf_from_arm
                0x001095b4                __strcmp_from_arm
                0x00109524                __memcpy_from_arm
                0x001095c0                __atoi_from_arm
                0x00109578                ____fixunsdfsi_from_arm
                0x00109560                ____adddf3_from_arm
                0x0010959c                ____muldf3_from_arm
                0x00109554                ____floatsidf_from_arm
                0x001095cc                . = ALIGN (0x4)

.rodata         0x001095cc      0x468
 *(.rodata)
 .rodata        0x001095cc       0x55 cdc_enumerate.o
                0x001095de                cfgDescriptor
                0x001095cc                devDescriptor
 *fill*         0x00109621        0x3 00
 .rodata        0x00109624      0x184 /usr/local/arm/lib/gcc/arm-elf/4.1.0/../../../../arm-elf/lib/thumb/interwork/libc.a(vfprintf.o)
 .rodata        0x001097a8      0x101 /usr/local/arm/lib/gcc/arm-elf/4.1.0/../../../../arm-elf/lib/thumb/interwork/libc.a(ctype_.o)
                0x001097a8                _ctype_
 *fill*         0x001098a9        0x3 00
 .rodata        0x001098ac       0x18 /usr/local/arm/lib/gcc/arm-elf/4.1.0/../../../../arm-elf/lib/thumb/interwork/libc.a(dtoa.o)
 .rodata        0x001098c4        0x4 /usr/local/arm/lib/gcc/arm-elf/4.1.0/../../../../arm-elf/lib/thumb/interwork/libc.a(impure.o)
                0x001098c4                _global_impure_ptr
 .rodata        0x001098c8       0x34 /usr/local/arm/lib/gcc/arm-elf/4.1.0/../../../../arm-elf/lib/thumb/interwork/libc.a(locale.o)
 .rodata        0x001098fc      0x124 /usr/local/arm/lib/gcc/arm-elf/4.1.0/../../../../arm-elf/lib/thumb/interwork/libc.a(mprec.o)
                0x001099ec                __mprec_tinytens
                0x001098fc                __mprec_tens
                0x001099c4                __mprec_bigtens
 .rodata        0x00109a20       0x14 /usr/local/arm/lib/gcc/arm-elf/4.1.0/thumb/interwork/libgcc.a(_thenan_df.o)
                0x00109a20                __thenan_df

.rodata.str1.4  0x00109a34      0x703
 .rodata.str1.4
                0x00109a34      0x663 main.o
                                0x67c (size before relaxing)
 *fill*         0x0010a097        0x1 00
 .rodata.str1.4
                0x0010a098       0x5f /usr/local/arm/lib/gcc/arm-elf/4.1.0/../../../../arm-elf/lib/thumb/interwork/libc.a(vfprintf.o)
                                 0x64 (size before relaxing)
 *fill*         0x0010a0f7        0x1 00
 .rodata.str1.4
                0x0010a0f8       0x1e /usr/local/arm/lib/gcc/arm-elf/4.1.0/../../../../arm-elf/lib/thumb/interwork/libc.a(wctomb_r.o)
                                 0x20 (size before relaxing)
 *fill*         0x0010a116        0x2 00
 .rodata.str1.4
                0x0010a118       0x10 /usr/local/arm/lib/gcc/arm-elf/4.1.0/../../../../arm-elf/lib/thumb/interwork/libc.a(dtoa.o)
                                 0x14 (size before relaxing)
 .rodata.str1.4
                0x0010a128        0x2 /usr/local/arm/lib/gcc/arm-elf/4.1.0/../../../../arm-elf/lib/thumb/interwork/libc.a(impure.o)
                                  0x4 (size before relaxing)
 *fill*         0x0010a12a        0x2 00
 .rodata.str1.4
                0x0010a12c        0xb /usr/local/arm/lib/gcc/arm-elf/4.1.0/../../../../arm-elf/lib/thumb/interwork/libc.a(locale.o)
                                 0x18 (size before relaxing)
                0x0010a138                . = ALIGN (0x4)
                0x0010a138                _etext = .
                0x0010a138                PROVIDE (etext, .)

.data           0x00200000      0x878 load address 0x0010a138
                0x00200000                _data = .
 *(.data)
 .data          0x00200000       0x40 main.o
                0x00200030                gripperClosedThreshold
                0x00200008                link1Range
                0x00200004                link1Initial
                0x00200000                link1lowerThreshold
                0x0020002c                gripperOpenedThreshold
                0x0020003c                thresholdSigma
                0x00200018                link2Range
                0x00200038                gripperObjectDetectedThreshold
                0x0020000c                link2upperThreshold
                0x0020001c                link3upperThreshold
                0x00200028                gripperRotateRange
                0x00200020                gripperRotateCWThreshold
                0x00200014                link2Initial
                0x00200024                gripperRotateCWWThreshold
                0x00200034                gripperContactThreshold
                0x00200010                link2lowerThreshold
 .data          0x00200040        0x8 cdc_enumerate.o
                0x00200040                line
 .data          0x00200048        0x8 adc.o
                0x0020004c                a_pPMC
                0x00200048                a_pADC
 .data          0x00200050        0x4 /usr/local/arm/lib/gcc/arm-elf/4.1.0/../../../../arm-elf/lib/thumb/interwork/libc.a(ctype_.o)
                0x00200050                __ctype_ptr
 .data          0x00200054      0x404 /usr/local/arm/lib/gcc/arm-elf/4.1.0/../../../../arm-elf/lib/thumb/interwork/libc.a(impure.o)
                0x00200054                _impure_ptr
 .data          0x00200458       0x10 /usr/local/arm/lib/gcc/arm-elf/4.1.0/../../../../arm-elf/lib/thumb/interwork/libc.a(locale.o)
                0x00200458                __mb_cur_max
                0x0020045c                __lc_ctype
 .data          0x00200468      0x410 /usr/local/arm/lib/gcc/arm-elf/4.1.0/../../../../arm-elf/lib/thumb/interwork/libc.a(mallocr.o)
                0x00200874                __malloc_sbrk_base
                0x00200468                __malloc_av_
                0x00200870                __malloc_trim_threshold
                0x00200878                . = ALIGN (0x4)
                0x00200878                _edata = .
                0x00200878                PROVIDE (edata, .)

.bss            0x00200878     0x1204
                0x00200878                __bss_start = .
                0x00200878                __bss_start__ = .
 *(.bss)
 .bss           0x00200878       0x14 main.o
                0x0020087c                link1upperThreshold
                0x00200880                link3lowerThreshold
                0x00200884                link3Initial
                0x00200878                input1Channel
                0x00200888                gripperInitialRotation
 .bss           0x0020088c        0x4 syscalls.o
 .bss           0x00200890        0x1 cdc_enumerate.o
                0x00200890                csrIdx
 *fill*         0x00200891        0x3 00
 .bss           0x00200894        0xc /usr/local/arm/lib/gcc/arm-elf/4.1.0/../../../../arm-elf/lib/thumb/interwork/libc.a(locale.o)
                0x00200894                __nlocale_changed
                0x00200898                __mlocale_changed
                0x0020089c                _PathLocale
 .bss           0x002008a0       0x34 /usr/local/arm/lib/gcc/arm-elf/4.1.0/../../../../arm-elf/lib/thumb/interwork/libc.a(mallocr.o)
                0x002008a0                __malloc_top_pad
                0x002008a4                __malloc_max_sbrked_mem
                0x002008ac                __malloc_current_mallinfo
                0x002008a8                __malloc_max_total_mem
 *(COMMON)
 COMMON         0x002008d4     0x1018 main.o
                0x002008d4                msg
                0x002010d4                pCDC
                0x002010ec                cmd
 COMMON         0x002018ec      0x190 cdc_enumerate.o
                0x002018ec                csrTab
                0x00201a7c                . = ALIGN (0x4)
                0x00201a7c                __bss_end__ = .
                0x00201a7c                __bss_end__ = .
                0x00201a7c                _end = .
                0x00201a7c                PROVIDE (end, .)

.int_data       0x00204000        0x0
 *(.internal_ram_top)

.stab
 *(.stab)

.stabstr
 *(.stabstr)

.stab.excl
 *(.stab.excl)

.stab.exclstr
 *(.stab.exclstr)

.stab.index
 *(.stab.index)

.stab.indexstr
 *(.stab.indexstr)

.comment        0x00000000      0x46e
 *(.comment)
 .comment       0x00000000       0x12 main.o
 .comment       0x00000012       0x12 Cstartup_SAM7.o
 .comment       0x00000024       0x12 syscalls.o
 .comment       0x00000036       0x12 cdc_enumerate.o
 .comment       0x00000048       0x12 adc.o
 .comment       0x0000005a       0x12 pwm.o
 .comment       0x0000006c       0x12 aic.o
 .comment       0x0000007e       0x12 async.o
 .comment       0x00000090       0x12 delay.o
 .comment       0x000000a2       0x12 util_math.o
 .comment       0x000000b4       0x12 /usr/local/arm/lib/gcc/arm-elf/4.1.0/../../../../arm-elf/lib/thumb/interwork/libc.a(atoi.o)
 .comment       0x000000c6       0x12 /usr/local/arm/lib/gcc/arm-elf/4.1.0/../../../../arm-elf/lib/thumb/interwork/libc.a(memcpy.o)
 .comment       0x000000d8       0x12 /usr/local/arm/lib/gcc/arm-elf/4.1.0/../../../../arm-elf/lib/thumb/interwork/libc.a(sprintf.o)
 .comment       0x000000ea       0x12 /usr/local/arm/lib/gcc/arm-elf/4.1.0/../../../../arm-elf/lib/thumb/interwork/libc.a(strcmp.o)
 .comment       0x000000fc       0x12 /usr/local/arm/lib/gcc/arm-elf/4.1.0/../../../../arm-elf/lib/thumb/interwork/libc.a(strcpy.o)
 .comment       0x0000010e       0x12 /usr/local/arm/lib/gcc/arm-elf/4.1.0/../../../../arm-elf/lib/thumb/interwork/libc.a(strlen.o)
 .comment       0x00000120       0x12 /usr/local/arm/lib/gcc/arm-elf/4.1.0/../../../../arm-elf/lib/thumb/interwork/libc.a(strtok.o)
 .comment       0x00000132       0x12 /usr/local/arm/lib/gcc/arm-elf/4.1.0/../../../../arm-elf/lib/thumb/interwork/libc.a(strtok_r.o)
 .comment       0x00000144       0x12 /usr/local/arm/lib/gcc/arm-elf/4.1.0/../../../../arm-elf/lib/thumb/interwork/libc.a(strtol.o)
 .comment       0x00000156       0x12 /usr/local/arm/lib/gcc/arm-elf/4.1.0/../../../../arm-elf/lib/thumb/interwork/libc.a(vfprintf.o)
 .comment       0x00000168       0x12 /usr/local/arm/lib/gcc/arm-elf/4.1.0/../../../../arm-elf/lib/thumb/interwork/libc.a(wcrtomb.o)
 .comment       0x0000017a       0x12 /usr/local/arm/lib/gcc/arm-elf/4.1.0/../../../../arm-elf/lib/thumb/interwork/libc.a(wcsrtombs.o)
 .comment       0x0000018c       0x12 /usr/local/arm/lib/gcc/arm-elf/4.1.0/../../../../arm-elf/lib/thumb/interwork/libc.a(wctomb_r.o)
 .comment       0x0000019e       0x12 /usr/local/arm/lib/gcc/arm-elf/4.1.0/../../../../arm-elf/lib/thumb/interwork/libc.a(wsetup.o)
 .comment       0x000001b0       0x12 /usr/local/arm/lib/gcc/arm-elf/4.1.0/../../../../arm-elf/lib/thumb/interwork/libc.a(ctype_.o)
 .comment       0x000001c2       0x12 /usr/local/arm/lib/gcc/arm-elf/4.1.0/../../../../arm-elf/lib/thumb/interwork/libc.a(dtoa.o)
 .comment       0x000001d4       0x12 /usr/local/arm/lib/gcc/arm-elf/4.1.0/../../../../arm-elf/lib/thumb/interwork/libc.a(fflush.o)
 .comment       0x000001e6       0x12 /usr/local/arm/lib/gcc/arm-elf/4.1.0/../../../../arm-elf/lib/thumb/interwork/libc.a(findfp.o)
 .comment       0x000001f8       0x12 /usr/local/arm/lib/gcc/arm-elf/4.1.0/../../../../arm-elf/lib/thumb/interwork/libc.a(freer.o)
 .comment       0x0000020a       0x12 /usr/local/arm/lib/gcc/arm-elf/4.1.0/../../../../arm-elf/lib/thumb/interwork/libc.a(fvwrite.o)
 .comment       0x0000021c       0x12 /usr/local/arm/lib/gcc/arm-elf/4.1.0/../../../../arm-elf/lib/thumb/interwork/libc.a(fwalk.o)
 .comment       0x0000022e       0x12 /usr/local/arm/lib/gcc/arm-elf/4.1.0/../../../../arm-elf/lib/thumb/interwork/libc.a(impure.o)
 .comment       0x00000240       0x12 /usr/local/arm/lib/gcc/arm-elf/4.1.0/../../../../arm-elf/lib/thumb/interwork/libc.a(locale.o)
 .comment       0x00000252       0x12 /usr/local/arm/lib/gcc/arm-elf/4.1.0/../../../../arm-elf/lib/thumb/interwork/libc.a(makebuf.o)
 .comment       0x00000264       0x12 /usr/local/arm/lib/gcc/arm-elf/4.1.0/../../../../arm-elf/lib/thumb/interwork/libc.a(mallocr.o)
 .comment       0x00000276       0x12 /usr/local/arm/lib/gcc/arm-elf/4.1.0/../../../../arm-elf/lib/thumb/interwork/libc.a(memchr.o)
 .comment       0x00000288       0x12 /usr/local/arm/lib/gcc/arm-elf/4.1.0/../../../../arm-elf/lib/thumb/interwork/libc.a(memmove.o)
 .comment       0x0000029a       0x12 /usr/local/arm/lib/gcc/arm-elf/4.1.0/../../../../arm-elf/lib/thumb/interwork/libc.a(memset.o)
 .comment       0x000002ac       0x12 /usr/local/arm/lib/gcc/arm-elf/4.1.0/../../../../arm-elf/lib/thumb/interwork/libc.a(mlock.o)
 .comment       0x000002be       0x12 /usr/local/arm/lib/gcc/arm-elf/4.1.0/../../../../arm-elf/lib/thumb/interwork/libc.a(mprec.o)
 .comment       0x000002d0       0x12 /usr/local/arm/lib/gcc/arm-elf/4.1.0/../../../../arm-elf/lib/thumb/interwork/libc.a(reallocr.o)
 .comment       0x000002e2       0x12 /usr/local/arm/lib/gcc/arm-elf/4.1.0/../../../../arm-elf/lib/thumb/interwork/libc.a(s_isinf.o)
 .comment       0x000002f4       0x12 /usr/local/arm/lib/gcc/arm-elf/4.1.0/../../../../arm-elf/lib/thumb/interwork/libc.a(s_isnan.o)
 .comment       0x00000306       0x12 /usr/local/arm/lib/gcc/arm-elf/4.1.0/../../../../arm-elf/lib/thumb/interwork/libc.a(stdio.o)
 .comment       0x00000318       0x12 /usr/local/arm/lib/gcc/arm-elf/4.1.0/../../../../arm-elf/lib/thumb/interwork/libc.a(callocr.o)
 .comment       0x0000032a       0x12 /usr/local/arm/lib/gcc/arm-elf/4.1.0/../../../../arm-elf/lib/thumb/interwork/libc.a(fclose.o)
 .comment       0x0000033c       0x12 /usr/local/arm/lib/gcc/arm-elf/4.1.0/../../../../arm-elf/lib/thumb/interwork/libm.a(s_round.o)
 .comment       0x0000034e       0x12 /usr/local/arm/lib/gcc/arm-elf/4.1.0/thumb/interwork/libgcc.a(_fixunsdfsi.o)
 .comment       0x00000360       0x12 /usr/local/arm/lib/gcc/arm-elf/4.1.0/thumb/interwork/libgcc.a(_addsub_df.o)
 .comment       0x00000372       0x12 /usr/local/arm/lib/gcc/arm-elf/4.1.0/thumb/interwork/libgcc.a(_mul_df.o)
 .comment       0x00000384       0x12 /usr/local/arm/lib/gcc/arm-elf/4.1.0/thumb/interwork/libgcc.a(_div_df.o)
 .comment       0x00000396       0x12 /usr/local/arm/lib/gcc/arm-elf/4.1.0/thumb/interwork/libgcc.a(_eq_df.o)
 .comment       0x000003a8       0x12 /usr/local/arm/lib/gcc/arm-elf/4.1.0/thumb/interwork/libgcc.a(_ne_df.o)
 .comment       0x000003ba       0x12 /usr/local/arm/lib/gcc/arm-elf/4.1.0/thumb/interwork/libgcc.a(_gt_df.o)
 .comment       0x000003cc       0x12 /usr/local/arm/lib/gcc/arm-elf/4.1.0/thumb/interwork/libgcc.a(_ge_df.o)
 .comment       0x000003de       0x12 /usr/local/arm/lib/gcc/arm-elf/4.1.0/thumb/interwork/libgcc.a(_lt_df.o)
 .comment       0x000003f0       0x12 /usr/local/arm/lib/gcc/arm-elf/4.1.0/thumb/interwork/libgcc.a(_si_to_df.o)
 .comment       0x00000402       0x12 /usr/local/arm/lib/gcc/arm-elf/4.1.0/thumb/interwork/libgcc.a(_df_to_si.o)
 .comment       0x00000414       0x12 /usr/local/arm/lib/gcc/arm-elf/4.1.0/thumb/interwork/libgcc.a(_thenan_df.o)
 .comment       0x00000426       0x12 /usr/local/arm/lib/gcc/arm-elf/4.1.0/thumb/interwork/libgcc.a(_muldi3.o)
 .comment       0x00000438       0x12 /usr/local/arm/lib/gcc/arm-elf/4.1.0/thumb/interwork/libgcc.a(_pack_df.o)
 .comment       0x0000044a       0x12 /usr/local/arm/lib/gcc/arm-elf/4.1.0/thumb/interwork/libgcc.a(_unpack_df.o)
 .comment       0x0000045c       0x12 /usr/local/arm/lib/gcc/arm-elf/4.1.0/thumb/interwork/libgcc.a(_fpcmp_parts_df.o)

.debug
 *(.debug)

.line
 *(.line)

.debug_srcinfo
 *(.debug_srcinfo)

.debug_sfnames
 *(.debug_sfnames)

.debug_aranges  0x00000000      0x840
 *(.debug_aranges)
 .debug_aranges
                0x00000000       0x20 Cstartup.o
 .debug_aranges
                0x00000020       0x20 main.o
 .debug_aranges
                0x00000040       0x20 Cstartup_SAM7.o
 .debug_aranges
                0x00000060       0x20 syscalls.o
 .debug_aranges
                0x00000080       0x20 cdc_enumerate.o
 .debug_aranges
                0x000000a0       0x20 adc.o
 .debug_aranges
                0x000000c0       0x20 pwm.o
 .debug_aranges
                0x000000e0       0x20 aic.o
 .debug_aranges
                0x00000100       0x20 async.o
 .debug_aranges
                0x00000120       0x20 delay.o
 .debug_aranges
                0x00000140       0x20 util_math.o
 .debug_aranges
                0x00000160       0x20 /usr/local/arm/lib/gcc/arm-elf/4.1.0/../../../../arm-elf/lib/thumb/interwork/libc.a(atoi.o)
 .debug_aranges
                0x00000180       0x20 /usr/local/arm/lib/gcc/arm-elf/4.1.0/../../../../arm-elf/lib/thumb/interwork/libc.a(memcpy.o)
 .debug_aranges
                0x000001a0       0x20 /usr/local/arm/lib/gcc/arm-elf/4.1.0/../../../../arm-elf/lib/thumb/interwork/libc.a(sprintf.o)
 .debug_aranges
                0x000001c0       0x20 /usr/local/arm/lib/gcc/arm-elf/4.1.0/../../../../arm-elf/lib/thumb/interwork/libc.a(strcmp.o)
 .debug_aranges
                0x000001e0       0x20 /usr/local/arm/lib/gcc/arm-elf/4.1.0/../../../../arm-elf/lib/thumb/interwork/libc.a(strcpy.o)
 .debug_aranges
                0x00000200       0x20 /usr/local/arm/lib/gcc/arm-elf/4.1.0/../../../../arm-elf/lib/thumb/interwork/libc.a(strlen.o)
 .debug_aranges
                0x00000220       0x20 /usr/local/arm/lib/gcc/arm-elf/4.1.0/../../../../arm-elf/lib/thumb/interwork/libc.a(strtok.o)
 .debug_aranges
                0x00000240       0x20 /usr/local/arm/lib/gcc/arm-elf/4.1.0/../../../../arm-elf/lib/thumb/interwork/libc.a(strtok_r.o)
 .debug_aranges
                0x00000260       0x20 /usr/local/arm/lib/gcc/arm-elf/4.1.0/../../../../arm-elf/lib/thumb/interwork/libc.a(strtol.o)
 .debug_aranges
                0x00000280       0x20 /usr/local/arm/lib/gcc/arm-elf/4.1.0/../../../../arm-elf/lib/thumb/interwork/libc.a(vfprintf.o)
 .debug_aranges
                0x000002a0       0x20 /usr/local/arm/lib/gcc/arm-elf/4.1.0/../../../../arm-elf/lib/thumb/interwork/libc.a(wcrtomb.o)
 .debug_aranges
                0x000002c0       0x20 /usr/local/arm/lib/gcc/arm-elf/4.1.0/../../../../arm-elf/lib/thumb/interwork/libc.a(wcsrtombs.o)
 .debug_aranges
                0x000002e0       0x20 /usr/local/arm/lib/gcc/arm-elf/4.1.0/../../../../arm-elf/lib/thumb/interwork/libc.a(wctomb_r.o)
 .debug_aranges
                0x00000300       0x20 /usr/local/arm/lib/gcc/arm-elf/4.1.0/../../../../arm-elf/lib/thumb/interwork/libc.a(wsetup.o)
 .debug_aranges
                0x00000320       0x20 /usr/local/arm/lib/gcc/arm-elf/4.1.0/../../../../arm-elf/lib/thumb/interwork/libc.a(dtoa.o)
 .debug_aranges
                0x00000340       0x20 /usr/local/arm/lib/gcc/arm-elf/4.1.0/../../../../arm-elf/lib/thumb/interwork/libc.a(fflush.o)
 .debug_aranges
                0x00000360       0x20 /usr/local/arm/lib/gcc/arm-elf/4.1.0/../../../../arm-elf/lib/thumb/interwork/libc.a(findfp.o)
 .debug_aranges
                0x00000380       0x20 /usr/local/arm/lib/gcc/arm-elf/4.1.0/../../../../arm-elf/lib/thumb/interwork/libc.a(freer.o)
 .debug_aranges
                0x000003a0       0x20 /usr/local/arm/lib/gcc/arm-elf/4.1.0/../../../../arm-elf/lib/thumb/interwork/libc.a(fvwrite.o)
 .debug_aranges
                0x000003c0       0x20 /usr/local/arm/lib/gcc/arm-elf/4.1.0/../../../../arm-elf/lib/thumb/interwork/libc.a(fwalk.o)
 .debug_aranges
                0x000003e0       0x20 /usr/local/arm/lib/gcc/arm-elf/4.1.0/../../../../arm-elf/lib/thumb/interwork/libc.a(locale.o)
 .debug_aranges
                0x00000400       0x20 /usr/local/arm/lib/gcc/arm-elf/4.1.0/../../../../arm-elf/lib/thumb/interwork/libc.a(makebuf.o)
 .debug_aranges
                0x00000420       0x20 /usr/local/arm/lib/gcc/arm-elf/4.1.0/../../../../arm-elf/lib/thumb/interwork/libc.a(mallocr.o)
 .debug_aranges
                0x00000440       0x20 /usr/local/arm/lib/gcc/arm-elf/4.1.0/../../../../arm-elf/lib/thumb/interwork/libc.a(memchr.o)
 .debug_aranges
                0x00000460       0x20 /usr/local/arm/lib/gcc/arm-elf/4.1.0/../../../../arm-elf/lib/thumb/interwork/libc.a(memmove.o)
 .debug_aranges
                0x00000480       0x20 /usr/local/arm/lib/gcc/arm-elf/4.1.0/../../../../arm-elf/lib/thumb/interwork/libc.a(memset.o)
 .debug_aranges
                0x000004a0       0x20 /usr/local/arm/lib/gcc/arm-elf/4.1.0/../../../../arm-elf/lib/thumb/interwork/libc.a(mlock.o)
 .debug_aranges
                0x000004c0       0x20 /usr/local/arm/lib/gcc/arm-elf/4.1.0/../../../../arm-elf/lib/thumb/interwork/libc.a(mprec.o)
 .debug_aranges
                0x000004e0       0x20 /usr/local/arm/lib/gcc/arm-elf/4.1.0/../../../../arm-elf/lib/thumb/interwork/libc.a(reallocr.o)
 .debug_aranges
                0x00000500       0x20 /usr/local/arm/lib/gcc/arm-elf/4.1.0/../../../../arm-elf/lib/thumb/interwork/libc.a(s_isinf.o)
 .debug_aranges
                0x00000520       0x20 /usr/local/arm/lib/gcc/arm-elf/4.1.0/../../../../arm-elf/lib/thumb/interwork/libc.a(s_isnan.o)
 .debug_aranges
                0x00000540       0x20 /usr/local/arm/lib/gcc/arm-elf/4.1.0/../../../../arm-elf/lib/thumb/interwork/libc.a(stdio.o)
 .debug_aranges
                0x00000560       0x20 /usr/local/arm/lib/gcc/arm-elf/4.1.0/../../../../arm-elf/lib/thumb/interwork/libc.a(callocr.o)
 .debug_aranges
                0x00000580       0x20 /usr/local/arm/lib/gcc/arm-elf/4.1.0/../../../../arm-elf/lib/thumb/interwork/libc.a(fclose.o)
 .debug_aranges
                0x000005a0       0x20 /usr/local/arm/lib/gcc/arm-elf/4.1.0/../../../../arm-elf/lib/thumb/interwork/libm.a(s_round.o)
 .debug_aranges
                0x000005c0       0x20 /usr/local/arm/lib/gcc/arm-elf/4.1.0/thumb/interwork/libgcc.a(_udivsi3.o)
 .debug_aranges
                0x000005e0       0x20 /usr/local/arm/lib/gcc/arm-elf/4.1.0/thumb/interwork/libgcc.a(_divsi3.o)
 .debug_aranges
                0x00000600       0x20 /usr/local/arm/lib/gcc/arm-elf/4.1.0/thumb/interwork/libgcc.a(_umodsi3.o)
 .debug_aranges
                0x00000620       0x20 /usr/local/arm/lib/gcc/arm-elf/4.1.0/thumb/interwork/libgcc.a(_modsi3.o)
 .debug_aranges
                0x00000640       0x20 /usr/local/arm/lib/gcc/arm-elf/4.1.0/thumb/interwork/libgcc.a(_dvmd_tls.o)
 .debug_aranges
                0x00000660       0x20 /usr/local/arm/lib/gcc/arm-elf/4.1.0/thumb/interwork/libgcc.a(_fixunsdfsi.o)
 .debug_aranges
                0x00000680       0x20 /usr/local/arm/lib/gcc/arm-elf/4.1.0/thumb/interwork/libgcc.a(_addsub_df.o)
 .debug_aranges
                0x000006a0       0x20 /usr/local/arm/lib/gcc/arm-elf/4.1.0/thumb/interwork/libgcc.a(_mul_df.o)
 .debug_aranges
                0x000006c0       0x20 /usr/local/arm/lib/gcc/arm-elf/4.1.0/thumb/interwork/libgcc.a(_div_df.o)
 .debug_aranges
                0x000006e0       0x20 /usr/local/arm/lib/gcc/arm-elf/4.1.0/thumb/interwork/libgcc.a(_eq_df.o)
 .debug_aranges
                0x00000700       0x20 /usr/local/arm/lib/gcc/arm-elf/4.1.0/thumb/interwork/libgcc.a(_ne_df.o)
 .debug_aranges
                0x00000720       0x20 /usr/local/arm/lib/gcc/arm-elf/4.1.0/thumb/interwork/libgcc.a(_gt_df.o)
 .debug_aranges
                0x00000740       0x20 /usr/local/arm/lib/gcc/arm-elf/4.1.0/thumb/interwork/libgcc.a(_ge_df.o)
 .debug_aranges
                0x00000760       0x20 /usr/local/arm/lib/gcc/arm-elf/4.1.0/thumb/interwork/libgcc.a(_lt_df.o)
 .debug_aranges
                0x00000780       0x20 /usr/local/arm/lib/gcc/arm-elf/4.1.0/thumb/interwork/libgcc.a(_si_to_df.o)
 .debug_aranges
                0x000007a0       0x20 /usr/local/arm/lib/gcc/arm-elf/4.1.0/thumb/interwork/libgcc.a(_df_to_si.o)
 .debug_aranges
                0x000007c0       0x20 /usr/local/arm/lib/gcc/arm-elf/4.1.0/thumb/interwork/libgcc.a(_muldi3.o)
 .debug_aranges
                0x000007e0       0x20 /usr/local/arm/lib/gcc/arm-elf/4.1.0/thumb/interwork/libgcc.a(_pack_df.o)
 .debug_aranges
                0x00000800       0x20 /usr/local/arm/lib/gcc/arm-elf/4.1.0/thumb/interwork/libgcc.a(_unpack_df.o)
 .debug_aranges
                0x00000820       0x20 /usr/local/arm/lib/gcc/arm-elf/4.1.0/thumb/interwork/libgcc.a(_fpcmp_parts_df.o)

.debug_pubnames
                0x00000000     0x10e8
 *(.debug_pubnames)
 .debug_pubnames
                0x00000000      0x390 main.o
 .debug_pubnames
                0x00000390       0x29 Cstartup_SAM7.o
 .debug_pubnames
                0x000003b9       0x69 syscalls.o
 .debug_pubnames
                0x00000422       0x96 cdc_enumerate.o
 .debug_pubnames
                0x000004b8       0xb2 adc.o
 .debug_pubnames
                0x0000056a       0x49 pwm.o
 .debug_pubnames
                0x000005b3       0x49 aic.o
 .debug_pubnames
                0x000005fc       0x27 async.o
 .debug_pubnames
                0x00000623       0x2c delay.o
 .debug_pubnames
                0x0000064f       0x2d util_math.o
 .debug_pubnames
                0x0000067c       0x27 /usr/local/arm/lib/gcc/arm-elf/4.1.0/../../../../arm-elf/lib/thumb/interwork/libc.a(atoi.o)
 .debug_pubnames
                0x000006a3       0x1d /usr/local/arm/lib/gcc/arm-elf/4.1.0/../../../../arm-elf/lib/thumb/interwork/libc.a(memcpy.o)
 .debug_pubnames
                0x000006c0       0x2d /usr/local/arm/lib/gcc/arm-elf/4.1.0/../../../../arm-elf/lib/thumb/interwork/libc.a(sprintf.o)
 .debug_pubnames
                0x000006ed       0x1d /usr/local/arm/lib/gcc/arm-elf/4.1.0/../../../../arm-elf/lib/thumb/interwork/libc.a(strcmp.o)
 .debug_pubnames
                0x0000070a       0x1d /usr/local/arm/lib/gcc/arm-elf/4.1.0/../../../../arm-elf/lib/thumb/interwork/libc.a(strcpy.o)
 .debug_pubnames
                0x00000727       0x1d /usr/local/arm/lib/gcc/arm-elf/4.1.0/../../../../arm-elf/lib/thumb/interwork/libc.a(strlen.o)
 .debug_pubnames
                0x00000744       0x1d /usr/local/arm/lib/gcc/arm-elf/4.1.0/../../../../arm-elf/lib/thumb/interwork/libc.a(strtok.o)
 .debug_pubnames
                0x00000761       0x2e /usr/local/arm/lib/gcc/arm-elf/4.1.0/../../../../arm-elf/lib/thumb/interwork/libc.a(strtok_r.o)
 .debug_pubnames
                0x0000078f       0x2b /usr/local/arm/lib/gcc/arm-elf/4.1.0/../../../../arm-elf/lib/thumb/interwork/libc.a(strtol.o)
 .debug_pubnames
                0x000007ba       0x2f /usr/local/arm/lib/gcc/arm-elf/4.1.0/../../../../arm-elf/lib/thumb/interwork/libc.a(vfprintf.o)
 .debug_pubnames
                0x000007e9       0x2d /usr/local/arm/lib/gcc/arm-elf/4.1.0/../../../../arm-elf/lib/thumb/interwork/libc.a(wcrtomb.o)
 .debug_pubnames
                0x00000816       0x31 /usr/local/arm/lib/gcc/arm-elf/4.1.0/../../../../arm-elf/lib/thumb/interwork/libc.a(wcsrtombs.o)
 .debug_pubnames
                0x00000847       0x20 /usr/local/arm/lib/gcc/arm-elf/4.1.0/../../../../arm-elf/lib/thumb/interwork/libc.a(wctomb_r.o)
 .debug_pubnames
                0x00000867       0x20 /usr/local/arm/lib/gcc/arm-elf/4.1.0/../../../../arm-elf/lib/thumb/interwork/libc.a(wsetup.o)
 .debug_pubnames
                0x00000887       0x2e /usr/local/arm/lib/gcc/arm-elf/4.1.0/../../../../arm-elf/lib/thumb/interwork/libc.a(ctype_.o)
 .debug_pubnames
                0x000008b5       0x1e /usr/local/arm/lib/gcc/arm-elf/4.1.0/../../../../arm-elf/lib/thumb/interwork/libc.a(dtoa.o)
 .debug_pubnames
                0x000008d3       0x1d /usr/local/arm/lib/gcc/arm-elf/4.1.0/../../../../arm-elf/lib/thumb/interwork/libc.a(fflush.o)
 .debug_pubnames
                0x000008f0       0xdb /usr/local/arm/lib/gcc/arm-elf/4.1.0/../../../../arm-elf/lib/thumb/interwork/libc.a(findfp.o)
 .debug_pubnames
                0x000009cb       0x31 /usr/local/arm/lib/gcc/arm-elf/4.1.0/../../../../arm-elf/lib/thumb/interwork/libc.a(freer.o)
 .debug_pubnames
                0x000009fc       0x21 /usr/local/arm/lib/gcc/arm-elf/4.1.0/../../../../arm-elf/lib/thumb/interwork/libc.a(fvwrite.o)
 .debug_pubnames
                0x00000a1d       0x2e /usr/local/arm/lib/gcc/arm-elf/4.1.0/../../../../arm-elf/lib/thumb/interwork/libc.a(fwalk.o)
 .debug_pubnames
                0x00000a4b       0x39 /usr/local/arm/lib/gcc/arm-elf/4.1.0/../../../../arm-elf/lib/thumb/interwork/libc.a(impure.o)
 .debug_pubnames
                0x00000a84       0xc3 /usr/local/arm/lib/gcc/arm-elf/4.1.0/../../../../arm-elf/lib/thumb/interwork/libc.a(locale.o)
 .debug_pubnames
                0x00000b47       0x21 /usr/local/arm/lib/gcc/arm-elf/4.1.0/../../../../arm-elf/lib/thumb/interwork/libc.a(makebuf.o)
 .debug_pubnames
                0x00000b68       0xce /usr/local/arm/lib/gcc/arm-elf/4.1.0/../../../../arm-elf/lib/thumb/interwork/libc.a(mallocr.o)
 .debug_pubnames
                0x00000c36       0x1d /usr/local/arm/lib/gcc/arm-elf/4.1.0/../../../../arm-elf/lib/thumb/interwork/libc.a(memchr.o)
 .debug_pubnames
                0x00000c53       0x1e /usr/local/arm/lib/gcc/arm-elf/4.1.0/../../../../arm-elf/lib/thumb/interwork/libc.a(memmove.o)
 .debug_pubnames
                0x00000c71       0x1d /usr/local/arm/lib/gcc/arm-elf/4.1.0/../../../../arm-elf/lib/thumb/interwork/libc.a(memset.o)
 .debug_pubnames
                0x00000c8e       0x38 /usr/local/arm/lib/gcc/arm-elf/4.1.0/../../../../arm-elf/lib/thumb/interwork/libc.a(mlock.o)
 .debug_pubnames
                0x00000cc6      0x112 /usr/local/arm/lib/gcc/arm-elf/4.1.0/../../../../arm-elf/lib/thumb/interwork/libc.a(mprec.o)
 .debug_pubnames
                0x00000dd8       0x21 /usr/local/arm/lib/gcc/arm-elf/4.1.0/../../../../arm-elf/lib/thumb/interwork/libc.a(reallocr.o)
 .debug_pubnames
                0x00000df9       0x1c /usr/local/arm/lib/gcc/arm-elf/4.1.0/../../../../arm-elf/lib/thumb/interwork/libc.a(s_isinf.o)
 .debug_pubnames
                0x00000e15       0x1c /usr/local/arm/lib/gcc/arm-elf/4.1.0/../../../../arm-elf/lib/thumb/interwork/libc.a(s_isnan.o)
 .debug_pubnames
                0x00000e31       0x44 /usr/local/arm/lib/gcc/arm-elf/4.1.0/../../../../arm-elf/lib/thumb/interwork/libc.a(stdio.o)
 .debug_pubnames
                0x00000e75       0x20 /usr/local/arm/lib/gcc/arm-elf/4.1.0/../../../../arm-elf/lib/thumb/interwork/libc.a(callocr.o)
 .debug_pubnames
                0x00000e95       0x2b /usr/local/arm/lib/gcc/arm-elf/4.1.0/../../../../arm-elf/lib/thumb/interwork/libc.a(fclose.o)
 .debug_pubnames
                0x00000ec0       0x1c /usr/local/arm/lib/gcc/arm-elf/4.1.0/../../../../arm-elf/lib/thumb/interwork/libm.a(s_round.o)
 .debug_pubnames
                0x00000edc       0x23 /usr/local/arm/lib/gcc/arm-elf/4.1.0/thumb/interwork/libgcc.a(_fixunsdfsi.o)
 .debug_pubnames
                0x00000eff       0x2c /usr/local/arm/lib/gcc/arm-elf/4.1.0/thumb/interwork/libgcc.a(_addsub_df.o)
 .debug_pubnames
                0x00000f2b       0x1f /usr/local/arm/lib/gcc/arm-elf/4.1.0/thumb/interwork/libgcc.a(_mul_df.o)
 .debug_pubnames
                0x00000f4a       0x1f /usr/local/arm/lib/gcc/arm-elf/4.1.0/thumb/interwork/libgcc.a(_div_df.o)
 .debug_pubnames
                0x00000f69       0x1e /usr/local/arm/lib/gcc/arm-elf/4.1.0/thumb/interwork/libgcc.a(_eq_df.o)
 .debug_pubnames
                0x00000f87       0x1e /usr/local/arm/lib/gcc/arm-elf/4.1.0/thumb/interwork/libgcc.a(_ne_df.o)
 .debug_pubnames
                0x00000fa5       0x1e /usr/local/arm/lib/gcc/arm-elf/4.1.0/thumb/interwork/libgcc.a(_gt_df.o)
 .debug_pubnames
                0x00000fc3       0x1e /usr/local/arm/lib/gcc/arm-elf/4.1.0/thumb/interwork/libgcc.a(_ge_df.o)
 .debug_pubnames
                0x00000fe1       0x1e /usr/local/arm/lib/gcc/arm-elf/4.1.0/thumb/interwork/libgcc.a(_lt_df.o)
 .debug_pubnames
                0x00000fff       0x22 /usr/local/arm/lib/gcc/arm-elf/4.1.0/thumb/interwork/libgcc.a(_si_to_df.o)
 .debug_pubnames
                0x00001021       0x20 /usr/local/arm/lib/gcc/arm-elf/4.1.0/thumb/interwork/libgcc.a(_df_to_si.o)
 .debug_pubnames
                0x00001041       0x22 /usr/local/arm/lib/gcc/arm-elf/4.1.0/thumb/interwork/libgcc.a(_thenan_df.o)
 .debug_pubnames
                0x00001063       0x1f /usr/local/arm/lib/gcc/arm-elf/4.1.0/thumb/interwork/libgcc.a(_muldi3.o)
 .debug_pubnames
                0x00001082       0x1f /usr/local/arm/lib/gcc/arm-elf/4.1.0/thumb/interwork/libgcc.a(_pack_df.o)
 .debug_pubnames
                0x000010a1       0x21 /usr/local/arm/lib/gcc/arm-elf/4.1.0/thumb/interwork/libgcc.a(_unpack_df.o)
 .debug_pubnames
                0x000010c2       0x26 /usr/local/arm/lib/gcc/arm-elf/4.1.0/thumb/interwork/libgcc.a(_fpcmp_parts_df.o)

.debug_info     0x00000000    0x1a131
 *(.debug_info .gnu.linkonce.wi.*)
 .debug_info    0x00000000       0x8e Cstartup.o
 .debug_info    0x0000008e     0x2d8f main.o
 .debug_info    0x00002e1d      0x208 Cstartup_SAM7.o
 .debug_info    0x00003025     0x1022 syscalls.o
 .debug_info    0x00004047      0x68f cdc_enumerate.o
 .debug_info    0x000046d6      0x4ab adc.o
 .debug_info    0x00004b81      0x477 pwm.o
 .debug_info    0x00004ff8       0xc5 aic.o
 .debug_info    0x000050bd       0xc5 async.o
 .debug_info    0x00005182       0x8d delay.o
 .debug_info    0x0000520f       0xd0 util_math.o
 .debug_info    0x000052df      0x949 /usr/local/arm/lib/gcc/arm-elf/4.1.0/../../../../arm-elf/lib/thumb/interwork/libc.a(atoi.o)
 .debug_info    0x00005c28      0x10e /usr/local/arm/lib/gcc/arm-elf/4.1.0/../../../../arm-elf/lib/thumb/interwork/libc.a(memcpy.o)
 .debug_info    0x00005d36      0xa02 /usr/local/arm/lib/gcc/arm-elf/4.1.0/../../../../arm-elf/lib/thumb/interwork/libc.a(sprintf.o)
 .debug_info    0x00006738       0xda /usr/local/arm/lib/gcc/arm-elf/4.1.0/../../../../arm-elf/lib/thumb/interwork/libc.a(strcmp.o)
 .debug_info    0x00006812      0x10d /usr/local/arm/lib/gcc/arm-elf/4.1.0/../../../../arm-elf/lib/thumb/interwork/libc.a(strcpy.o)
 .debug_info    0x0000691f       0xd6 /usr/local/arm/lib/gcc/arm-elf/4.1.0/../../../../arm-elf/lib/thumb/interwork/libc.a(strlen.o)
 .debug_info    0x000069f5      0x930 /usr/local/arm/lib/gcc/arm-elf/4.1.0/../../../../arm-elf/lib/thumb/interwork/libc.a(strtok.o)
 .debug_info    0x00007325      0x15f /usr/local/arm/lib/gcc/arm-elf/4.1.0/../../../../arm-elf/lib/thumb/interwork/libc.a(strtok_r.o)
 .debug_info    0x00007484      0xa11 /usr/local/arm/lib/gcc/arm-elf/4.1.0/../../../../arm-elf/lib/thumb/interwork/libc.a(strtol.o)
 .debug_info    0x00007e95     0x10eb /usr/local/arm/lib/gcc/arm-elf/4.1.0/../../../../arm-elf/lib/thumb/interwork/libc.a(vfprintf.o)
 .debug_info    0x00008f80      0x9ef /usr/local/arm/lib/gcc/arm-elf/4.1.0/../../../../arm-elf/lib/thumb/interwork/libc.a(wcrtomb.o)
 .debug_info    0x0000996f      0xa84 /usr/local/arm/lib/gcc/arm-elf/4.1.0/../../../../arm-elf/lib/thumb/interwork/libc.a(wcsrtombs.o)
 .debug_info    0x0000a3f3      0x9f7 /usr/local/arm/lib/gcc/arm-elf/4.1.0/../../../../arm-elf/lib/thumb/interwork/libc.a(wctomb_r.o)
 .debug_info    0x0000adea      0x93a /usr/local/arm/lib/gcc/arm-elf/4.1.0/../../../../arm-elf/lib/thumb/interwork/libc.a(wsetup.o)
 .debug_info    0x0000b724       0x79 /usr/local/arm/lib/gcc/arm-elf/4.1.0/../../../../arm-elf/lib/thumb/interwork/libc.a(ctype_.o)
 .debug_info    0x0000b79d      0xd65 /usr/local/arm/lib/gcc/arm-elf/4.1.0/../../../../arm-elf/lib/thumb/interwork/libc.a(dtoa.o)
 .debug_info    0x0000c502      0x974 /usr/local/arm/lib/gcc/arm-elf/4.1.0/../../../../arm-elf/lib/thumb/interwork/libc.a(fflush.o)
 .debug_info    0x0000ce76      0xb67 /usr/local/arm/lib/gcc/arm-elf/4.1.0/../../../../arm-elf/lib/thumb/interwork/libc.a(findfp.o)
 .debug_info    0x0000d9dd      0xbb5 /usr/local/arm/lib/gcc/arm-elf/4.1.0/../../../../arm-elf/lib/thumb/interwork/libc.a(freer.o)
 .debug_info    0x0000e592      0xa5f /usr/local/arm/lib/gcc/arm-elf/4.1.0/../../../../arm-elf/lib/thumb/interwork/libc.a(fvwrite.o)
 .debug_info    0x0000eff1      0xad9 /usr/local/arm/lib/gcc/arm-elf/4.1.0/../../../../arm-elf/lib/thumb/interwork/libc.a(fwalk.o)
 .debug_info    0x0000faca      0x922 /usr/local/arm/lib/gcc/arm-elf/4.1.0/../../../../arm-elf/lib/thumb/interwork/libc.a(impure.o)
 .debug_info    0x000103ec      0xb82 /usr/local/arm/lib/gcc/arm-elf/4.1.0/../../../../arm-elf/lib/thumb/interwork/libc.a(locale.o)
 .debug_info    0x00010f6e      0xad9 /usr/local/arm/lib/gcc/arm-elf/4.1.0/../../../../arm-elf/lib/thumb/interwork/libc.a(makebuf.o)
 .debug_info    0x00011a47      0xcbc /usr/local/arm/lib/gcc/arm-elf/4.1.0/../../../../arm-elf/lib/thumb/interwork/libc.a(mallocr.o)
 .debug_info    0x00012703      0x133 /usr/local/arm/lib/gcc/arm-elf/4.1.0/../../../../arm-elf/lib/thumb/interwork/libc.a(memchr.o)
 .debug_info    0x00012836      0x13f /usr/local/arm/lib/gcc/arm-elf/4.1.0/../../../../arm-elf/lib/thumb/interwork/libc.a(memmove.o)
 .debug_info    0x00012975      0x112 /usr/local/arm/lib/gcc/arm-elf/4.1.0/../../../../arm-elf/lib/thumb/interwork/libc.a(memset.o)
 .debug_info    0x00012a87      0x93c /usr/local/arm/lib/gcc/arm-elf/4.1.0/../../../../arm-elf/lib/thumb/interwork/libc.a(mlock.o)
 .debug_info    0x000133c3     0x1336 /usr/local/arm/lib/gcc/arm-elf/4.1.0/../../../../arm-elf/lib/thumb/interwork/libc.a(mprec.o)
 .debug_info    0x000146f9      0xbc7 /usr/local/arm/lib/gcc/arm-elf/4.1.0/../../../../arm-elf/lib/thumb/interwork/libc.a(reallocr.o)
 .debug_info    0x000152c0       0xd7 /usr/local/arm/lib/gcc/arm-elf/4.1.0/../../../../arm-elf/lib/thumb/interwork/libc.a(s_isinf.o)
 .debug_info    0x00015397       0xd5 /usr/local/arm/lib/gcc/arm-elf/4.1.0/../../../../arm-elf/lib/thumb/interwork/libc.a(s_isnan.o)
 .debug_info    0x0001546c      0xa74 /usr/local/arm/lib/gcc/arm-elf/4.1.0/../../../../arm-elf/lib/thumb/interwork/libc.a(stdio.o)
 .debug_info    0x00015ee0      0xa03 /usr/local/arm/lib/gcc/arm-elf/4.1.0/../../../../arm-elf/lib/thumb/interwork/libc.a(callocr.o)
 .debug_info    0x000168e3      0x982 /usr/local/arm/lib/gcc/arm-elf/4.1.0/../../../../arm-elf/lib/thumb/interwork/libc.a(fclose.o)
 .debug_info    0x00017265      0x1ac /usr/local/arm/lib/gcc/arm-elf/4.1.0/../../../../arm-elf/lib/thumb/interwork/libm.a(s_round.o)
 .debug_info    0x00017411       0x88 /usr/local/arm/lib/gcc/arm-elf/4.1.0/thumb/interwork/libgcc.a(_udivsi3.o)
 .debug_info    0x00017499       0x88 /usr/local/arm/lib/gcc/arm-elf/4.1.0/thumb/interwork/libgcc.a(_divsi3.o)
 .debug_info    0x00017521       0x88 /usr/local/arm/lib/gcc/arm-elf/4.1.0/thumb/interwork/libgcc.a(_umodsi3.o)
 .debug_info    0x000175a9       0x88 /usr/local/arm/lib/gcc/arm-elf/4.1.0/thumb/interwork/libgcc.a(_modsi3.o)
 .debug_info    0x00017631       0x88 /usr/local/arm/lib/gcc/arm-elf/4.1.0/thumb/interwork/libgcc.a(_dvmd_tls.o)
 .debug_info    0x000176b9       0xce /usr/local/arm/lib/gcc/arm-elf/4.1.0/thumb/interwork/libgcc.a(_fixunsdfsi.o)
 .debug_info    0x00017787      0x47d /usr/local/arm/lib/gcc/arm-elf/4.1.0/thumb/interwork/libgcc.a(_addsub_df.o)
 .debug_info    0x00017c04      0x473 /usr/local/arm/lib/gcc/arm-elf/4.1.0/thumb/interwork/libgcc.a(_mul_df.o)
 .debug_info    0x00018077      0x3ad /usr/local/arm/lib/gcc/arm-elf/4.1.0/thumb/interwork/libgcc.a(_div_df.o)
 .debug_info    0x00018424      0x2aa /usr/local/arm/lib/gcc/arm-elf/4.1.0/thumb/interwork/libgcc.a(_eq_df.o)
 .debug_info    0x000186ce      0x2aa /usr/local/arm/lib/gcc/arm-elf/4.1.0/thumb/interwork/libgcc.a(_ne_df.o)
 .debug_info    0x00018978      0x2aa /usr/local/arm/lib/gcc/arm-elf/4.1.0/thumb/interwork/libgcc.a(_gt_df.o)
 .debug_info    0x00018c22      0x2aa /usr/local/arm/lib/gcc/arm-elf/4.1.0/thumb/interwork/libgcc.a(_ge_df.o)
 .debug_info    0x00018ecc      0x2aa /usr/local/arm/lib/gcc/arm-elf/4.1.0/thumb/interwork/libgcc.a(_lt_df.o)
 .debug_info    0x00019176      0x1bd /usr/local/arm/lib/gcc/arm-elf/4.1.0/thumb/interwork/libgcc.a(_si_to_df.o)
 .debug_info    0x00019333      0x2de /usr/local/arm/lib/gcc/arm-elf/4.1.0/thumb/interwork/libgcc.a(_df_to_si.o)
 .debug_info    0x00019611      0x164 /usr/local/arm/lib/gcc/arm-elf/4.1.0/thumb/interwork/libgcc.a(_thenan_df.o)
 .debug_info    0x00019775      0x207 /usr/local/arm/lib/gcc/arm-elf/4.1.0/thumb/interwork/libgcc.a(_muldi3.o)
 .debug_info    0x0001997c      0x323 /usr/local/arm/lib/gcc/arm-elf/4.1.0/thumb/interwork/libgcc.a(_pack_df.o)
 .debug_info    0x00019c9f      0x27a /usr/local/arm/lib/gcc/arm-elf/4.1.0/thumb/interwork/libgcc.a(_unpack_df.o)
 .debug_info    0x00019f19      0x218 /usr/local/arm/lib/gcc/arm-elf/4.1.0/thumb/interwork/libgcc.a(_fpcmp_parts_df.o)

.debug_abbrev   0x00000000     0x5608
 *(.debug_abbrev)
 .debug_abbrev  0x00000000       0x14 Cstartup.o
 .debug_abbrev  0x00000014      0x334 main.o
 .debug_abbrev  0x00000348       0xaa Cstartup_SAM7.o
 .debug_abbrev  0x000003f2      0x2ac syscalls.o
 .debug_abbrev  0x0000069e      0x242 cdc_enumerate.o
 .debug_abbrev  0x000008e0       0xb8 adc.o
 .debug_abbrev  0x00000998      0x1a4 pwm.o
 .debug_abbrev  0x00000b3c       0x90 aic.o
 .debug_abbrev  0x00000bcc       0x9b async.o
 .debug_abbrev  0x00000c67       0x85 delay.o
 .debug_abbrev  0x00000cec       0xaf util_math.o
 .debug_abbrev  0x00000d9b      0x176 /usr/local/arm/lib/gcc/arm-elf/4.1.0/../../../../arm-elf/lib/thumb/interwork/libc.a(atoi.o)
 .debug_abbrev  0x00000f11       0x99 /usr/local/arm/lib/gcc/arm-elf/4.1.0/../../../../arm-elf/lib/thumb/interwork/libc.a(memcpy.o)
 .debug_abbrev  0x00000faa      0x193 /usr/local/arm/lib/gcc/arm-elf/4.1.0/../../../../arm-elf/lib/thumb/interwork/libc.a(sprintf.o)
 .debug_abbrev  0x0000113d       0x71 /usr/local/arm/lib/gcc/arm-elf/4.1.0/../../../../arm-elf/lib/thumb/interwork/libc.a(strcmp.o)
 .debug_abbrev  0x000011ae       0x80 /usr/local/arm/lib/gcc/arm-elf/4.1.0/../../../../arm-elf/lib/thumb/interwork/libc.a(strcpy.o)
 .debug_abbrev  0x0000122e       0x8b /usr/local/arm/lib/gcc/arm-elf/4.1.0/../../../../arm-elf/lib/thumb/interwork/libc.a(strlen.o)
 .debug_abbrev  0x000012b9      0x17f /usr/local/arm/lib/gcc/arm-elf/4.1.0/../../../../arm-elf/lib/thumb/interwork/libc.a(strtok.o)
 .debug_abbrev  0x00001438       0xbe /usr/local/arm/lib/gcc/arm-elf/4.1.0/../../../../arm-elf/lib/thumb/interwork/libc.a(strtok_r.o)
 .debug_abbrev  0x000014f6      0x1ae /usr/local/arm/lib/gcc/arm-elf/4.1.0/../../../../arm-elf/lib/thumb/interwork/libc.a(strtol.o)
 .debug_abbrev  0x000016a4      0x356 /usr/local/arm/lib/gcc/arm-elf/4.1.0/../../../../arm-elf/lib/thumb/interwork/libc.a(vfprintf.o)
 .debug_abbrev  0x000019fa      0x18e /usr/local/arm/lib/gcc/arm-elf/4.1.0/../../../../arm-elf/lib/thumb/interwork/libc.a(wcrtomb.o)
 .debug_abbrev  0x00001b88      0x1a4 /usr/local/arm/lib/gcc/arm-elf/4.1.0/../../../../arm-elf/lib/thumb/interwork/libc.a(wcsrtombs.o)
 .debug_abbrev  0x00001d2c      0x1ab /usr/local/arm/lib/gcc/arm-elf/4.1.0/../../../../arm-elf/lib/thumb/interwork/libc.a(wctomb_r.o)
 .debug_abbrev  0x00001ed7      0x170 /usr/local/arm/lib/gcc/arm-elf/4.1.0/../../../../arm-elf/lib/thumb/interwork/libc.a(wsetup.o)
 .debug_abbrev  0x00002047       0x52 /usr/local/arm/lib/gcc/arm-elf/4.1.0/../../../../arm-elf/lib/thumb/interwork/libc.a(ctype_.o)
 .debug_abbrev  0x00002099      0x214 /usr/local/arm/lib/gcc/arm-elf/4.1.0/../../../../arm-elf/lib/thumb/interwork/libc.a(dtoa.o)
 .debug_abbrev  0x000022ad      0x17f /usr/local/arm/lib/gcc/arm-elf/4.1.0/../../../../arm-elf/lib/thumb/interwork/libc.a(fflush.o)
 .debug_abbrev  0x0000242c      0x24a /usr/local/arm/lib/gcc/arm-elf/4.1.0/../../../../arm-elf/lib/thumb/interwork/libc.a(findfp.o)
 .debug_abbrev  0x00002676      0x1d9 /usr/local/arm/lib/gcc/arm-elf/4.1.0/../../../../arm-elf/lib/thumb/interwork/libc.a(freer.o)
 .debug_abbrev  0x0000284f      0x1b4 /usr/local/arm/lib/gcc/arm-elf/4.1.0/../../../../arm-elf/lib/thumb/interwork/libc.a(fvwrite.o)
 .debug_abbrev  0x00002a03      0x1e3 /usr/local/arm/lib/gcc/arm-elf/4.1.0/../../../../arm-elf/lib/thumb/interwork/libc.a(fwalk.o)
 .debug_abbrev  0x00002be6      0x157 /usr/local/arm/lib/gcc/arm-elf/4.1.0/../../../../arm-elf/lib/thumb/interwork/libc.a(impure.o)
 .debug_abbrev  0x00002d3d      0x20e /usr/local/arm/lib/gcc/arm-elf/4.1.0/../../../../arm-elf/lib/thumb/interwork/libc.a(locale.o)
 .debug_abbrev  0x00002f4b      0x1a8 /usr/local/arm/lib/gcc/arm-elf/4.1.0/../../../../arm-elf/lib/thumb/interwork/libc.a(makebuf.o)
 .debug_abbrev  0x000030f3      0x216 /usr/local/arm/lib/gcc/arm-elf/4.1.0/../../../../arm-elf/lib/thumb/interwork/libc.a(mallocr.o)
 .debug_abbrev  0x00003309       0xb5 /usr/local/arm/lib/gcc/arm-elf/4.1.0/../../../../arm-elf/lib/thumb/interwork/libc.a(memchr.o)
 .debug_abbrev  0x000033be       0x99 /usr/local/arm/lib/gcc/arm-elf/4.1.0/../../../../arm-elf/lib/thumb/interwork/libc.a(memmove.o)
 .debug_abbrev  0x00003457       0x9a /usr/local/arm/lib/gcc/arm-elf/4.1.0/../../../../arm-elf/lib/thumb/interwork/libc.a(memset.o)
 .debug_abbrev  0x000034f1      0x16a /usr/local/arm/lib/gcc/arm-elf/4.1.0/../../../../arm-elf/lib/thumb/interwork/libc.a(mlock.o)
 .debug_abbrev  0x0000365b      0x262 /usr/local/arm/lib/gcc/arm-elf/4.1.0/../../../../arm-elf/lib/thumb/interwork/libc.a(mprec.o)
 .debug_abbrev  0x000038bd      0x1c3 /usr/local/arm/lib/gcc/arm-elf/4.1.0/../../../../arm-elf/lib/thumb/interwork/libc.a(reallocr.o)
 .debug_abbrev  0x00003a80       0x79 /usr/local/arm/lib/gcc/arm-elf/4.1.0/../../../../arm-elf/lib/thumb/interwork/libc.a(s_isinf.o)
 .debug_abbrev  0x00003af9       0x79 /usr/local/arm/lib/gcc/arm-elf/4.1.0/../../../../arm-elf/lib/thumb/interwork/libc.a(s_isnan.o)
 .debug_abbrev  0x00003b72      0x1aa /usr/local/arm/lib/gcc/arm-elf/4.1.0/../../../../arm-elf/lib/thumb/interwork/libc.a(stdio.o)
 .debug_abbrev  0x00003d1c      0x1af /usr/local/arm/lib/gcc/arm-elf/4.1.0/../../../../arm-elf/lib/thumb/interwork/libc.a(callocr.o)
 .debug_abbrev  0x00003ecb      0x18e /usr/local/arm/lib/gcc/arm-elf/4.1.0/../../../../arm-elf/lib/thumb/interwork/libc.a(fclose.o)
 .debug_abbrev  0x00004059       0xea /usr/local/arm/lib/gcc/arm-elf/4.1.0/../../../../arm-elf/lib/thumb/interwork/libm.a(s_round.o)
 .debug_abbrev  0x00004143       0x14 /usr/local/arm/lib/gcc/arm-elf/4.1.0/thumb/interwork/libgcc.a(_udivsi3.o)
 .debug_abbrev  0x00004157       0x14 /usr/local/arm/lib/gcc/arm-elf/4.1.0/thumb/interwork/libgcc.a(_divsi3.o)
 .debug_abbrev  0x0000416b       0x14 /usr/local/arm/lib/gcc/arm-elf/4.1.0/thumb/interwork/libgcc.a(_umodsi3.o)
 .debug_abbrev  0x0000417f       0x14 /usr/local/arm/lib/gcc/arm-elf/4.1.0/thumb/interwork/libgcc.a(_modsi3.o)
 .debug_abbrev  0x00004193       0x14 /usr/local/arm/lib/gcc/arm-elf/4.1.0/thumb/interwork/libgcc.a(_dvmd_tls.o)
 .debug_abbrev  0x000041a7       0x5d /usr/local/arm/lib/gcc/arm-elf/4.1.0/thumb/interwork/libgcc.a(_fixunsdfsi.o)
 .debug_abbrev  0x00004204      0x1a8 /usr/local/arm/lib/gcc/arm-elf/4.1.0/thumb/interwork/libgcc.a(_addsub_df.o)
 .debug_abbrev  0x000043ac      0x1e7 /usr/local/arm/lib/gcc/arm-elf/4.1.0/thumb/interwork/libgcc.a(_mul_df.o)
 .debug_abbrev  0x00004593      0x1d9 /usr/local/arm/lib/gcc/arm-elf/4.1.0/thumb/interwork/libgcc.a(_div_df.o)
 .debug_abbrev  0x0000476c      0x157 /usr/local/arm/lib/gcc/arm-elf/4.1.0/thumb/interwork/libgcc.a(_eq_df.o)
 .debug_abbrev  0x000048c3      0x157 /usr/local/arm/lib/gcc/arm-elf/4.1.0/thumb/interwork/libgcc.a(_ne_df.o)
 .debug_abbrev  0x00004a1a      0x157 /usr/local/arm/lib/gcc/arm-elf/4.1.0/thumb/interwork/libgcc.a(_gt_df.o)
 .debug_abbrev  0x00004b71      0x157 /usr/local/arm/lib/gcc/arm-elf/4.1.0/thumb/interwork/libgcc.a(_ge_df.o)
 .debug_abbrev  0x00004cc8      0x157 /usr/local/arm/lib/gcc/arm-elf/4.1.0/thumb/interwork/libgcc.a(_lt_df.o)
 .debug_abbrev  0x00004e1f       0xf1 /usr/local/arm/lib/gcc/arm-elf/4.1.0/thumb/interwork/libgcc.a(_si_to_df.o)
 .debug_abbrev  0x00004f10      0x166 /usr/local/arm/lib/gcc/arm-elf/4.1.0/thumb/interwork/libgcc.a(_df_to_si.o)
 .debug_abbrev  0x00005076       0xba /usr/local/arm/lib/gcc/arm-elf/4.1.0/thumb/interwork/libgcc.a(_thenan_df.o)
 .debug_abbrev  0x00005130       0xec /usr/local/arm/lib/gcc/arm-elf/4.1.0/thumb/interwork/libgcc.a(_muldi3.o)
 .debug_abbrev  0x0000521c      0x192 /usr/local/arm/lib/gcc/arm-elf/4.1.0/thumb/interwork/libgcc.a(_pack_df.o)
 .debug_abbrev  0x000053ae      0x149 /usr/local/arm/lib/gcc/arm-elf/4.1.0/thumb/interwork/libgcc.a(_unpack_df.o)
 .debug_abbrev  0x000054f7      0x111 /usr/local/arm/lib/gcc/arm-elf/4.1.0/thumb/interwork/libgcc.a(_fpcmp_parts_df.o)

.debug_line     0x00000000     0x5280
 *(.debug_line)
 .debug_line    0x00000000       0x87 Cstartup.o
 .debug_line    0x00000087      0x7bc main.o
 .debug_line    0x00000843       0x60 Cstartup_SAM7.o
 .debug_line    0x000008a3      0x1ca syscalls.o
 .debug_line    0x00000a6d      0x142 cdc_enumerate.o
 .debug_line    0x00000baf       0x6d adc.o
 .debug_line    0x00000c1c      0x10b pwm.o
 .debug_line    0x00000d27       0x41 aic.o
 .debug_line    0x00000d68       0x41 async.o
 .debug_line    0x00000da9       0x4c delay.o
 .debug_line    0x00000df5       0x42 util_math.o
 .debug_line    0x00000e37      0x11a /usr/local/arm/lib/gcc/arm-elf/4.1.0/../../../../arm-elf/lib/thumb/interwork/libc.a(atoi.o)
 .debug_line    0x00000f51       0xc9 /usr/local/arm/lib/gcc/arm-elf/4.1.0/../../../../arm-elf/lib/thumb/interwork/libc.a(memcpy.o)
 .debug_line    0x0000101a      0x1a6 /usr/local/arm/lib/gcc/arm-elf/4.1.0/../../../../arm-elf/lib/thumb/interwork/libc.a(sprintf.o)
 .debug_line    0x000011c0       0x8c /usr/local/arm/lib/gcc/arm-elf/4.1.0/../../../../arm-elf/lib/thumb/interwork/libc.a(strcmp.o)
 .debug_line    0x0000124c       0x85 /usr/local/arm/lib/gcc/arm-elf/4.1.0/../../../../arm-elf/lib/thumb/interwork/libc.a(strcpy.o)
 .debug_line    0x000012d1       0xb8 /usr/local/arm/lib/gcc/arm-elf/4.1.0/../../../../arm-elf/lib/thumb/interwork/libc.a(strlen.o)
 .debug_line    0x00001389      0x117 /usr/local/arm/lib/gcc/arm-elf/4.1.0/../../../../arm-elf/lib/thumb/interwork/libc.a(strtok.o)
 .debug_line    0x000014a0       0xa2 /usr/local/arm/lib/gcc/arm-elf/4.1.0/../../../../arm-elf/lib/thumb/interwork/libc.a(strtok_r.o)
 .debug_line    0x00001542      0x1c3 /usr/local/arm/lib/gcc/arm-elf/4.1.0/../../../../arm-elf/lib/thumb/interwork/libc.a(strtol.o)
 .debug_line    0x00001705      0x5a4 /usr/local/arm/lib/gcc/arm-elf/4.1.0/../../../../arm-elf/lib/thumb/interwork/libc.a(vfprintf.o)
 .debug_line    0x00001ca9      0x178 /usr/local/arm/lib/gcc/arm-elf/4.1.0/../../../../arm-elf/lib/thumb/interwork/libc.a(wcrtomb.o)
 .debug_line    0x00001e21      0x1a5 /usr/local/arm/lib/gcc/arm-elf/4.1.0/../../../../arm-elf/lib/thumb/interwork/libc.a(wcsrtombs.o)
 .debug_line    0x00001fc6      0x1fb /usr/local/arm/lib/gcc/arm-elf/4.1.0/../../../../arm-elf/lib/thumb/interwork/libc.a(wctomb_r.o)
 .debug_line    0x000021c1      0x185 /usr/local/arm/lib/gcc/arm-elf/4.1.0/../../../../arm-elf/lib/thumb/interwork/libc.a(wsetup.o)
 .debug_line    0x00002346       0x62 /usr/local/arm/lib/gcc/arm-elf/4.1.0/../../../../arm-elf/lib/thumb/interwork/libc.a(ctype_.o)
 .debug_line    0x000023a8      0x453 /usr/local/arm/lib/gcc/arm-elf/4.1.0/../../../../arm-elf/lib/thumb/interwork/libc.a(dtoa.o)
 .debug_line    0x000027fb      0x183 /usr/local/arm/lib/gcc/arm-elf/4.1.0/../../../../arm-elf/lib/thumb/interwork/libc.a(fflush.o)
 .debug_line    0x0000297e      0x1e4 /usr/local/arm/lib/gcc/arm-elf/4.1.0/../../../../arm-elf/lib/thumb/interwork/libc.a(findfp.o)
 .debug_line    0x00002b62      0x185 /usr/local/arm/lib/gcc/arm-elf/4.1.0/../../../../arm-elf/lib/thumb/interwork/libc.a(freer.o)
 .debug_line    0x00002ce7      0x205 /usr/local/arm/lib/gcc/arm-elf/4.1.0/../../../../arm-elf/lib/thumb/interwork/libc.a(fvwrite.o)
 .debug_line    0x00002eec      0x198 /usr/local/arm/lib/gcc/arm-elf/4.1.0/../../../../arm-elf/lib/thumb/interwork/libc.a(fwalk.o)
 .debug_line    0x00003084      0x104 /usr/local/arm/lib/gcc/arm-elf/4.1.0/../../../../arm-elf/lib/thumb/interwork/libc.a(impure.o)
 .debug_line    0x00003188      0x187 /usr/local/arm/lib/gcc/arm-elf/4.1.0/../../../../arm-elf/lib/thumb/interwork/libc.a(locale.o)
 .debug_line    0x0000330f      0x1a0 /usr/local/arm/lib/gcc/arm-elf/4.1.0/../../../../arm-elf/lib/thumb/interwork/libc.a(makebuf.o)
 .debug_line    0x000034af      0x255 /usr/local/arm/lib/gcc/arm-elf/4.1.0/../../../../arm-elf/lib/thumb/interwork/libc.a(mallocr.o)
 .debug_line    0x00003704       0xde /usr/local/arm/lib/gcc/arm-elf/4.1.0/../../../../arm-elf/lib/thumb/interwork/libc.a(memchr.o)
 .debug_line    0x000037e2       0xd0 /usr/local/arm/lib/gcc/arm-elf/4.1.0/../../../../arm-elf/lib/thumb/interwork/libc.a(memmove.o)
 .debug_line    0x000038b2       0xd5 /usr/local/arm/lib/gcc/arm-elf/4.1.0/../../../../arm-elf/lib/thumb/interwork/libc.a(memset.o)
 .debug_line    0x00003987      0x116 /usr/local/arm/lib/gcc/arm-elf/4.1.0/../../../../arm-elf/lib/thumb/interwork/libc.a(mlock.o)
 .debug_line    0x00003a9d      0x3dd /usr/local/arm/lib/gcc/arm-elf/4.1.0/../../../../arm-elf/lib/thumb/interwork/libc.a(mprec.o)
 .debug_line    0x00003e7a      0x1be /usr/local/arm/lib/gcc/arm-elf/4.1.0/../../../../arm-elf/lib/thumb/interwork/libc.a(reallocr.o)
 .debug_line    0x00004038       0xcb /usr/local/arm/lib/gcc/arm-elf/4.1.0/../../../../arm-elf/lib/thumb/interwork/libc.a(s_isinf.o)
 .debug_line    0x00004103       0xcb /usr/local/arm/lib/gcc/arm-elf/4.1.0/../../../../arm-elf/lib/thumb/interwork/libc.a(s_isnan.o)
 .debug_line    0x000041ce      0x196 /usr/local/arm/lib/gcc/arm-elf/4.1.0/../../../../arm-elf/lib/thumb/interwork/libc.a(stdio.o)
 .debug_line    0x00004364      0x11f /usr/local/arm/lib/gcc/arm-elf/4.1.0/../../../../arm-elf/lib/thumb/interwork/libc.a(callocr.o)
 .debug_line    0x00004483      0x184 /usr/local/arm/lib/gcc/arm-elf/4.1.0/../../../../arm-elf/lib/thumb/interwork/libc.a(fclose.o)
 .debug_line    0x00004607      0x104 /usr/local/arm/lib/gcc/arm-elf/4.1.0/../../../../arm-elf/lib/thumb/interwork/libm.a(s_round.o)
 .debug_line    0x0000470b       0x77 /usr/local/arm/lib/gcc/arm-elf/4.1.0/thumb/interwork/libgcc.a(_udivsi3.o)
 .debug_line    0x00004782       0x83 /usr/local/arm/lib/gcc/arm-elf/4.1.0/thumb/interwork/libgcc.a(_divsi3.o)
 .debug_line    0x00004805       0x6f /usr/local/arm/lib/gcc/arm-elf/4.1.0/thumb/interwork/libgcc.a(_umodsi3.o)
 .debug_line    0x00004874       0x78 /usr/local/arm/lib/gcc/arm-elf/4.1.0/thumb/interwork/libgcc.a(_modsi3.o)
 .debug_line    0x000048ec       0x61 /usr/local/arm/lib/gcc/arm-elf/4.1.0/thumb/interwork/libgcc.a(_dvmd_tls.o)
 .debug_line    0x0000494d       0x65 /usr/local/arm/lib/gcc/arm-elf/4.1.0/thumb/interwork/libgcc.a(_fixunsdfsi.o)
 .debug_line    0x000049b2      0x10a /usr/local/arm/lib/gcc/arm-elf/4.1.0/thumb/interwork/libgcc.a(_addsub_df.o)
 .debug_line    0x00004abc       0xe5 /usr/local/arm/lib/gcc/arm-elf/4.1.0/thumb/interwork/libgcc.a(_mul_df.o)
 .debug_line    0x00004ba1       0xca /usr/local/arm/lib/gcc/arm-elf/4.1.0/thumb/interwork/libgcc.a(_div_df.o)
 .debug_line    0x00004c6b       0x75 /usr/local/arm/lib/gcc/arm-elf/4.1.0/thumb/interwork/libgcc.a(_eq_df.o)
 .debug_line    0x00004ce0       0x75 /usr/local/arm/lib/gcc/arm-elf/4.1.0/thumb/interwork/libgcc.a(_ne_df.o)
 .debug_line    0x00004d55       0x75 /usr/local/arm/lib/gcc/arm-elf/4.1.0/thumb/interwork/libgcc.a(_gt_df.o)
 .debug_line    0x00004dca       0x75 /usr/local/arm/lib/gcc/arm-elf/4.1.0/thumb/interwork/libgcc.a(_ge_df.o)
 .debug_line    0x00004e3f       0x75 /usr/local/arm/lib/gcc/arm-elf/4.1.0/thumb/interwork/libgcc.a(_lt_df.o)
 .debug_line    0x00004eb4       0x7e /usr/local/arm/lib/gcc/arm-elf/4.1.0/thumb/interwork/libgcc.a(_si_to_df.o)
 .debug_line    0x00004f32       0x88 /usr/local/arm/lib/gcc/arm-elf/4.1.0/thumb/interwork/libgcc.a(_df_to_si.o)
 .debug_line    0x00004fba       0x54 /usr/local/arm/lib/gcc/arm-elf/4.1.0/thumb/interwork/libgcc.a(_thenan_df.o)
 .debug_line    0x0000500e       0x67 /usr/local/arm/lib/gcc/arm-elf/4.1.0/thumb/interwork/libgcc.a(_muldi3.o)
 .debug_line    0x00005075       0xcc /usr/local/arm/lib/gcc/arm-elf/4.1.0/thumb/interwork/libgcc.a(_pack_df.o)
 .debug_line    0x00005141       0x99 /usr/local/arm/lib/gcc/arm-elf/4.1.0/thumb/interwork/libgcc.a(_unpack_df.o)
 .debug_line    0x000051da       0xa6 /usr/local/arm/lib/gcc/arm-elf/4.1.0/thumb/interwork/libgcc.a(_fpcmp_parts_df.o)

.debug_frame    0x00000000     0x165c
 *(.debug_frame)
 .debug_frame   0x00000000      0x250 main.o
 .debug_frame   0x00000250       0x20 Cstartup_SAM7.o
 .debug_frame   0x00000270       0xa4 syscalls.o
 .debug_frame   0x00000314       0xc0 cdc_enumerate.o
 .debug_frame   0x000003d4       0x80 adc.o
 .debug_frame   0x00000454       0x58 pwm.o
 .debug_frame   0x000004ac       0x48 aic.o
 .debug_frame   0x000004f4       0x20 async.o
 .debug_frame   0x00000514       0x3c delay.o
 .debug_frame   0x00000550       0x40 util_math.o
 .debug_frame   0x00000590       0x40 /usr/local/arm/lib/gcc/arm-elf/4.1.0/../../../../arm-elf/lib/thumb/interwork/libc.a(atoi.o)
 .debug_frame   0x000005d0       0x28 /usr/local/arm/lib/gcc/arm-elf/4.1.0/../../../../arm-elf/lib/thumb/interwork/libc.a(memcpy.o)
 .debug_frame   0x000005f8       0x50 /usr/local/arm/lib/gcc/arm-elf/4.1.0/../../../../arm-elf/lib/thumb/interwork/libc.a(sprintf.o)
 .debug_frame   0x00000648       0x2c /usr/local/arm/lib/gcc/arm-elf/4.1.0/../../../../arm-elf/lib/thumb/interwork/libc.a(strcmp.o)
 .debug_frame   0x00000674       0x2c /usr/local/arm/lib/gcc/arm-elf/4.1.0/../../../../arm-elf/lib/thumb/interwork/libc.a(strcpy.o)
 .debug_frame   0x000006a0       0x2c /usr/local/arm/lib/gcc/arm-elf/4.1.0/../../../../arm-elf/lib/thumb/interwork/libc.a(strlen.o)
 .debug_frame   0x000006cc       0x28 /usr/local/arm/lib/gcc/arm-elf/4.1.0/../../../../arm-elf/lib/thumb/interwork/libc.a(strtok.o)
 .debug_frame   0x000006f4       0x48 /usr/local/arm/lib/gcc/arm-elf/4.1.0/../../../../arm-elf/lib/thumb/interwork/libc.a(strtok_r.o)
 .debug_frame   0x0000073c       0x58 /usr/local/arm/lib/gcc/arm-elf/4.1.0/../../../../arm-elf/lib/thumb/interwork/libc.a(strtol.o)
 .debug_frame   0x00000794       0x70 /usr/local/arm/lib/gcc/arm-elf/4.1.0/../../../../arm-elf/lib/thumb/interwork/libc.a(vfprintf.o)
 .debug_frame   0x00000804       0x48 /usr/local/arm/lib/gcc/arm-elf/4.1.0/../../../../arm-elf/lib/thumb/interwork/libc.a(wcrtomb.o)
 .debug_frame   0x0000084c       0x5c /usr/local/arm/lib/gcc/arm-elf/4.1.0/../../../../arm-elf/lib/thumb/interwork/libc.a(wcsrtombs.o)
 .debug_frame   0x000008a8       0x30 /usr/local/arm/lib/gcc/arm-elf/4.1.0/../../../../arm-elf/lib/thumb/interwork/libc.a(wctomb_r.o)
 .debug_frame   0x000008d8       0x2c /usr/local/arm/lib/gcc/arm-elf/4.1.0/../../../../arm-elf/lib/thumb/interwork/libc.a(wsetup.o)
 .debug_frame   0x00000904       0x68 /usr/local/arm/lib/gcc/arm-elf/4.1.0/../../../../arm-elf/lib/thumb/interwork/libc.a(dtoa.o)
 .debug_frame   0x0000096c       0x2c /usr/local/arm/lib/gcc/arm-elf/4.1.0/../../../../arm-elf/lib/thumb/interwork/libc.a(fflush.o)
 .debug_frame   0x00000998      0x130 /usr/local/arm/lib/gcc/arm-elf/4.1.0/../../../../arm-elf/lib/thumb/interwork/libc.a(findfp.o)
 .debug_frame   0x00000ac8       0x54 /usr/local/arm/lib/gcc/arm-elf/4.1.0/../../../../arm-elf/lib/thumb/interwork/libc.a(freer.o)
 .debug_frame   0x00000b1c       0x3c /usr/local/arm/lib/gcc/arm-elf/4.1.0/../../../../arm-elf/lib/thumb/interwork/libc.a(fvwrite.o)
 .debug_frame   0x00000b58       0x5c /usr/local/arm/lib/gcc/arm-elf/4.1.0/../../../../arm-elf/lib/thumb/interwork/libc.a(fwalk.o)
 .debug_frame   0x00000bb4       0x80 /usr/local/arm/lib/gcc/arm-elf/4.1.0/../../../../arm-elf/lib/thumb/interwork/libc.a(locale.o)
 .debug_frame   0x00000c34       0x30 /usr/local/arm/lib/gcc/arm-elf/4.1.0/../../../../arm-elf/lib/thumb/interwork/libc.a(makebuf.o)
 .debug_frame   0x00000c64       0x3c /usr/local/arm/lib/gcc/arm-elf/4.1.0/../../../../arm-elf/lib/thumb/interwork/libc.a(mallocr.o)
 .debug_frame   0x00000ca0       0x38 /usr/local/arm/lib/gcc/arm-elf/4.1.0/../../../../arm-elf/lib/thumb/interwork/libc.a(memchr.o)
 .debug_frame   0x00000cd8       0x2c /usr/local/arm/lib/gcc/arm-elf/4.1.0/../../../../arm-elf/lib/thumb/interwork/libc.a(memmove.o)
 .debug_frame   0x00000d04       0x2c /usr/local/arm/lib/gcc/arm-elf/4.1.0/../../../../arm-elf/lib/thumb/interwork/libc.a(memset.o)
 .debug_frame   0x00000d30       0x30 /usr/local/arm/lib/gcc/arm-elf/4.1.0/../../../../arm-elf/lib/thumb/interwork/libc.a(mlock.o)
 .debug_frame   0x00000d60      0x224 /usr/local/arm/lib/gcc/arm-elf/4.1.0/../../../../arm-elf/lib/thumb/interwork/libc.a(mprec.o)
 .debug_frame   0x00000f84       0x3c /usr/local/arm/lib/gcc/arm-elf/4.1.0/../../../../arm-elf/lib/thumb/interwork/libc.a(reallocr.o)
 .debug_frame   0x00000fc0       0x20 /usr/local/arm/lib/gcc/arm-elf/4.1.0/../../../../arm-elf/lib/thumb/interwork/libc.a(s_isinf.o)
 .debug_frame   0x00000fe0       0x20 /usr/local/arm/lib/gcc/arm-elf/4.1.0/../../../../arm-elf/lib/thumb/interwork/libc.a(s_isnan.o)
 .debug_frame   0x00001000       0x80 /usr/local/arm/lib/gcc/arm-elf/4.1.0/../../../../arm-elf/lib/thumb/interwork/libc.a(stdio.o)
 .debug_frame   0x00001080       0x28 /usr/local/arm/lib/gcc/arm-elf/4.1.0/../../../../arm-elf/lib/thumb/interwork/libc.a(callocr.o)
 .debug_frame   0x000010a8       0x44 /usr/local/arm/lib/gcc/arm-elf/4.1.0/../../../../arm-elf/lib/thumb/interwork/libc.a(fclose.o)
 .debug_frame   0x000010ec       0x30 /usr/local/arm/lib/gcc/arm-elf/4.1.0/../../../../arm-elf/lib/thumb/interwork/libm.a(s_round.o)
 .debug_frame   0x0000111c       0x28 /usr/local/arm/lib/gcc/arm-elf/4.1.0/thumb/interwork/libgcc.a(_udivsi3.o)
 .debug_frame   0x00001144       0x28 /usr/local/arm/lib/gcc/arm-elf/4.1.0/thumb/interwork/libgcc.a(_divsi3.o)
 .debug_frame   0x0000116c       0x28 /usr/local/arm/lib/gcc/arm-elf/4.1.0/thumb/interwork/libgcc.a(_umodsi3.o)
 .debug_frame   0x00001194       0x28 /usr/local/arm/lib/gcc/arm-elf/4.1.0/thumb/interwork/libgcc.a(_modsi3.o)
 .debug_frame   0x000011bc       0x2c /usr/local/arm/lib/gcc/arm-elf/4.1.0/thumb/interwork/libgcc.a(_fixunsdfsi.o)
 .debug_frame   0x000011e8       0xb4 /usr/local/arm/lib/gcc/arm-elf/4.1.0/thumb/interwork/libgcc.a(_addsub_df.o)
 .debug_frame   0x0000129c       0x74 /usr/local/arm/lib/gcc/arm-elf/4.1.0/thumb/interwork/libgcc.a(_mul_df.o)
 .debug_frame   0x00001310       0x70 /usr/local/arm/lib/gcc/arm-elf/4.1.0/thumb/interwork/libgcc.a(_div_df.o)
 .debug_frame   0x00001380       0x3c /usr/local/arm/lib/gcc/arm-elf/4.1.0/thumb/interwork/libgcc.a(_eq_df.o)
 .debug_frame   0x000013bc       0x3c /usr/local/arm/lib/gcc/arm-elf/4.1.0/thumb/interwork/libgcc.a(_ne_df.o)
 .debug_frame   0x000013f8       0x3c /usr/local/arm/lib/gcc/arm-elf/4.1.0/thumb/interwork/libgcc.a(_gt_df.o)
 .debug_frame   0x00001434       0x3c /usr/local/arm/lib/gcc/arm-elf/4.1.0/thumb/interwork/libgcc.a(_ge_df.o)
 .debug_frame   0x00001470       0x3c /usr/local/arm/lib/gcc/arm-elf/4.1.0/thumb/interwork/libgcc.a(_lt_df.o)
 .debug_frame   0x000014ac       0x2c /usr/local/arm/lib/gcc/arm-elf/4.1.0/thumb/interwork/libgcc.a(_si_to_df.o)
 .debug_frame   0x000014d8       0x60 /usr/local/arm/lib/gcc/arm-elf/4.1.0/thumb/interwork/libgcc.a(_df_to_si.o)
 .debug_frame   0x00001538       0x38 /usr/local/arm/lib/gcc/arm-elf/4.1.0/thumb/interwork/libgcc.a(_muldi3.o)
 .debug_frame   0x00001570       0x60 /usr/local/arm/lib/gcc/arm-elf/4.1.0/thumb/interwork/libgcc.a(_pack_df.o)
 .debug_frame   0x000015d0       0x30 /usr/local/arm/lib/gcc/arm-elf/4.1.0/thumb/interwork/libgcc.a(_unpack_df.o)
 .debug_frame   0x00001600       0x5c /usr/local/arm/lib/gcc/arm-elf/4.1.0/thumb/interwork/libgcc.a(_fpcmp_parts_df.o)

.debug_str      0x00000000     0x2f63
 *(.debug_str)
 .debug_str     0x00000000      0xbea main.o
                                0xc72 (size before relaxing)
 .debug_str     0x00000bea       0x23 Cstartup_SAM7.o
                                0x177 (size before relaxing)
 .debug_str     0x00000c0d      0x5d5 syscalls.o
                                0x72e (size before relaxing)
 .debug_str     0x000011e2      0x19f cdc_enumerate.o
                                0x362 (size before relaxing)
 .debug_str     0x00001381      0x187 adc.o
                                0x2d6 (size before relaxing)
 .debug_str     0x00001508       0x8e pwm.o
                                0x29d (size before relaxing)
 .debug_str     0x00001596       0x40 aic.o
                                 0xcb (size before relaxing)
 .debug_str     0x000015d6       0x40 async.o
                                 0xda (size before relaxing)
 .debug_str     0x00001616       0x20 delay.o
                                 0x8c (size before relaxing)
 .debug_str     0x00001636       0x17 util_math.o
                                 0x98 (size before relaxing)
 .debug_str     0x0000164d       0xa7 /usr/local/arm/lib/gcc/arm-elf/4.1.0/../../../../arm-elf/lib/thumb/interwork/libc.a(atoi.o)
                                0x4c5 (size before relaxing)
 .debug_str     0x000016f4       0xca /usr/local/arm/lib/gcc/arm-elf/4.1.0/../../../../arm-elf/lib/thumb/interwork/libc.a(memcpy.o)
                                 0xfd (size before relaxing)
 .debug_str     0x000017be       0xbd /usr/local/arm/lib/gcc/arm-elf/4.1.0/../../../../arm-elf/lib/thumb/interwork/libc.a(sprintf.o)
                                0x500 (size before relaxing)
 .debug_str     0x0000187b       0x4d /usr/local/arm/lib/gcc/arm-elf/4.1.0/../../../../arm-elf/lib/thumb/interwork/libc.a(strcmp.o)
                                0x12c (size before relaxing)
 .debug_str     0x000018c8       0x4d /usr/local/arm/lib/gcc/arm-elf/4.1.0/../../../../arm-elf/lib/thumb/interwork/libc.a(strcpy.o)
                                0x14e (size before relaxing)
 .debug_str     0x00001915       0x60 /usr/local/arm/lib/gcc/arm-elf/4.1.0/../../../../arm-elf/lib/thumb/interwork/libc.a(strlen.o)
                                0x146 (size before relaxing)
 .debug_str     0x00001975       0x4d /usr/local/arm/lib/gcc/arm-elf/4.1.0/../../../../arm-elf/lib/thumb/interwork/libc.a(strtok.o)
                                0x4d3 (size before relaxing)
 .debug_str     0x000019c2       0x77 /usr/local/arm/lib/gcc/arm-elf/4.1.0/../../../../arm-elf/lib/thumb/interwork/libc.a(strtok_r.o)
                                0x165 (size before relaxing)
 .debug_str     0x00001a39       0x7d /usr/local/arm/lib/gcc/arm-elf/4.1.0/../../../../arm-elf/lib/thumb/interwork/libc.a(strtol.o)
                                0x507 (size before relaxing)
 .debug_str     0x00001ab6      0x1ae /usr/local/arm/lib/gcc/arm-elf/4.1.0/../../../../arm-elf/lib/thumb/interwork/libc.a(vfprintf.o)
                                0x6d1 (size before relaxing)
 .debug_str     0x00001c64       0x61 /usr/local/arm/lib/gcc/arm-elf/4.1.0/../../../../arm-elf/lib/thumb/interwork/libc.a(wcrtomb.o)
                                0x506 (size before relaxing)
 .debug_str     0x00001cc5       0x6a /usr/local/arm/lib/gcc/arm-elf/4.1.0/../../../../arm-elf/lib/thumb/interwork/libc.a(wcsrtombs.o)
                                0x51b (size before relaxing)
 .debug_str     0x00001d2f       0x6f /usr/local/arm/lib/gcc/arm-elf/4.1.0/../../../../arm-elf/lib/thumb/interwork/libc.a(wctomb_r.o)
                                0x4fb (size before relaxing)
 .debug_str     0x00001d9e       0x4f /usr/local/arm/lib/gcc/arm-elf/4.1.0/../../../../arm-elf/lib/thumb/interwork/libc.a(wsetup.o)
                                0x4df (size before relaxing)
 .debug_str     0x00001ded       0xa2 /usr/local/arm/lib/gcc/arm-elf/4.1.0/../../../../arm-elf/lib/thumb/interwork/libc.a(ctype_.o)
                                 0xd1 (size before relaxing)
 .debug_str     0x00001e8f      0x10d /usr/local/arm/lib/gcc/arm-elf/4.1.0/../../../../arm-elf/lib/thumb/interwork/libc.a(dtoa.o)
                                0x5d6 (size before relaxing)
 .debug_str     0x00001f9c       0x5f /usr/local/arm/lib/gcc/arm-elf/4.1.0/../../../../arm-elf/lib/thumb/interwork/libc.a(fflush.o)
                                0x4ef (size before relaxing)
 .debug_str     0x00001ffb      0x10d /usr/local/arm/lib/gcc/arm-elf/4.1.0/../../../../arm-elf/lib/thumb/interwork/libc.a(findfp.o)
                                0x5c9 (size before relaxing)
 .debug_str     0x00002108      0x166 /usr/local/arm/lib/gcc/arm-elf/4.1.0/../../../../arm-elf/lib/thumb/interwork/libc.a(freer.o)
                                0x618 (size before relaxing)
 .debug_str     0x0000226e       0x67 /usr/local/arm/lib/gcc/arm-elf/4.1.0/../../../../arm-elf/lib/thumb/interwork/libc.a(fvwrite.o)
                                0x53a (size before relaxing)
 .debug_str     0x000022d5       0x69 /usr/local/arm/lib/gcc/arm-elf/4.1.0/../../../../arm-elf/lib/thumb/interwork/libc.a(fwalk.o)
                                0x50a (size before relaxing)
 .debug_str     0x0000233e       0xa6 /usr/local/arm/lib/gcc/arm-elf/4.1.0/../../../../arm-elf/lib/thumb/interwork/libc.a(impure.o)
                                0x4e3 (size before relaxing)
 .debug_str     0x000023e4      0x1ef /usr/local/arm/lib/gcc/arm-elf/4.1.0/../../../../arm-elf/lib/thumb/interwork/libc.a(locale.o)
                                0x672 (size before relaxing)
 .debug_str     0x000025d3       0x5c /usr/local/arm/lib/gcc/arm-elf/4.1.0/../../../../arm-elf/lib/thumb/interwork/libc.a(makebuf.o)
                                0x5c6 (size before relaxing)
 .debug_str     0x0000262f       0xe9 /usr/local/arm/lib/gcc/arm-elf/4.1.0/../../../../arm-elf/lib/thumb/interwork/libc.a(mallocr.o)
                                0x6c6 (size before relaxing)
 .debug_str     0x00002718       0x62 /usr/local/arm/lib/gcc/arm-elf/4.1.0/../../../../arm-elf/lib/thumb/interwork/libc.a(memchr.o)
                                0x154 (size before relaxing)
 .debug_str     0x0000277a       0x58 /usr/local/arm/lib/gcc/arm-elf/4.1.0/../../../../arm-elf/lib/thumb/interwork/libc.a(memmove.o)
                                0x166 (size before relaxing)
 .debug_str     0x000027d2       0x4d /usr/local/arm/lib/gcc/arm-elf/4.1.0/../../../../arm-elf/lib/thumb/interwork/libc.a(memset.o)
                                0x147 (size before relaxing)
 .debug_str     0x0000281f       0x78 /usr/local/arm/lib/gcc/arm-elf/4.1.0/../../../../arm-elf/lib/thumb/interwork/libc.a(mlock.o)
                                0x4ec (size before relaxing)
 .debug_str     0x00002897       0xde /usr/local/arm/lib/gcc/arm-elf/4.1.0/../../../../arm-elf/lib/thumb/interwork/libc.a(mprec.o)
                                0x5be (size before relaxing)
 .debug_str     0x00002975       0x61 /usr/local/arm/lib/gcc/arm-elf/4.1.0/../../../../arm-elf/lib/thumb/interwork/libc.a(reallocr.o)
                                0x598 (size before relaxing)
 .debug_str     0x000029d6       0xa9 /usr/local/arm/lib/gcc/arm-elf/4.1.0/../../../../arm-elf/lib/thumb/interwork/libc.a(s_isinf.o)
                                0x157 (size before relaxing)
 .debug_str     0x00002a7f       0x4b /usr/local/arm/lib/gcc/arm-elf/4.1.0/../../../../arm-elf/lib/thumb/interwork/libc.a(s_isnan.o)
                                0x157 (size before relaxing)
 .debug_str     0x00002aca       0x6d /usr/local/arm/lib/gcc/arm-elf/4.1.0/../../../../arm-elf/lib/thumb/interwork/libc.a(stdio.o)
                                0x512 (size before relaxing)
 .debug_str     0x00002b37       0x19 /usr/local/arm/lib/gcc/arm-elf/4.1.0/../../../../arm-elf/lib/thumb/interwork/libc.a(callocr.o)
                                0x517 (size before relaxing)
 .debug_str     0x00002b50       0x56 /usr/local/arm/lib/gcc/arm-elf/4.1.0/../../../../arm-elf/lib/thumb/interwork/libc.a(fclose.o)
                                0x4eb (size before relaxing)
 .debug_str     0x00002ba6       0xe0 /usr/local/arm/lib/gcc/arm-elf/4.1.0/../../../../arm-elf/lib/thumb/interwork/libm.a(s_round.o)
                                0x1af (size before relaxing)
 .debug_str     0x00002c86       0x8a /usr/local/arm/lib/gcc/arm-elf/4.1.0/thumb/interwork/libgcc.a(_fixunsdfsi.o)
                                0x127 (size before relaxing)
 .debug_str     0x00002d10      0x126 /usr/local/arm/lib/gcc/arm-elf/4.1.0/thumb/interwork/libgcc.a(_addsub_df.o)
                                0x220 (size before relaxing)
 .debug_str     0x00002e36       0x45 /usr/local/arm/lib/gcc/arm-elf/4.1.0/thumb/interwork/libgcc.a(_mul_df.o)
                                0x1f8 (size before relaxing)
 .debug_str     0x00002e7b       0x35 /usr/local/arm/lib/gcc/arm-elf/4.1.0/thumb/interwork/libgcc.a(_div_df.o)
                                0x1e8 (size before relaxing)
 .debug_str     0x00002eb0        0x8 /usr/local/arm/lib/gcc/arm-elf/4.1.0/thumb/interwork/libgcc.a(_eq_df.o)
                                0x1b5 (size before relaxing)
 .debug_str     0x00002eb8        0x8 /usr/local/arm/lib/gcc/arm-elf/4.1.0/thumb/interwork/libgcc.a(_ne_df.o)
                                0x1b5 (size before relaxing)
 .debug_str     0x00002ec0        0x8 /usr/local/arm/lib/gcc/arm-elf/4.1.0/thumb/interwork/libgcc.a(_gt_df.o)
                                0x1b5 (size before relaxing)
 .debug_str     0x00002ec8        0x8 /usr/local/arm/lib/gcc/arm-elf/4.1.0/thumb/interwork/libgcc.a(_ge_df.o)
                                0x1b5 (size before relaxing)
 .debug_str     0x00002ed0        0x8 /usr/local/arm/lib/gcc/arm-elf/4.1.0/thumb/interwork/libgcc.a(_lt_df.o)
                                0x1b5 (size before relaxing)
 .debug_str     0x00002ed8        0xc /usr/local/arm/lib/gcc/arm-elf/4.1.0/thumb/interwork/libgcc.a(_si_to_df.o)
                                0x183 (size before relaxing)
 .debug_str     0x00002ee4        0xa /usr/local/arm/lib/gcc/arm-elf/4.1.0/thumb/interwork/libgcc.a(_df_to_si.o)
                                0x1be (size before relaxing)
 .debug_str     0x00002eee        0x0 /usr/local/arm/lib/gcc/arm-elf/4.1.0/thumb/interwork/libgcc.a(_thenan_df.o)
                                0x15a (size before relaxing)
 .debug_str     0x00002eee       0x42 /usr/local/arm/lib/gcc/arm-elf/4.1.0/thumb/interwork/libgcc.a(_muldi3.o)
                                0x168 (size before relaxing)
 .debug_str     0x00002f30       0x10 /usr/local/arm/lib/gcc/arm-elf/4.1.0/thumb/interwork/libgcc.a(_pack_df.o)
                                0x1bd (size before relaxing)
 .debug_str     0x00002f40       0x13 /usr/local/arm/lib/gcc/arm-elf/4.1.0/thumb/interwork/libgcc.a(_unpack_df.o)
                                0x1a7 (size before relaxing)
 .debug_str     0x00002f53       0x10 /usr/local/arm/lib/gcc/arm-elf/4.1.0/thumb/interwork/libgcc.a(_fpcmp_parts_df.o)
                                0x17d (size before relaxing)

.debug_loc      0x00000000     0xb030
 *(.debug_loc)
 .debug_loc     0x00000000      0x6fb main.o
 .debug_loc     0x000006fb      0x1b6 syscalls.o
 .debug_loc     0x000008b1      0x4e0 cdc_enumerate.o
 .debug_loc     0x00000d91      0x1f8 pwm.o
 .debug_loc     0x00000f89       0x32 aic.o
 .debug_loc     0x00000fbb       0x13 async.o
 .debug_loc     0x00000fce       0x3d delay.o
 .debug_loc     0x0000100b       0x44 util_math.o
 .debug_loc     0x0000104f       0x77 /usr/local/arm/lib/gcc/arm-elf/4.1.0/../../../../arm-elf/lib/thumb/interwork/libc.a(atoi.o)
 .debug_loc     0x000010c6      0x151 /usr/local/arm/lib/gcc/arm-elf/4.1.0/../../../../arm-elf/lib/thumb/interwork/libc.a(memcpy.o)
 .debug_loc     0x00001217       0xa9 /usr/local/arm/lib/gcc/arm-elf/4.1.0/../../../../arm-elf/lib/thumb/interwork/libc.a(sprintf.o)
 .debug_loc     0x000012c0       0xb8 /usr/local/arm/lib/gcc/arm-elf/4.1.0/../../../../arm-elf/lib/thumb/interwork/libc.a(strcmp.o)
 .debug_loc     0x00001378       0xd3 /usr/local/arm/lib/gcc/arm-elf/4.1.0/../../../../arm-elf/lib/thumb/interwork/libc.a(strcpy.o)
 .debug_loc     0x0000144b       0x5b /usr/local/arm/lib/gcc/arm-elf/4.1.0/../../../../arm-elf/lib/thumb/interwork/libc.a(strlen.o)
 .debug_loc     0x000014a6       0x45 /usr/local/arm/lib/gcc/arm-elf/4.1.0/../../../../arm-elf/lib/thumb/interwork/libc.a(strtok.o)
 .debug_loc     0x000014eb      0x1a4 /usr/local/arm/lib/gcc/arm-elf/4.1.0/../../../../arm-elf/lib/thumb/interwork/libc.a(strtok_r.o)
 .debug_loc     0x0000168f      0x31d /usr/local/arm/lib/gcc/arm-elf/4.1.0/../../../../arm-elf/lib/thumb/interwork/libc.a(strtol.o)
 .debug_loc     0x000019ac     0x1d2e /usr/local/arm/lib/gcc/arm-elf/4.1.0/../../../../arm-elf/lib/thumb/interwork/libc.a(vfprintf.o)