Archive member included because of file (symbol)

/home/maska/ATMEL/arm-gnu-toolchain-linux-2/bin/../lib/gcc/arm-elf/4.1.0/../../../../arm-elf/lib/thumb/interwork/libc.a(atoi.o)
                              main.o (atoi)
/home/maska/ATMEL/arm-gnu-toolchain-linux-2/bin/../lib/gcc/arm-elf/4.1.0/../../../../arm-elf/lib/thumb/interwork/libc.a(memcpy.o)
                              main.o (memcpy)
/home/maska/ATMEL/arm-gnu-toolchain-linux-2/bin/../lib/gcc/arm-elf/4.1.0/../../../../arm-elf/lib/thumb/interwork/libc.a(sprintf.o)
                              main.o (sprintf)
/home/maska/ATMEL/arm-gnu-toolchain-linux-2/bin/../lib/gcc/arm-elf/4.1.0/../../../../arm-elf/lib/thumb/interwork/libc.a(strcmp.o)
                              main.o (strcmp)
/home/maska/ATMEL/arm-gnu-toolchain-linux-2/bin/../lib/gcc/arm-elf/4.1.0/../../../../arm-elf/lib/thumb/interwork/libc.a(strcpy.o)
                              main.o (strcpy)
/home/maska/ATMEL/arm-gnu-toolchain-linux-2/bin/../lib/gcc/arm-elf/4.1.0/../../../../arm-elf/lib/thumb/interwork/libc.a(strlen.o)
                              main.o (strlen)
/home/maska/ATMEL/arm-gnu-toolchain-linux-2/bin/../lib/gcc/arm-elf/4.1.0/../../../../arm-elf/lib/thumb/interwork/libc.a(strtok.o)
                              main.o (strtok)
/home/maska/ATMEL/arm-gnu-toolchain-linux-2/bin/../lib/gcc/arm-elf/4.1.0/../../../../arm-elf/lib/thumb/interwork/libc.a(strtok_r.o)
                              /home/maska/ATMEL/arm-gnu-toolchain-linux-2/bin/../lib/gcc/arm-elf/4.1.0/../../../../arm-elf/lib/thumb/interwork/libc.a(strtok.o) (__strtok_r)
/home/maska/ATMEL/arm-gnu-toolchain-linux-2/bin/../lib/gcc/arm-elf/4.1.0/../../../../arm-elf/lib/thumb/interwork/libc.a(strtol.o)
                              /home/maska/ATMEL/arm-gnu-toolchain-linux-2/bin/../lib/gcc/arm-elf/4.1.0/../../../../arm-elf/lib/thumb/interwork/libc.a(atoi.o) (_strtol_r)
/home/maska/ATMEL/arm-gnu-toolchain-linux-2/bin/../lib/gcc/arm-elf/4.1.0/../../../../arm-elf/lib/thumb/interwork/libc.a(vfprintf.o)
                              /home/maska/ATMEL/arm-gnu-toolchain-linux-2/bin/../lib/gcc/arm-elf/4.1.0/../../../../arm-elf/lib/thumb/interwork/libc.a(sprintf.o) (_vfprintf_r)
/home/maska/ATMEL/arm-gnu-toolchain-linux-2/bin/../lib/gcc/arm-elf/4.1.0/../../../../arm-elf/lib/thumb/interwork/libc.a(wcrtomb.o)
                              /home/maska/ATMEL/arm-gnu-toolchain-linux-2/bin/../lib/gcc/arm-elf/4.1.0/../../../../arm-elf/lib/thumb/interwork/libc.a(vfprintf.o) (_wcrtomb_r)
/home/maska/ATMEL/arm-gnu-toolchain-linux-2/bin/../lib/gcc/arm-elf/4.1.0/../../../../arm-elf/lib/thumb/interwork/libc.a(wcsrtombs.o)
                              /home/maska/ATMEL/arm-gnu-toolchain-linux-2/bin/../lib/gcc/arm-elf/4.1.0/../../../../arm-elf/lib/thumb/interwork/libc.a(vfprintf.o) (_wcsrtombs_r)
/home/maska/ATMEL/arm-gnu-toolchain-linux-2/bin/../lib/gcc/arm-elf/4.1.0/../../../../arm-elf/lib/thumb/interwork/libc.a(wctomb_r.o)
                              /home/maska/ATMEL/arm-gnu-toolchain-linux-2/bin/../lib/gcc/arm-elf/4.1.0/../../../../arm-elf/lib/thumb/interwork/libc.a(wcrtomb.o) (_wctomb_r)
/home/maska/ATMEL/arm-gnu-toolchain-linux-2/bin/../lib/gcc/arm-elf/4.1.0/../../../../arm-elf/lib/thumb/interwork/libc.a(wsetup.o)
                              /home/maska/ATMEL/arm-gnu-toolchain-linux-2/bin/../lib/gcc/arm-elf/4.1.0/../../../../arm-elf/lib/thumb/interwork/libc.a(vfprintf.o) (__swsetup)
/home/maska/ATMEL/arm-gnu-toolchain-linux-2/bin/../lib/gcc/arm-elf/4.1.0/../../../../arm-elf/lib/thumb/interwork/libc.a(ctype_.o)
                              /home/maska/ATMEL/arm-gnu-toolchain-linux-2/bin/../lib/gcc/arm-elf/4.1.0/../../../../arm-elf/lib/thumb/interwork/libc.a(strtol.o) (__ctype_ptr)
/home/maska/ATMEL/arm-gnu-toolchain-linux-2/bin/../lib/gcc/arm-elf/4.1.0/../../../../arm-elf/lib/thumb/interwork/libc.a(dtoa.o)
                              /home/maska/ATMEL/arm-gnu-toolchain-linux-2/bin/../lib/gcc/arm-elf/4.1.0/../../../../arm-elf/lib/thumb/interwork/libc.a(vfprintf.o) (_dtoa_r)
/home/maska/ATMEL/arm-gnu-toolchain-linux-2/bin/../lib/gcc/arm-elf/4.1.0/../../../../arm-elf/lib/thumb/interwork/libc.a(fflush.o)
                              /home/maska/ATMEL/arm-gnu-toolchain-linux-2/bin/../lib/gcc/arm-elf/4.1.0/../../../../arm-elf/lib/thumb/interwork/libc.a(vfprintf.o) (fflush)
/home/maska/ATMEL/arm-gnu-toolchain-linux-2/bin/../lib/gcc/arm-elf/4.1.0/../../../../arm-elf/lib/thumb/interwork/libc.a(findfp.o)
                              /home/maska/ATMEL/arm-gnu-toolchain-linux-2/bin/../lib/gcc/arm-elf/4.1.0/../../../../arm-elf/lib/thumb/interwork/libc.a(vfprintf.o) (__sinit)
/home/maska/ATMEL/arm-gnu-toolchain-linux-2/bin/../lib/gcc/arm-elf/4.1.0/../../../../arm-elf/lib/thumb/interwork/libc.a(freer.o)
                              /home/maska/ATMEL/arm-gnu-toolchain-linux-2/bin/../lib/gcc/arm-elf/4.1.0/../../../../arm-elf/lib/thumb/interwork/libc.a(vfprintf.o) (_free_r)
[...]
Memory Configuration

Name             Origin             Length             Attributes
CODE             0x00100000         0x00010000         xr
DATA             0x00200000         0x00004000         rw
STACK            0x00204000         0x00000000         rw
*default*        0x00000000         0xffffffff

Linker script and memory map

LOAD Cstartup.o
LOAD main.o
LOAD Cstartup_SAM7.o
LOAD syscalls.o
LOAD cdc_enumerate.o
LOAD adc.o
LOAD pwm.o
LOAD aic.o
LOAD async.o
LOAD delay.o
LOAD util_math.o
LOAD /home/maska/ATMEL/arm-gnu-toolchain-linux-2/bin/../lib/gcc/arm-elf/4.1.0/../../../../arm-elf/lib/thumb/interwork/libc.a
LOAD /home/maska/ATMEL/arm-gnu-toolchain-linux-2/bin/../lib/gcc/arm-elf/4.1.0/../../../../arm-elf/lib/thumb/interwork/libm.a
LOAD /home/maska/ATMEL/arm-gnu-toolchain-linux-2/bin/../lib/gcc/arm-elf/4.1.0/../../../../arm-elf/lib/thumb/interwork/libc.a
LOAD /home/maska/ATMEL/arm-gnu-toolchain-linux-2/bin/../lib/gcc/arm-elf/4.1.0/thumb/interwork/libgcc.a
START GROUP
LOAD /home/maska/ATMEL/arm-gnu-toolchain-linux-2/bin/../lib/gcc/arm-elf/4.1.0/thumb/interwork/libgcc.a
LOAD /home/maska/ATMEL/arm-gnu-toolchain-linux-2/bin/../lib/gcc/arm-elf/4.1.0/../../../../arm-elf/lib/thumb/interwork/libg.a
LOAD /home/maska/ATMEL/arm-gnu-toolchain-linux-2/bin/../lib/gcc/arm-elf/4.1.0/../../../../arm-elf/lib/thumb/interwork/libc.a
END GROUP
                0x00000000                . = 0x0

.text           0x00100000     0x94b0
 *Cstartup.o(.text)
 .text          0x00100000      0x13c Cstartup.o
                0x001000bc                IRQ_Handler_Entry
                0x0010010c                AT91F_Default_FIQ_handler
                0x00100000                _startup
                0x00100110                AT91F_Default_IRQ_handler
                0x00100114                AT91F_Spurious_handler
                0x001000b8                exit
 *(.text)
 .text          0x0010013c     0x2128 main.o
                0x0010025c                getLink3Position
                0x0010017c                FIQHandler
                0x001001e8                getLink1Position
                0x001001f8                getLink2Position
                0x001005fc                setLink3Position
                0x00100334                getGripperGraspPosition
                0x001003bc                isObjectGrasped
                0x00100460                isObjectDetected
                0x00100500                setGripperGrasp
                0x00100208                AT91FUSBOpen
                0x00100180                getCDCMEssage
                0x00100378                getGripperRotation
                0x00100dcc                main
                0x001002a0                stopAllManipulatorDrives
                0x00100a38                setGripperRotation
                0x00100898                setLink1Position
                0x001006f8                setLink2Position
                0x00100174                IRQ0Handler
                0x00100178                IRQ1Handler
 .text          0x00102264       0xdc Cstartup_SAM7.o
                0x00102264                AT91F_LowLevelInit
 .text          0x00102340      0x124 syscalls.o
                0x00102418                _lseek_r
                0x00102420                _fstat_r
                0x00102430                isatty
                0x00102438                _sbrk_r
                0x00102364                _read_r
                0x00102410                _close_r
                0x001023cc                _write_r
 .text          0x00102464      0x724 cdc_enumerate.o
                0x00102564                AT91F_USB_SendZlp
                0x00102598                AT91F_USB_SendStall
                0x00102464                AT91F_CDC_Open
 .text          0x00102b88      0x158 adc.o
                0x00102cb8                getValueChannel6
                0x00102c18                getValueChannel1
                0x00102b88                InitADC
                0x00102c90                getValueChannel5
                0x00102bf0                getValueChannel0
                0x00102c40                getValueChannel2
                0x00102c68                getValueChannel4
 .text          0x00102ce0      0x12c pwm.o
                0x00102d98                pwmDutySet_u8
                0x00102ce0                pwmFreqSet
                0x00102dcc                pwmDutySetPercent
 .text          0x00102e0c       0x58 aic.o
                0x00102e50                AIC_DisableIT
                0x00102e3c                AIC_EnableIT
                0x00102e0c                AIC_ConfigureIT
 .text          0x00102e64       0x10 async.o
                0x00102e64                ASYNC_IsFinished
 .text          0x00102e74       0x7c delay.o
                0x00102e74                delay_us
                0x00102eb8                delay_ms
 .text          0x00102ef0       0x38 util_math.o
                0x00102f08                power
                0x00102efc                absv
                0x00102ef0                min
 .text          0x00102f28       0x20 /home/maska/ATMEL/arm-gnu-toolchain-linux-2/bin/../lib/gcc/arm-elf/4.1.0/../../../../arm-elf/lib/thumb/interwork/libc.a(atoi.o)
                0x00102f28                _atoi_r
                0x00102f38                atoi
 .text          0x00102f48       0x64 /home/maska/ATMEL/arm-gnu-toolchain-linux-2/bin/../lib/gcc/arm-elf/4.1.0/../../../../arm-elf/lib/thumb/interwork/libc.a(memcpy.o)
                0x00102f48                memcpy
 .text          0x00102fac       0x84 /home/maska/ATMEL/arm-gnu-toolchain-linux-2/bin/../lib/gcc/arm-elf/4.1.0/../../../../arm-elf/lib/thumb/interwork/libc.a(sprintf.o)
                0x00102ff0                _sprintf_r
                0x00102fac                sprintf
 .text          0x00103030       0x68 /home/maska/ATMEL/arm-gnu-toolchain-linux-2/bin/../lib/gcc/arm-elf/4.1.0/../../../../arm-elf/lib/thumb/interwork/libc.a(strcmp.o)
                0x00103030                strcmp
 .text          0x00103098       0x50 /home/maska/ATMEL/arm-gnu-toolchain-linux-2/bin/../lib/gcc/arm-elf/4.1.0/../../../../arm-elf/lib/thumb/interwork/libc.a(strcpy.o)
                0x00103098                strcpy
 .text          0x001030e8       0x50 /home/maska/ATMEL/arm-gnu-toolchain-linux-2/bin/../lib/gcc/arm-elf/4.1.0/../../../../arm-elf/lib/thumb/interwork/libc.a(strlen.o)
                0x001030e8                strlen
 .text          0x00103138       0x18 /home/maska/ATMEL/arm-gnu-toolchain-linux-2/bin/../lib/gcc/arm-elf/4.1.0/../../../../arm-elf/lib/thumb/interwork/libc.a(strtok.o)
                0x00103138                strtok
 .text          0x00103150       0x7c /home/maska/ATMEL/arm-gnu-toolchain-linux-2/bin/../lib/gcc/arm-elf/4.1.0/../../../../arm-elf/lib/thumb/interwork/libc.a(strtok_r.o)
                0x001031c0                strtok_r
                0x00103150                __strtok_r
 .text          0x001031cc      0x168 /home/maska/ATMEL/arm-gnu-toolchain-linux-2/bin/../lib/gcc/arm-elf/4.1.0/../../../../arm-elf/lib/thumb/interwork/libc.a(strtol.o)
                0x00103314                strtol
                0x001031cc                _strtol_r
 .text          0x00103334     0x1a60 /home/maska/ATMEL/arm-gnu-toolchain-linux-2/bin/../lib/gcc/arm-elf/4.1.0/../../../../arm-elf/lib/thumb/interwork/libc.a(vfprintf.o)
                0x00103354                _vfprintf_r
                0x00104d74                vfprintf
 .text          0x00104d94       0x54 /home/maska/ATMEL/arm-gnu-toolchain-linux-2/bin/../lib/gcc/arm-elf/4.1.0/../../../../arm-elf/lib/thumb/interwork/libc.a(wcrtomb.o)
                0x00104d94                _wcrtomb_r
                0x00104dc8                wcrtomb
 .text          0x00104de8      0x10c /home/maska/ATMEL/arm-gnu-toolchain-linux-2/bin/../lib/gcc/arm-elf/4.1.0/../../../../arm-elf/lib/thumb/interwork/libc.a(wcsrtombs.o)
                0x00104de8                _wcsrtombs_r
                0x00104ecc                wcsrtombs
 .text          0x00104ef4      0x2b8 /home/maska/ATMEL/arm-gnu-toolchain-linux-2/bin/../lib/gcc/arm-elf/4.1.0/../../../../arm-elf/lib/thumb/interwork/libc.a(wctomb_r.o)
                0x00104ef4                _wctomb_r
 .text          0x001051ac       0xa0 /home/maska/ATMEL/arm-gnu-toolchain-linux-2/bin/../lib/gcc/arm-elf/4.1.0/../../../../arm-elf/lib/thumb/interwork/libc.a(wsetup.o)
                0x001051ac                __swsetup
 .text          0x0010524c      0xf28 /home/maska/ATMEL/arm-gnu-toolchain-linux-2/bin/../lib/gcc/arm-elf/4.1.0/../../../../arm-elf/lib/thumb/interwork/libc.a(dtoa.o)
                0x0010539c                _dtoa_r
 .text          0x00106174       0x90 /home/maska/ATMEL/arm-gnu-toolchain-linux-2/bin/../lib/gcc/arm-elf/4.1.0/../../../../arm-elf/lib/thumb/interwork/libc.a(fflush.o)
                0x00106174                fflush
 .text          0x00106204      0x1c4 /home/maska/ATMEL/arm-gnu-toolchain-linux-2/bin/../lib/gcc/arm-elf/4.1.0/../../../../arm-elf/lib/thumb/interwork/libc.a(findfp.o)
                0x0010624c                __sinit
                0x00106304                __sfmoreglue
                0x001062f0                _cleanup
                0x001062e0                _cleanup_r
                0x001062c8                __fp_lock_all
                0x0010623c                __sfp_lock_acquire
                0x0010633c                __sfp
                0x00106248                __sinit_lock_release
                0x001062b0                __fp_unlock_all
                0x00106240                __sfp_lock_release
                0x00106244                __sinit_lock_acquire
 .text          0x001063c8      0x268 /home/maska/ATMEL/arm-gnu-toolchain-linux-2/bin/../lib/gcc/arm-elf/4.1.0/../../../../arm-elf/lib/thumb/interwork/libc.a(freer.o)
                0x00106468                _free_r
                0x001063c8                _malloc_trim_r
 .text          0x00106630      0x298 /home/maska/ATMEL/arm-gnu-toolchain-linux-2/bin/../lib/gcc/arm-elf/4.1.0/../../../../arm-elf/lib/thumb/interwork/libc.a(fvwrite.o)
                0x00106630                __sfvwrite
 .text          0x001068c8       0xf0 /home/maska/ATMEL/arm-gnu-toolchain-linux-2/bin/../lib/gcc/arm-elf/4.1.0/../../../../arm-elf/lib/thumb/interwork/libc.a(fwalk.o)
                0x00106940                _fwalk
                0x001068c8                _fwalk_reent
 .text          0x001069b8       0x88 /home/maska/ATMEL/arm-gnu-toolchain-linux-2/bin/../lib/gcc/arm-elf/4.1.0/../../../../arm-elf/lib/thumb/interwork/libc.a(locale.o)
                0x001069e0                _setlocale_r
                0x001069b8                __locale_charset
                0x001069c4                _localeconv_r
                0x00106a24                setlocale
                0x001069cc                localeconv
 .text          0x00106a40       0xdc /home/maska/ATMEL/arm-gnu-toolchain-linux-2/bin/../lib/gcc/arm-elf/4.1.0/../../../../arm-elf/lib/thumb/interwork/libc.a(makebuf.o)
                0x00106a40                __smakebuf
 .text          0x00106b1c      0x538 /home/maska/ATMEL/arm-gnu-toolchain-linux-2/bin/../lib/gcc/arm-elf/4.1.0/../../../../arm-elf/lib/thumb/interwork/libc.a(mallocr.o)
                0x00106b1c                _malloc_r
 .text          0x00107054       0xbc /home/maska/ATMEL/arm-gnu-toolchain-linux-2/bin/../lib/gcc/arm-elf/4.1.0/../../../../arm-elf/lib/thumb/interwork/libc.a(memchr.o)
                0x00107054                memchr
 .text          0x00107110       0x8c /home/maska/ATMEL/arm-gnu-toolchain-linux-2/bin/../lib/gcc/arm-elf/4.1.0/../../../../arm-elf/lib/thumb/interwork/libc.a(memmove.o)
                0x00107110                memmove
 .text          0x0010719c       0x64 /home/maska/ATMEL/arm-gnu-toolchain-linux-2/bin/../lib/gcc/arm-elf/4.1.0/../../../../arm-elf/lib/thumb/interwork/libc.a(memset.o)
                0x0010719c                memset
 .text          0x00107200        0x8 /home/maska/ATMEL/arm-gnu-toolchain-linux-2/bin/../lib/gcc/arm-elf/4.1.0/../../../../arm-elf/lib/thumb/interwork/libc.a(mlock.o)
                0x00107204                __malloc_unlock
                0x00107200                __malloc_lock
 .text          0x00107208      0x8c0 /home/maska/ATMEL/arm-gnu-toolchain-linux-2/bin/../lib/gcc/arm-elf/4.1.0/../../../../arm-elf/lib/thumb/interwork/libc.a(mprec.o)
                0x00107480                _mprec_log10
                0x00107220                _hi0bits
                0x001074c0                _Balloc
                0x0010751c                _d2b
                0x00107798                _multiply
                0x0010742c                _ratio
                0x00107a38                _s2b
                0x001078e8                _i2b
                0x00107268                _lo0bits
                0x001072d4                __mcmp
                0x0010799c                _pow5mult
                0x00107314                _ulp
                0x00107364                _b2d
                0x00107900                _multadd
                0x00107604                __mdiff
                0x001076ec                _lshift
                0x00107208                _Bfree
 .text          0x00107ac8      0x3d8 /home/maska/ATMEL/arm-gnu-toolchain-linux-2/bin/../lib/gcc/arm-elf/4.1.0/../../../../arm-elf/lib/thumb/interwork/libc.a(reallocr.o)
                0x00107ac8                _realloc_r
 .text          0x00107ea0       0x24 /home/maska/ATMEL/arm-gnu-toolchain-linux-2/bin/../lib/gcc/arm-elf/4.1.0/../../../../arm-elf/lib/thumb/interwork/libc.a(s_isinf.o)
                0x00107ea0                isinf
 .text          0x00107ec4       0x1c /home/maska/ATMEL/arm-gnu-toolchain-linux-2/bin/../lib/gcc/arm-elf/4.1.0/../../../../arm-elf/lib/thumb/interwork/libc.a(s_isnan.o)
                0x00107ec4                isnan
 .text          0x00107ee0       0xd8 /home/maska/ATMEL/arm-gnu-toolchain-linux-2/bin/../lib/gcc/arm-elf/4.1.0/../../../../arm-elf/lib/thumb/interwork/libc.a(stdio.o)
                0x00107ef8                __sseek
                0x00107f80                __sread
                0x00107ee0                __sclose
                0x00107f38                __swrite
 .text          0x00107fb8       0x60 /home/maska/ATMEL/arm-gnu-toolchain-linux-2/bin/../lib/gcc/arm-elf/4.1.0/../../../../arm-elf/lib/thumb/interwork/libc.a(callocr.o)
                0x00107fb8                _calloc_r
 .text          0x00108018       0xbc /home/maska/ATMEL/arm-gnu-toolchain-linux-2/bin/../lib/gcc/arm-elf/4.1.0/../../../../arm-elf/lib/thumb/interwork/libc.a(fclose.o)
                0x00108018                _fclose_r
                0x001080bc                fclose
 .text          0x001080d4       0xc0 /home/maska/ATMEL/arm-gnu-toolchain-linux-2/bin/../lib/gcc/arm-elf/4.1.0/../../../../arm-elf/lib/thumb/interwork/libm.a(s_round.o)
                0x001080d4                round
 .text          0x00108194       0x8c /home/maska/ATMEL/arm-gnu-toolchain-linux-2/bin/../lib/gcc/arm-elf/4.1.0/thumb/interwork/libgcc.a(_udivsi3.o)
                0x00108194                __udivsi3
                0x00108194                __aeabi_uidiv
                0x00108210                __aeabi_uidivmod
 .text          0x00108220       0xa4 /home/maska/ATMEL/arm-gnu-toolchain-linux-2/bin/../lib/gcc/arm-elf/4.1.0/thumb/interwork/libgcc.a(_divsi3.o)
                0x00108220                __aeabi_idiv
                0x00108220                __divsi3
                0x001082b4                __aeabi_idivmod
 .text          0x001082c4       0xc8 /home/maska/ATMEL/arm-gnu-toolchain-linux-2/bin/../lib/gcc/arm-elf/4.1.0/thumb/interwork/libgcc.a(_umodsi3.o)
                0x001082c4                __umodsi3
 .text          0x0010838c       0xd8 /home/maska/ATMEL/arm-gnu-toolchain-linux-2/bin/../lib/gcc/arm-elf/4.1.0/thumb/interwork/libgcc.a(_modsi3.o)
                0x0010838c                __modsi3
 .text          0x00108464        0x4 /home/maska/ATMEL/arm-gnu-toolchain-linux-2/bin/../lib/gcc/arm-elf/4.1.0/thumb/interwork/libgcc.a(_dvmd_tls.o)
                0x00108464                __aeabi_ldiv0
                0x00108464                __div0
                0x00108464                __aeabi_idiv0
 .text          0x00108468       0x40 /home/maska/ATMEL/arm-gnu-toolchain-linux-2/bin/../lib/gcc/arm-elf/4.1.0/thumb/interwork/libgcc.a(_fixunsdfsi.o)
                0x00108468                __fixunsdfsi
 .text          0x001084a8      0x328 /home/maska/ATMEL/arm-gnu-toolchain-linux-2/bin/../lib/gcc/arm-elf/4.1.0/thumb/interwork/libgcc.a(_addsub_df.o)
                0x00108798                __adddf3
                0x00108758                __subdf3
 .text          0x001087d0      0x2ac /home/maska/ATMEL/arm-gnu-toolchain-linux-2/bin/../lib/gcc/arm-elf/4.1.0/thumb/interwork/libgcc.a(_mul_df.o)
                0x00108808                __muldf3
 .text          0x00108a7c      0x1ac /home/maska/ATMEL/arm-gnu-toolchain-linux-2/bin/../lib/gcc/arm-elf/4.1.0/thumb/interwork/libgcc.a(_div_df.o)
                0x00108ab4                __divdf3
 .text          0x00108c28       0x58 /home/maska/ATMEL/arm-gnu-toolchain-linux-2/bin/../lib/gcc/arm-elf/4.1.0/thumb/interwork/libgcc.a(_eq_df.o)
                0x00108c38                __eqdf2
 .text          0x00108c80       0x58 /home/maska/ATMEL/arm-gnu-toolchain-linux-2/bin/../lib/gcc/arm-elf/4.1.0/thumb/interwork/libgcc.a(_ne_df.o)
                0x00108c90                __nedf2
 .text          0x00108cd8       0x58 /home/maska/ATMEL/arm-gnu-toolchain-linux-2/bin/../lib/gcc/arm-elf/4.1.0/thumb/interwork/libgcc.a(_gt_df.o)
                0x00108ce8                __gtdf2
 .text          0x00108d30       0x58 /home/maska/ATMEL/arm-gnu-toolchain-linux-2/bin/../lib/gcc/arm-elf/4.1.0/thumb/interwork/libgcc.a(_ge_df.o)
                0x00108d40                __gedf2
 .text          0x00108d88       0x58 /home/maska/ATMEL/arm-gnu-toolchain-linux-2/bin/../lib/gcc/arm-elf/4.1.0/thumb/interwork/libgcc.a(_lt_df.o)
                0x00108d98                __ltdf2
 .text          0x00108de0       0x8c /home/maska/ATMEL/arm-gnu-toolchain-linux-2/bin/../lib/gcc/arm-elf/4.1.0/thumb/interwork/libgcc.a(_si_to_df.o)
                0x00108de0                __floatsidf
 .text          0x00108e6c       0xb4 /home/maska/ATMEL/arm-gnu-toolchain-linux-2/bin/../lib/gcc/arm-elf/4.1.0/thumb/interwork/libgcc.a(_df_to_si.o)
                0x00108e9c                __fixdfsi
 .text          0x00108f20       0x84 /home/maska/ATMEL/arm-gnu-toolchain-linux-2/bin/../lib/gcc/arm-elf/4.1.0/thumb/interwork/libgcc.a(_muldi3.o)
                0x00108f20                __muldi3
 .text          0x00108fa4      0x290 /home/maska/ATMEL/arm-gnu-toolchain-linux-2/bin/../lib/gcc/arm-elf/4.1.0/thumb/interwork/libgcc.a(_pack_df.o)
                0x00108fd4                __pack_d
 .text          0x00109234       0xc4 /home/maska/ATMEL/arm-gnu-toolchain-linux-2/bin/../lib/gcc/arm-elf/4.1.0/thumb/interwork/libgcc.a(_unpack_df.o)
                0x00109234                __unpack_d
 .text          0x001092f8       0xf0 /home/maska/ATMEL/arm-gnu-toolchain-linux-2/bin/../lib/gcc/arm-elf/4.1.0/thumb/interwork/libgcc.a(_fpcmp_parts_df.o)
                0x00109328                __fpcmp_parts_d
 *(.glue_7t)
 .glue_7t       0x001093e8       0x38 /home/maska/ATMEL/arm-gnu-toolchain-linux-2/bin/../lib/gcc/arm-elf/4.1.0/thumb/interwork/libgcc.a(_fpcmp_parts_df.o)
                0x001093ec                ___sbrk_r_change_to_arm
                0x00109418                ___read_r_from_thumb
                0x001093f0                ___fstat_r_from_thumb
                0x001093fc                __isatty_change_to_arm
                0x00109404                ___close_r_change_to_arm
                0x0010941c                ___read_r_change_to_arm
                0x001093f4                ___fstat_r_change_to_arm
                0x0010940c                ___lseek_r_change_to_arm
                0x00109414                ___write_r_change_to_arm
                0x00109408                ___lseek_r_from_thumb
                0x00109400                ___close_r_from_thumb
                0x001093e8                ___sbrk_r_from_thumb
                0x00109410                ___write_r_from_thumb
                0x001093f8                __isatty_from_thumb
 *(.glue_7)
 .glue_7        0x00109420       0x90 /home/maska/ATMEL/arm-gnu-toolchain-linux-2/bin/../lib/gcc/arm-elf/4.1.0/thumb/interwork/libgcc.a(_fpcmp_parts_df.o)
                0x00109480                __strtok_from_arm
                0x00109498                __strcpy_from_arm
                0x00109474                __strlen_from_arm
                0x00109450                __round_from_arm
                0x0010942c                ____udivsi3_from_arm
                0x00109468                __sprintf_from_arm
                0x0010948c                __strcmp_from_arm
                0x00109420                __memcpy_from_arm
                0x001094a4                __atoi_from_arm
                0x0010945c                ____fixunsdfsi_from_arm
                0x00109444                ____adddf3_from_arm
                0x00109438                ____floatsidf_from_arm
                0x001094b0                . = ALIGN (0x4)

.rodata         0x001094b0      0x468
 *(.rodata)
 .rodata        0x001094b0       0x55 cdc_enumerate.o
                0x001094c2                cfgDescriptor
                0x001094b0                devDescriptor
 *fill*         0x00109505        0x3 00
 .rodata        0x00109508      0x184 /home/maska/ATMEL/arm-gnu-toolchain-linux-2/bin/../lib/gcc/arm-elf/4.1.0/../../../../arm-elf/lib/thumb/interwork/libc.a(vfprintf.o)
 .rodata        0x0010968c      0x101 /home/maska/ATMEL/arm-gnu-toolchain-linux-2/bin/../lib/gcc/arm-elf/4.1.0/../../../../arm-elf/lib/thumb/interwork/libc.a(ctype_.o)
                0x0010968c                _ctype_
 *fill*         0x0010978d        0x3 00
 .rodata        0x00109790       0x18 /home/maska/ATMEL/arm-gnu-toolchain-linux-2/bin/../lib/gcc/arm-elf/4.1.0/../../../../arm-elf/lib/thumb/interwork/libc.a(dtoa.o)
 .rodata        0x001097a8        0x4 /home/maska/ATMEL/arm-gnu-toolchain-linux-2/bin/../lib/gcc/arm-elf/4.1.0/../../../../arm-elf/lib/thumb/interwork/libc.a(impure.o)
                0x001097a8                _global_impure_ptr
 .rodata        0x001097ac       0x34 /home/maska/ATMEL/arm-gnu-toolchain-linux-2/bin/../lib/gcc/arm-elf/4.1.0/../../../../arm-elf/lib/thumb/interwork/libc.a(locale.o)
 .rodata        0x001097e0      0x124 /home/maska/ATMEL/arm-gnu-toolchain-linux-2/bin/../lib/gcc/arm-elf/4.1.0/../../../../arm-elf/lib/thumb/interwork/libc.a(mprec.o)
                0x001098d0                __mprec_tinytens
                0x001097e0                __mprec_tens
                0x001098a8                __mprec_bigtens
 .rodata        0x00109904       0x14 /home/maska/ATMEL/arm-gnu-toolchain-linux-2/bin/../lib/gcc/arm-elf/4.1.0/thumb/interwork/libgcc.a(_thenan_df.o)
                0x00109904                __thenan_df

.rodata.str1.4  0x00109918      0x6d7
 .rodata.str1.4
                0x00109918      0x637 main.o
                                0x650 (size before relaxing)
 *fill*         0x00109f4f        0x1 00
 .rodata.str1.4
                0x00109f50       0x5f /home/maska/ATMEL/arm-gnu-toolchain-linux-2/bin/../lib/gcc/arm-elf/4.1.0/../../../../arm-elf/lib/thumb/interwork/libc.a(vfprintf.o)
                                 0x64 (size before relaxing)
 *fill*         0x00109faf        0x1 00
 .rodata.str1.4
                0x00109fb0       0x1e /home/maska/ATMEL/arm-gnu-toolchain-linux-2/bin/../lib/gcc/arm-elf/4.1.0/../../../../arm-elf/lib/thumb/interwork/libc.a(wctomb_r.o)
                                 0x20 (size before relaxing)
 *fill*         0x00109fce        0x2 00
 .rodata.str1.4
                0x00109fd0       0x10 /home/maska/ATMEL/arm-gnu-toolchain-linux-2/bin/../lib/gcc/arm-elf/4.1.0/../../../../arm-elf/lib/thumb/interwork/libc.a(dtoa.o)
                                 0x14 (size before relaxing)
 .rodata.str1.4
                0x00109fe0        0x2 /home/maska/ATMEL/arm-gnu-toolchain-linux-2/bin/../lib/gcc/arm-elf/4.1.0/../../../../arm-elf/lib/thumb/interwork/libc.a(impure.o)
                                  0x4 (size before relaxing)
 *fill*         0x00109fe2        0x2 00
 .rodata.str1.4
                0x00109fe4        0xb /home/maska/ATMEL/arm-gnu-toolchain-linux-2/bin/../lib/gcc/arm-elf/4.1.0/../../../../arm-elf/lib/thumb/interwork/libc.a(locale.o)
                                 0x18 (size before relaxing)
                0x00109ff0                . = ALIGN (0x4)
                0x00109ff0                _etext = .
                0x00109ff0                PROVIDE (etext, .)

.data           0x00200000      0x874 load address 0x00109ff0
                0x00200000                _data = .
 *(.data)
 .data          0x00200000       0x3c main.o
                0x00200030                gripperClosedThreshold
                0x00200008                link1Range
                0x00200004                link1Initial
                0x00200000                link1lowerThreshold
                0x0020002c                gripperOpenedThreshold
                0x00200018                link2Range
                0x00200038                gripperObjectDetectedThreshold
                0x0020000c                link2upperThreshold
                0x0020001c                link3upperThreshold
                0x00200028                gripperRotateRange
                0x00200020                gripperRotateCWThreshold
                0x00200014                link2Initial
                0x00200024                gripperRotateCWWThreshold
                0x00200034                gripperContactThreshold
                0x00200010                link2lowerThreshold
 .data          0x0020003c        0x8 cdc_enumerate.o
                0x0020003c                line
 .data          0x00200044        0x8 adc.o
                0x00200048                a_pPMC
                0x00200044                a_pADC
 .data          0x0020004c        0x4 /home/maska/ATMEL/arm-gnu-toolchain-linux-2/bin/../lib/gcc/arm-elf/4.1.0/../../../../arm-elf/lib/thumb/interwork/libc.a(ctype_.o)
                0x0020004c                __ctype_ptr
 .data          0x00200050      0x404 /home/maska/ATMEL/arm-gnu-toolchain-linux-2/bin/../lib/gcc/arm-elf/4.1.0/../../../../arm-elf/lib/thumb/interwork/libc.a(impure.o)
                0x00200050                _impure_ptr
 .data          0x00200454       0x10 /home/maska/ATMEL/arm-gnu-toolchain-linux-2/bin/../lib/gcc/arm-elf/4.1.0/../../../../arm-elf/lib/thumb/interwork/libc.a(locale.o)
                0x00200454                __mb_cur_max
                0x00200458                __lc_ctype
 .data          0x00200464      0x410 /home/maska/ATMEL/arm-gnu-toolchain-linux-2/bin/../lib/gcc/arm-elf/4.1.0/../../../../arm-elf/lib/thumb/interwork/libc.a(mallocr.o)
                0x00200870                __malloc_sbrk_base
                0x00200464                __malloc_av_
                0x0020086c                __malloc_trim_threshold
                0x00200874                . = ALIGN (0x4)
                0x00200874                _edata = .
                0x00200874                PROVIDE (edata, .)

.bss            0x00200874     0x1208
                0x00200874                __bss_start = .
                0x00200874                __bss_start__ = .
 *(.bss)
 .bss           0x00200874       0x18 main.o
                0x00200878                link1upperThreshold
                0x0020087c                link3lowerThreshold
                0x00200880                link3Initial
                0x00200888                allManipulatorDrivesStopped
                0x00200874                input1Channel
                0x00200884                gripperInitialRotation
 .bss           0x0020088c        0x4 syscalls.o
 .bss           0x00200890        0x1 cdc_enumerate.o
                0x00200890                csrIdx
 *fill*         0x00200891        0x3 00
 .bss           0x00200894        0xc /home/maska/ATMEL/arm-gnu-toolchain-linux-2/bin/../lib/gcc/arm-elf/4.1.0/../../../../arm-elf/lib/thumb/interwork/libc.a(locale.o)
                0x00200894                __nlocale_changed
                0x00200898                __mlocale_changed
                0x0020089c                _PathLocale
 .bss           0x002008a0       0x34 /home/maska/ATMEL/arm-gnu-toolchain-linux-2/bin/../lib/gcc/arm-elf/4.1.0/../../../../arm-elf/lib/thumb/interwork/libc.a(mallocr.o)
                0x002008a0                __malloc_top_pad
                0x002008a4                __malloc_max_sbrked_mem
                0x002008ac                __malloc_current_mallinfo
                0x002008a8                __malloc_max_total_mem
 *(COMMON)
 COMMON         0x002008d4     0x1018 main.o
                0x002008d4                msg
                0x002010d4                pCDC
                0x002010ec                cmd
 COMMON         0x002018ec      0x190 cdc_enumerate.o
                0x002018ec                csrTab
                0x00201a7c                . = ALIGN (0x4)
                0x00201a7c                __bss_end__ = .
                0x00201a7c                __bss_end__ = .
                0x00201a7c                _end = .
                0x00201a7c                PROVIDE (end, .)

.int_data       0x00204000        0x0
 *(.internal_ram_top)

.stab
 *(.stab)

.stabstr
 *(.stabstr)

.stab.excl
 *(.stab.excl)

.stab.exclstr
 *(.stab.exclstr)

.stab.index
 *(.stab.index)

.stab.indexstr
 *(.stab.indexstr)

.comment        0x00000000      0x46e
 *(.comment)
 .comment       0x00000000       0x12 main.o
 .comment       0x00000012       0x12 Cstartup_SAM7.o
 .comment       0x00000024       0x12 syscalls.o
 .comment       0x00000036       0x12 cdc_enumerate.o
 .comment       0x00000048       0x12 adc.o
 .comment       0x0000005a       0x12 pwm.o
 .comment       0x0000006c       0x12 aic.o
 .comment       0x0000007e       0x12 async.o
 .comment       0x00000090       0x12 delay.o
 .comment       0x000000a2       0x12 util_math.o
 .comment       0x000000b4       0x12 /home/maska/ATMEL/arm-gnu-toolchain-linux-2/bin/../lib/gcc/arm-elf/4.1.0/../../../../arm-elf/lib/thumb/interwork/libc.a(atoi.o)
 .comment       0x000000c6       0x12 /home/maska/ATMEL/arm-gnu-toolchain-linux-2/bin/../lib/gcc/arm-elf/4.1.0/../../../../arm-elf/lib/thumb/interwork/libc.a(memcpy.o)
 .comment       0x000000d8       0x12 /home/maska/ATMEL/arm-gnu-toolchain-linux-2/bin/../lib/gcc/arm-elf/4.1.0/../../../../arm-elf/lib/thumb/interwork/libc.a(sprintf.o)
 .comment       0x000000ea       0x12 /home/maska/ATMEL/arm-gnu-toolchain-linux-2/bin/../lib/gcc/arm-elf/4.1.0/../../../../arm-elf/lib/thumb/interwork/libc.a(strcmp.o)
 .comment       0x000000fc       0x12 /home/maska/ATMEL/arm-gnu-toolchain-linux-2/bin/../lib/gcc/arm-elf/4.1.0/../../../../arm-elf/lib/thumb/interwork/libc.a(strcpy.o)
 .comment       0x0000010e       0x12 /home/maska/ATMEL/arm-gnu-toolchain-linux-2/bin/../lib/gcc/arm-elf/4.1.0/../../../../arm-elf/lib/thumb/interwork/libc.a(strlen.o)
 .comment       0x00000120       0x12 /home/maska/ATMEL/arm-gnu-toolchain-linux-2/bin/../lib/gcc/arm-elf/4.1.0/../../../../arm-elf/lib/thumb/interwork/libc.a(strtok.o)
 .comment       0x00000132       0x12 /home/maska/ATMEL/arm-gnu-toolchain-linux-2/bin/../lib/gcc/arm-elf/4.1.0/../../../../arm-elf/lib/thumb/interwork/libc.a(strtok_r.o)
 .comment       0x00000144       0x12 /home/maska/ATMEL/arm-gnu-toolchain-linux-2/bin/../lib/gcc/arm-elf/4.1.0/../../../../arm-elf/lib/thumb/interwork/libc.a(strtol.o)
 .comment       0x00000156       0x12 /home/maska/ATMEL/arm-gnu-toolchain-linux-2/bin/../lib/gcc/arm-elf/4.1.0/../../../../arm-elf/lib/thumb/interwork/libc.a(vfprintf.o)
 .comment       0x00000168       0x12 /home/maska/ATMEL/arm-gnu-toolchain-linux-2/bin/../lib/gcc/arm-elf/4.1.0/../../../../arm-elf/lib/thumb/interwork/libc.a(wcrtomb.o)
 .comment       0x0000017a       0x12 /home/maska/ATMEL/arm-gnu-toolchain-linux-2/bin/../lib/gcc/arm-elf/4.1.0/../../../../arm-elf/lib/thumb/interwork/libc.a(wcsrtombs.o)
 .comment       0x0000018c       0x12 /home/maska/ATMEL/arm-gnu-toolchain-linux-2/bin/../lib/gcc/arm-elf/4.1.0/../../../../arm-elf/lib/thumb/interwork/libc.a(wctomb_r.o)
 .comment       0x0000019e       0x12 /home/maska/ATMEL/arm-gnu-toolchain-linux-2/bin/../lib/gcc/arm-elf/4.1.0/../../../../arm-elf/lib/thumb/interwork/libc.a(wsetup.o)
 .comment       0x000001b0       0x12 /home/maska/ATMEL/arm-gnu-toolchain-linux-2/bin/../lib/gcc/arm-elf/4.1.0/../../../../arm-elf/lib/thumb/interwork/libc.a(ctype_.o)
 .comment       0x000001c2       0x12 /home/maska/ATMEL/arm-gnu-toolchain-linux-2/bin/../lib/gcc/arm-elf/4.1.0/../../../../arm-elf/lib/thumb/interwork/libc.a(dtoa.o)
 .comment       0x000001d4       0x12 /home/maska/ATMEL/arm-gnu-toolchain-linux-2/bin/../lib/gcc/arm-elf/4.1.0/../../../../arm-elf/lib/thumb/interwork/libc.a(fflush.o)
 .comment       0x000001e6       0x12 /home/maska/ATMEL/arm-gnu-toolchain-linux-2/bin/../lib/gcc/arm-elf/4.1.0/../../../../arm-elf/lib/thumb/interwork/libc.a(findfp.o)
 .comment       0x000001f8       0x12 /home/maska/ATMEL/arm-gnu-toolchain-linux-2/bin/../lib/gcc/arm-elf/4.1.0/../../../../arm-elf/lib/thumb/interwork/libc.a(freer.o)
 .comment       0x0000020a       0x12 /home/maska/ATMEL/arm-gnu-toolchain-linux-2/bin/../lib/gcc/arm-elf/4.1.0/../../../../arm-elf/lib/thumb/interwork/libc.a(fvwrite.o)
 .comment       0x0000021c       0x12 /home/maska/ATMEL/arm-gnu-toolchain-linux-2/bin/../lib/gcc/arm-elf/4.1.0/../../../../arm-elf/lib/thumb/interwork/libc.a(fwalk.o)
 .comment       0x0000022e       0x12 /home/maska/ATMEL/arm-gnu-toolchain-linux-2/bin/../lib/gcc/arm-elf/4.1.0/../../../../arm-elf/lib/thumb/interwork/libc.a(impure.o)
 .comment       0x00000240       0x12 /home/maska/ATMEL/arm-gnu-toolchain-linux-2/bin/../lib/gcc/arm-elf/4.1.0/../../../../arm-elf/lib/thumb/interwork/libc.a(locale.o)
 .comment       0x00000252       0x12 /home/maska/ATMEL/arm-gnu-toolchain-linux-2/bin/../lib/gcc/arm-elf/4.1.0/../../../../arm-elf/lib/thumb/interwork/libc.a(makebuf.o)
 .comment       0x00000264       0x12 /home/maska/ATMEL/arm-gnu-toolchain-linux-2/bin/../lib/gcc/arm-elf/4.1.0/../../../../arm-elf/lib/thumb/interwork/libc.a(mallocr.o)
 .comment       0x00000276       0x12 /home/maska/ATMEL/arm-gnu-toolchain-linux-2/bin/../lib/gcc/arm-elf/4.1.0/../../../../arm-elf/lib/thumb/interwork/libc.a(memchr.o)
 .comment       0x00000288       0x12 /home/maska/ATMEL/arm-gnu-toolchain-linux-2/bin/../lib/gcc/arm-elf/4.1.0/../../../../arm-elf/lib/thumb/interwork/libc.a(memmove.o)
 .comment       0x0000029a       0x12 /home/maska/ATMEL/arm-gnu-toolchain-linux-2/bin/../lib/gcc/arm-elf/4.1.0/../../../../arm-elf/lib/thumb/interwork/libc.a(memset.o)
 .comment       0x000002ac       0x12 /home/maska/ATMEL/arm-gnu-toolchain-linux-2/bin/../lib/gcc/arm-elf/4.1.0/../../../../arm-elf/lib/thumb/interwork/libc.a(mlock.o)
 .comment       0x000002be       0x12 /home/maska/ATMEL/arm-gnu-toolchain-linux-2/bin/../lib/gcc/arm-elf/4.1.0/../../../../arm-elf/lib/thumb/interwork/libc.a(mprec.o)
 .comment       0x000002d0       0x12 /home/maska/ATMEL/arm-gnu-toolchain-linux-2/bin/../lib/gcc/arm-elf/4.1.0/../../../../arm-elf/lib/thumb/interwork/libc.a(reallocr.o)
 .comment       0x000002e2       0x12 /home/maska/ATMEL/arm-gnu-toolchain-linux-2/bin/../lib/gcc/arm-elf/4.1.0/../../../../arm-elf/lib/thumb/interwork/libc.a(s_isinf.o)
 .comment       0x000002f4       0x12 /home/maska/ATMEL/arm-gnu-toolchain-linux-2/bin/../lib/gcc/arm-elf/4.1.0/../../../../arm-elf/lib/thumb/interwork/libc.a(s_isnan.o)
 .comment       0x00000306       0x12 /home/maska/ATMEL/arm-gnu-toolchain-linux-2/bin/../lib/gcc/arm-elf/4.1.0/../../../../arm-elf/lib/thumb/interwork/libc.a(stdio.o)
 .comment       0x00000318       0x12 /home/maska/ATMEL/arm-gnu-toolchain-linux-2/bin/../lib/gcc/arm-elf/4.1.0/../../../../arm-elf/lib/thumb/interwork/libc.a(callocr.o)
 .comment       0x0000032a       0x12 /home/maska/ATMEL/arm-gnu-toolchain-linux-2/bin/../lib/gcc/arm-elf/4.1.0/../../../../arm-elf/lib/thumb/interwork/libc.a(fclose.o)
 .comment       0x0000033c       0x12 /home/maska/ATMEL/arm-gnu-toolchain-linux-2/bin/../lib/gcc/arm-elf/4.1.0/../../../../arm-elf/lib/thumb/interwork/libm.a(s_round.o)
 .comment       0x0000034e       0x12 /home/maska/ATMEL/arm-gnu-toolchain-linux-2/bin/../lib/gcc/arm-elf/4.1.0/thumb/interwork/libgcc.a(_fixunsdfsi.o)
 .comment       0x00000360       0x12 /home/maska/ATMEL/arm-gnu-toolchain-linux-2/bin/../lib/gcc/arm-elf/4.1.0/thumb/interwork/libgcc.a(_addsub_df.o)
 .comment       0x00000372       0x12 /home/maska/ATMEL/arm-gnu-toolchain-linux-2/bin/../lib/gcc/arm-elf/4.1.0/thumb/interwork/libgcc.a(_mul_df.o)
 .comment       0x00000384       0x12 /home/maska/ATMEL/arm-gnu-toolchain-linux-2/bin/../lib/gcc/arm-elf/4.1.0/thumb/interwork/libgcc.a(_div_df.o)
 .comment       0x00000396       0x12 /home/maska/ATMEL/arm-gnu-toolchain-linux-2/bin/../lib/gcc/arm-elf/4.1.0/thumb/interwork/libgcc.a(_eq_df.o)
 .comment       0x000003a8       0x12 /home/maska/ATMEL/arm-gnu-toolchain-linux-2/bin/../lib/gcc/arm-elf/4.1.0/thumb/interwork/libgcc.a(_ne_df.o)
 .comment       0x000003ba       0x12 /home/maska/ATMEL/arm-gnu-toolchain-linux-2/bin/../lib/gcc/arm-elf/4.1.0/thumb/interwork/libgcc.a(_gt_df.o)
 .comment       0x000003cc       0x12 /home/maska/ATMEL/arm-gnu-toolchain-linux-2/bin/../lib/gcc/arm-elf/4.1.0/thumb/interwork/libgcc.a(_ge_df.o)
 .comment       0x000003de       0x12 /home/maska/ATMEL/arm-gnu-toolchain-linux-2/bin/../lib/gcc/arm-elf/4.1.0/thumb/interwork/libgcc.a(_lt_df.o)
 .comment       0x000003f0       0x12 /home/maska/ATMEL/arm-gnu-toolchain-linux-2/bin/../lib/gcc/arm-elf/4.1.0/thumb/interwork/libgcc.a(_si_to_df.o)
 .comment       0x00000402       0x12 /home/maska/ATMEL/arm-gnu-toolchain-linux-2/bin/../lib/gcc/arm-elf/4.1.0/thumb/interwork/libgcc.a(_df_to_si.o)
 .comment       0x00000414       0x12 /home/maska/ATMEL/arm-gnu-toolchain-linux-2/bin/../lib/gcc/arm-elf/4.1.0/thumb/interwork/libgcc.a(_thenan_df.o)
 .comment       0x00000426       0x12 /home/maska/ATMEL/arm-gnu-toolchain-linux-2/bin/../lib/gcc/arm-elf/4.1.0/thumb/interwork/libgcc.a(_muldi3.o)
 .comment       0x00000438       0x12 /home/maska/ATMEL/arm-gnu-toolchain-linux-2/bin/../lib/gcc/arm-elf/4.1.0/thumb/interwork/libgcc.a(_pack_df.o)
 .comment       0x0000044a       0x12 /home/maska/ATMEL/arm-gnu-toolchain-linux-2/bin/../lib/gcc/arm-elf/4.1.0/thumb/interwork/libgcc.a(_unpack_df.o)
 .comment       0x0000045c       0x12 /home/maska/ATMEL/arm-gnu-toolchain-linux-2/bin/../lib/gcc/arm-elf/4.1.0/thumb/interwork/libgcc.a(_fpcmp_parts_df.o)

.debug
 *(.debug)

.line
 *(.line)

.debug_srcinfo
 *(.debug_srcinfo)

.debug_sfnames
 *(.debug_sfnames)

.debug_aranges  0x00000000      0x840
 *(.debug_aranges)
 .debug_aranges
                0x00000000       0x20 Cstartup.o
 .debug_aranges
                0x00000020       0x20 main.o
 .debug_aranges
                0x00000040       0x20 Cstartup_SAM7.o
 .debug_aranges
                0x00000060       0x20 syscalls.o
 .debug_aranges
                0x00000080       0x20 cdc_enumerate.o
 .debug_aranges
                0x000000a0       0x20 adc.o
 .debug_aranges
                0x000000c0       0x20 pwm.o
 .debug_aranges
                0x000000e0       0x20 aic.o
 .debug_aranges
                0x00000100       0x20 async.o
 .debug_aranges
                0x00000120       0x20 delay.o
 .debug_aranges
                0x00000140       0x20 util_math.o
 .debug_aranges
                0x00000160       0x20 /home/maska/ATMEL/arm-gnu-toolchain-linux-2/bin/../lib/gcc/arm-elf/4.1.0/../../../../arm-elf/lib/thumb/interwork/libc.a(atoi.o)
 .debug_aranges
                0x00000180       0x20 /home/maska/ATMEL/arm-gnu-toolchain-linux-2/bin/../lib/gcc/arm-elf/4.1.0/../../../../arm-elf/lib/thumb/interwork/libc.a(memcpy.o)
 .debug_aranges
                0x000001a0       0x20 /home/maska/ATMEL/arm-gnu-toolchain-linux-2/bin/../lib/gcc/arm-elf/4.1.0/../../../../arm-elf/lib/thumb/interwork/libc.a(sprintf.o)
 .debug_aranges
                0x000001c0       0x20 /home/maska/ATMEL/arm-gnu-toolchain-linux-2/bin/../lib/gcc/arm-elf/4.1.0/../../../../arm-elf/lib/thumb/interwork/libc.a(strcmp.o)
 .debug_aranges
                0x000001e0       0x20 /home/maska/ATMEL/arm-gnu-toolchain-linux-2/bin/../lib/gcc/arm-elf/4.1.0/../../../../arm-elf/lib/thumb/interwork/libc.a(strcpy.o)
 .debug_aranges
                0x00000200       0x20 /home/maska/ATMEL/arm-gnu-toolchain-linux-2/bin/../lib/gcc/arm-elf/4.1.0/../../../../arm-elf/lib/thumb/interwork/libc.a(strlen.o)
 .debug_aranges
                0x00000220       0x20 /home/maska/ATMEL/arm-gnu-toolchain-linux-2/bin/../lib/gcc/arm-elf/4.1.0/../../../../arm-elf/lib/thumb/interwork/libc.a(strtok.o)
 .debug_aranges
                0x00000240       0x20 /home/maska/ATMEL/arm-gnu-toolchain-linux-2/bin/../lib/gcc/arm-elf/4.1.0/../../../../arm-elf/lib/thumb/interwork/libc.a(strtok_r.o)
 .debug_aranges
                0x00000260       0x20 /home/maska/ATMEL/arm-gnu-toolchain-linux-2/bin/../lib/gcc/arm-elf/4.1.0/../../../../arm-elf/lib/thumb/interwork/libc.a(strtol.o)
 .debug_aranges
                0x00000280       0x20 /home/maska/ATMEL/arm-gnu-toolchain-linux-2/bin/../lib/gcc/arm-elf/4.1.0/../../../../arm-elf/lib/thumb/interwork/libc.a(vfprintf.o)
 .debug_aranges
                0x000002a0       0x20 /home/maska/ATMEL/arm-gnu-toolchain-linux-2/bin/../lib/gcc/arm-elf/4.1.0/../../../../arm-elf/lib/thumb/interwork/libc.a(wcrtomb.o)
 .debug_aranges
                0x000002c0       0x20 /home/maska/ATMEL/arm-gnu-toolchain-linux-2/bin/../lib/gcc/arm-elf/4.1.0/../../../../arm-elf/lib/thumb/interwork/libc.a(wcsrtombs.o)
 .debug_aranges
                0x000002e0       0x20 /home/maska/ATMEL/arm-gnu-toolchain-linux-2/bin/../lib/gcc/arm-elf/4.1.0/../../../../arm-elf/lib/thumb/interwork/libc.a(wctomb_r.o)
 .debug_aranges
                0x00000300       0x20 /home/maska/ATMEL/arm-gnu-toolchain-linux-2/bin/../lib/gcc/arm-elf/4.1.0/../../../../arm-elf/lib/thumb/interwork/libc.a(wsetup.o)
 .debug_aranges
                0x00000320       0x20 /home/maska/ATMEL/arm-gnu-toolchain-linux-2/bin/../lib/gcc/arm-elf/4.1.0/../../../../arm-elf/lib/thumb/interwork/libc.a(dtoa.o)
 .debug_aranges
                0x00000340       0x20 /home/maska/ATMEL/arm-gnu-toolchain-linux-2/bin/../lib/gcc/arm-elf/4.1.0/../../../../arm-elf/lib/thumb/interwork/libc.a(fflush.o)
 .debug_aranges
                0x00000360       0x20 /home/maska/ATMEL/arm-gnu-toolchain-linux-2/bin/../lib/gcc/arm-elf/4.1.0/../../../../arm-elf/lib/thumb/interwork/libc.a(findfp.o)
 .debug_aranges
                0x00000380       0x20 /home/maska/ATMEL/arm-gnu-toolchain-linux-2/bin/../lib/gcc/arm-elf/4.1.0/../../../../arm-elf/lib/thumb/interwork/libc.a(freer.o)
 .debug_aranges
                0x000003a0       0x20 /home/maska/ATMEL/arm-gnu-toolchain-linux-2/bin/../lib/gcc/arm-elf/4.1.0/../../../../arm-elf/lib/thumb/interwork/libc.a(fvwrite.o)
 .debug_aranges
                0x000003c0       0x20 /home/maska/ATMEL/arm-gnu-toolchain-linux-2/bin/../lib/gcc/arm-elf/4.1.0/../../../../arm-elf/lib/thumb/interwork/libc.a(fwalk.o)
 .debug_aranges
                0x000003e0       0x20 /home/maska/ATMEL/arm-gnu-toolchain-linux-2/bin/../lib/gcc/arm-elf/4.1.0/../../../../arm-elf/lib/thumb/interwork/libc.a(locale.o)
 .debug_aranges
                0x00000400       0x20 /home/maska/ATMEL/arm-gnu-toolchain-linux-2/bin/../lib/gcc/arm-elf/4.1.0/../../../../arm-elf/lib/thumb/interwork/libc.a(makebuf.o)
 .debug_aranges
                0x00000420       0x20 /home/maska/ATMEL/arm-gnu-toolchain-linux-2/bin/../lib/gcc/arm-elf/4.1.0/../../../../arm-elf/lib/thumb/interwork/libc.a(mallocr.o)
 .debug_aranges
                0x00000440       0x20 /home/maska/ATMEL/arm-gnu-toolchain-linux-2/bin/../lib/gcc/arm-elf/4.1.0/../../../../arm-elf/lib/thumb/interwork/libc.a(memchr.o)
 .debug_aranges
                0x00000460       0x20 /home/maska/ATMEL/arm-gnu-toolchain-linux-2/bin/../lib/gcc/arm-elf/4.1.0/../../../../arm-elf/lib/thumb/interwork/libc.a(memmove.o)
 .debug_aranges
                0x00000480       0x20 /home/maska/ATMEL/arm-gnu-toolchain-linux-2/bin/../lib/gcc/arm-elf/4.1.0/../../../../arm-elf/lib/thumb/interwork/libc.a(memset.o)
 .debug_aranges
                0x000004a0       0x20 /home/maska/ATMEL/arm-gnu-toolchain-linux-2/bin/../lib/gcc/arm-elf/4.1.0/../../../../arm-elf/lib/thumb/interwork/libc.a(mlock.o)
 .debug_aranges
                0x000004c0       0x20 /home/maska/ATMEL/arm-gnu-toolchain-linux-2/bin/../lib/gcc/arm-elf/4.1.0/../../../../arm-elf/lib/thumb/interwork/libc.a(mprec.o)
 .debug_aranges
                0x000004e0       0x20 /home/maska/ATMEL/arm-gnu-toolchain-linux-2/bin/../lib/gcc/arm-elf/4.1.0/../../../../arm-elf/lib/thumb/interwork/libc.a(reallocr.o)
 .debug_aranges
                0x00000500       0x20 /home/maska/ATMEL/arm-gnu-toolchain-linux-2/bin/../lib/gcc/arm-elf/4.1.0/../../../../arm-elf/lib/thumb/interwork/libc.a(s_isinf.o)
 .debug_aranges
                0x00000520       0x20 /home/maska/ATMEL/arm-gnu-toolchain-linux-2/bin/../lib/gcc/arm-elf/4.1.0/../../../../arm-elf/lib/thumb/interwork/libc.a(s_isnan.o)
 .debug_aranges
                0x00000540       0x20 /home/maska/ATMEL/arm-gnu-toolchain-linux-2/bin/../lib/gcc/arm-elf/4.1.0/../../../../arm-elf/lib/thumb/interwork/libc.a(stdio.o)
 .debug_aranges
                0x00000560       0x20 /home/maska/ATMEL/arm-gnu-toolchain-linux-2/bin/../lib/gcc/arm-elf/4.1.0/../../../../arm-elf/lib/thumb/interwork/libc.a(callocr.o)
 .debug_aranges
                0x00000580       0x20 /home/maska/ATMEL/arm-gnu-toolchain-linux-2/bin/../lib/gcc/arm-elf/4.1.0/../../../../arm-elf/lib/thumb/interwork/libc.a(fclose.o)
 .debug_aranges
                0x000005a0       0x20 /home/maska/ATMEL/arm-gnu-toolchain-linux-2/bin/../lib/gcc/arm-elf/4.1.0/../../../../arm-elf/lib/thumb/interwork/libm.a(s_round.o)
 .debug_aranges
                0x000005c0       0x20 /home/maska/ATMEL/arm-gnu-toolchain-linux-2/bin/../lib/gcc/arm-elf/4.1.0/thumb/interwork/libgcc.a(_udivsi3.o)
 .debug_aranges
                0x000005e0       0x20 /home/maska/ATMEL/arm-gnu-toolchain-linux-2/bin/../lib/gcc/arm-elf/4.1.0/thumb/interwork/libgcc.a(_divsi3.o)
 .debug_aranges
                0x00000600       0x20 /home/maska/ATMEL/arm-gnu-toolchain-linux-2/bin/../lib/gcc/arm-elf/4.1.0/thumb/interwork/libgcc.a(_umodsi3.o)
 .debug_aranges
                0x00000620       0x20 /home/maska/ATMEL/arm-gnu-toolchain-linux-2/bin/../lib/gcc/arm-elf/4.1.0/thumb/interwork/libgcc.a(_modsi3.o)
 .debug_aranges
                0x00000640       0x20 /home/maska/ATMEL/arm-gnu-toolchain-linux-2/bin/../lib/gcc/arm-elf/4.1.0/thumb/interwork/libgcc.a(_dvmd_tls.o)
 .debug_aranges
                0x00000660       0x20 /home/maska/ATMEL/arm-gnu-toolchain-linux-2/bin/../lib/gcc/arm-elf/4.1.0/thumb/interwork/libgcc.a(_fixunsdfsi.o)
 .debug_aranges
                0x00000680       0x20 /home/maska/ATMEL/arm-gnu-toolchain-linux-2/bin/../lib/gcc/arm-elf/4.1.0/thumb/interwork/libgcc.a(_addsub_df.o)
 .debug_aranges
                0x000006a0       0x20 /home/maska/ATMEL/arm-gnu-toolchain-linux-2/bin/../lib/gcc/arm-elf/4.1.0/thumb/interwork/libgcc.a(_mul_df.o)
 .debug_aranges
                0x000006c0       0x20 /home/maska/ATMEL/arm-gnu-toolchain-linux-2/bin/../lib/gcc/arm-elf/4.1.0/thumb/interwork/libgcc.a(_div_df.o)
 .debug_aranges
                0x000006e0       0x20 /home/maska/ATMEL/arm-gnu-toolchain-linux-2/bin/../lib/gcc/arm-elf/4.1.0/thumb/interwork/libgcc.a(_eq_df.o)
 .debug_aranges
                0x00000700       0x20 /home/maska/ATMEL/arm-gnu-toolchain-linux-2/bin/../lib/gcc/arm-elf/4.1.0/thumb/interwork/libgcc.a(_ne_df.o)
 .debug_aranges
                0x00000720       0x20 /home/maska/ATMEL/arm-gnu-toolchain-linux-2/bin/../lib/gcc/arm-elf/4.1.0/thumb/interwork/libgcc.a(_gt_df.o)
 .debug_aranges
                0x00000740       0x20 /home/maska/ATMEL/arm-gnu-toolchain-linux-2/bin/../lib/gcc/arm-elf/4.1.0/thumb/interwork/libgcc.a(_ge_df.o)
 .debug_aranges
                0x00000760       0x20 /home/maska/ATMEL/arm-gnu-toolchain-linux-2/bin/../lib/gcc/arm-elf/4.1.0/thumb/interwork/libgcc.a(_lt_df.o)
 .debug_aranges
                0x00000780       0x20 /home/maska/ATMEL/arm-gnu-toolchain-linux-2/bin/../lib/gcc/arm-elf/4.1.0/thumb/interwork/libgcc.a(_si_to_df.o)
 .debug_aranges
                0x000007a0       0x20 /home/maska/ATMEL/arm-gnu-toolchain-linux-2/bin/../lib/gcc/arm-elf/4.1.0/thumb/interwork/libgcc.a(_df_to_si.o)
 .debug_aranges
                0x000007c0       0x20 /home/maska/ATMEL/arm-gnu-toolchain-linux-2/bin/../lib/gcc/arm-elf/4.1.0/thumb/interwork/libgcc.a(_muldi3.o)
 .debug_aranges
                0x000007e0       0x20 /home/maska/ATMEL/arm-gnu-toolchain-linux-2/bin/../lib/gcc/arm-elf/4.1.0/thumb/interwork/libgcc.a(_pack_df.o)
 .debug_aranges
                0x00000800       0x20 /home/maska/ATMEL/arm-gnu-toolchain-linux-2/bin/../lib/gcc/arm-elf/4.1.0/thumb/interwork/libgcc.a(_unpack_df.o)
 .debug_aranges
                0x00000820       0x20 /home/maska/ATMEL/arm-gnu-toolchain-linux-2/bin/../lib/gcc/arm-elf/4.1.0/thumb/interwork/libgcc.a(_fpcmp_parts_df.o)

.debug_pubnames
                0x00000000     0x10f5
 *(.debug_pubnames)
 .debug_pubnames
                0x00000000      0x39d main.o
 .debug_pubnames
                0x0000039d       0x29 Cstartup_SAM7.o
 .debug_pubnames
                0x000003c6       0x69 syscalls.o
 .debug_pubnames
                0x0000042f       0x96 cdc_enumerate.o
 .debug_pubnames
                0x000004c5       0xb2 adc.o
 .debug_pubnames
                0x00000577       0x49 pwm.o
 .debug_pubnames
                0x000005c0       0x49 aic.o
 .debug_pubnames
                0x00000609       0x27 async.o
 .debug_pubnames
                0x00000630       0x2c delay.o
 .debug_pubnames
                0x0000065c       0x2d util_math.o
 .debug_pubnames
                0x00000689       0x27 /home/maska/ATMEL/arm-gnu-toolchain-linux-2/bin/../lib/gcc/arm-elf/4.1.0/../../../../arm-elf/lib/thumb/interwork/libc.a(atoi.o)
 .debug_pubnames
                0x000006b0       0x1d /home/maska/ATMEL/arm-gnu-toolchain-linux-2/bin/../lib/gcc/arm-elf/4.1.0/../../../../arm-elf/lib/thumb/interwork/libc.a(memcpy.o)
 .debug_pubnames
                0x000006cd       0x2d /home/maska/ATMEL/arm-gnu-toolchain-linux-2/bin/../lib/gcc/arm-elf/4.1.0/../../../../arm-elf/lib/thumb/interwork/libc.a(sprintf.o)
 .debug_pubnames
                0x000006fa       0x1d /home/maska/ATMEL/arm-gnu-toolchain-linux-2/bin/../lib/gcc/arm-elf/4.1.0/../../../../arm-elf/lib/thumb/interwork/libc.a(strcmp.o)
 .debug_pubnames
                0x00000717       0x1d /home/maska/ATMEL/arm-gnu-toolchain-linux-2/bin/../lib/gcc/arm-elf/4.1.0/../../../../arm-elf/lib/thumb/interwork/libc.a(strcpy.o)
 .debug_pubnames
                0x00000734       0x1d /home/maska/ATMEL/arm-gnu-toolchain-linux-2/bin/../lib/gcc/arm-elf/4.1.0/../../../../arm-elf/lib/thumb/interwork/libc.a(strlen.o)
 .debug_pubnames
                0x00000751       0x1d /home/maska/ATMEL/arm-gnu-toolchain-linux-2/bin/../lib/gcc/arm-elf/4.1.0/../../../../arm-elf/lib/thumb/interwork/libc.a(strtok.o)
 .debug_pubnames
                0x0000076e       0x2e /home/maska/ATMEL/arm-gnu-toolchain-linux-2/bin/../lib/gcc/arm-elf/4.1.0/../../../../arm-elf/lib/thumb/interwork/libc.a(strtok_r.o)
 .debug_pubnames
                0x0000079c       0x2b /home/maska/ATMEL/arm-gnu-toolchain-linux-2/bin/../lib/gcc/arm-elf/4.1.0/../../../../arm-elf/lib/thumb/interwork/libc.a(strtol.o)
 .debug_pubnames
                0x000007c7       0x2f /home/maska/ATMEL/arm-gnu-toolchain-linux-2/bin/../lib/gcc/arm-elf/4.1.0/../../../../arm-elf/lib/thumb/interwork/libc.a(vfprintf.o)
 .debug_pubnames
                0x000007f6       0x2d /home/maska/ATMEL/arm-gnu-toolchain-linux-2/bin/../lib/gcc/arm-elf/4.1.0/../../../../arm-elf/lib/thumb/interwork/libc.a(wcrtomb.o)
 .debug_pubnames
                0x00000823       0x31 /home/maska/ATMEL/arm-gnu-toolchain-linux-2/bin/../lib/gcc/arm-elf/4.1.0/../../../../arm-elf/lib/thumb/interwork/libc.a(wcsrtombs.o)
 .debug_pubnames
                0x00000854       0x20 /home/maska/ATMEL/arm-gnu-toolchain-linux-2/bin/../lib/gcc/arm-elf/4.1.0/../../../../arm-elf/lib/thumb/interwork/libc.a(wctomb_r.o)
 .debug_pubnames
                0x00000874       0x20 /home/maska/ATMEL/arm-gnu-toolchain-linux-2/bin/../lib/gcc/arm-elf/4.1.0/../../../../arm-elf/lib/thumb/interwork/libc.a(wsetup.o)
 .debug_pubnames
                0x00000894       0x2e /home/maska/ATMEL/arm-gnu-toolchain-linux-2/bin/../lib/gcc/arm-elf/4.1.0/../../../../arm-elf/lib/thumb/interwork/libc.a(ctype_.o)
 .debug_pubnames
                0x000008c2       0x1e /home/maska/ATMEL/arm-gnu-toolchain-linux-2/bin/../lib/gcc/arm-elf/4.1.0/../../../../arm-elf/lib/thumb/interwork/libc.a(dtoa.o)
 .debug_pubnames
                0x000008e0       0x1d /home/maska/ATMEL/arm-gnu-toolchain-linux-2/bin/../lib/gcc/arm-elf/4.1.0/../../../../arm-elf/lib/thumb/interwork/libc.a(fflush.o)
 .debug_pubnames
                0x000008fd       0xdb /home/maska/ATMEL/arm-gnu-toolchain-linux-2/bin/../lib/gcc/arm-elf/4.1.0/../../../../arm-elf/lib/thumb/interwork/libc.a(findfp.o)
 .debug_pubnames
                0x000009d8       0x31 /home/maska/ATMEL/arm-gnu-toolchain-linux-2/bin/../lib/gcc/arm-elf/4.1.0/../../../../arm-elf/lib/thumb/interwork/libc.a(freer.o)
 .debug_pubnames
                0x00000a09       0x21 /home/maska/ATMEL/arm-gnu-toolchain-linux-2/bin/../lib/gcc/arm-elf/4.1.0/../../../../arm-elf/lib/thumb/interwork/libc.a(fvwrite.o)
 .debug_pubnames
                0x00000a2a       0x2e /home/maska/ATMEL/arm-gnu-toolchain-linux-2/bin/../lib/gcc/arm-elf/4.1.0/../../../../arm-elf/lib/thumb/interwork/libc.a(fwalk.o)
 .debug_pubnames
                0x00000a58       0x39 /home/maska/ATMEL/arm-gnu-toolchain-linux-2/bin/../lib/gcc/arm-elf/4.1.0/../../../../arm-elf/lib/thumb/interwork/libc.a(impure.o)
 .debug_pubnames
                0x00000a91       0xc3 /home/maska/ATMEL/arm-gnu-toolchain-linux-2/bin/../lib/gcc/arm-elf/4.1.0/../../../../arm-elf/lib/thumb/interwork/libc.a(locale.o)
 .debug_pubnames
                0x00000b54       0x21 /home/maska/ATMEL/arm-gnu-toolchain-linux-2/bin/../lib/gcc/arm-elf/4.1.0/../../../../arm-elf/lib/thumb/interwork/libc.a(makebuf.o)
 .debug_pubnames
                0x00000b75       0xce /home/maska/ATMEL/arm-gnu-toolchain-linux-2/bin/../lib/gcc/arm-elf/4.1.0/../../../../arm-elf/lib/thumb/interwork/libc.a(mallocr.o)
 .debug_pubnames
                0x00000c43       0x1d /home/maska/ATMEL/arm-gnu-toolchain-linux-2/bin/../lib/gcc/arm-elf/4.1.0/../../../../arm-elf/lib/thumb/interwork/libc.a(memchr.o)
 .debug_pubnames
                0x00000c60       0x1e /home/maska/ATMEL/arm-gnu-toolchain-linux-2/bin/../lib/gcc/arm-elf/4.1.0/../../../../arm-elf/lib/thumb/interwork/libc.a(memmove.o)
 .debug_pubnames
                0x00000c7e       0x1d /home/maska/ATMEL/arm-gnu-toolchain-linux-2/bin/../lib/gcc/arm-elf/4.1.0/../../../../arm-elf/lib/thumb/interwork/libc.a(memset.o)
 .debug_pubnames
                0x00000c9b       0x38 /home/maska/ATMEL/arm-gnu-toolchain-linux-2/bin/../lib/gcc/arm-elf/4.1.0/../../../../arm-elf/lib/thumb/interwork/libc.a(mlock.o)
 .debug_pubnames
                0x00000cd3      0x112 /home/maska/ATMEL/arm-gnu-toolchain-linux-2/bin/../lib/gcc/arm-elf/4.1.0/../../../../arm-elf/lib/thumb/interwork/libc.a(mprec.o)
 .debug_pubnames
                0x00000de5       0x21 /home/maska/ATMEL/arm-gnu-toolchain-linux-2/bin/../lib/gcc/arm-elf/4.1.0/../../../../arm-elf/lib/thumb/interwork/libc.a(reallocr.o)
 .debug_pubnames
                0x00000e06       0x1c /home/maska/ATMEL/arm-gnu-toolchain-linux-2/bin/../lib/gcc/arm-elf/4.1.0/../../../../arm-elf/lib/thumb/interwork/libc.a(s_isinf.o)
 .debug_pubnames
                0x00000e22       0x1c /home/maska/ATMEL/arm-gnu-toolchain-linux-2/bin/../lib/gcc/arm-elf/4.1.0/../../../../arm-elf/lib/thumb/interwork/libc.a(s_isnan.o)
 .debug_pubnames
                0x00000e3e       0x44 /home/maska/ATMEL/arm-gnu-toolchain-linux-2/bin/../lib/gcc/arm-elf/4.1.0/../../../../arm-elf/lib/thumb/interwork/libc.a(stdio.o)
 .debug_pubnames
                0x00000e82       0x20 /home/maska/ATMEL/arm-gnu-toolchain-linux-2/bin/../lib/gcc/arm-elf/4.1.0/../../../../arm-elf/lib/thumb/interwork/libc.a(callocr.o)
 .debug_pubnames
                0x00000ea2       0x2b /home/maska/ATMEL/arm-gnu-toolchain-linux-2/bin/../lib/gcc/arm-elf/4.1.0/../../../../arm-elf/lib/thumb/interwork/libc.a(fclose.o)
 .debug_pubnames
                0x00000ecd       0x1c /home/maska/ATMEL/arm-gnu-toolchain-linux-2/bin/../lib/gcc/arm-elf/4.1.0/../../../../arm-elf/lib/thumb/interwork/libm.a(s_round.o)
 .debug_pubnames
                0x00000ee9       0x23 /home/maska/ATMEL/arm-gnu-toolchain-linux-2/bin/../lib/gcc/arm-elf/4.1.0/thumb/interwork/libgcc.a(_fixunsdfsi.o)
 .debug_pubnames
                0x00000f0c       0x2c /home/maska/ATMEL/arm-gnu-toolchain-linux-2/bin/../lib/gcc/arm-elf/4.1.0/thumb/interwork/libgcc.a(_addsub_df.o)
 .debug_pubnames
                0x00000f38       0x1f /home/maska/ATMEL/arm-gnu-toolchain-linux-2/bin/../lib/gcc/arm-elf/4.1.0/thumb/interwork/libgcc.a(_mul_df.o)
 .debug_pubnames
                0x00000f57       0x1f /home/maska/ATMEL/arm-gnu-toolchain-linux-2/bin/../lib/gcc/arm-elf/4.1.0/thumb/interwork/libgcc.a(_div_df.o)
 .debug_pubnames
                0x00000f76       0x1e /home/maska/ATMEL/arm-gnu-toolchain-linux-2/bin/../lib/gcc/arm-elf/4.1.0/thumb/interwork/libgcc.a(_eq_df.o)
 .debug_pubnames
                0x00000f94       0x1e /home/maska/ATMEL/arm-gnu-toolchain-linux-2/bin/../lib/gcc/arm-elf/4.1.0/thumb/interwork/libgcc.a(_ne_df.o)
 .debug_pubnames
                0x00000fb2       0x1e /home/maska/ATMEL/arm-gnu-toolchain-linux-2/bin/../lib/gcc/arm-elf/4.1.0/thumb/interwork/libgcc.a(_gt_df.o)
 .debug_pubnames
                0x00000fd0       0x1e /home/maska/ATMEL/arm-gnu-toolchain-linux-2/bin/../lib/gcc/arm-elf/4.1.0/thumb/interwork/libgcc.a(_ge_df.o)
 .debug_pubnames
                0x00000fee       0x1e /home/maska/ATMEL/arm-gnu-toolchain-linux-2/bin/../lib/gcc/arm-elf/4.1.0/thumb/interwork/libgcc.a(_lt_df.o)
 .debug_pubnames
                0x0000100c       0x22 /home/maska/ATMEL/arm-gnu-toolchain-linux-2/bin/../lib/gcc/arm-elf/4.1.0/thumb/interwork/libgcc.a(_si_to_df.o)
 .debug_pubnames
                0x0000102e       0x20 /home/maska/ATMEL/arm-gnu-toolchain-linux-2/bin/../lib/gcc/arm-elf/4.1.0/thumb/interwork/libgcc.a(_df_to_si.o)
 .debug_pubnames
                0x0000104e       0x22 /home/maska/ATMEL/arm-gnu-toolchain-linux-2/bin/../lib/gcc/arm-elf/4.1.0/thumb/interwork/libgcc.a(_thenan_df.o)
 .debug_pubnames
                0x00001070       0x1f /home/maska/ATMEL/arm-gnu-toolchain-linux-2/bin/../lib/gcc/arm-elf/4.1.0/thumb/interwork/libgcc.a(_muldi3.o)
 .debug_pubnames
                0x0000108f       0x1f /home/maska/ATMEL/arm-gnu-toolchain-linux-2/bin/../lib/gcc/arm-elf/4.1.0/thumb/interwork/libgcc.a(_pack_df.o)
 .debug_pubnames
                0x000010ae       0x21 /home/maska/ATMEL/arm-gnu-toolchain-linux-2/bin/../lib/gcc/arm-elf/4.1.0/thumb/interwork/libgcc.a(_unpack_df.o)
 .debug_pubnames
                0x000010cf       0x26 /home/maska/ATMEL/arm-gnu-toolchain-linux-2/bin/../lib/gcc/arm-elf/4.1.0/thumb/interwork/libgcc.a(_fpcmp_parts_df.o)

.debug_info     0x00000000    0x1a1dc
 *(.debug_info .gnu.linkonce.wi.*)
 .debug_info    0x00000000       0x8e Cstartup.o
 .debug_info    0x0000008e     0x2e3a main.o
 .debug_info    0x00002ec8      0x208 Cstartup_SAM7.o
 .debug_info    0x000030d0     0x1022 syscalls.o
 .debug_info    0x000040f2      0x68f cdc_enumerate.o
 .debug_info    0x00004781      0x4ab adc.o
 .debug_info    0x00004c2c      0x477 pwm.o
 .debug_info    0x000050a3       0xc5 aic.o
 .debug_info    0x00005168       0xc5 async.o
 .debug_info    0x0000522d       0x8d delay.o
 .debug_info    0x000052ba       0xd0 util_math.o
 .debug_info    0x0000538a      0x949 /home/maska/ATMEL/arm-gnu-toolchain-linux-2/bin/../lib/gcc/arm-elf/4.1.0/../../../../arm-elf/lib/thumb/interwork/libc.a(atoi.o)
 .debug_info    0x00005cd3      0x10e /home/maska/ATMEL/arm-gnu-toolchain-linux-2/bin/../lib/gcc/arm-elf/4.1.0/../../../../arm-elf/lib/thumb/interwork/libc.a(memcpy.o)
 .debug_info    0x00005de1      0xa02 /home/maska/ATMEL/arm-gnu-toolchain-linux-2/bin/../lib/gcc/arm-elf/4.1.0/../../../../arm-elf/lib/thumb/interwork/libc.a(sprintf.o)
 .debug_info    0x000067e3       0xda /home/maska/ATMEL/arm-gnu-toolchain-linux-2/bin/../lib/gcc/arm-elf/4.1.0/../../../../arm-elf/lib/thumb/interwork/libc.a(strcmp.o)
 .debug_info    0x000068bd      0x10d /home/maska/ATMEL/arm-gnu-toolchain-linux-2/bin/../lib/gcc/arm-elf/4.1.0/../../../../arm-elf/lib/thumb/interwork/libc.a(strcpy.o)
 .debug_info    0x000069ca       0xd6 /home/maska/ATMEL/arm-gnu-toolchain-linux-2/bin/../lib/gcc/arm-elf/4.1.0/../../../../arm-elf/lib/thumb/interwork/libc.a(strlen.o)
 .debug_info    0x00006aa0      0x930 /home/maska/ATMEL/arm-gnu-toolchain-linux-2/bin/../lib/gcc/arm-elf/4.1.0/../../../../arm-elf/lib/thumb/interwork/libc.a(strtok.o)
 .debug_info    0x000073d0      0x15f /home/maska/ATMEL/arm-gnu-toolchain-linux-2/bin/../lib/gcc/arm-elf/4.1.0/../../../../arm-elf/lib/thumb/interwork/libc.a(strtok_r.o)
 .debug_info    0x0000752f      0xa11 /home/maska/ATMEL/arm-gnu-toolchain-linux-2/bin/../lib/gcc/arm-elf/4.1.0/../../../../arm-elf/lib/thumb/interwork/libc.a(strtol.o)
 .debug_info    0x00007f40     0x10eb /home/maska/ATMEL/arm-gnu-toolchain-linux-2/bin/../lib/gcc/arm-elf/4.1.0/../../../../arm-elf/lib/thumb/interwork/libc.a(vfprintf.o)
 .debug_info    0x0000902b      0x9ef /home/maska/ATMEL/arm-gnu-toolchain-linux-2/bin/../lib/gcc/arm-elf/4.1.0/../../../../arm-elf/lib/thumb/interwork/libc.a(wcrtomb.o)
 .debug_info    0x00009a1a      0xa84 /home/maska/ATMEL/arm-gnu-toolchain-linux-2/bin/../lib/gcc/arm-elf/4.1.0/../../../../arm-elf/lib/thumb/interwork/libc.a(wcsrtombs.o)
 .debug_info    0x0000a49e      0x9f7 /home/maska/ATMEL/arm-gnu-toolchain-linux-2/bin/../lib/gcc/arm-elf/4.1.0/../../../../arm-elf/lib/thumb/interwork/libc.a(wctomb_r.o)
 .debug_info    0x0000ae95      0x93a /home/maska/ATMEL/arm-gnu-toolchain-linux-2/bin/../lib/gcc/arm-elf/4.1.0/../../../../arm-elf/lib/thumb/interwork/libc.a(wsetup.o)
 .debug_info    0x0000b7cf       0x79 /home/maska/ATMEL/arm-gnu-toolchain-linux-2/bin/../lib/gcc/arm-elf/4.1.0/../../../../arm-elf/lib/thumb/interwork/libc.a(ctype_.o)
 .debug_info    0x0000b848      0xd65 /home/maska/ATMEL/arm-gnu-toolchain-linux-2/bin/../lib/gcc/arm-elf/4.1.0/../../../../arm-elf/lib/thumb/interwork/libc.a(dtoa.o)
 .debug_info    0x0000c5ad      0x974 /home/maska/ATMEL/arm-gnu-toolchain-linux-2/bin/../lib/gcc/arm-elf/4.1.0/../../../../arm-elf/lib/thumb/interwork/libc.a(fflush.o)
 .debug_info    0x0000cf21      0xb67 /home/maska/ATMEL/arm-gnu-toolchain-linux-2/bin/../lib/gcc/arm-elf/4.1.0/../../../../arm-elf/lib/thumb/interwork/libc.a(findfp.o)
 .debug_info    0x0000da88      0xbb5 /home/maska/ATMEL/arm-gnu-toolchain-linux-2/bin/../lib/gcc/arm-elf/4.1.0/../../../../arm-elf/lib/thumb/interwork/libc.a(freer.o)
 .debug_info    0x0000e63d      0xa5f /home/maska/ATMEL/arm-gnu-toolchain-linux-2/bin/../lib/gcc/arm-elf/4.1.0/../../../../arm-elf/lib/thumb/interwork/libc.a(fvwrite.o)
 .debug_info    0x0000f09c      0xad9 /home/maska/ATMEL/arm-gnu-toolchain-linux-2/bin/../lib/gcc/arm-elf/4.1.0/../../../../arm-elf/lib/thumb/interwork/libc.a(fwalk.o)
 .debug_info    0x0000fb75      0x922 /home/maska/ATMEL/arm-gnu-toolchain-linux-2/bin/../lib/gcc/arm-elf/4.1.0/../../../../arm-elf/lib/thumb/interwork/libc.a(impure.o)
 .debug_info    0x00010497      0xb82 /home/maska/ATMEL/arm-gnu-toolchain-linux-2/bin/../lib/gcc/arm-elf/4.1.0/../../../../arm-elf/lib/thumb/interwork/libc.a(locale.o)
 .debug_info    0x00011019      0xad9 /home/maska/ATMEL/arm-gnu-toolchain-linux-2/bin/../lib/gcc/arm-elf/4.1.0/../../../../arm-elf/lib/thumb/interwork/libc.a(makebuf.o)
 .debug_info    0x00011af2      0xcbc /home/maska/ATMEL/arm-gnu-toolchain-linux-2/bin/../lib/gcc/arm-elf/4.1.0/../../../../arm-elf/lib/thumb/interwork/libc.a(mallocr.o)
 .debug_info    0x000127ae      0x133 /home/maska/ATMEL/arm-gnu-toolchain-linux-2/bin/../lib/gcc/arm-elf/4.1.0/../../../../arm-elf/lib/thumb/interwork/libc.a(memchr.o)
 .debug_info    0x000128e1      0x13f /home/maska/ATMEL/arm-gnu-toolchain-linux-2/bin/../lib/gcc/arm-elf/4.1.0/../../../../arm-elf/lib/thumb/interwork/libc.a(memmove.o)
 .debug_info    0x00012a20      0x112 /home/maska/ATMEL/arm-gnu-toolchain-linux-2/bin/../lib/gcc/arm-elf/4.1.0/../../../../arm-elf/lib/thumb/interwork/libc.a(memset.o)
 .debug_info    0x00012b32      0x93c /home/maska/ATMEL/arm-gnu-toolchain-linux-2/bin/../lib/gcc/arm-elf/4.1.0/../../../../arm-elf/lib/thumb/interwork/libc.a(mlock.o)
 .debug_info    0x0001346e     0x1336 /home/maska/ATMEL/arm-gnu-toolchain-linux-2/bin/../lib/gcc/arm-elf/4.1.0/../../../../arm-elf/lib/thumb/interwork/libc.a(mprec.o)
 .debug_info    0x000147a4      0xbc7 /home/maska/ATMEL/arm-gnu-toolchain-linux-2/bin/../lib/gcc/arm-elf/4.1.0/../../../../arm-elf/lib/thumb/interwork/libc.a(reallocr.o)
 .debug_info    0x0001536b       0xd7 /home/maska/ATMEL/arm-gnu-toolchain-linux-2/bin/../lib/gcc/arm-elf/4.1.0/../../../../arm-elf/lib/thumb/interwork/libc.a(s_isinf.o)
 .debug_info    0x00015442       0xd5 /home/maska/ATMEL/arm-gnu-toolchain-linux-2/bin/../lib/gcc/arm-elf/4.1.0/../../../../arm-elf/lib/thumb/interwork/libc.a(s_isnan.o)
 .debug_info    0x00015517      0xa74 /home/maska/ATMEL/arm-gnu-toolchain-linux-2/bin/../lib/gcc/arm-elf/4.1.0/../../../../arm-elf/lib/thumb/interwork/libc.a(stdio.o)
 .debug_info    0x00015f8b      0xa03 /home/maska/ATMEL/arm-gnu-toolchain-linux-2/bin/../lib/gcc/arm-elf/4.1.0/../../../../arm-elf/lib/thumb/interwork/libc.a(callocr.o)
 .debug_info    0x0001698e      0x982 /home/maska/ATMEL/arm-gnu-toolchain-linux-2/bin/../lib/gcc/arm-elf/4.1.0/../../../../arm-elf/lib/thumb/interwork/libc.a(fclose.o)
 .debug_info    0x00017310      0x1ac /home/maska/ATMEL/arm-gnu-toolchain-linux-2/bin/../lib/gcc/arm-elf/4.1.0/../../../../arm-elf/lib/thumb/interwork/libm.a(s_round.o)
 .debug_info    0x000174bc       0x88 /home/maska/ATMEL/arm-gnu-toolchain-linux-2/bin/../lib/gcc/arm-elf/4.1.0/thumb/interwork/libgcc.a(_udivsi3.o)
 .debug_info    0x00017544       0x88 /home/maska/ATMEL/arm-gnu-toolchain-linux-2/bin/../lib/gcc/arm-elf/4.1.0/thumb/interwork/libgcc.a(_divsi3.o)
 .debug_info    0x000175cc       0x88 /home/maska/ATMEL/arm-gnu-toolchain-linux-2/bin/../lib/gcc/arm-elf/4.1.0/thumb/interwork/libgcc.a(_umodsi3.o)
 .debug_info    0x00017654       0x88 /home/maska/ATMEL/arm-gnu-toolchain-linux-2/bin/../lib/gcc/arm-elf/4.1.0/thumb/interwork/libgcc.a(_modsi3.o)
 .debug_info    0x000176dc       0x88 /home/maska/ATMEL/arm-gnu-toolchain-linux-2/bin/../lib/gcc/arm-elf/4.1.0/thumb/interwork/libgcc.a(_dvmd_tls.o)
 .debug_info    0x00017764       0xce /home/maska/ATMEL/arm-gnu-toolchain-linux-2/bin/../lib/gcc/arm-elf/4.1.0/thumb/interwork/libgcc.a(_fixunsdfsi.o)
 .debug_info    0x00017832      0x47d /home/maska/ATMEL/arm-gnu-toolchain-linux-2/bin/../lib/gcc/arm-elf/4.1.0/thumb/interwork/libgcc.a(_addsub_df.o)
 .debug_info    0x00017caf      0x473 /home/maska/ATMEL/arm-gnu-toolchain-linux-2/bin/../lib/gcc/arm-elf/4.1.0/thumb/interwork/libgcc.a(_mul_df.o)
 .debug_info    0x00018122      0x3ad /home/maska/ATMEL/arm-gnu-toolchain-linux-2/bin/../lib/gcc/arm-elf/4.1.0/thumb/interwork/libgcc.a(_div_df.o)
 .debug_info    0x000184cf      0x2aa /home/maska/ATMEL/arm-gnu-toolchain-linux-2/bin/../lib/gcc/arm-elf/4.1.0/thumb/interwork/libgcc.a(_eq_df.o)
 .debug_info    0x00018779      0x2aa /home/maska/ATMEL/arm-gnu-toolchain-linux-2/bin/../lib/gcc/arm-elf/4.1.0/thumb/interwork/libgcc.a(_ne_df.o)
 .debug_info    0x00018a23      0x2aa /home/maska/ATMEL/arm-gnu-toolchain-linux-2/bin/../lib/gcc/arm-elf/4.1.0/thumb/interwork/libgcc.a(_gt_df.o)
 .debug_info    0x00018ccd      0x2aa /home/maska/ATMEL/arm-gnu-toolchain-linux-2/bin/../lib/gcc/arm-elf/4.1.0/thumb/interwork/libgcc.a(_ge_df.o)
 .debug_info    0x00018f77      0x2aa /home/maska/ATMEL/arm-gnu-toolchain-linux-2/bin/../lib/gcc/arm-elf/4.1.0/thumb/interwork/libgcc.a(_lt_df.o)
 .debug_info    0x00019221      0x1bd /home/maska/ATMEL/arm-gnu-toolchain-linux-2/bin/../lib/gcc/arm-elf/4.1.0/thumb/interwork/libgcc.a(_si_to_df.o)
 .debug_info    0x000193de      0x2de /home/maska/ATMEL/arm-gnu-toolchain-linux-2/bin/../lib/gcc/arm-elf/4.1.0/thumb/interwork/libgcc.a(_df_to_si.o)
 .debug_info    0x000196bc      0x164 /home/maska/ATMEL/arm-gnu-toolchain-linux-2/bin/../lib/gcc/arm-elf/4.1.0/thumb/interwork/libgcc.a(_thenan_df.o)
 .debug_info    0x00019820      0x207 /home/maska/ATMEL/arm-gnu-toolchain-linux-2/bin/../lib/gcc/arm-elf/4.1.0/thumb/interwork/libgcc.a(_muldi3.o)
 .debug_info    0x00019a27      0x323 /home/maska/ATMEL/arm-gnu-toolchain-linux-2/bin/../lib/gcc/arm-elf/4.1.0/thumb/interwork/libgcc.a(_pack_df.o)
 .debug_info    0x00019d4a      0x27a /home/maska/ATMEL/arm-gnu-toolchain-linux-2/bin/../lib/gcc/arm-elf/4.1.0/thumb/interwork/libgcc.a(_unpack_df.o)
 .debug_info    0x00019fc4      0x218 /home/maska/ATMEL/arm-gnu-toolchain-linux-2/bin/../lib/gcc/arm-elf/4.1.0/thumb/interwork/libgcc.a(_fpcmp_parts_df.o)

.debug_abbrev   0x00000000     0x5611
 *(.debug_abbrev)
 .debug_abbrev  0x00000000       0x14 Cstartup.o
 .debug_abbrev  0x00000014      0x33d main.o
 .debug_abbrev  0x00000351       0xaa Cstartup_SAM7.o
 .debug_abbrev  0x000003fb      0x2ac syscalls.o
 .debug_abbrev  0x000006a7      0x242 cdc_enumerate.o
 .debug_abbrev  0x000008e9       0xb8 adc.o
 .debug_abbrev  0x000009a1      0x1a4 pwm.o
 .debug_abbrev  0x00000b45       0x90 aic.o
 .debug_abbrev  0x00000bd5       0x9b async.o
 .debug_abbrev  0x00000c70       0x85 delay.o
 .debug_abbrev  0x00000cf5       0xaf util_math.o
 .debug_abbrev  0x00000da4      0x176 /home/maska/ATMEL/arm-gnu-toolchain-linux-2/bin/../lib/gcc/arm-elf/4.1.0/../../../../arm-elf/lib/thumb/interwork/libc.a(atoi.o)
 .debug_abbrev  0x00000f1a       0x99 /home/maska/ATMEL/arm-gnu-toolchain-linux-2/bin/../lib/gcc/arm-elf/4.1.0/../../../../arm-elf/lib/thumb/interwork/libc.a(memcpy.o)
 .debug_abbrev  0x00000fb3      0x193 /home/maska/ATMEL/arm-gnu-toolchain-linux-2/bin/../lib/gcc/arm-elf/4.1.0/../../../../arm-elf/lib/thumb/interwork/libc.a(sprintf.o)
 .debug_abbrev  0x00001146       0x71 /home/maska/ATMEL/arm-gnu-toolchain-linux-2/bin/../lib/gcc/arm-elf/4.1.0/../../../../arm-elf/lib/thumb/interwork/libc.a(strcmp.o)
 .debug_abbrev  0x000011b7       0x80 /home/maska/ATMEL/arm-gnu-toolchain-linux-2/bin/../lib/gcc/arm-elf/4.1.0/../../../../arm-elf/lib/thumb/interwork/libc.a(strcpy.o)
 .debug_abbrev  0x00001237       0x8b /home/maska/ATMEL/arm-gnu-toolchain-linux-2/bin/../lib/gcc/arm-elf/4.1.0/../../../../arm-elf/lib/thumb/interwork/libc.a(strlen.o)
 .debug_abbrev  0x000012c2      0x17f /home/maska/ATMEL/arm-gnu-toolchain-linux-2/bin/../lib/gcc/arm-elf/4.1.0/../../../../arm-elf/lib/thumb/interwork/libc.a(strtok.o)
 .debug_abbrev  0x00001441       0xbe /home/maska/ATMEL/arm-gnu-toolchain-linux-2/bin/../lib/gcc/arm-elf/4.1.0/../../../../arm-elf/lib/thumb/interwork/libc.a(strtok_r.o)
 .debug_abbrev  0x000014ff      0x1ae /home/maska/ATMEL/arm-gnu-toolchain-linux-2/bin/../lib/gcc/arm-elf/4.1.0/../../../../arm-elf/lib/thumb/interwork/libc.a(strtol.o)
 .debug_abbrev  0x000016ad      0x356 /home/maska/ATMEL/arm-gnu-toolchain-linux-2/bin/../lib/gcc/arm-elf/4.1.0/../../../../arm-elf/lib/thumb/interwork/libc.a(vfprintf.o)
 .debug_abbrev  0x00001a03      0x18e /home/maska/ATMEL/arm-gnu-toolchain-linux-2/bin/../lib/gcc/arm-elf/4.1.0/../../../../arm-elf/lib/thumb/interwork/libc.a(wcrtomb.o)
 .debug_abbrev  0x00001b91      0x1a4 /home/maska/ATMEL/arm-gnu-toolchain-linux-2/bin/../lib/gcc/arm-elf/4.1.0/../../../../arm-elf/lib/thumb/interwork/libc.a(wcsrtombs.o)
 .debug_abbrev  0x00001d35      0x1ab /home/maska/ATMEL/arm-gnu-toolchain-linux-2/bin/../lib/gcc/arm-elf/4.1.0/../../../../arm-elf/lib/thumb/interwork/libc.a(wctomb_r.o)
 .debug_abbrev  0x00001ee0      0x170 /home/maska/ATMEL/arm-gnu-toolchain-linux-2/bin/../lib/gcc/arm-elf/4.1.0/../../../../arm-elf/lib/thumb/interwork/libc.a(wsetup.o)
 .debug_abbrev  0x00002050       0x52 /home/maska/ATMEL/arm-gnu-toolchain-linux-2/bin/../lib/gcc/arm-elf/4.1.0/../../../../arm-elf/lib/thumb/interwork/libc.a(ctype_.o)
 .debug_abbrev  0x000020a2      0x214 /home/maska/ATMEL/arm-gnu-toolchain-linux-2/bin/../lib/gcc/arm-elf/4.1.0/../../../../arm-elf/lib/thumb/interwork/libc.a(dtoa.o)
 .debug_abbrev  0x000022b6      0x17f /home/maska/ATMEL/arm-gnu-toolchain-linux-2/bin/../lib/gcc/arm-elf/4.1.0/../../../../arm-elf/lib/thumb/interwork/libc.a(fflush.o)
 .debug_abbrev  0x00002435      0x24a /home/maska/ATMEL/arm-gnu-toolchain-linux-2/bin/../lib/gcc/arm-elf/4.1.0/../../../../arm-elf/lib/thumb/interwork/libc.a(findfp.o)
 .debug_abbrev  0x0000267f      0x1d9 /home/maska/ATMEL/arm-gnu-toolchain-linux-2/bin/../lib/gcc/arm-elf/4.1.0/../../../../arm-elf/lib/thumb/interwork/libc.a(freer.o)
 .debug_abbrev  0x00002858      0x1b4 /home/maska/ATMEL/arm-gnu-toolchain-linux-2/bin/../lib/gcc/arm-elf/4.1.0/../../../../arm-elf/lib/thumb/interwork/libc.a(fvwrite.o)
 .debug_abbrev  0x00002a0c      0x1e3 /home/maska/ATMEL/arm-gnu-toolchain-linux-2/bin/../lib/gcc/arm-elf/4.1.0/../../../../arm-elf/lib/thumb/interwork/libc.a(fwalk.o)
 .debug_abbrev  0x00002bef      0x157 /home/maska/ATMEL/arm-gnu-toolchain-linux-2/bin/../lib/gcc/arm-elf/4.1.0/../../../../arm-elf/lib/thumb/interwork/libc.a(impure.o)
 .debug_abbrev  0x00002d46      0x20e /home/maska/ATMEL/arm-gnu-toolchain-linux-2/bin/../lib/gcc/arm-elf/4.1.0/../../../../arm-elf/lib/thumb/interwork/libc.a(locale.o)
 .debug_abbrev  0x00002f54      0x1a8 /home/maska/ATMEL/arm-gnu-toolchain-linux-2/bin/../lib/gcc/arm-elf/4.1.0/../../../../arm-elf/lib/thumb/interwork/libc.a(makebuf.o)
 .debug_abbrev  0x000030fc      0x216 /home/maska/ATMEL/arm-gnu-toolchain-linux-2/bin/../lib/gcc/arm-elf/4.1.0/../../../../arm-elf/lib/thumb/interwork/libc.a(mallocr.o)
 .debug_abbrev  0x00003312       0xb5 /home/maska/ATMEL/arm-gnu-toolchain-linux-2/bin/../lib/gcc/arm-elf/4.1.0/../../../../arm-elf/lib/thumb/interwork/libc.a(memchr.o)
 .debug_abbrev  0x000033c7       0x99 /home/maska/ATMEL/arm-gnu-toolchain-linux-2/bin/../lib/gcc/arm-elf/4.1.0/../../../../arm-elf/lib/thumb/interwork/libc.a(memmove.o)
 .debug_abbrev  0x00003460       0x9a /home/maska/ATMEL/arm-gnu-toolchain-linux-2/bin/../lib/gcc/arm-elf/4.1.0/../../../../arm-elf/lib/thumb/interwork/libc.a(memset.o)
 .debug_abbrev  0x000034fa      0x16a /home/maska/ATMEL/arm-gnu-toolchain-linux-2/bin/../lib/gcc/arm-elf/4.1.0/../../../../arm-elf/lib/thumb/interwork/libc.a(mlock.o)
 .debug_abbrev  0x00003664      0x262 /home/maska/ATMEL/arm-gnu-toolchain-linux-2/bin/../lib/gcc/arm-elf/4.1.0/../../../../arm-elf/lib/thumb/interwork/libc.a(mprec.o)
 .debug_abbrev  0x000038c6      0x1c3 /home/maska/ATMEL/arm-gnu-toolchain-linux-2/bin/../lib/gcc/arm-elf/4.1.0/../../../../arm-elf/lib/thumb/interwork/libc.a(reallocr.o)
 .debug_abbrev  0x00003a89       0x79 /home/maska/ATMEL/arm-gnu-toolchain-linux-2/bin/../lib/gcc/arm-elf/4.1.0/../../../../arm-elf/lib/thumb/interwork/libc.a(s_isinf.o)
 .debug_abbrev  0x00003b02       0x79 /home/maska/ATMEL/arm-gnu-toolchain-linux-2/bin/../lib/gcc/arm-elf/4.1.0/../../../../arm-elf/lib/thumb/interwork/libc.a(s_isnan.o)
 .debug_abbrev  0x00003b7b      0x1aa /home/maska/ATMEL/arm-gnu-toolchain-linux-2/bin/../lib/gcc/arm-elf/4.1.0/../../../../arm-elf/lib/thumb/interwork/libc.a(stdio.o)
 .debug_abbrev  0x00003d25      0x1af /home/maska/ATMEL/arm-gnu-toolchain-linux-2/bin/../lib/gcc/arm-elf/4.1.0/../../../../arm-elf/lib/thumb/interwork/libc.a(callocr.o)
 .debug_abbrev  0x00003ed4      0x18e /home/maska/ATMEL/arm-gnu-toolchain-linux-2/bin/../lib/gcc/arm-elf/4.1.0/../../../../arm-elf/lib/thumb/interwork/libc.a(fclose.o)
 .debug_abbrev  0x00004062       0xea /home/maska/ATMEL/arm-gnu-toolchain-linux-2/bin/../lib/gcc/arm-elf/4.1.0/../../../../arm-elf/lib/thumb/interwork/libm.a(s_round.o)
 .debug_abbrev  0x0000414c       0x14 /home/maska/ATMEL/arm-gnu-toolchain-linux-2/bin/../lib/gcc/arm-elf/4.1.0/thumb/interwork/libgcc.a(_udivsi3.o)
 .debug_abbrev  0x00004160       0x14 /home/maska/ATMEL/arm-gnu-toolchain-linux-2/bin/../lib/gcc/arm-elf/4.1.0/thumb/interwork/libgcc.a(_divsi3.o)
 .debug_abbrev  0x00004174       0x14 /home/maska/ATMEL/arm-gnu-toolchain-linux-2/bin/../lib/gcc/arm-elf/4.1.0/thumb/interwork/libgcc.a(_umodsi3.o)
 .debug_abbrev  0x00004188       0x14 /home/maska/ATMEL/arm-gnu-toolchain-linux-2/bin/../lib/gcc/arm-elf/4.1.0/thumb/interwork/libgcc.a(_modsi3.o)
 .debug_abbrev  0x0000419c       0x14 /home/maska/ATMEL/arm-gnu-toolchain-linux-2/bin/../lib/gcc/arm-elf/4.1.0/thumb/interwork/libgcc.a(_dvmd_tls.o)
 .debug_abbrev  0x000041b0       0x5d /home/maska/ATMEL/arm-gnu-toolchain-linux-2/bin/../lib/gcc/arm-elf/4.1.0/thumb/interwork/libgcc.a(_fixunsdfsi.o)
 .debug_abbrev  0x0000420d      0x1a8 /home/maska/ATMEL/arm-gnu-toolchain-linux-2/bin/../lib/gcc/arm-elf/4.1.0/thumb/interwork/libgcc.a(_addsub_df.o)
 .debug_abbrev  0x000043b5      0x1e7 /home/maska/ATMEL/arm-gnu-toolchain-linux-2/bin/../lib/gcc/arm-elf/4.1.0/thumb/interwork/libgcc.a(_mul_df.o)
 .debug_abbrev  0x0000459c      0x1d9 /home/maska/ATMEL/arm-gnu-toolchain-linux-2/bin/../lib/gcc/arm-elf/4.1.0/thumb/interwork/libgcc.a(_div_df.o)
 .debug_abbrev  0x00004775      0x157 /home/maska/ATMEL/arm-gnu-toolchain-linux-2/bin/../lib/gcc/arm-elf/4.1.0/thumb/interwork/libgcc.a(_eq_df.o)
 .debug_abbrev  0x000048cc      0x157 /home/maska/ATMEL/arm-gnu-toolchain-linux-2/bin/../lib/gcc/arm-elf/4.1.0/thumb/interwork/libgcc.a(_ne_df.o)
 .debug_abbrev  0x00004a23      0x157 /home/maska/ATMEL/arm-gnu-toolchain-linux-2/bin/../lib/gcc/arm-elf/4.1.0/thumb/interwork/libgcc.a(_gt_df.o)
 .debug_abbrev  0x00004b7a      0x157 /home/maska/ATMEL/arm-gnu-toolchain-linux-2/bin/../lib/gcc/arm-elf/4.1.0/thumb/interwork/libgcc.a(_ge_df.o)
 .debug_abbrev  0x00004cd1      0x157 /home/maska/ATMEL/arm-gnu-toolchain-linux-2/bin/../lib/gcc/arm-elf/4.1.0/thumb/interwork/libgcc.a(_lt_df.o)
 .debug_abbrev  0x00004e28       0xf1 /home/maska/ATMEL/arm-gnu-toolchain-linux-2/bin/../lib/gcc/arm-elf/4.1.0/thumb/interwork/libgcc.a(_si_to_df.o)
 .debug_abbrev  0x00004f19      0x166 /home/maska/ATMEL/arm-gnu-toolchain-linux-2/bin/../lib/gcc/arm-elf/4.1.0/thumb/interwork/libgcc.a(_df_to_si.o)
 .debug_abbrev  0x0000507f       0xba /home/maska/ATMEL/arm-gnu-toolchain-linux-2/bin/../lib/gcc/arm-elf/4.1.0/thumb/interwork/libgcc.a(_thenan_df.o)
 .debug_abbrev  0x00005139       0xec /home/maska/ATMEL/arm-gnu-toolchain-linux-2/bin/../lib/gcc/arm-elf/4.1.0/thumb/interwork/libgcc.a(_muldi3.o)
 .debug_abbrev  0x00005225      0x192 /home/maska/ATMEL/arm-gnu-toolchain-linux-2/bin/../lib/gcc/arm-elf/4.1.0/thumb/interwork/libgcc.a(_pack_df.o)
 .debug_abbrev  0x000053b7      0x149 /home/maska/ATMEL/arm-gnu-toolchain-linux-2/bin/../lib/gcc/arm-elf/4.1.0/thumb/interwork/libgcc.a(_unpack_df.o)
 .debug_abbrev  0x00005500      0x111 /home/maska/ATMEL/arm-gnu-toolchain-linux-2/bin/../lib/gcc/arm-elf/4.1.0/thumb/interwork/libgcc.a(_fpcmp_parts_df.o)

.debug_line     0x00000000     0x5378
 *(.debug_line)
 .debug_line    0x00000000       0x87 Cstartup.o
 .debug_line    0x00000087      0x824 main.o
 .debug_line    0x000008ab       0x60 Cstartup_SAM7.o
 .debug_line    0x0000090b      0x236 syscalls.o
 .debug_line    0x00000b41      0x142 cdc_enumerate.o
 .debug_line    0x00000c83       0x6d adc.o
 .debug_line    0x00000cf0      0x12f pwm.o
 .debug_line    0x00000e1f       0x41 aic.o
 .debug_line    0x00000e60       0x41 async.o
 .debug_line    0x00000ea1       0x4c delay.o
 .debug_line    0x00000eed       0x42 util_math.o
 .debug_line    0x00000f2f      0x11a /home/maska/ATMEL/arm-gnu-toolchain-linux-2/bin/../lib/gcc/arm-elf/4.1.0/../../../../arm-elf/lib/thumb/interwork/libc.a(atoi.o)
 .debug_line    0x00001049       0xc9 /home/maska/ATMEL/arm-gnu-toolchain-linux-2/bin/../lib/gcc/arm-elf/4.1.0/../../../../arm-elf/lib/thumb/interwork/libc.a(memcpy.o)
 .debug_line    0x00001112      0x1a6 /home/maska/ATMEL/arm-gnu-toolchain-linux-2/bin/../lib/gcc/arm-elf/4.1.0/../../../../arm-elf/lib/thumb/interwork/libc.a(sprintf.o)
 .debug_line    0x000012b8       0x8c /home/maska/ATMEL/arm-gnu-toolchain-linux-2/bin/../lib/gcc/arm-elf/4.1.0/../../../../arm-elf/lib/thumb/interwork/libc.a(strcmp.o)
 .debug_line    0x00001344       0x85 /home/maska/ATMEL/arm-gnu-toolchain-linux-2/bin/../lib/gcc/arm-elf/4.1.0/../../../../arm-elf/lib/thumb/interwork/libc.a(strcpy.o)
 .debug_line    0x000013c9       0xb8 /home/maska/ATMEL/arm-gnu-toolchain-linux-2/bin/../lib/gcc/arm-elf/4.1.0/../../../../arm-elf/lib/thumb/interwork/libc.a(strlen.o)
 .debug_line    0x00001481      0x117 /home/maska/ATMEL/arm-gnu-toolchain-linux-2/bin/../lib/gcc/arm-elf/4.1.0/../../../../arm-elf/lib/thumb/interwork/libc.a(strtok.o)
 .debug_line    0x00001598       0xa2 /home/maska/ATMEL/arm-gnu-toolchain-linux-2/bin/../lib/gcc/arm-elf/4.1.0/../../../../arm-elf/lib/thumb/interwork/libc.a(strtok_r.o)
 .debug_line    0x0000163a      0x1c3 /home/maska/ATMEL/arm-gnu-toolchain-linux-2/bin/../lib/gcc/arm-elf/4.1.0/../../../../arm-elf/lib/thumb/interwork/libc.a(strtol.o)
 .debug_line    0x000017fd      0x5a4 /home/maska/ATMEL/arm-gnu-toolchain-linux-2/bin/../lib/gcc/arm-elf/4.1.0/../../../../arm-elf/lib/thumb/interwork/libc.a(vfprintf.o)
 .debug_line    0x00001da1      0x178 /home/maska/ATMEL/arm-gnu-toolchain-linux-2/bin/../lib/gcc/arm-elf/4.1.0/../../../../arm-elf/lib/thumb/interwork/libc.a(wcrtomb.o)
 .debug_line    0x00001f19      0x1a5 /home/maska/ATMEL/arm-gnu-toolchain-linux-2/bin/../lib/gcc/arm-elf/4.1.0/../../../../arm-elf/lib/thumb/interwork/libc.a(wcsrtombs.o)
 .debug_line    0x000020be      0x1fb /home/maska/ATMEL/arm-gnu-toolchain-linux-2/bin/../lib/gcc/arm-elf/4.1.0/../../../../arm-elf/lib/thumb/interwork/libc.a(wctomb_r.o)
 .debug_line    0x000022b9      0x185 /home/maska/ATMEL/arm-gnu-toolchain-linux-2/bin/../lib/gcc/arm-elf/4.1.0/../../../../arm-elf/lib/thumb/interwork/libc.a(wsetup.o)
 .debug_line    0x0000243e       0x62 /home/maska/ATMEL/arm-gnu-toolchain-linux-2/bin/../lib/gcc/arm-elf/4.1.0/../../../../arm-elf/lib/thumb/interwork/libc.a(ctype_.o)
 .debug_line    0x000024a0      0x453 /home/maska/ATMEL/arm-gnu-toolchain-linux-2/bin/../lib/gcc/arm-elf/4.1.0/../../../../arm-elf/lib/thumb/interwork/libc.a(dtoa.o)
 .debug_line    0x000028f3      0x183 /home/maska/ATMEL/arm-gnu-toolchain-linux-2/bin/../lib/gcc/arm-elf/4.1.0/../../../../arm-elf/lib/thumb/interwork/libc.a(fflush.o)
 .debug_line    0x00002a76      0x1e4 /home/maska/ATMEL/arm-gnu-toolchain-linux-2/bin/../lib/gcc/arm-elf/4.1.0/../../../../arm-elf/lib/thumb/interwork/libc.a(findfp.o)
 .debug_line    0x00002c5a      0x185 /home/maska/ATMEL/arm-gnu-toolchain-linux-2/bin/../lib/gcc/arm-elf/4.1.0/../../../../arm-elf/lib/thumb/interwork/libc.a(freer.o)
 .debug_line    0x00002ddf      0x205 /home/maska/ATMEL/arm-gnu-toolchain-linux-2/bin/../lib/gcc/arm-elf/4.1.0/../../../../arm-elf/lib/thumb/interwork/libc.a(fvwrite.o)
 .debug_line    0x00002fe4      0x198 /home/maska/ATMEL/arm-gnu-toolchain-linux-2/bin/../lib/gcc/arm-elf/4.1.0/../../../../arm-elf/lib/thumb/interwork/libc.a(fwalk.o)
 .debug_line    0x0000317c      0x104 /home/maska/ATMEL/arm-gnu-toolchain-linux-2/bin/../lib/gcc/arm-elf/4.1.0/../../../../arm-elf/lib/thumb/interwork/libc.a(impure.o)
 .debug_line    0x00003280      0x187 /home/maska/ATMEL/arm-gnu-toolchain-linux-2/bin/../lib/gcc/arm-elf/4.1.0/../../../../arm-elf/lib/thumb/interwork/libc.a(locale.o)
 .debug_line    0x00003407      0x1a0 /home/maska/ATMEL/arm-gnu-toolchain-linux-2/bin/../lib/gcc/arm-elf/4.1.0/../../../../arm-elf/lib/thumb/interwork/libc.a(makebuf.o)
 .debug_line    0x000035a7      0x255 /home/maska/ATMEL/arm-gnu-toolchain-linux-2/bin/../lib/gcc/arm-elf/4.1.0/../../../../arm-elf/lib/thumb/interwork/libc.a(mallocr.o)
 .debug_line    0x000037fc       0xde /home/maska/ATMEL/arm-gnu-toolchain-linux-2/bin/../lib/gcc/arm-elf/4.1.0/../../../../arm-elf/lib/thumb/interwork/libc.a(memchr.o)
 .debug_line    0x000038da       0xd0 /home/maska/ATMEL/arm-gnu-toolchain-linux-2/bin/../lib/gcc/arm-elf/4.1.0/../../../../arm-elf/lib/thumb/interwork/libc.a(memmove.o)
 .debug_line    0x000039aa       0xd5 /home/maska/ATMEL/arm-gnu-toolchain-linux-2/bin/../lib/gcc/arm-elf/4.1.0/../../../../arm-elf/lib/thumb/interwork/libc.a(memset.o)
 .debug_line    0x00003a7f      0x116 /home/maska/ATMEL/arm-gnu-toolchain-linux-2/bin/../lib/gcc/arm-elf/4.1.0/../../../../arm-elf/lib/thumb/interwork/libc.a(mlock.o)
 .debug_line    0x00003b95      0x3dd /home/maska/ATMEL/arm-gnu-toolchain-linux-2/bin/../lib/gcc/arm-elf/4.1.0/../../../../arm-elf/lib/thumb/interwork/libc.a(mprec.o)
 .debug_line    0x00003f72      0x1be /home/maska/ATMEL/arm-gnu-toolchain-linux-2/bin/../lib/gcc/arm-elf/4.1.0/../../../../arm-elf/lib/thumb/interwork/libc.a(reallocr.o)
 .debug_line    0x00004130       0xcb /home/maska/ATMEL/arm-gnu-toolchain-linux-2/bin/../lib/gcc/arm-elf/4.1.0/../../../../arm-elf/lib/thumb/interwork/libc.a(s_isinf.o)
 .debug_line    0x000041fb       0xcb /home/maska/ATMEL/arm-gnu-toolchain-linux-2/bin/../lib/gcc/arm-elf/4.1.0/../../../../arm-elf/lib/thumb/interwork/libc.a(s_isnan.o)
 .debug_line    0x000042c6      0x196 /home/maska/ATMEL/arm-gnu-toolchain-linux-2/bin/../lib/gcc/arm-elf/4.1.0/../../../../arm-elf/lib/thumb/interwork/libc.a(stdio.o)
 .debug_line    0x0000445c      0x11f /home/maska/ATMEL/arm-gnu-toolchain-linux-2/bin/../lib/gcc/arm-elf/4.1.0/../../../../arm-elf/lib/thumb/interwork/libc.a(callocr.o)
 .debug_line    0x0000457b      0x184 /home/maska/ATMEL/arm-gnu-toolchain-linux-2/bin/../lib/gcc/arm-elf/4.1.0/../../../../arm-elf/lib/thumb/interwork/libc.a(fclose.o)
 .debug_line    0x000046ff      0x104 /home/maska/ATMEL/arm-gnu-toolchain-linux-2/bin/../lib/gcc/arm-elf/4.1.0/../../../../arm-elf/lib/thumb/interwork/libm.a(s_round.o)
 .debug_line    0x00004803       0x77 /home/maska/ATMEL/arm-gnu-toolchain-linux-2/bin/../lib/gcc/arm-elf/4.1.0/thumb/interwork/libgcc.a(_udivsi3.o)
 .debug_line    0x0000487a       0x83 /home/maska/ATMEL/arm-gnu-toolchain-linux-2/bin/../lib/gcc/arm-elf/4.1.0/thumb/interwork/libgcc.a(_divsi3.o)
 .debug_line    0x000048fd       0x6f /home/maska/ATMEL/arm-gnu-toolchain-linux-2/bin/../lib/gcc/arm-elf/4.1.0/thumb/interwork/libgcc.a(_umodsi3.o)
 .debug_line    0x0000496c       0x78 /home/maska/ATMEL/arm-gnu-toolchain-linux-2/bin/../lib/gcc/arm-elf/4.1.0/thumb/interwork/libgcc.a(_modsi3.o)
 .debug_line    0x000049e4       0x61 /home/maska/ATMEL/arm-gnu-toolchain-linux-2/bin/../lib/gcc/arm-elf/4.1.0/thumb/interwork/libgcc.a(_dvmd_tls.o)
 .debug_line    0x00004a45       0x65 /home/maska/ATMEL/arm-gnu-toolchain-linux-2/bin/../lib/gcc/arm-elf/4.1.0/thumb/interwork/libgcc.a(_fixunsdfsi.o)
 .debug_line    0x00004aaa      0x10a /home/maska/ATMEL/arm-gnu-toolchain-linux-2/bin/../lib/gcc/arm-elf/4.1.0/thumb/interwork/libgcc.a(_addsub_df.o)
 .debug_line    0x00004bb4       0xe5 /home/maska/ATMEL/arm-gnu-toolchain-linux-2/bin/../lib/gcc/arm-elf/4.1.0/thumb/interwork/libgcc.a(_mul_df.o)
 .debug_line    0x00004c99       0xca /home/maska/ATMEL/arm-gnu-toolchain-linux-2/bin/../lib/gcc/arm-elf/4.1.0/thumb/interwork/libgcc.a(_div_df.o)
 .debug_line    0x00004d63       0x75 /home/maska/ATMEL/arm-gnu-toolchain-linux-2/bin/../lib/gcc/arm-elf/4.1.0/thumb/interwork/libgcc.a(_eq_df.o)
 .debug_line    0x00004dd8       0x75 /home/maska/ATMEL/arm-gnu-toolchain-linux-2/bin/../lib/gcc/arm-elf/4.1.0/thumb/interwork/libgcc.a(_ne_df.o)
 .debug_line    0x00004e4d       0x75 /home/maska/ATMEL/arm-gnu-toolchain-linux-2/bin/../lib/gcc/arm-elf/4.1.0/thumb/interwork/libgcc.a(_gt_df.o)
 .debug_line    0x00004ec2       0x75 /home/maska/ATMEL/arm-gnu-toolchain-linux-2/bin/../lib/gcc/arm-elf/4.1.0/thumb/interwork/libgcc.a(_ge_df.o)
 .debug_line    0x00004f37       0x75 /home/maska/ATMEL/arm-gnu-toolchain-linux-2/bin/../lib/gcc/arm-elf/4.1.0/thumb/interwork/libgcc.a(_lt_df.o)
 .debug_line    0x00004fac       0x7e /home/maska/ATMEL/arm-gnu-toolchain-linux-2/bin/../lib/gcc/arm-elf/4.1.0/thumb/interwork/libgcc.a(_si_to_df.o)
 .debug_line    0x0000502a       0x88 /home/maska/ATMEL/arm-gnu-toolchain-linux-2/bin/../lib/gcc/arm-elf/4.1.0/thumb/interwork/libgcc.a(_df_to_si.o)
 .debug_line    0x000050b2       0x54 /home/maska/ATMEL/arm-gnu-toolchain-linux-2/bin/../lib/gcc/arm-elf/4.1.0/thumb/interwork/libgcc.a(_thenan_df.o)
 .debug_line    0x00005106       0x67 /home/maska/ATMEL/arm-gnu-toolchain-linux-2/bin/../lib/gcc/arm-elf/4.1.0/thumb/interwork/libgcc.a(_muldi3.o)
 .debug_line    0x0000516d       0xcc /home/maska/ATMEL/arm-gnu-toolchain-linux-2/bin/../lib/gcc/arm-elf/4.1.0/thumb/interwork/libgcc.a(_pack_df.o)
 .debug_line    0x00005239       0x99 /home/maska/ATMEL/arm-gnu-toolchain-linux-2/bin/../lib/gcc/arm-elf/4.1.0/thumb/interwork/libgcc.a(_unpack_df.o)
 .debug_line    0x000052d2       0xa6 /home/maska/ATMEL/arm-gnu-toolchain-linux-2/bin/../lib/gcc/arm-elf/4.1.0/thumb/interwork/libgcc.a(_fpcmp_parts_df.o)

.debug_frame    0x00000000     0x1660
 *(.debug_frame)
 .debug_frame   0x00000000      0x254 main.o
 .debug_frame   0x00000254       0x20 Cstartup_SAM7.o
 .debug_frame   0x00000274       0xa4 syscalls.o
 .debug_frame   0x00000318       0xc0 cdc_enumerate.o
 .debug_frame   0x000003d8       0x80 adc.o
 .debug_frame   0x00000458       0x58 pwm.o
 .debug_frame   0x000004b0       0x48 aic.o
 .debug_frame   0x000004f8       0x20 async.o
 .debug_frame   0x00000518       0x3c delay.o
 .debug_frame   0x00000554       0x40 util_math.o
 .debug_frame   0x00000594       0x40 /home/maska/ATMEL/arm-gnu-toolchain-linux-2/bin/../lib/gcc/arm-elf/4.1.0/../../../../arm-elf/lib/thumb/interwork/libc.a(atoi.o)
 .debug_frame   0x000005d4       0x28 /home/maska/ATMEL/arm-gnu-toolchain-linux-2/bin/../lib/gcc/arm-elf/4.1.0/../../../../arm-elf/lib/thumb/interwork/libc.a(memcpy.o)
 .debug_frame   0x000005fc       0x50 /home/maska/ATMEL/arm-gnu-toolchain-linux-2/bin/../lib/gcc/arm-elf/4.1.0/../../../../arm-elf/lib/thumb/interwork/libc.a(sprintf.o)
 .debug_frame   0x0000064c       0x2c /home/maska/ATMEL/arm-gnu-toolchain-linux-2/bin/../lib/gcc/arm-elf/4.1.0/../../../../arm-elf/lib/thumb/interwork/libc.a(strcmp.o)
 .debug_frame   0x00000678       0x2c /home/maska/ATMEL/arm-gnu-toolchain-linux-2/bin/../lib/gcc/arm-elf/4.1.0/../../../../arm-elf/lib/thumb/interwork/libc.a(strcpy.o)
 .debug_frame   0x000006a4       0x2c /home/maska/ATMEL/arm-gnu-toolchain-linux-2/bin/../lib/gcc/arm-elf/4.1.0/../../../../arm-elf/lib/thumb/interwork/libc.a(strlen.o)
 .debug_frame   0x000006d0       0x28 /home/maska/ATMEL/arm-gnu-toolchain-linux-2/bin/../lib/gcc/arm-elf/4.1.0/../../../../arm-elf/lib/thumb/interwork/libc.a(strtok.o)
 .debug_frame   0x000006f8       0x48 /home/maska/ATMEL/arm-gnu-toolchain-linux-2/bin/../lib/gcc/arm-elf/4.1.0/../../../../arm-elf/lib/thumb/interwork/libc.a(strtok_r.o)
 .debug_frame   0x00000740       0x58 /home/maska/ATMEL/arm-gnu-toolchain-linux-2/bin/../lib/gcc/arm-elf/4.1.0/../../../../arm-elf/lib/thumb/interwork/libc.a(strtol.o)
 .debug_frame   0x00000798       0x70 /home/maska/ATMEL/arm-gnu-toolchain-linux-2/bin/../lib/gcc/arm-elf/4.1.0/../../../../arm-elf/lib/thumb/interwork/libc.a(vfprintf.o)
 .debug_frame   0x00000808       0x48 /home/maska/ATMEL/arm-gnu-toolchain-linux-2/bin/../lib/gcc/arm-elf/4.1.0/../../../../arm-elf/lib/thumb/interwork/libc.a(wcrtomb.o)
 .debug_frame   0x00000850       0x5c /home/maska/ATMEL/arm-gnu-toolchain-linux-2/bin/../lib/gcc/arm-elf/4.1.0/../../../../arm-elf/lib/thumb/interwork/libc.a(wcsrtombs.o)
 .debug_frame   0x000008ac       0x30 /home/maska/ATMEL/arm-gnu-toolchain-linux-2/bin/../lib/gcc/arm-elf/4.1.0/../../../../arm-elf/lib/thumb/interwork/libc.a(wctomb_r.o)
 .debug_frame   0x000008dc       0x2c /home/maska/ATMEL/arm-gnu-toolchain-linux-2/bin/../lib/gcc/arm-elf/4.1.0/../../../../arm-elf/lib/thumb/interwork/libc.a(wsetup.o)
 .debug_frame   0x00000908       0x68 /home/maska/ATMEL/arm-gnu-toolchain-linux-2/bin/../lib/gcc/arm-elf/4.1.0/../../../../arm-elf/lib/thumb/interwork/libc.a(dtoa.o)
 .debug_frame   0x00000970       0x2c /home/maska/ATMEL/arm-gnu-toolchain-linux-2/bin/../lib/gcc/arm-elf/4.1.0/../../../../arm-elf/lib/thumb/interwork/libc.a(fflush.o)
 .debug_frame   0x0000099c      0x130 /home/maska/ATMEL/arm-gnu-toolchain-linux-2/bin/../lib/gcc/arm-elf/4.1.0/../../../../arm-elf/lib/thumb/interwork/libc.a(findfp.o)
 .debug_frame   0x00000acc       0x54 /home/maska/ATMEL/arm-gnu-toolchain-linux-2/bin/../lib/gcc/arm-elf/4.1.0/../../../../arm-elf/lib/thumb/interwork/libc.a(freer.o)
 .debug_frame   0x00000b20       0x3c /home/maska/ATMEL/arm-gnu-toolchain-linux-2/bin/../lib/gcc/arm-elf/4.1.0/../../../../arm-elf/lib/thumb/interwork/libc.a(fvwrite.o)
 .debug_frame   0x00000b5c       0x5c /home/maska/ATMEL/arm-gnu-toolchain-linux-2/bin/../lib/gcc/arm-elf/4.1.0/../../../../arm-elf/lib/thumb/interwork/libc.a(fwalk.o)
 .debug_frame   0x00000bb8       0x80 /home/maska/ATMEL/arm-gnu-toolchain-linux-2/bin/../lib/gcc/arm-elf/4.1.0/../../../../arm-elf/lib/thumb/interwork/libc.a(locale.o)
 .debug_frame   0x00000c38       0x30 /home/maska/ATMEL/arm-gnu-toolchain-linux-2/bin/../lib/gcc/arm-elf/4.1.0/../../../../arm-elf/lib/thumb/interwork/libc.a(makebuf.o)
 .debug_frame   0x00000c68       0x3c /home/maska/ATMEL/arm-gnu-toolchain-linux-2/bin/../lib/gcc/arm-elf/4.1.0/../../../../arm-elf/lib/thumb/interwork/libc.a(mallocr.o)
 .debug_frame   0x00000ca4       0x38 /home/maska/ATMEL/arm-gnu-toolchain-linux-2/bin/../lib/gcc/arm-elf/4.1.0/../../../../arm-elf/lib/thumb/interwork/libc.a(memchr.o)
 .debug_frame   0x00000cdc       0x2c /home/maska/ATMEL/arm-gnu-toolchain-linux-2/bin/../lib/gcc/arm-elf/4.1.0/../../../../arm-elf/lib/thumb/interwork/libc.a(memmove.o)
 .debug_frame   0x00000d08       0x2c /home/maska/ATMEL/arm-gnu-toolchain-linux-2/bin/../lib/gcc/arm-elf/4.1.0/../../../../arm-elf/lib/thumb/interwork/libc.a(memset.o)
 .debug_frame   0x00000d34       0x30 /home/maska/ATMEL/arm-gnu-toolchain-linux-2/bin/../lib/gcc/arm-elf/4.1.0/../../../../arm-elf/lib/thumb/interwork/libc.a(mlock.o)
 .debug_frame   0x00000d64      0x224 /home/maska/ATMEL/arm-gnu-toolchain-linux-2/bin/../lib/gcc/arm-elf/4.1.0/../../../../arm-elf/lib/thumb/interwork/libc.a(mprec.o)