Archive member included because of file (symbol)

/usr/local/arm/lib/gcc/arm-elf/4.1.0/../../../../arm-elf/lib/thumb/interwork/libc.a(atoi.o)
                              main.o (atoi)
/usr/local/arm/lib/gcc/arm-elf/4.1.0/../../../../arm-elf/lib/thumb/interwork/libc.a(memcpy.o)
                              main.o (memcpy)
/usr/local/arm/lib/gcc/arm-elf/4.1.0/../../../../arm-elf/lib/thumb/interwork/libc.a(sprintf.o)
                              main.o (sprintf)
/usr/local/arm/lib/gcc/arm-elf/4.1.0/../../../../arm-elf/lib/thumb/interwork/libc.a(strcmp.o)
                              main.o (strcmp)
/usr/local/arm/lib/gcc/arm-elf/4.1.0/../../../../arm-elf/lib/thumb/interwork/libc.a(strcpy.o)
                              main.o (strcpy)
/usr/local/arm/lib/gcc/arm-elf/4.1.0/../../../../arm-elf/lib/thumb/interwork/libc.a(strlen.o)
                              main.o (strlen)
/usr/local/arm/lib/gcc/arm-elf/4.1.0/../../../../arm-elf/lib/thumb/interwork/libc.a(strtok.o)
                              main.o (strtok)
/usr/local/arm/lib/gcc/arm-elf/4.1.0/../../../../arm-elf/lib/thumb/interwork/libc.a(strtok_r.o)
                              /usr/local/arm/lib/gcc/arm-elf/4.1.0/../../../../arm-elf/lib/thumb/interwork/libc.a(strtok.o) (__strtok_r)
/usr/local/arm/lib/gcc/arm-elf/4.1.0/../../../../arm-elf/lib/thumb/interwork/libc.a(strtol.o)
                              /usr/local/arm/lib/gcc/arm-elf/4.1.0/../../../../arm-elf/lib/thumb/interwork/libc.a(atoi.o) (_strtol_r)
/usr/local/arm/lib/gcc/arm-elf/4.1.0/../../../../arm-elf/lib/thumb/interwork/libc.a(vfprintf.o)
                              /usr/local/arm/lib/gcc/arm-elf/4.1.0/../../../../arm-elf/lib/thumb/interwork/libc.a(sprintf.o) (_vfprintf_r)
/usr/local/arm/lib/gcc/arm-elf/4.1.0/../../../../arm-elf/lib/thumb/interwork/libc.a(wcrtomb.o)
                              /usr/local/arm/lib/gcc/arm-elf/4.1.0/../../../../arm-elf/lib/thumb/interwork/libc.a(vfprintf.o) (_wcrtomb_r)
/usr/local/arm/lib/gcc/arm-elf/4.1.0/../../../../arm-elf/lib/thumb/interwork/libc.a(wcsrtombs.o)
                              /usr/local/arm/lib/gcc/arm-elf/4.1.0/../../../../arm-elf/lib/thumb/interwork/libc.a(vfprintf.o) (_wcsrtombs_r)
/usr/local/arm/lib/gcc/arm-elf/4.1.0/../../../../arm-elf/lib/thumb/interwork/libc.a(wctomb_r.o)
                              /usr/local/arm/lib/gcc/arm-elf/4.1.0/../../../../arm-elf/lib/thumb/interwork/libc.a(wcrtomb.o) (_wctomb_r)
/usr/local/arm/lib/gcc/arm-elf/4.1.0/../../../../arm-elf/lib/thumb/interwork/libc.a(wsetup.o)
                              /usr/local/arm/lib/gcc/arm-elf/4.1.0/../../../../arm-elf/lib/thumb/interwork/libc.a(vfprintf.o) (__swsetup)
/usr/local/arm/lib/gcc/arm-elf/4.1.0/../../../../arm-elf/lib/thumb/interwork/libc.a(ctype_.o)
                              /usr/local/arm/lib/gcc/arm-elf/4.1.0/../../../../arm-elf/lib/thumb/interwork/libc.a(strtol.o) (__ctype_ptr)
/usr/local/arm/lib/gcc/arm-elf/4.1.0/../../../../arm-elf/lib/thumb/interwork/libc.a(dtoa.o)
                              /usr/local/arm/lib/gcc/arm-elf/4.1.0/../../../../arm-elf/lib/thumb/interwork/libc.a(vfprintf.o) (_dtoa_r)
/usr/local/arm/lib/gcc/arm-elf/4.1.0/../../../../arm-elf/lib/thumb/interwork/libc.a(fflush.o)
                              /usr/local/arm/lib/gcc/arm-elf/4.1.0/../../../../arm-elf/lib/thumb/interwork/libc.a(vfprintf.o) (fflush)
/usr/local/arm/lib/gcc/arm-elf/4.1.0/../../../../arm-elf/lib/thumb/interwork/libc.a(findfp.o)
                              /usr/local/arm/lib/gcc/arm-elf/4.1.0/../../../../arm-elf/lib/thumb/interwork/libc.a(vfprintf.o) (__sinit)
/usr/local/arm/lib/gcc/arm-elf/4.1.0/../../../../arm-elf/lib/thumb/interwork/libc.a(freer.o)
                              /usr/local/arm/lib/gcc/arm-elf/4.1.0/../../../../arm-elf/lib/thumb/interwork/libc.a(vfprintf.o) (_free_r)
/usr/local/arm/lib/gcc/arm-elf/4.1.0/../../../../arm-elf/lib/thumb/interwork/libc.a(fvwrite.o)
                              /usr/local/arm/lib/gcc/arm-elf/4.1.0/../../../../arm-elf/lib/thumb/interwork/libc.a(vfprintf.o) (__sfvwrite)
/usr/local/arm/lib/gcc/arm-elf/4.1.0/../../../../arm-elf/lib/thumb/interwork/libc.a(fwalk.o)
                              /usr/local/arm/lib/gcc/arm-elf/4.1.0/../../../../arm-elf/lib/thumb/interwork/libc.a(fflush.o) (_fwalk)
/usr/local/arm/lib/gcc/arm-elf/4.1.0/../../../../arm-elf/lib/thumb/interwork/libc.a(impure.o)
                              /usr/local/arm/lib/gcc/arm-elf/4.1.0/../../../../arm-elf/lib/thumb/interwork/libc.a(sprintf.o) (_impure_ptr)
/usr/local/arm/lib/gcc/arm-elf/4.1.0/../../../../arm-elf/lib/thumb/interwork/libc.a(locale.o)
                              /usr/local/arm/lib/gcc/arm-elf/4.1.0/../../../../arm-elf/lib/thumb/interwork/libc.a(vfprintf.o) (localeconv)
/usr/local/arm/lib/gcc/arm-elf/4.1.0/../../../../arm-elf/lib/thumb/interwork/libc.a(makebuf.o)
                              /usr/local/arm/lib/gcc/arm-elf/4.1.0/../../../../arm-elf/lib/thumb/interwork/libc.a(wsetup.o) (__smakebuf)
[...]
Memory Configuration

Name             Origin             Length             Attributes
CODE             0x00100000         0x00010000         xr
DATA             0x00200000         0x00004000         rw
STACK            0x00204000         0x00000000         rw
*default*        0x00000000         0xffffffff

Linker script and memory map

LOAD Cstartup.o
LOAD main.o
LOAD Cstartup_SAM7.o
LOAD syscalls.o
LOAD cdc_enumerate.o
LOAD adc.o
LOAD pwm.o
LOAD aic.o
LOAD async.o
LOAD delay.o
LOAD util_math.o
LOAD /usr/local/arm/lib/gcc/arm-elf/4.1.0/../../../../arm-elf/lib/thumb/interwork/libc.a
LOAD /usr/local/arm/lib/gcc/arm-elf/4.1.0/../../../../arm-elf/lib/thumb/interwork/libm.a
LOAD /usr/local/arm/lib/gcc/arm-elf/4.1.0/../../../../arm-elf/lib/thumb/interwork/libc.a
LOAD /usr/local/arm/lib/gcc/arm-elf/4.1.0/thumb/interwork/libgcc.a
START GROUP
LOAD /usr/local/arm/lib/gcc/arm-elf/4.1.0/thumb/interwork/libgcc.a
LOAD /usr/local/arm/lib/gcc/arm-elf/4.1.0/../../../../arm-elf/lib/thumb/interwork/libg.a
LOAD /usr/local/arm/lib/gcc/arm-elf/4.1.0/../../../../arm-elf/lib/thumb/interwork/libc.a
END GROUP
                0x00000000                . = 0x0

.text           0x00100000     0x940c
 *Cstartup.o(.text)
 .text          0x00100000      0x13c Cstartup.o
                0x001000bc                IRQ_Handler_Entry
                0x0010010c                AT91F_Default_FIQ_handler
                0x00100000                _startup
                0x00100110                AT91F_Default_IRQ_handler
                0x00100114                AT91F_Spurious_handler
                0x001000b8                exit
 *(.text)
 .text          0x0010013c     0x2084 main.o
                0x0010025c                getLink3Position
                0x0010017c                FIQHandler
                0x001001e8                getLink1Position
                0x001001f8                getLink2Position
                0x001005fc                setLink3Position
                0x00100334                getGripperGraspPosition
                0x001003bc                isObjectGrasped
                0x00100460                isObjectDetected
                0x00100500                setGripperGrasp
                0x00100208                AT91FUSBOpen
                0x00100180                getCDCMEssage
                0x00100378                getGripperRotation
                0x00100dcc                main
                0x001002a0                stopAllManipulatorDrives
                0x00100a38                setGripperRotation
                0x00100898                setLink1Position
                0x001006f8                setLink2Position
                0x00100174                IRQ0Handler
                0x00100178                IRQ1Handler
 .text          0x001021c0       0xdc Cstartup_SAM7.o
                0x001021c0                AT91F_LowLevelInit
 .text          0x0010229c      0x124 syscalls.o
                0x00102374                _lseek_r
                0x0010237c                _fstat_r
                0x0010238c                isatty
                0x00102394                _sbrk_r
                0x001022c0                _read_r
                0x0010236c                _close_r
                0x00102328                _write_r
 .text          0x001023c0      0x724 cdc_enumerate.o
                0x001024c0                AT91F_USB_SendZlp
                0x001024f4                AT91F_USB_SendStall
                0x001023c0                AT91F_CDC_Open
 .text          0x00102ae4      0x158 adc.o
                0x00102c14                getValueChannel6
                0x00102b74                getValueChannel1
                0x00102ae4                InitADC
                0x00102bec                getValueChannel5
                0x00102b4c                getValueChannel0
                0x00102b9c                getValueChannel2
                0x00102bc4                getValueChannel4
 .text          0x00102c3c      0x12c pwm.o
                0x00102cf4                pwmDutySet_u8
                0x00102c3c                pwmFreqSet
                0x00102d28                pwmDutySetPercent
 .text          0x00102d68       0x58 aic.o
                0x00102dac                AIC_DisableIT
                0x00102d98                AIC_EnableIT
                0x00102d68                AIC_ConfigureIT
 .text          0x00102dc0       0x10 async.o
                0x00102dc0                ASYNC_IsFinished
 .text          0x00102dd0       0x7c delay.o
                0x00102dd0                delay_us
                0x00102e14                delay_ms
 .text          0x00102e4c       0x38 util_math.o
                0x00102e64                power
                0x00102e58                absv
                0x00102e4c                min
 .text          0x00102e84       0x20 /usr/local/arm/lib/gcc/arm-elf/4.1.0/../../../../arm-elf/lib/thumb/interwork/libc.a(atoi.o)
                0x00102e84                _atoi_r
                0x00102e94                atoi
 .text          0x00102ea4       0x64 /usr/local/arm/lib/gcc/arm-elf/4.1.0/../../../../arm-elf/lib/thumb/interwork/libc.a(memcpy.o)
                0x00102ea4                memcpy
 .text          0x00102f08       0x84 /usr/local/arm/lib/gcc/arm-elf/4.1.0/../../../../arm-elf/lib/thumb/interwork/libc.a(sprintf.o)
                0x00102f4c                _sprintf_r
                0x00102f08                sprintf
 .text          0x00102f8c       0x68 /usr/local/arm/lib/gcc/arm-elf/4.1.0/../../../../arm-elf/lib/thumb/interwork/libc.a(strcmp.o)
                0x00102f8c                strcmp
 .text          0x00102ff4       0x50 /usr/local/arm/lib/gcc/arm-elf/4.1.0/../../../../arm-elf/lib/thumb/interwork/libc.a(strcpy.o)
                0x00102ff4                strcpy
 .text          0x00103044       0x50 /usr/local/arm/lib/gcc/arm-elf/4.1.0/../../../../arm-elf/lib/thumb/interwork/libc.a(strlen.o)
                0x00103044                strlen
 .text          0x00103094       0x18 /usr/local/arm/lib/gcc/arm-elf/4.1.0/../../../../arm-elf/lib/thumb/interwork/libc.a(strtok.o)
                0x00103094                strtok
 .text          0x001030ac       0x7c /usr/local/arm/lib/gcc/arm-elf/4.1.0/../../../../arm-elf/lib/thumb/interwork/libc.a(strtok_r.o)
                0x0010311c                strtok_r
                0x001030ac                __strtok_r
 .text          0x00103128      0x168 /usr/local/arm/lib/gcc/arm-elf/4.1.0/../../../../arm-elf/lib/thumb/interwork/libc.a(strtol.o)
                0x00103270                strtol
                0x00103128                _strtol_r
 .text          0x00103290     0x1a60 /usr/local/arm/lib/gcc/arm-elf/4.1.0/../../../../arm-elf/lib/thumb/interwork/libc.a(vfprintf.o)
                0x001032b0                _vfprintf_r
                0x00104cd0                vfprintf
 .text          0x00104cf0       0x54 /usr/local/arm/lib/gcc/arm-elf/4.1.0/../../../../arm-elf/lib/thumb/interwork/libc.a(wcrtomb.o)
                0x00104cf0                _wcrtomb_r
                0x00104d24                wcrtomb
 .text          0x00104d44      0x10c /usr/local/arm/lib/gcc/arm-elf/4.1.0/../../../../arm-elf/lib/thumb/interwork/libc.a(wcsrtombs.o)
                0x00104d44                _wcsrtombs_r
                0x00104e28                wcsrtombs
 .text          0x00104e50      0x2b8 /usr/local/arm/lib/gcc/arm-elf/4.1.0/../../../../arm-elf/lib/thumb/interwork/libc.a(wctomb_r.o)
                0x00104e50                _wctomb_r
 .text          0x00105108       0xa0 /usr/local/arm/lib/gcc/arm-elf/4.1.0/../../../../arm-elf/lib/thumb/interwork/libc.a(wsetup.o)
                0x00105108                __swsetup
 .text          0x001051a8      0xf28 /usr/local/arm/lib/gcc/arm-elf/4.1.0/../../../../arm-elf/lib/thumb/interwork/libc.a(dtoa.o)
                0x001052f8                _dtoa_r
 .text          0x001060d0       0x90 /usr/local/arm/lib/gcc/arm-elf/4.1.0/../../../../arm-elf/lib/thumb/interwork/libc.a(fflush.o)
                0x001060d0                fflush
 .text          0x00106160      0x1c4 /usr/local/arm/lib/gcc/arm-elf/4.1.0/../../../../arm-elf/lib/thumb/interwork/libc.a(findfp.o)
                0x001061a8                __sinit
                0x00106260                __sfmoreglue
                0x0010624c                _cleanup
                0x0010623c                _cleanup_r
                0x00106224                __fp_lock_all
                0x00106198                __sfp_lock_acquire
                0x00106298                __sfp
                0x001061a4                __sinit_lock_release
                0x0010620c                __fp_unlock_all
                0x0010619c                __sfp_lock_release
                0x001061a0                __sinit_lock_acquire
 .text          0x00106324      0x268 /usr/local/arm/lib/gcc/arm-elf/4.1.0/../../../../arm-elf/lib/thumb/interwork/libc.a(freer.o)
                0x001063c4                _free_r
                0x00106324                _malloc_trim_r
 .text          0x0010658c      0x298 /usr/local/arm/lib/gcc/arm-elf/4.1.0/../../../../arm-elf/lib/thumb/interwork/libc.a(fvwrite.o)
                0x0010658c                __sfvwrite
 .text          0x00106824       0xf0 /usr/local/arm/lib/gcc/arm-elf/4.1.0/../../../../arm-elf/lib/thumb/interwork/libc.a(fwalk.o)
                0x0010689c                _fwalk
                0x00106824                _fwalk_reent
 .text          0x00106914       0x88 /usr/local/arm/lib/gcc/arm-elf/4.1.0/../../../../arm-elf/lib/thumb/interwork/libc.a(locale.o)
                0x0010693c                _setlocale_r
                0x00106914                __locale_charset
                0x00106920                _localeconv_r
                0x00106980                setlocale
                0x00106928                localeconv
 .text          0x0010699c       0xdc /usr/local/arm/lib/gcc/arm-elf/4.1.0/../../../../arm-elf/lib/thumb/interwork/libc.a(makebuf.o)
                0x0010699c                __smakebuf
 .text          0x00106a78      0x538 /usr/local/arm/lib/gcc/arm-elf/4.1.0/../../../../arm-elf/lib/thumb/interwork/libc.a(mallocr.o)
                0x00106a78                _malloc_r
 .text          0x00106fb0       0xbc /usr/local/arm/lib/gcc/arm-elf/4.1.0/../../../../arm-elf/lib/thumb/interwork/libc.a(memchr.o)
                0x00106fb0                memchr
 .text          0x0010706c       0x8c /usr/local/arm/lib/gcc/arm-elf/4.1.0/../../../../arm-elf/lib/thumb/interwork/libc.a(memmove.o)
                0x0010706c                memmove
 .text          0x001070f8       0x64 /usr/local/arm/lib/gcc/arm-elf/4.1.0/../../../../arm-elf/lib/thumb/interwork/libc.a(memset.o)
                0x001070f8                memset
 .text          0x0010715c        0x8 /usr/local/arm/lib/gcc/arm-elf/4.1.0/../../../../arm-elf/lib/thumb/interwork/libc.a(mlock.o)
                0x00107160                __malloc_unlock
                0x0010715c                __malloc_lock
 .text          0x00107164      0x8c0 /usr/local/arm/lib/gcc/arm-elf/4.1.0/../../../../arm-elf/lib/thumb/interwork/libc.a(mprec.o)
                0x001073dc                _mprec_log10
                0x0010717c                _hi0bits
                0x0010741c                _Balloc
                0x00107478                _d2b
                0x001076f4                _multiply
                0x00107388                _ratio
                0x00107994                _s2b
                0x00107844                _i2b
                0x001071c4                _lo0bits
                0x00107230                __mcmp
                0x001078f8                _pow5mult
                0x00107270                _ulp
                0x001072c0                _b2d
                0x0010785c                _multadd
                0x00107560                __mdiff
                0x00107648                _lshift
                0x00107164                _Bfree
 .text          0x00107a24      0x3d8 /usr/local/arm/lib/gcc/arm-elf/4.1.0/../../../../arm-elf/lib/thumb/interwork/libc.a(reallocr.o)
                0x00107a24                _realloc_r
 .text          0x00107dfc       0x24 /usr/local/arm/lib/gcc/arm-elf/4.1.0/../../../../arm-elf/lib/thumb/interwork/libc.a(s_isinf.o)
                0x00107dfc                isinf
 .text          0x00107e20       0x1c /usr/local/arm/lib/gcc/arm-elf/4.1.0/../../../../arm-elf/lib/thumb/interwork/libc.a(s_isnan.o)
                0x00107e20                isnan
 .text          0x00107e3c       0xd8 /usr/local/arm/lib/gcc/arm-elf/4.1.0/../../../../arm-elf/lib/thumb/interwork/libc.a(stdio.o)
                0x00107e54                __sseek
                0x00107edc                __sread
                0x00107e3c                __sclose
                0x00107e94                __swrite
 .text          0x00107f14       0x60 /usr/local/arm/lib/gcc/arm-elf/4.1.0/../../../../arm-elf/lib/thumb/interwork/libc.a(callocr.o)
                0x00107f14                _calloc_r
 .text          0x00107f74       0xbc /usr/local/arm/lib/gcc/arm-elf/4.1.0/../../../../arm-elf/lib/thumb/interwork/libc.a(fclose.o)
                0x00107f74                _fclose_r
                0x00108018                fclose
 .text          0x00108030       0xc0 /usr/local/arm/lib/gcc/arm-elf/4.1.0/../../../../arm-elf/lib/thumb/interwork/libm.a(s_round.o)
                0x00108030                round
 .text          0x001080f0       0x8c /usr/local/arm/lib/gcc/arm-elf/4.1.0/thumb/interwork/libgcc.a(_udivsi3.o)
                0x001080f0                __udivsi3
                0x001080f0                __aeabi_uidiv
                0x0010816c                __aeabi_uidivmod
 .text          0x0010817c       0xa4 /usr/local/arm/lib/gcc/arm-elf/4.1.0/thumb/interwork/libgcc.a(_divsi3.o)
                0x0010817c                __aeabi_idiv
                0x0010817c                __divsi3
                0x00108210                __aeabi_idivmod
 .text          0x00108220       0xc8 /usr/local/arm/lib/gcc/arm-elf/4.1.0/thumb/interwork/libgcc.a(_umodsi3.o)
                0x00108220                __umodsi3
 .text          0x001082e8       0xd8 /usr/local/arm/lib/gcc/arm-elf/4.1.0/thumb/interwork/libgcc.a(_modsi3.o)
                0x001082e8                __modsi3
 .text          0x001083c0        0x4 /usr/local/arm/lib/gcc/arm-elf/4.1.0/thumb/interwork/libgcc.a(_dvmd_tls.o)
                0x001083c0                __aeabi_ldiv0
                0x001083c0                __div0
                0x001083c0                __aeabi_idiv0
 .text          0x001083c4       0x40 /usr/local/arm/lib/gcc/arm-elf/4.1.0/thumb/interwork/libgcc.a(_fixunsdfsi.o)
                0x001083c4                __fixunsdfsi
 .text          0x00108404      0x328 /usr/local/arm/lib/gcc/arm-elf/4.1.0/thumb/interwork/libgcc.a(_addsub_df.o)
                0x001086f4                __adddf3
                0x001086b4                __subdf3
 .text          0x0010872c      0x2ac /usr/local/arm/lib/gcc/arm-elf/4.1.0/thumb/interwork/libgcc.a(_mul_df.o)
                0x00108764                __muldf3
 .text          0x001089d8      0x1ac /usr/local/arm/lib/gcc/arm-elf/4.1.0/thumb/interwork/libgcc.a(_div_df.o)
                0x00108a10                __divdf3
 .text          0x00108b84       0x58 /usr/local/arm/lib/gcc/arm-elf/4.1.0/thumb/interwork/libgcc.a(_eq_df.o)
                0x00108b94                __eqdf2
 .text          0x00108bdc       0x58 /usr/local/arm/lib/gcc/arm-elf/4.1.0/thumb/interwork/libgcc.a(_ne_df.o)
                0x00108bec                __nedf2
 .text          0x00108c34       0x58 /usr/local/arm/lib/gcc/arm-elf/4.1.0/thumb/interwork/libgcc.a(_gt_df.o)
                0x00108c44                __gtdf2
 .text          0x00108c8c       0x58 /usr/local/arm/lib/gcc/arm-elf/4.1.0/thumb/interwork/libgcc.a(_ge_df.o)
                0x00108c9c                __gedf2
 .text          0x00108ce4       0x58 /usr/local/arm/lib/gcc/arm-elf/4.1.0/thumb/interwork/libgcc.a(_lt_df.o)
                0x00108cf4                __ltdf2
 .text          0x00108d3c       0x8c /usr/local/arm/lib/gcc/arm-elf/4.1.0/thumb/interwork/libgcc.a(_si_to_df.o)
                0x00108d3c                __floatsidf
 .text          0x00108dc8       0xb4 /usr/local/arm/lib/gcc/arm-elf/4.1.0/thumb/interwork/libgcc.a(_df_to_si.o)
                0x00108df8                __fixdfsi
 .text          0x00108e7c       0x84 /usr/local/arm/lib/gcc/arm-elf/4.1.0/thumb/interwork/libgcc.a(_muldi3.o)
                0x00108e7c                __muldi3
 .text          0x00108f00      0x290 /usr/local/arm/lib/gcc/arm-elf/4.1.0/thumb/interwork/libgcc.a(_pack_df.o)
                0x00108f30                __pack_d
 .text          0x00109190       0xc4 /usr/local/arm/lib/gcc/arm-elf/4.1.0/thumb/interwork/libgcc.a(_unpack_df.o)
                0x00109190                __unpack_d
 .text          0x00109254       0xf0 /usr/local/arm/lib/gcc/arm-elf/4.1.0/thumb/interwork/libgcc.a(_fpcmp_parts_df.o)
                0x00109284                __fpcmp_parts_d
 *(.glue_7t)
 .glue_7t       0x00109344       0x38 /usr/local/arm/lib/gcc/arm-elf/4.1.0/thumb/interwork/libgcc.a(_fpcmp_parts_df.o)
                0x00109348                ___sbrk_r_change_to_arm
                0x00109374                ___read_r_from_thumb
                0x0010934c                ___fstat_r_from_thumb
                0x00109358                __isatty_change_to_arm
                0x00109360                ___close_r_change_to_arm
                0x00109378                ___read_r_change_to_arm
                0x00109350                ___fstat_r_change_to_arm
                0x00109368                ___lseek_r_change_to_arm
                0x00109370                ___write_r_change_to_arm
                0x00109364                ___lseek_r_from_thumb
                0x0010935c                ___close_r_from_thumb
                0x00109344                ___sbrk_r_from_thumb
                0x0010936c                ___write_r_from_thumb
                0x00109354                __isatty_from_thumb
 *(.glue_7)
 .glue_7        0x0010937c       0x90 /usr/local/arm/lib/gcc/arm-elf/4.1.0/thumb/interwork/libgcc.a(_fpcmp_parts_df.o)
                0x001093dc                __strtok_from_arm
                0x001093f4                __strcpy_from_arm
                0x001093d0                __strlen_from_arm
                0x001093ac                __round_from_arm
                0x00109388                ____udivsi3_from_arm
                0x001093c4                __sprintf_from_arm
                0x001093e8                __strcmp_from_arm
                0x0010937c                __memcpy_from_arm
                0x00109400                __atoi_from_arm
                0x001093b8                ____fixunsdfsi_from_arm
                0x001093a0                ____adddf3_from_arm
                0x00109394                ____floatsidf_from_arm
                0x0010940c                . = ALIGN (0x4)

.rodata         0x0010940c      0x468
 *(.rodata)
 .rodata        0x0010940c       0x55 cdc_enumerate.o
                0x0010941e                cfgDescriptor
                0x0010940c                devDescriptor
 *fill*         0x00109461        0x3 00
 .rodata        0x00109464      0x184 /usr/local/arm/lib/gcc/arm-elf/4.1.0/../../../../arm-elf/lib/thumb/interwork/libc.a(vfprintf.o)
 .rodata        0x001095e8      0x101 /usr/local/arm/lib/gcc/arm-elf/4.1.0/../../../../arm-elf/lib/thumb/interwork/libc.a(ctype_.o)
                0x001095e8                _ctype_
 *fill*         0x001096e9        0x3 00
 .rodata        0x001096ec       0x18 /usr/local/arm/lib/gcc/arm-elf/4.1.0/../../../../arm-elf/lib/thumb/interwork/libc.a(dtoa.o)
 .rodata        0x00109704        0x4 /usr/local/arm/lib/gcc/arm-elf/4.1.0/../../../../arm-elf/lib/thumb/interwork/libc.a(impure.o)
                0x00109704                _global_impure_ptr
 .rodata        0x00109708       0x34 /usr/local/arm/lib/gcc/arm-elf/4.1.0/../../../../arm-elf/lib/thumb/interwork/libc.a(locale.o)
 .rodata        0x0010973c      0x124 /usr/local/arm/lib/gcc/arm-elf/4.1.0/../../../../arm-elf/lib/thumb/interwork/libc.a(mprec.o)
                0x0010982c                __mprec_tinytens
                0x0010973c                __mprec_tens
                0x00109804                __mprec_bigtens
 .rodata        0x00109860       0x14 /usr/local/arm/lib/gcc/arm-elf/4.1.0/thumb/interwork/libgcc.a(_thenan_df.o)
                0x00109860                __thenan_df

.rodata.str1.4  0x00109874      0x6d7
 .rodata.str1.4
                0x00109874      0x637 main.o
                                0x650 (size before relaxing)
 *fill*         0x00109eab        0x1 00
 .rodata.str1.4
                0x00109eac       0x5f /usr/local/arm/lib/gcc/arm-elf/4.1.0/../../../../arm-elf/lib/thumb/interwork/libc.a(vfprintf.o)
                                 0x64 (size before relaxing)
 *fill*         0x00109f0b        0x1 00
 .rodata.str1.4
                0x00109f0c       0x1e /usr/local/arm/lib/gcc/arm-elf/4.1.0/../../../../arm-elf/lib/thumb/interwork/libc.a(wctomb_r.o)
                                 0x20 (size before relaxing)
 *fill*         0x00109f2a        0x2 00
 .rodata.str1.4
                0x00109f2c       0x10 /usr/local/arm/lib/gcc/arm-elf/4.1.0/../../../../arm-elf/lib/thumb/interwork/libc.a(dtoa.o)
                                 0x14 (size before relaxing)
 .rodata.str1.4
                0x00109f3c        0x2 /usr/local/arm/lib/gcc/arm-elf/4.1.0/../../../../arm-elf/lib/thumb/interwork/libc.a(impure.o)
                                  0x4 (size before relaxing)
 *fill*         0x00109f3e        0x2 00
 .rodata.str1.4
                0x00109f40        0xb /usr/local/arm/lib/gcc/arm-elf/4.1.0/../../../../arm-elf/lib/thumb/interwork/libc.a(locale.o)
                                 0x18 (size before relaxing)
                0x00109f4c                . = ALIGN (0x4)
                0x00109f4c                _etext = .
                0x00109f4c                PROVIDE (etext, .)

.data           0x00200000      0x874 load address 0x00109f4c
                0x00200000                _data = .
 *(.data)
 .data          0x00200000       0x3c main.o
                0x00200030                gripperClosedThreshold
                0x00200008                link1Range
                0x00200004                link1Initial
                0x00200000                link1lowerThreshold
                0x0020002c                gripperOpenedThreshold
                0x00200018                link2Range
                0x00200038                gripperObjectDetectedThreshold
                0x0020000c                link2upperThreshold
                0x0020001c                link3upperThreshold
                0x00200028                gripperRotateRange
                0x00200020                gripperRotateCWThreshold
                0x00200014                link2Initial
                0x00200024                gripperRotateCWWThreshold
                0x00200034                gripperContactThreshold
                0x00200010                link2lowerThreshold
 .data          0x0020003c        0x8 cdc_enumerate.o
                0x0020003c                line
 .data          0x00200044        0x8 adc.o
                0x00200048                a_pPMC
                0x00200044                a_pADC
 .data          0x0020004c        0x4 /usr/local/arm/lib/gcc/arm-elf/4.1.0/../../../../arm-elf/lib/thumb/interwork/libc.a(ctype_.o)
                0x0020004c                __ctype_ptr
 .data          0x00200050      0x404 /usr/local/arm/lib/gcc/arm-elf/4.1.0/../../../../arm-elf/lib/thumb/interwork/libc.a(impure.o)
                0x00200050                _impure_ptr
 .data          0x00200454       0x10 /usr/local/arm/lib/gcc/arm-elf/4.1.0/../../../../arm-elf/lib/thumb/interwork/libc.a(locale.o)
                0x00200454                __mb_cur_max
                0x00200458                __lc_ctype
 .data          0x00200464      0x410 /usr/local/arm/lib/gcc/arm-elf/4.1.0/../../../../arm-elf/lib/thumb/interwork/libc.a(mallocr.o)
                0x00200870                __malloc_sbrk_base
                0x00200464                __malloc_av_
                0x0020086c                __malloc_trim_threshold
                0x00200874                . = ALIGN (0x4)
                0x00200874                _edata = .
                0x00200874                PROVIDE (edata, .)

.bss            0x00200874     0x1208
                0x00200874                __bss_start = .
                0x00200874                __bss_start__ = .
 *(.bss)
 .bss           0x00200874       0x18 main.o
                0x00200878                link1upperThreshold
                0x0020087c                link3lowerThreshold
                0x00200880                link3Initial
                0x00200888                allManipulatorDrivesStopped
                0x00200874                input1Channel
                0x00200884                gripperInitialRotation
 .bss           0x0020088c        0x4 syscalls.o
 .bss           0x00200890        0x1 cdc_enumerate.o
                0x00200890                csrIdx
 *fill*         0x00200891        0x3 00
 .bss           0x00200894        0xc /usr/local/arm/lib/gcc/arm-elf/4.1.0/../../../../arm-elf/lib/thumb/interwork/libc.a(locale.o)
                0x00200894                __nlocale_changed
                0x00200898                __mlocale_changed
                0x0020089c                _PathLocale
 .bss           0x002008a0       0x34 /usr/local/arm/lib/gcc/arm-elf/4.1.0/../../../../arm-elf/lib/thumb/interwork/libc.a(mallocr.o)
                0x002008a0                __malloc_top_pad
                0x002008a4                __malloc_max_sbrked_mem
                0x002008ac                __malloc_current_mallinfo
                0x002008a8                __malloc_max_total_mem
 *(COMMON)
 COMMON         0x002008d4     0x1018 main.o
                0x002008d4                msg
                0x002010d4                pCDC
                0x002010ec                cmd
 COMMON         0x002018ec      0x190 cdc_enumerate.o
                0x002018ec                csrTab
                0x00201a7c                . = ALIGN (0x4)
                0x00201a7c                __bss_end__ = .
                0x00201a7c                __bss_end__ = .
                0x00201a7c                _end = .
                0x00201a7c                PROVIDE (end, .)

.int_data       0x00204000        0x0
 *(.internal_ram_top)

.stab
 *(.stab)

.stabstr
 *(.stabstr)

.stab.excl
 *(.stab.excl)

.stab.exclstr
 *(.stab.exclstr)

.stab.index
 *(.stab.index)

.stab.indexstr
 *(.stab.indexstr)

.comment        0x00000000      0x46e
 *(.comment)
 .comment       0x00000000       0x12 main.o
 .comment       0x00000012       0x12 Cstartup_SAM7.o
 .comment       0x00000024       0x12 syscalls.o
 .comment       0x00000036       0x12 cdc_enumerate.o
 .comment       0x00000048       0x12 adc.o
 .comment       0x0000005a       0x12 pwm.o
 .comment       0x0000006c       0x12 aic.o
 .comment       0x0000007e       0x12 async.o
 .comment       0x00000090       0x12 delay.o
 .comment       0x000000a2       0x12 util_math.o
 .comment       0x000000b4       0x12 /usr/local/arm/lib/gcc/arm-elf/4.1.0/../../../../arm-elf/lib/thumb/interwork/libc.a(atoi.o)
 .comment       0x000000c6       0x12 /usr/local/arm/lib/gcc/arm-elf/4.1.0/../../../../arm-elf/lib/thumb/interwork/libc.a(memcpy.o)
 .comment       0x000000d8       0x12 /usr/local/arm/lib/gcc/arm-elf/4.1.0/../../../../arm-elf/lib/thumb/interwork/libc.a(sprintf.o)
 .comment       0x000000ea       0x12 /usr/local/arm/lib/gcc/arm-elf/4.1.0/../../../../arm-elf/lib/thumb/interwork/libc.a(strcmp.o)
 .comment       0x000000fc       0x12 /usr/local/arm/lib/gcc/arm-elf/4.1.0/../../../../arm-elf/lib/thumb/interwork/libc.a(strcpy.o)
 .comment       0x0000010e       0x12 /usr/local/arm/lib/gcc/arm-elf/4.1.0/../../../../arm-elf/lib/thumb/interwork/libc.a(strlen.o)
 .comment       0x00000120       0x12 /usr/local/arm/lib/gcc/arm-elf/4.1.0/../../../../arm-elf/lib/thumb/interwork/libc.a(strtok.o)
 .comment       0x00000132       0x12 /usr/local/arm/lib/gcc/arm-elf/4.1.0/../../../../arm-elf/lib/thumb/interwork/libc.a(strtok_r.o)
 .comment       0x00000144       0x12 /usr/local/arm/lib/gcc/arm-elf/4.1.0/../../../../arm-elf/lib/thumb/interwork/libc.a(strtol.o)
 .comment       0x00000156       0x12 /usr/local/arm/lib/gcc/arm-elf/4.1.0/../../../../arm-elf/lib/thumb/interwork/libc.a(vfprintf.o)
 .comment       0x00000168       0x12 /usr/local/arm/lib/gcc/arm-elf/4.1.0/../../../../arm-elf/lib/thumb/interwork/libc.a(wcrtomb.o)
 .comment       0x0000017a       0x12 /usr/local/arm/lib/gcc/arm-elf/4.1.0/../../../../arm-elf/lib/thumb/interwork/libc.a(wcsrtombs.o)
 .comment       0x0000018c       0x12 /usr/local/arm/lib/gcc/arm-elf/4.1.0/../../../../arm-elf/lib/thumb/interwork/libc.a(wctomb_r.o)
 .comment       0x0000019e       0x12 /usr/local/arm/lib/gcc/arm-elf/4.1.0/../../../../arm-elf/lib/thumb/interwork/libc.a(wsetup.o)
 .comment       0x000001b0       0x12 /usr/local/arm/lib/gcc/arm-elf/4.1.0/../../../../arm-elf/lib/thumb/interwork/libc.a(ctype_.o)
 .comment       0x000001c2       0x12 /usr/local/arm/lib/gcc/arm-elf/4.1.0/../../../../arm-elf/lib/thumb/interwork/libc.a(dtoa.o)
 .comment       0x000001d4       0x12 /usr/local/arm/lib/gcc/arm-elf/4.1.0/../../../../arm-elf/lib/thumb/interwork/libc.a(fflush.o)
 .comment       0x000001e6       0x12 /usr/local/arm/lib/gcc/arm-elf/4.1.0/../../../../arm-elf/lib/thumb/interwork/libc.a(findfp.o)
 .comment       0x000001f8       0x12 /usr/local/arm/lib/gcc/arm-elf/4.1.0/../../../../arm-elf/lib/thumb/interwork/libc.a(freer.o)
 .comment       0x0000020a       0x12 /usr/local/arm/lib/gcc/arm-elf/4.1.0/../../../../arm-elf/lib/thumb/interwork/libc.a(fvwrite.o)
 .comment       0x0000021c       0x12 /usr/local/arm/lib/gcc/arm-elf/4.1.0/../../../../arm-elf/lib/thumb/interwork/libc.a(fwalk.o)
 .comment       0x0000022e       0x12 /usr/local/arm/lib/gcc/arm-elf/4.1.0/../../../../arm-elf/lib/thumb/interwork/libc.a(impure.o)
 .comment       0x00000240       0x12 /usr/local/arm/lib/gcc/arm-elf/4.1.0/../../../../arm-elf/lib/thumb/interwork/libc.a(locale.o)
 .comment       0x00000252       0x12 /usr/local/arm/lib/gcc/arm-elf/4.1.0/../../../../arm-elf/lib/thumb/interwork/libc.a(makebuf.o)
 .comment       0x00000264       0x12 /usr/local/arm/lib/gcc/arm-elf/4.1.0/../../../../arm-elf/lib/thumb/interwork/libc.a(mallocr.o)
 .comment       0x00000276       0x12 /usr/local/arm/lib/gcc/arm-elf/4.1.0/../../../../arm-elf/lib/thumb/interwork/libc.a(memchr.o)
 .comment       0x00000288       0x12 /usr/local/arm/lib/gcc/arm-elf/4.1.0/../../../../arm-elf/lib/thumb/interwork/libc.a(memmove.o)
 .comment       0x0000029a       0x12 /usr/local/arm/lib/gcc/arm-elf/4.1.0/../../../../arm-elf/lib/thumb/interwork/libc.a(memset.o)
 .comment       0x000002ac       0x12 /usr/local/arm/lib/gcc/arm-elf/4.1.0/../../../../arm-elf/lib/thumb/interwork/libc.a(mlock.o)
 .comment       0x000002be       0x12 /usr/local/arm/lib/gcc/arm-elf/4.1.0/../../../../arm-elf/lib/thumb/interwork/libc.a(mprec.o)
 .comment       0x000002d0       0x12 /usr/local/arm/lib/gcc/arm-elf/4.1.0/../../../../arm-elf/lib/thumb/interwork/libc.a(reallocr.o)
 .comment       0x000002e2       0x12 /usr/local/arm/lib/gcc/arm-elf/4.1.0/../../../../arm-elf/lib/thumb/interwork/libc.a(s_isinf.o)
 .comment       0x000002f4       0x12 /usr/local/arm/lib/gcc/arm-elf/4.1.0/../../../../arm-elf/lib/thumb/interwork/libc.a(s_isnan.o)
 .comment       0x00000306       0x12 /usr/local/arm/lib/gcc/arm-elf/4.1.0/../../../../arm-elf/lib/thumb/interwork/libc.a(stdio.o)
 .comment       0x00000318       0x12 /usr/local/arm/lib/gcc/arm-elf/4.1.0/../../../../arm-elf/lib/thumb/interwork/libc.a(callocr.o)
 .comment       0x0000032a       0x12 /usr/local/arm/lib/gcc/arm-elf/4.1.0/../../../../arm-elf/lib/thumb/interwork/libc.a(fclose.o)
 .comment       0x0000033c       0x12 /usr/local/arm/lib/gcc/arm-elf/4.1.0/../../../../arm-elf/lib/thumb/interwork/libm.a(s_round.o)
 .comment       0x0000034e       0x12 /usr/local/arm/lib/gcc/arm-elf/4.1.0/thumb/interwork/libgcc.a(_fixunsdfsi.o)
 .comment       0x00000360       0x12 /usr/local/arm/lib/gcc/arm-elf/4.1.0/thumb/interwork/libgcc.a(_addsub_df.o)
 .comment       0x00000372       0x12 /usr/local/arm/lib/gcc/arm-elf/4.1.0/thumb/interwork/libgcc.a(_mul_df.o)
 .comment       0x00000384       0x12 /usr/local/arm/lib/gcc/arm-elf/4.1.0/thumb/interwork/libgcc.a(_div_df.o)
 .comment       0x00000396       0x12 /usr/local/arm/lib/gcc/arm-elf/4.1.0/thumb/interwork/libgcc.a(_eq_df.o)
 .comment       0x000003a8       0x12 /usr/local/arm/lib/gcc/arm-elf/4.1.0/thumb/interwork/libgcc.a(_ne_df.o)
 .comment       0x000003ba       0x12 /usr/local/arm/lib/gcc/arm-elf/4.1.0/thumb/interwork/libgcc.a(_gt_df.o)
 .comment       0x000003cc       0x12 /usr/local/arm/lib/gcc/arm-elf/4.1.0/thumb/interwork/libgcc.a(_ge_df.o)
 .comment       0x000003de       0x12 /usr/local/arm/lib/gcc/arm-elf/4.1.0/thumb/interwork/libgcc.a(_lt_df.o)
 .comment       0x000003f0       0x12 /usr/local/arm/lib/gcc/arm-elf/4.1.0/thumb/interwork/libgcc.a(_si_to_df.o)
 .comment       0x00000402       0x12 /usr/local/arm/lib/gcc/arm-elf/4.1.0/thumb/interwork/libgcc.a(_df_to_si.o)
 .comment       0x00000414       0x12 /usr/local/arm/lib/gcc/arm-elf/4.1.0/thumb/interwork/libgcc.a(_thenan_df.o)
 .comment       0x00000426       0x12 /usr/local/arm/lib/gcc/arm-elf/4.1.0/thumb/interwork/libgcc.a(_muldi3.o)
 .comment       0x00000438       0x12 /usr/local/arm/lib/gcc/arm-elf/4.1.0/thumb/interwork/libgcc.a(_pack_df.o)
 .comment       0x0000044a       0x12 /usr/local/arm/lib/gcc/arm-elf/4.1.0/thumb/interwork/libgcc.a(_unpack_df.o)
 .comment       0x0000045c       0x12 /usr/local/arm/lib/gcc/arm-elf/4.1.0/thumb/interwork/libgcc.a(_fpcmp_parts_df.o)

.debug
 *(.debug)

.line
 *(.line)

.debug_srcinfo
 *(.debug_srcinfo)

.debug_sfnames
 *(.debug_sfnames)

.debug_aranges  0x00000000      0x840
 *(.debug_aranges)
 .debug_aranges
                0x00000000       0x20 Cstartup.o
 .debug_aranges
                0x00000020       0x20 main.o
 .debug_aranges
                0x00000040       0x20 Cstartup_SAM7.o
 .debug_aranges
                0x00000060       0x20 syscalls.o
 .debug_aranges
                0x00000080       0x20 cdc_enumerate.o
 .debug_aranges
                0x000000a0       0x20 adc.o
 .debug_aranges
                0x000000c0       0x20 pwm.o
 .debug_aranges
                0x000000e0       0x20 aic.o
 .debug_aranges
                0x00000100       0x20 async.o
 .debug_aranges
                0x00000120       0x20 delay.o
 .debug_aranges
                0x00000140       0x20 util_math.o
 .debug_aranges
                0x00000160       0x20 /usr/local/arm/lib/gcc/arm-elf/4.1.0/../../../../arm-elf/lib/thumb/interwork/libc.a(atoi.o)
 .debug_aranges
                0x00000180       0x20 /usr/local/arm/lib/gcc/arm-elf/4.1.0/../../../../arm-elf/lib/thumb/interwork/libc.a(memcpy.o)
 .debug_aranges
                0x000001a0       0x20 /usr/local/arm/lib/gcc/arm-elf/4.1.0/../../../../arm-elf/lib/thumb/interwork/libc.a(sprintf.o)
 .debug_aranges
                0x000001c0       0x20 /usr/local/arm/lib/gcc/arm-elf/4.1.0/../../../../arm-elf/lib/thumb/interwork/libc.a(strcmp.o)
 .debug_aranges
                0x000001e0       0x20 /usr/local/arm/lib/gcc/arm-elf/4.1.0/../../../../arm-elf/lib/thumb/interwork/libc.a(strcpy.o)
 .debug_aranges
                0x00000200       0x20 /usr/local/arm/lib/gcc/arm-elf/4.1.0/../../../../arm-elf/lib/thumb/interwork/libc.a(strlen.o)
 .debug_aranges
                0x00000220       0x20 /usr/local/arm/lib/gcc/arm-elf/4.1.0/../../../../arm-elf/lib/thumb/interwork/libc.a(strtok.o)
 .debug_aranges
                0x00000240       0x20 /usr/local/arm/lib/gcc/arm-elf/4.1.0/../../../../arm-elf/lib/thumb/interwork/libc.a(strtok_r.o)
 .debug_aranges
                0x00000260       0x20 /usr/local/arm/lib/gcc/arm-elf/4.1.0/../../../../arm-elf/lib/thumb/interwork/libc.a(strtol.o)
 .debug_aranges
                0x00000280       0x20 /usr/local/arm/lib/gcc/arm-elf/4.1.0/../../../../arm-elf/lib/thumb/interwork/libc.a(vfprintf.o)
 .debug_aranges
                0x000002a0       0x20 /usr/local/arm/lib/gcc/arm-elf/4.1.0/../../../../arm-elf/lib/thumb/interwork/libc.a(wcrtomb.o)
 .debug_aranges
                0x000002c0       0x20 /usr/local/arm/lib/gcc/arm-elf/4.1.0/../../../../arm-elf/lib/thumb/interwork/libc.a(wcsrtombs.o)
 .debug_aranges
                0x000002e0       0x20 /usr/local/arm/lib/gcc/arm-elf/4.1.0/../../../../arm-elf/lib/thumb/interwork/libc.a(wctomb_r.o)
 .debug_aranges
                0x00000300       0x20 /usr/local/arm/lib/gcc/arm-elf/4.1.0/../../../../arm-elf/lib/thumb/interwork/libc.a(wsetup.o)
 .debug_aranges
                0x00000320       0x20 /usr/local/arm/lib/gcc/arm-elf/4.1.0/../../../../arm-elf/lib/thumb/interwork/libc.a(dtoa.o)
 .debug_aranges
                0x00000340       0x20 /usr/local/arm/lib/gcc/arm-elf/4.1.0/../../../../arm-elf/lib/thumb/interwork/libc.a(fflush.o)
 .debug_aranges
                0x00000360       0x20 /usr/local/arm/lib/gcc/arm-elf/4.1.0/../../../../arm-elf/lib/thumb/interwork/libc.a(findfp.o)
 .debug_aranges
                0x00000380       0x20 /usr/local/arm/lib/gcc/arm-elf/4.1.0/../../../../arm-elf/lib/thumb/interwork/libc.a(freer.o)
 .debug_aranges
                0x000003a0       0x20 /usr/local/arm/lib/gcc/arm-elf/4.1.0/../../../../arm-elf/lib/thumb/interwork/libc.a(fvwrite.o)
 .debug_aranges
                0x000003c0       0x20 /usr/local/arm/lib/gcc/arm-elf/4.1.0/../../../../arm-elf/lib/thumb/interwork/libc.a(fwalk.o)
 .debug_aranges
                0x000003e0       0x20 /usr/local/arm/lib/gcc/arm-elf/4.1.0/../../../../arm-elf/lib/thumb/interwork/libc.a(locale.o)
 .debug_aranges
                0x00000400       0x20 /usr/local/arm/lib/gcc/arm-elf/4.1.0/../../../../arm-elf/lib/thumb/interwork/libc.a(makebuf.o)
 .debug_aranges
                0x00000420       0x20 /usr/local/arm/lib/gcc/arm-elf/4.1.0/../../../../arm-elf/lib/thumb/interwork/libc.a(mallocr.o)
 .debug_aranges
                0x00000440       0x20 /usr/local/arm/lib/gcc/arm-elf/4.1.0/../../../../arm-elf/lib/thumb/interwork/libc.a(memchr.o)
 .debug_aranges
                0x00000460       0x20 /usr/local/arm/lib/gcc/arm-elf/4.1.0/../../../../arm-elf/lib/thumb/interwork/libc.a(memmove.o)
 .debug_aranges
                0x00000480       0x20 /usr/local/arm/lib/gcc/arm-elf/4.1.0/../../../../arm-elf/lib/thumb/interwork/libc.a(memset.o)
 .debug_aranges
                0x000004a0       0x20 /usr/local/arm/lib/gcc/arm-elf/4.1.0/../../../../arm-elf/lib/thumb/interwork/libc.a(mlock.o)
 .debug_aranges
                0x000004c0       0x20 /usr/local/arm/lib/gcc/arm-elf/4.1.0/../../../../arm-elf/lib/thumb/interwork/libc.a(mprec.o)
 .debug_aranges
                0x000004e0       0x20 /usr/local/arm/lib/gcc/arm-elf/4.1.0/../../../../arm-elf/lib/thumb/interwork/libc.a(reallocr.o)
 .debug_aranges
                0x00000500       0x20 /usr/local/arm/lib/gcc/arm-elf/4.1.0/../../../../arm-elf/lib/thumb/interwork/libc.a(s_isinf.o)
 .debug_aranges
                0x00000520       0x20 /usr/local/arm/lib/gcc/arm-elf/4.1.0/../../../../arm-elf/lib/thumb/interwork/libc.a(s_isnan.o)
 .debug_aranges
                0x00000540       0x20 /usr/local/arm/lib/gcc/arm-elf/4.1.0/../../../../arm-elf/lib/thumb/interwork/libc.a(stdio.o)
 .debug_aranges
                0x00000560       0x20 /usr/local/arm/lib/gcc/arm-elf/4.1.0/../../../../arm-elf/lib/thumb/interwork/libc.a(callocr.o)
 .debug_aranges
                0x00000580       0x20 /usr/local/arm/lib/gcc/arm-elf/4.1.0/../../../../arm-elf/lib/thumb/interwork/libc.a(fclose.o)
 .debug_aranges
                0x000005a0       0x20 /usr/local/arm/lib/gcc/arm-elf/4.1.0/../../../../arm-elf/lib/thumb/interwork/libm.a(s_round.o)
 .debug_aranges
                0x000005c0       0x20 /usr/local/arm/lib/gcc/arm-elf/4.1.0/thumb/interwork/libgcc.a(_udivsi3.o)
 .debug_aranges
                0x000005e0       0x20 /usr/local/arm/lib/gcc/arm-elf/4.1.0/thumb/interwork/libgcc.a(_divsi3.o)
 .debug_aranges
                0x00000600       0x20 /usr/local/arm/lib/gcc/arm-elf/4.1.0/thumb/interwork/libgcc.a(_umodsi3.o)
 .debug_aranges
                0x00000620       0x20 /usr/local/arm/lib/gcc/arm-elf/4.1.0/thumb/interwork/libgcc.a(_modsi3.o)
 .debug_aranges
                0x00000640       0x20 /usr/local/arm/lib/gcc/arm-elf/4.1.0/thumb/interwork/libgcc.a(_dvmd_tls.o)
 .debug_aranges
                0x00000660       0x20 /usr/local/arm/lib/gcc/arm-elf/4.1.0/thumb/interwork/libgcc.a(_fixunsdfsi.o)
 .debug_aranges
                0x00000680       0x20 /usr/local/arm/lib/gcc/arm-elf/4.1.0/thumb/interwork/libgcc.a(_addsub_df.o)
 .debug_aranges
                0x000006a0       0x20 /usr/local/arm/lib/gcc/arm-elf/4.1.0/thumb/interwork/libgcc.a(_mul_df.o)
 .debug_aranges
                0x000006c0       0x20 /usr/local/arm/lib/gcc/arm-elf/4.1.0/thumb/interwork/libgcc.a(_div_df.o)
 .debug_aranges
                0x000006e0       0x20 /usr/local/arm/lib/gcc/arm-elf/4.1.0/thumb/interwork/libgcc.a(_eq_df.o)
 .debug_aranges
                0x00000700       0x20 /usr/local/arm/lib/gcc/arm-elf/4.1.0/thumb/interwork/libgcc.a(_ne_df.o)
 .debug_aranges
                0x00000720       0x20 /usr/local/arm/lib/gcc/arm-elf/4.1.0/thumb/interwork/libgcc.a(_gt_df.o)
 .debug_aranges
                0x00000740       0x20 /usr/local/arm/lib/gcc/arm-elf/4.1.0/thumb/interwork/libgcc.a(_ge_df.o)
 .debug_aranges
                0x00000760       0x20 /usr/local/arm/lib/gcc/arm-elf/4.1.0/thumb/interwork/libgcc.a(_lt_df.o)
 .debug_aranges
                0x00000780       0x20 /usr/local/arm/lib/gcc/arm-elf/4.1.0/thumb/interwork/libgcc.a(_si_to_df.o)
 .debug_aranges
                0x000007a0       0x20 /usr/local/arm/lib/gcc/arm-elf/4.1.0/thumb/interwork/libgcc.a(_df_to_si.o)
 .debug_aranges
                0x000007c0       0x20 /usr/local/arm/lib/gcc/arm-elf/4.1.0/thumb/interwork/libgcc.a(_muldi3.o)
 .debug_aranges
                0x000007e0       0x20 /usr/local/arm/lib/gcc/arm-elf/4.1.0/thumb/interwork/libgcc.a(_pack_df.o)
 .debug_aranges
                0x00000800       0x20 /usr/local/arm/lib/gcc/arm-elf/4.1.0/thumb/interwork/libgcc.a(_unpack_df.o)
 .debug_aranges
                0x00000820       0x20 /usr/local/arm/lib/gcc/arm-elf/4.1.0/thumb/interwork/libgcc.a(_fpcmp_parts_df.o)

.debug_pubnames
                0x00000000     0x10f5
 *(.debug_pubnames)
 .debug_pubnames
                0x00000000      0x39d main.o
 .debug_pubnames
                0x0000039d       0x29 Cstartup_SAM7.o
 .debug_pubnames
                0x000003c6       0x69 syscalls.o
 .debug_pubnames
                0x0000042f       0x96 cdc_enumerate.o
 .debug_pubnames
                0x000004c5       0xb2 adc.o
 .debug_pubnames
                0x00000577       0x49 pwm.o
 .debug_pubnames
                0x000005c0       0x49 aic.o
 .debug_pubnames
                0x00000609       0x27 async.o
 .debug_pubnames
                0x00000630       0x2c delay.o
 .debug_pubnames
                0x0000065c       0x2d util_math.o
 .debug_pubnames
                0x00000689       0x27 /usr/local/arm/lib/gcc/arm-elf/4.1.0/../../../../arm-elf/lib/thumb/interwork/libc.a(atoi.o)
 .debug_pubnames
                0x000006b0       0x1d /usr/local/arm/lib/gcc/arm-elf/4.1.0/../../../../arm-elf/lib/thumb/interwork/libc.a(memcpy.o)
 .debug_pubnames
                0x000006cd       0x2d /usr/local/arm/lib/gcc/arm-elf/4.1.0/../../../../arm-elf/lib/thumb/interwork/libc.a(sprintf.o)
 .debug_pubnames
                0x000006fa       0x1d /usr/local/arm/lib/gcc/arm-elf/4.1.0/../../../../arm-elf/lib/thumb/interwork/libc.a(strcmp.o)
 .debug_pubnames
                0x00000717       0x1d /usr/local/arm/lib/gcc/arm-elf/4.1.0/../../../../arm-elf/lib/thumb/interwork/libc.a(strcpy.o)
 .debug_pubnames
                0x00000734       0x1d /usr/local/arm/lib/gcc/arm-elf/4.1.0/../../../../arm-elf/lib/thumb/interwork/libc.a(strlen.o)
 .debug_pubnames
                0x00000751       0x1d /usr/local/arm/lib/gcc/arm-elf/4.1.0/../../../../arm-elf/lib/thumb/interwork/libc.a(strtok.o)
 .debug_pubnames
                0x0000076e       0x2e /usr/local/arm/lib/gcc/arm-elf/4.1.0/../../../../arm-elf/lib/thumb/interwork/libc.a(strtok_r.o)
 .debug_pubnames
                0x0000079c       0x2b /usr/local/arm/lib/gcc/arm-elf/4.1.0/../../../../arm-elf/lib/thumb/interwork/libc.a(strtol.o)
 .debug_pubnames
                0x000007c7       0x2f /usr/local/arm/lib/gcc/arm-elf/4.1.0/../../../../arm-elf/lib/thumb/interwork/libc.a(vfprintf.o)
 .debug_pubnames
                0x000007f6       0x2d /usr/local/arm/lib/gcc/arm-elf/4.1.0/../../../../arm-elf/lib/thumb/interwork/libc.a(wcrtomb.o)
 .debug_pubnames
                0x00000823       0x31 /usr/local/arm/lib/gcc/arm-elf/4.1.0/../../../../arm-elf/lib/thumb/interwork/libc.a(wcsrtombs.o)
 .debug_pubnames
                0x00000854       0x20 /usr/local/arm/lib/gcc/arm-elf/4.1.0/../../../../arm-elf/lib/thumb/interwork/libc.a(wctomb_r.o)
 .debug_pubnames
                0x00000874       0x20 /usr/local/arm/lib/gcc/arm-elf/4.1.0/../../../../arm-elf/lib/thumb/interwork/libc.a(wsetup.o)
 .debug_pubnames
                0x00000894       0x2e /usr/local/arm/lib/gcc/arm-elf/4.1.0/../../../../arm-elf/lib/thumb/interwork/libc.a(ctype_.o)
 .debug_pubnames
                0x000008c2       0x1e /usr/local/arm/lib/gcc/arm-elf/4.1.0/../../../../arm-elf/lib/thumb/interwork/libc.a(dtoa.o)
 .debug_pubnames
                0x000008e0       0x1d /usr/local/arm/lib/gcc/arm-elf/4.1.0/../../../../arm-elf/lib/thumb/interwork/libc.a(fflush.o)
 .debug_pubnames
                0x000008fd       0xdb /usr/local/arm/lib/gcc/arm-elf/4.1.0/../../../../arm-elf/lib/thumb/interwork/libc.a(findfp.o)
 .debug_pubnames
                0x000009d8       0x31 /usr/local/arm/lib/gcc/arm-elf/4.1.0/../../../../arm-elf/lib/thumb/interwork/libc.a(freer.o)
 .debug_pubnames
                0x00000a09       0x21 /usr/local/arm/lib/gcc/arm-elf/4.1.0/../../../../arm-elf/lib/thumb/interwork/libc.a(fvwrite.o)
 .debug_pubnames
                0x00000a2a       0x2e /usr/local/arm/lib/gcc/arm-elf/4.1.0/../../../../arm-elf/lib/thumb/interwork/libc.a(fwalk.o)
 .debug_pubnames
                0x00000a58       0x39 /usr/local/arm/lib/gcc/arm-elf/4.1.0/../../../../arm-elf/lib/thumb/interwork/libc.a(impure.o)
 .debug_pubnames
                0x00000a91       0xc3 /usr/local/arm/lib/gcc/arm-elf/4.1.0/../../../../arm-elf/lib/thumb/interwork/libc.a(locale.o)
 .debug_pubnames
                0x00000b54       0x21 /usr/local/arm/lib/gcc/arm-elf/4.1.0/../../../../arm-elf/lib/thumb/interwork/libc.a(makebuf.o)
 .debug_pubnames
                0x00000b75       0xce /usr/local/arm/lib/gcc/arm-elf/4.1.0/../../../../arm-elf/lib/thumb/interwork/libc.a(mallocr.o)
 .debug_pubnames
                0x00000c43       0x1d /usr/local/arm/lib/gcc/arm-elf/4.1.0/../../../../arm-elf/lib/thumb/interwork/libc.a(memchr.o)
 .debug_pubnames
                0x00000c60       0x1e /usr/local/arm/lib/gcc/arm-elf/4.1.0/../../../../arm-elf/lib/thumb/interwork/libc.a(memmove.o)
 .debug_pubnames
                0x00000c7e       0x1d /usr/local/arm/lib/gcc/arm-elf/4.1.0/../../../../arm-elf/lib/thumb/interwork/libc.a(memset.o)
 .debug_pubnames
                0x00000c9b       0x38 /usr/local/arm/lib/gcc/arm-elf/4.1.0/../../../../arm-elf/lib/thumb/interwork/libc.a(mlock.o)
 .debug_pubnames
                0x00000cd3      0x112 /usr/local/arm/lib/gcc/arm-elf/4.1.0/../../../../arm-elf/lib/thumb/interwork/libc.a(mprec.o)
 .debug_pubnames
                0x00000de5       0x21 /usr/local/arm/lib/gcc/arm-elf/4.1.0/../../../../arm-elf/lib/thumb/interwork/libc.a(reallocr.o)
 .debug_pubnames
                0x00000e06       0x1c /usr/local/arm/lib/gcc/arm-elf/4.1.0/../../../../arm-elf/lib/thumb/interwork/libc.a(s_isinf.o)
 .debug_pubnames
                0x00000e22       0x1c /usr/local/arm/lib/gcc/arm-elf/4.1.0/../../../../arm-elf/lib/thumb/interwork/libc.a(s_isnan.o)
 .debug_pubnames
                0x00000e3e       0x44 /usr/local/arm/lib/gcc/arm-elf/4.1.0/../../../../arm-elf/lib/thumb/interwork/libc.a(stdio.o)
 .debug_pubnames
                0x00000e82       0x20 /usr/local/arm/lib/gcc/arm-elf/4.1.0/../../../../arm-elf/lib/thumb/interwork/libc.a(callocr.o)
 .debug_pubnames
                0x00000ea2       0x2b /usr/local/arm/lib/gcc/arm-elf/4.1.0/../../../../arm-elf/lib/thumb/interwork/libc.a(fclose.o)
 .debug_pubnames
                0x00000ecd       0x1c /usr/local/arm/lib/gcc/arm-elf/4.1.0/../../../../arm-elf/lib/thumb/interwork/libm.a(s_round.o)
 .debug_pubnames
                0x00000ee9       0x23 /usr/local/arm/lib/gcc/arm-elf/4.1.0/thumb/interwork/libgcc.a(_fixunsdfsi.o)
 .debug_pubnames
                0x00000f0c       0x2c /usr/local/arm/lib/gcc/arm-elf/4.1.0/thumb/interwork/libgcc.a(_addsub_df.o)
 .debug_pubnames
                0x00000f38       0x1f /usr/local/arm/lib/gcc/arm-elf/4.1.0/thumb/interwork/libgcc.a(_mul_df.o)
 .debug_pubnames
                0x00000f57       0x1f /usr/local/arm/lib/gcc/arm-elf/4.1.0/thumb/interwork/libgcc.a(_div_df.o)
 .debug_pubnames
                0x00000f76       0x1e /usr/local/arm/lib/gcc/arm-elf/4.1.0/thumb/interwork/libgcc.a(_eq_df.o)
 .debug_pubnames
                0x00000f94       0x1e /usr/local/arm/lib/gcc/arm-elf/4.1.0/thumb/interwork/libgcc.a(_ne_df.o)
 .debug_pubnames
                0x00000fb2       0x1e /usr/local/arm/lib/gcc/arm-elf/4.1.0/thumb/interwork/libgcc.a(_gt_df.o)
 .debug_pubnames
                0x00000fd0       0x1e /usr/local/arm/lib/gcc/arm-elf/4.1.0/thumb/interwork/libgcc.a(_ge_df.o)
 .debug_pubnames
                0x00000fee       0x1e /usr/local/arm/lib/gcc/arm-elf/4.1.0/thumb/interwork/libgcc.a(_lt_df.o)
 .debug_pubnames
                0x0000100c       0x22 /usr/local/arm/lib/gcc/arm-elf/4.1.0/thumb/interwork/libgcc.a(_si_to_df.o)
 .debug_pubnames
                0x0000102e       0x20 /usr/local/arm/lib/gcc/arm-elf/4.1.0/thumb/interwork/libgcc.a(_df_to_si.o)
 .debug_pubnames
                0x0000104e       0x22 /usr/local/arm/lib/gcc/arm-elf/4.1.0/thumb/interwork/libgcc.a(_thenan_df.o)
 .debug_pubnames
                0x00001070       0x1f /usr/local/arm/lib/gcc/arm-elf/4.1.0/thumb/interwork/libgcc.a(_muldi3.o)
 .debug_pubnames
                0x0000108f       0x1f /usr/local/arm/lib/gcc/arm-elf/4.1.0/thumb/interwork/libgcc.a(_pack_df.o)
 .debug_pubnames
                0x000010ae       0x21 /usr/local/arm/lib/gcc/arm-elf/4.1.0/thumb/interwork/libgcc.a(_unpack_df.o)
 .debug_pubnames
                0x000010cf       0x26 /usr/local/arm/lib/gcc/arm-elf/4.1.0/thumb/interwork/libgcc.a(_fpcmp_parts_df.o)

.debug_info     0x00000000    0x1a1cc
 *(.debug_info .gnu.linkonce.wi.*)
 .debug_info    0x00000000       0x8e Cstartup.o
 .debug_info    0x0000008e     0x2e2a main.o
 .debug_info    0x00002eb8      0x208 Cstartup_SAM7.o
 .debug_info    0x000030c0     0x1022 syscalls.o
 .debug_info    0x000040e2      0x68f cdc_enumerate.o
 .debug_info    0x00004771      0x4ab adc.o
 .debug_info    0x00004c1c      0x477 pwm.o
 .debug_info    0x00005093       0xc5 aic.o
 .debug_info    0x00005158       0xc5 async.o
 .debug_info    0x0000521d       0x8d delay.o
 .debug_info    0x000052aa       0xd0 util_math.o
 .debug_info    0x0000537a      0x949 /usr/local/arm/lib/gcc/arm-elf/4.1.0/../../../../arm-elf/lib/thumb/interwork/libc.a(atoi.o)
 .debug_info    0x00005cc3      0x10e /usr/local/arm/lib/gcc/arm-elf/4.1.0/../../../../arm-elf/lib/thumb/interwork/libc.a(memcpy.o)
 .debug_info    0x00005dd1      0xa02 /usr/local/arm/lib/gcc/arm-elf/4.1.0/../../../../arm-elf/lib/thumb/interwork/libc.a(sprintf.o)
 .debug_info    0x000067d3       0xda /usr/local/arm/lib/gcc/arm-elf/4.1.0/../../../../arm-elf/lib/thumb/interwork/libc.a(strcmp.o)
 .debug_info    0x000068ad      0x10d /usr/local/arm/lib/gcc/arm-elf/4.1.0/../../../../arm-elf/lib/thumb/interwork/libc.a(strcpy.o)
 .debug_info    0x000069ba       0xd6 /usr/local/arm/lib/gcc/arm-elf/4.1.0/../../../../arm-elf/lib/thumb/interwork/libc.a(strlen.o)
 .debug_info    0x00006a90      0x930 /usr/local/arm/lib/gcc/arm-elf/4.1.0/../../../../arm-elf/lib/thumb/interwork/libc.a(strtok.o)
 .debug_info    0x000073c0      0x15f /usr/local/arm/lib/gcc/arm-elf/4.1.0/../../../../arm-elf/lib/thumb/interwork/libc.a(strtok_r.o)
 .debug_info    0x0000751f      0xa11 /usr/local/arm/lib/gcc/arm-elf/4.1.0/../../../../arm-elf/lib/thumb/interwork/libc.a(strtol.o)
 .debug_info    0x00007f30     0x10eb /usr/local/arm/lib/gcc/arm-elf/4.1.0/../../../../arm-elf/lib/thumb/interwork/libc.a(vfprintf.o)
 .debug_info    0x0000901b      0x9ef /usr/local/arm/lib/gcc/arm-elf/4.1.0/../../../../arm-elf/lib/thumb/interwork/libc.a(wcrtomb.o)
 .debug_info    0x00009a0a      0xa84 /usr/local/arm/lib/gcc/arm-elf/4.1.0/../../../../arm-elf/lib/thumb/interwork/libc.a(wcsrtombs.o)
 .debug_info    0x0000a48e      0x9f7 /usr/local/arm/lib/gcc/arm-elf/4.1.0/../../../../arm-elf/lib/thumb/interwork/libc.a(wctomb_r.o)
 .debug_info    0x0000ae85      0x93a /usr/local/arm/lib/gcc/arm-elf/4.1.0/../../../../arm-elf/lib/thumb/interwork/libc.a(wsetup.o)
 .debug_info    0x0000b7bf       0x79 /usr/local/arm/lib/gcc/arm-elf/4.1.0/../../../../arm-elf/lib/thumb/interwork/libc.a(ctype_.o)
 .debug_info    0x0000b838      0xd65 /usr/local/arm/lib/gcc/arm-elf/4.1.0/../../../../arm-elf/lib/thumb/interwork/libc.a(dtoa.o)
 .debug_info    0x0000c59d      0x974 /usr/local/arm/lib/gcc/arm-elf/4.1.0/../../../../arm-elf/lib/thumb/interwork/libc.a(fflush.o)
 .debug_info    0x0000cf11      0xb67 /usr/local/arm/lib/gcc/arm-elf/4.1.0/../../../../arm-elf/lib/thumb/interwork/libc.a(findfp.o)
 .debug_info    0x0000da78      0xbb5 /usr/local/arm/lib/gcc/arm-elf/4.1.0/../../../../arm-elf/lib/thumb/interwork/libc.a(freer.o)
 .debug_info    0x0000e62d      0xa5f /usr/local/arm/lib/gcc/arm-elf/4.1.0/../../../../arm-elf/lib/thumb/interwork/libc.a(fvwrite.o)
 .debug_info    0x0000f08c      0xad9 /usr/local/arm/lib/gcc/arm-elf/4.1.0/../../../../arm-elf/lib/thumb/interwork/libc.a(fwalk.o)
 .debug_info    0x0000fb65      0x922 /usr/local/arm/lib/gcc/arm-elf/4.1.0/../../../../arm-elf/lib/thumb/interwork/libc.a(impure.o)
 .debug_info    0x00010487      0xb82 /usr/local/arm/lib/gcc/arm-elf/4.1.0/../../../../arm-elf/lib/thumb/interwork/libc.a(locale.o)
 .debug_info    0x00011009      0xad9 /usr/local/arm/lib/gcc/arm-elf/4.1.0/../../../../arm-elf/lib/thumb/interwork/libc.a(makebuf.o)
 .debug_info    0x00011ae2      0xcbc /usr/local/arm/lib/gcc/arm-elf/4.1.0/../../../../arm-elf/lib/thumb/interwork/libc.a(mallocr.o)
 .debug_info    0x0001279e      0x133 /usr/local/arm/lib/gcc/arm-elf/4.1.0/../../../../arm-elf/lib/thumb/interwork/libc.a(memchr.o)
 .debug_info    0x000128d1      0x13f /usr/local/arm/lib/gcc/arm-elf/4.1.0/../../../../arm-elf/lib/thumb/interwork/libc.a(memmove.o)
 .debug_info    0x00012a10      0x112 /usr/local/arm/lib/gcc/arm-elf/4.1.0/../../../../arm-elf/lib/thumb/interwork/libc.a(memset.o)
 .debug_info    0x00012b22      0x93c /usr/local/arm/lib/gcc/arm-elf/4.1.0/../../../../arm-elf/lib/thumb/interwork/libc.a(mlock.o)
 .debug_info    0x0001345e     0x1336 /usr/local/arm/lib/gcc/arm-elf/4.1.0/../../../../arm-elf/lib/thumb/interwork/libc.a(mprec.o)
 .debug_info    0x00014794      0xbc7 /usr/local/arm/lib/gcc/arm-elf/4.1.0/../../../../arm-elf/lib/thumb/interwork/libc.a(reallocr.o)
 .debug_info    0x0001535b       0xd7 /usr/local/arm/lib/gcc/arm-elf/4.1.0/../../../../arm-elf/lib/thumb/interwork/libc.a(s_isinf.o)
 .debug_info    0x00015432       0xd5 /usr/local/arm/lib/gcc/arm-elf/4.1.0/../../../../arm-elf/lib/thumb/interwork/libc.a(s_isnan.o)
 .debug_info    0x00015507      0xa74 /usr/local/arm/lib/gcc/arm-elf/4.1.0/../../../../arm-elf/lib/thumb/interwork/libc.a(stdio.o)
 .debug_info    0x00015f7b      0xa03 /usr/local/arm/lib/gcc/arm-elf/4.1.0/../../../../arm-elf/lib/thumb/interwork/libc.a(callocr.o)
 .debug_info    0x0001697e      0x982 /usr/local/arm/lib/gcc/arm-elf/4.1.0/../../../../arm-elf/lib/thumb/interwork/libc.a(fclose.o)
 .debug_info    0x00017300      0x1ac /usr/local/arm/lib/gcc/arm-elf/4.1.0/../../../../arm-elf/lib/thumb/interwork/libm.a(s_round.o)
 .debug_info    0x000174ac       0x88 /usr/local/arm/lib/gcc/arm-elf/4.1.0/thumb/interwork/libgcc.a(_udivsi3.o)
 .debug_info    0x00017534       0x88 /usr/local/arm/lib/gcc/arm-elf/4.1.0/thumb/interwork/libgcc.a(_divsi3.o)
 .debug_info    0x000175bc       0x88 /usr/local/arm/lib/gcc/arm-elf/4.1.0/thumb/interwork/libgcc.a(_umodsi3.o)
 .debug_info    0x00017644       0x88 /usr/local/arm/lib/gcc/arm-elf/4.1.0/thumb/interwork/libgcc.a(_modsi3.o)
 .debug_info    0x000176cc       0x88 /usr/local/arm/lib/gcc/arm-elf/4.1.0/thumb/interwork/libgcc.a(_dvmd_tls.o)
 .debug_info    0x00017754       0xce /usr/local/arm/lib/gcc/arm-elf/4.1.0/thumb/interwork/libgcc.a(_fixunsdfsi.o)
 .debug_info    0x00017822      0x47d /usr/local/arm/lib/gcc/arm-elf/4.1.0/thumb/interwork/libgcc.a(_addsub_df.o)
 .debug_info    0x00017c9f      0x473 /usr/local/arm/lib/gcc/arm-elf/4.1.0/thumb/interwork/libgcc.a(_mul_df.o)
 .debug_info    0x00018112      0x3ad /usr/local/arm/lib/gcc/arm-elf/4.1.0/thumb/interwork/libgcc.a(_div_df.o)
 .debug_info    0x000184bf      0x2aa /usr/local/arm/lib/gcc/arm-elf/4.1.0/thumb/interwork/libgcc.a(_eq_df.o)
 .debug_info    0x00018769      0x2aa /usr/local/arm/lib/gcc/arm-elf/4.1.0/thumb/interwork/libgcc.a(_ne_df.o)
 .debug_info    0x00018a13      0x2aa /usr/local/arm/lib/gcc/arm-elf/4.1.0/thumb/interwork/libgcc.a(_gt_df.o)
 .debug_info    0x00018cbd      0x2aa /usr/local/arm/lib/gcc/arm-elf/4.1.0/thumb/interwork/libgcc.a(_ge_df.o)
 .debug_info    0x00018f67      0x2aa /usr/local/arm/lib/gcc/arm-elf/4.1.0/thumb/interwork/libgcc.a(_lt_df.o)
 .debug_info    0x00019211      0x1bd /usr/local/arm/lib/gcc/arm-elf/4.1.0/thumb/interwork/libgcc.a(_si_to_df.o)
 .debug_info    0x000193ce      0x2de /usr/local/arm/lib/gcc/arm-elf/4.1.0/thumb/interwork/libgcc.a(_df_to_si.o)
 .debug_info    0x000196ac      0x164 /usr/local/arm/lib/gcc/arm-elf/4.1.0/thumb/interwork/libgcc.a(_thenan_df.o)
 .debug_info    0x00019810      0x207 /usr/local/arm/lib/gcc/arm-elf/4.1.0/thumb/interwork/libgcc.a(_muldi3.o)
 .debug_info    0x00019a17      0x323 /usr/local/arm/lib/gcc/arm-elf/4.1.0/thumb/interwork/libgcc.a(_pack_df.o)
 .debug_info    0x00019d3a      0x27a /usr/local/arm/lib/gcc/arm-elf/4.1.0/thumb/interwork/libgcc.a(_unpack_df.o)
 .debug_info    0x00019fb4      0x218 /usr/local/arm/lib/gcc/arm-elf/4.1.0/thumb/interwork/libgcc.a(_fpcmp_parts_df.o)

.debug_abbrev   0x00000000     0x5611
 *(.debug_abbrev)
 .debug_abbrev  0x00000000       0x14 Cstartup.o
 .debug_abbrev  0x00000014      0x33d main.o
 .debug_abbrev  0x00000351       0xaa Cstartup_SAM7.o
 .debug_abbrev  0x000003fb      0x2ac syscalls.o
 .debug_abbrev  0x000006a7      0x242 cdc_enumerate.o
 .debug_abbrev  0x000008e9       0xb8 adc.o
 .debug_abbrev  0x000009a1      0x1a4 pwm.o
 .debug_abbrev  0x00000b45       0x90 aic.o
 .debug_abbrev  0x00000bd5       0x9b async.o
 .debug_abbrev  0x00000c70       0x85 delay.o
 .debug_abbrev  0x00000cf5       0xaf util_math.o
 .debug_abbrev  0x00000da4      0x176 /usr/local/arm/lib/gcc/arm-elf/4.1.0/../../../../arm-elf/lib/thumb/interwork/libc.a(atoi.o)
 .debug_abbrev  0x00000f1a       0x99 /usr/local/arm/lib/gcc/arm-elf/4.1.0/../../../../arm-elf/lib/thumb/interwork/libc.a(memcpy.o)
 .debug_abbrev  0x00000fb3      0x193 /usr/local/arm/lib/gcc/arm-elf/4.1.0/../../../../arm-elf/lib/thumb/interwork/libc.a(sprintf.o)
 .debug_abbrev  0x00001146       0x71 /usr/local/arm/lib/gcc/arm-elf/4.1.0/../../../../arm-elf/lib/thumb/interwork/libc.a(strcmp.o)
 .debug_abbrev  0x000011b7       0x80 /usr/local/arm/lib/gcc/arm-elf/4.1.0/../../../../arm-elf/lib/thumb/interwork/libc.a(strcpy.o)
 .debug_abbrev  0x00001237       0x8b /usr/local/arm/lib/gcc/arm-elf/4.1.0/../../../../arm-elf/lib/thumb/interwork/libc.a(strlen.o)
 .debug_abbrev  0x000012c2      0x17f /usr/local/arm/lib/gcc/arm-elf/4.1.0/../../../../arm-elf/lib/thumb/interwork/libc.a(strtok.o)
 .debug_abbrev  0x00001441       0xbe /usr/local/arm/lib/gcc/arm-elf/4.1.0/../../../../arm-elf/lib/thumb/interwork/libc.a(strtok_r.o)
 .debug_abbrev  0x000014ff      0x1ae /usr/local/arm/lib/gcc/arm-elf/4.1.0/../../../../arm-elf/lib/thumb/interwork/libc.a(strtol.o)
 .debug_abbrev  0x000016ad      0x356 /usr/local/arm/lib/gcc/arm-elf/4.1.0/../../../../arm-elf/lib/thumb/interwork/libc.a(vfprintf.o)
 .debug_abbrev  0x00001a03      0x18e /usr/local/arm/lib/gcc/arm-elf/4.1.0/../../../../arm-elf/lib/thumb/interwork/libc.a(wcrtomb.o)
 .debug_abbrev  0x00001b91      0x1a4 /usr/local/arm/lib/gcc/arm-elf/4.1.0/../../../../arm-elf/lib/thumb/interwork/libc.a(wcsrtombs.o)
 .debug_abbrev  0x00001d35      0x1ab /usr/local/arm/lib/gcc/arm-elf/4.1.0/../../../../arm-elf/lib/thumb/interwork/libc.a(wctomb_r.o)
 .debug_abbrev  0x00001ee0      0x170 /usr/local/arm/lib/gcc/arm-elf/4.1.0/../../../../arm-elf/lib/thumb/interwork/libc.a(wsetup.o)
 .debug_abbrev  0x00002050       0x52 /usr/local/arm/lib/gcc/arm-elf/4.1.0/../../../../arm-elf/lib/thumb/interwork/libc.a(ctype_.o)
 .debug_abbrev  0x000020a2      0x214 /usr/local/arm/lib/gcc/arm-elf/4.1.0/../../../../arm-elf/lib/thumb/interwork/libc.a(dtoa.o)
 .debug_abbrev  0x000022b6      0x17f /usr/local/arm/lib/gcc/arm-elf/4.1.0/../../../../arm-elf/lib/thumb/interwork/libc.a(fflush.o)
 .debug_abbrev  0x00002435      0x24a /usr/local/arm/lib/gcc/arm-elf/4.1.0/../../../../arm-elf/lib/thumb/interwork/libc.a(findfp.o)
 .debug_abbrev  0x0000267f      0x1d9 /usr/local/arm/lib/gcc/arm-elf/4.1.0/../../../../arm-elf/lib/thumb/interwork/libc.a(freer.o)
 .debug_abbrev  0x00002858      0x1b4 /usr/local/arm/lib/gcc/arm-elf/4.1.0/../../../../arm-elf/lib/thumb/interwork/libc.a(fvwrite.o)
 .debug_abbrev  0x00002a0c      0x1e3 /usr/local/arm/lib/gcc/arm-elf/4.1.0/../../../../arm-elf/lib/thumb/interwork/libc.a(fwalk.o)
 .debug_abbrev  0x00002bef      0x157 /usr/local/arm/lib/gcc/arm-elf/4.1.0/../../../../arm-elf/lib/thumb/interwork/libc.a(impure.o)
 .debug_abbrev  0x00002d46      0x20e /usr/local/arm/lib/gcc/arm-elf/4.1.0/../../../../arm-elf/lib/thumb/interwork/libc.a(locale.o)
 .debug_abbrev  0x00002f54      0x1a8 /usr/local/arm/lib/gcc/arm-elf/4.1.0/../../../../arm-elf/lib/thumb/interwork/libc.a(makebuf.o)
 .debug_abbrev  0x000030fc      0x216 /usr/local/arm/lib/gcc/arm-elf/4.1.0/../../../../arm-elf/lib/thumb/interwork/libc.a(mallocr.o)
 .debug_abbrev  0x00003312       0xb5 /usr/local/arm/lib/gcc/arm-elf/4.1.0/../../../../arm-elf/lib/thumb/interwork/libc.a(memchr.o)
 .debug_abbrev  0x000033c7       0x99 /usr/local/arm/lib/gcc/arm-elf/4.1.0/../../../../arm-elf/lib/thumb/interwork/libc.a(memmove.o)
 .debug_abbrev  0x00003460       0x9a /usr/local/arm/lib/gcc/arm-elf/4.1.0/../../../../arm-elf/lib/thumb/interwork/libc.a(memset.o)
 .debug_abbrev  0x000034fa      0x16a /usr/local/arm/lib/gcc/arm-elf/4.1.0/../../../../arm-elf/lib/thumb/interwork/libc.a(mlock.o)
 .debug_abbrev  0x00003664      0x262 /usr/local/arm/lib/gcc/arm-elf/4.1.0/../../../../arm-elf/lib/thumb/interwork/libc.a(mprec.o)
 .debug_abbrev  0x000038c6      0x1c3 /usr/local/arm/lib/gcc/arm-elf/4.1.0/../../../../arm-elf/lib/thumb/interwork/libc.a(reallocr.o)
 .debug_abbrev  0x00003a89       0x79 /usr/local/arm/lib/gcc/arm-elf/4.1.0/../../../../arm-elf/lib/thumb/interwork/libc.a(s_isinf.o)
 .debug_abbrev  0x00003b02       0x79 /usr/local/arm/lib/gcc/arm-elf/4.1.0/../../../../arm-elf/lib/thumb/interwork/libc.a(s_isnan.o)
 .debug_abbrev  0x00003b7b      0x1aa /usr/local/arm/lib/gcc/arm-elf/4.1.0/../../../../arm-elf/lib/thumb/interwork/libc.a(stdio.o)
 .debug_abbrev  0x00003d25      0x1af /usr/local/arm/lib/gcc/arm-elf/4.1.0/../../../../arm-elf/lib/thumb/interwork/libc.a(callocr.o)
 .debug_abbrev  0x00003ed4      0x18e /usr/local/arm/lib/gcc/arm-elf/4.1.0/../../../../arm-elf/lib/thumb/interwork/libc.a(fclose.o)
 .debug_abbrev  0x00004062       0xea /usr/local/arm/lib/gcc/arm-elf/4.1.0/../../../../arm-elf/lib/thumb/interwork/libm.a(s_round.o)
 .debug_abbrev  0x0000414c       0x14 /usr/local/arm/lib/gcc/arm-elf/4.1.0/thumb/interwork/libgcc.a(_udivsi3.o)
 .debug_abbrev  0x00004160       0x14 /usr/local/arm/lib/gcc/arm-elf/4.1.0/thumb/interwork/libgcc.a(_divsi3.o)
 .debug_abbrev  0x00004174       0x14 /usr/local/arm/lib/gcc/arm-elf/4.1.0/thumb/interwork/libgcc.a(_umodsi3.o)
 .debug_abbrev  0x00004188       0x14 /usr/local/arm/lib/gcc/arm-elf/4.1.0/thumb/interwork/libgcc.a(_modsi3.o)
 .debug_abbrev  0x0000419c       0x14 /usr/local/arm/lib/gcc/arm-elf/4.1.0/thumb/interwork/libgcc.a(_dvmd_tls.o)
 .debug_abbrev  0x000041b0       0x5d /usr/local/arm/lib/gcc/arm-elf/4.1.0/thumb/interwork/libgcc.a(_fixunsdfsi.o)
 .debug_abbrev  0x0000420d      0x1a8 /usr/local/arm/lib/gcc/arm-elf/4.1.0/thumb/interwork/libgcc.a(_addsub_df.o)
 .debug_abbrev  0x000043b5      0x1e7 /usr/local/arm/lib/gcc/arm-elf/4.1.0/thumb/interwork/libgcc.a(_mul_df.o)
 .debug_abbrev  0x0000459c      0x1d9 /usr/local/arm/lib/gcc/arm-elf/4.1.0/thumb/interwork/libgcc.a(_div_df.o)
 .debug_abbrev  0x00004775      0x157 /usr/local/arm/lib/gcc/arm-elf/4.1.0/thumb/interwork/libgcc.a(_eq_df.o)
 .debug_abbrev  0x000048cc      0x157 /usr/local/arm/lib/gcc/arm-elf/4.1.0/thumb/interwork/libgcc.a(_ne_df.o)
 .debug_abbrev  0x00004a23      0x157 /usr/local/arm/lib/gcc/arm-elf/4.1.0/thumb/interwork/libgcc.a(_gt_df.o)
 .debug_abbrev  0x00004b7a      0x157 /usr/local/arm/lib/gcc/arm-elf/4.1.0/thumb/interwork/libgcc.a(_ge_df.o)
 .debug_abbrev  0x00004cd1      0x157 /usr/local/arm/lib/gcc/arm-elf/4.1.0/thumb/interwork/libgcc.a(_lt_df.o)
 .debug_abbrev  0x00004e28       0xf1 /usr/local/arm/lib/gcc/arm-elf/4.1.0/thumb/interwork/libgcc.a(_si_to_df.o)
 .debug_abbrev  0x00004f19      0x166 /usr/local/arm/lib/gcc/arm-elf/4.1.0/thumb/interwork/libgcc.a(_df_to_si.o)
 .debug_abbrev  0x0000507f       0xba /usr/local/arm/lib/gcc/arm-elf/4.1.0/thumb/interwork/libgcc.a(_thenan_df.o)
 .debug_abbrev  0x00005139       0xec /usr/local/arm/lib/gcc/arm-elf/4.1.0/thumb/interwork/libgcc.a(_muldi3.o)
 .debug_abbrev  0x00005225      0x192 /usr/local/arm/lib/gcc/arm-elf/4.1.0/thumb/interwork/libgcc.a(_pack_df.o)
 .debug_abbrev  0x000053b7      0x149 /usr/local/arm/lib/gcc/arm-elf/4.1.0/thumb/interwork/libgcc.a(_unpack_df.o)
 .debug_abbrev  0x00005500      0x111 /usr/local/arm/lib/gcc/arm-elf/4.1.0/thumb/interwork/libgcc.a(_fpcmp_parts_df.o)

.debug_line     0x00000000     0x52e4
 *(.debug_line)
 .debug_line    0x00000000       0x87 Cstartup.o
 .debug_line    0x00000087      0x820 main.o
 .debug_line    0x000008a7       0x60 Cstartup_SAM7.o
 .debug_line    0x00000907      0x1ca syscalls.o
 .debug_line    0x00000ad1      0x142 cdc_enumerate.o
 .debug_line    0x00000c13       0x6d adc.o
 .debug_line    0x00000c80      0x10b pwm.o
 .debug_line    0x00000d8b       0x41 aic.o
 .debug_line    0x00000dcc       0x41 async.o
 .debug_line    0x00000e0d       0x4c delay.o
 .debug_line    0x00000e59       0x42 util_math.o
 .debug_line    0x00000e9b      0x11a /usr/local/arm/lib/gcc/arm-elf/4.1.0/../../../../arm-elf/lib/thumb/interwork/libc.a(atoi.o)
 .debug_line    0x00000fb5       0xc9 /usr/local/arm/lib/gcc/arm-elf/4.1.0/../../../../arm-elf/lib/thumb/interwork/libc.a(memcpy.o)
 .debug_line    0x0000107e      0x1a6 /usr/local/arm/lib/gcc/arm-elf/4.1.0/../../../../arm-elf/lib/thumb/interwork/libc.a(sprintf.o)
 .debug_line    0x00001224       0x8c /usr/local/arm/lib/gcc/arm-elf/4.1.0/../../../../arm-elf/lib/thumb/interwork/libc.a(strcmp.o)
 .debug_line    0x000012b0       0x85 /usr/local/arm/lib/gcc/arm-elf/4.1.0/../../../../arm-elf/lib/thumb/interwork/libc.a(strcpy.o)
 .debug_line    0x00001335       0xb8 /usr/local/arm/lib/gcc/arm-elf/4.1.0/../../../../arm-elf/lib/thumb/interwork/libc.a(strlen.o)
 .debug_line    0x000013ed      0x117 /usr/local/arm/lib/gcc/arm-elf/4.1.0/../../../../arm-elf/lib/thumb/interwork/libc.a(strtok.o)
 .debug_line    0x00001504       0xa2 /usr/local/arm/lib/gcc/arm-elf/4.1.0/../../../../arm-elf/lib/thumb/interwork/libc.a(strtok_r.o)
 .debug_line    0x000015a6      0x1c3 /usr/local/arm/lib/gcc/arm-elf/4.1.0/../../../../arm-elf/lib/thumb/interwork/libc.a(strtol.o)
 .debug_line    0x00001769      0x5a4 /usr/local/arm/lib/gcc/arm-elf/4.1.0/../../../../arm-elf/lib/thumb/interwork/libc.a(vfprintf.o)
 .debug_line    0x00001d0d      0x178 /usr/local/arm/lib/gcc/arm-elf/4.1.0/../../../../arm-elf/lib/thumb/interwork/libc.a(wcrtomb.o)
 .debug_line    0x00001e85      0x1a5 /usr/local/arm/lib/gcc/arm-elf/4.1.0/../../../../arm-elf/lib/thumb/interwork/libc.a(wcsrtombs.o)
 .debug_line    0x0000202a      0x1fb /usr/local/arm/lib/gcc/arm-elf/4.1.0/../../../../arm-elf/lib/thumb/interwork/libc.a(wctomb_r.o)
 .debug_line    0x00002225      0x185 /usr/local/arm/lib/gcc/arm-elf/4.1.0/../../../../arm-elf/lib/thumb/interwork/libc.a(wsetup.o)
 .debug_line    0x000023aa       0x62 /usr/local/arm/lib/gcc/arm-elf/4.1.0/../../../../arm-elf/lib/thumb/interwork/libc.a(ctype_.o)
 .debug_line    0x0000240c      0x453 /usr/local/arm/lib/gcc/arm-elf/4.1.0/../../../../arm-elf/lib/thumb/interwork/libc.a(dtoa.o)
 .debug_line    0x0000285f      0x183 /usr/local/arm/lib/gcc/arm-elf/4.1.0/../../../../arm-elf/lib/thumb/interwork/libc.a(fflush.o)
 .debug_line    0x000029e2      0x1e4 /usr/local/arm/lib/gcc/arm-elf/4.1.0/../../../../arm-elf/lib/thumb/interwork/libc.a(findfp.o)
 .debug_line    0x00002bc6      0x185 /usr/local/arm/lib/gcc/arm-elf/4.1.0/../../../../arm-elf/lib/thumb/interwork/libc.a(freer.o)
 .debug_line    0x00002d4b      0x205 /usr/local/arm/lib/gcc/arm-elf/4.1.0/../../../../arm-elf/lib/thumb/interwork/libc.a(fvwrite.o)
 .debug_line    0x00002f50      0x198 /usr/local/arm/lib/gcc/arm-elf/4.1.0/../../../../arm-elf/lib/thumb/interwork/libc.a(fwalk.o)
 .debug_line    0x000030e8      0x104 /usr/local/arm/lib/gcc/arm-elf/4.1.0/../../../../arm-elf/lib/thumb/interwork/libc.a(impure.o)
 .debug_line    0x000031ec      0x187 /usr/local/arm/lib/gcc/arm-elf/4.1.0/../../../../arm-elf/lib/thumb/interwork/libc.a(locale.o)
 .debug_line    0x00003373      0x1a0 /usr/local/arm/lib/gcc/arm-elf/4.1.0/../../../../arm-elf/lib/thumb/interwork/libc.a(makebuf.o)
 .debug_line    0x00003513      0x255 /usr/local/arm/lib/gcc/arm-elf/4.1.0/../../../../arm-elf/lib/thumb/interwork/libc.a(mallocr.o)
 .debug_line    0x00003768       0xde /usr/local/arm/lib/gcc/arm-elf/4.1.0/../../../../arm-elf/lib/thumb/interwork/libc.a(memchr.o)
 .debug_line    0x00003846       0xd0 /usr/local/arm/lib/gcc/arm-elf/4.1.0/../../../../arm-elf/lib/thumb/interwork/libc.a(memmove.o)
 .debug_line    0x00003916       0xd5 /usr/local/arm/lib/gcc/arm-elf/4.1.0/../../../../arm-elf/lib/thumb/interwork/libc.a(memset.o)
 .debug_line    0x000039eb      0x116 /usr/local/arm/lib/gcc/arm-elf/4.1.0/../../../../arm-elf/lib/thumb/interwork/libc.a(mlock.o)
 .debug_line    0x00003b01      0x3dd /usr/local/arm/lib/gcc/arm-elf/4.1.0/../../../../arm-elf/lib/thumb/interwork/libc.a(mprec.o)
 .debug_line    0x00003ede      0x1be /usr/local/arm/lib/gcc/arm-elf/4.1.0/../../../../arm-elf/lib/thumb/interwork/libc.a(reallocr.o)
 .debug_line    0x0000409c       0xcb /usr/local/arm/lib/gcc/arm-elf/4.1.0/../../../../arm-elf/lib/thumb/interwork/libc.a(s_isinf.o)
 .debug_line    0x00004167       0xcb /usr/local/arm/lib/gcc/arm-elf/4.1.0/../../../../arm-elf/lib/thumb/interwork/libc.a(s_isnan.o)
 .debug_line    0x00004232      0x196 /usr/local/arm/lib/gcc/arm-elf/4.1.0/../../../../arm-elf/lib/thumb/interwork/libc.a(stdio.o)
 .debug_line    0x000043c8      0x11f /usr/local/arm/lib/gcc/arm-elf/4.1.0/../../../../arm-elf/lib/thumb/interwork/libc.a(callocr.o)
 .debug_line    0x000044e7      0x184 /usr/local/arm/lib/gcc/arm-elf/4.1.0/../../../../arm-elf/lib/thumb/interwork/libc.a(fclose.o)
 .debug_line    0x0000466b      0x104 /usr/local/arm/lib/gcc/arm-elf/4.1.0/../../../../arm-elf/lib/thumb/interwork/libm.a(s_round.o)
 .debug_line    0x0000476f       0x77 /usr/local/arm/lib/gcc/arm-elf/4.1.0/thumb/interwork/libgcc.a(_udivsi3.o)
 .debug_line    0x000047e6       0x83 /usr/local/arm/lib/gcc/arm-elf/4.1.0/thumb/interwork/libgcc.a(_divsi3.o)
 .debug_line    0x00004869       0x6f /usr/local/arm/lib/gcc/arm-elf/4.1.0/thumb/interwork/libgcc.a(_umodsi3.o)
 .debug_line    0x000048d8       0x78 /usr/local/arm/lib/gcc/arm-elf/4.1.0/thumb/interwork/libgcc.a(_modsi3.o)
 .debug_line    0x00004950       0x61 /usr/local/arm/lib/gcc/arm-elf/4.1.0/thumb/interwork/libgcc.a(_dvmd_tls.o)
 .debug_line    0x000049b1       0x65 /usr/local/arm/lib/gcc/arm-elf/4.1.0/thumb/interwork/libgcc.a(_fixunsdfsi.o)
 .debug_line    0x00004a16      0x10a /usr/local/arm/lib/gcc/arm-elf/4.1.0/thumb/interwork/libgcc.a(_addsub_df.o)
 .debug_line    0x00004b20       0xe5 /usr/local/arm/lib/gcc/arm-elf/4.1.0/thumb/interwork/libgcc.a(_mul_df.o)
 .debug_line    0x00004c05       0xca /usr/local/arm/lib/gcc/arm-elf/4.1.0/thumb/interwork/libgcc.a(_div_df.o)
 .debug_line    0x00004ccf       0x75 /usr/local/arm/lib/gcc/arm-elf/4.1.0/thumb/interwork/libgcc.a(_eq_df.o)
 .debug_line    0x00004d44       0x75 /usr/local/arm/lib/gcc/arm-elf/4.1.0/thumb/interwork/libgcc.a(_ne_df.o)
 .debug_line    0x00004db9       0x75 /usr/local/arm/lib/gcc/arm-elf/4.1.0/thumb/interwork/libgcc.a(_gt_df.o)
 .debug_line    0x00004e2e       0x75 /usr/local/arm/lib/gcc/arm-elf/4.1.0/thumb/interwork/libgcc.a(_ge_df.o)
 .debug_line    0x00004ea3       0x75 /usr/local/arm/lib/gcc/arm-elf/4.1.0/thumb/interwork/libgcc.a(_lt_df.o)
 .debug_line    0x00004f18       0x7e /usr/local/arm/lib/gcc/arm-elf/4.1.0/thumb/interwork/libgcc.a(_si_to_df.o)
 .debug_line    0x00004f96       0x88 /usr/local/arm/lib/gcc/arm-elf/4.1.0/thumb/interwork/libgcc.a(_df_to_si.o)
 .debug_line    0x0000501e       0x54 /usr/local/arm/lib/gcc/arm-elf/4.1.0/thumb/interwork/libgcc.a(_thenan_df.o)
 .debug_line    0x00005072       0x67 /usr/local/arm/lib/gcc/arm-elf/4.1.0/thumb/interwork/libgcc.a(_muldi3.o)
 .debug_line    0x000050d9       0xcc /usr/local/arm/lib/gcc/arm-elf/4.1.0/thumb/interwork/libgcc.a(_pack_df.o)
 .debug_line    0x000051a5       0x99 /usr/local/arm/lib/gcc/arm-elf/4.1.0/thumb/interwork/libgcc.a(_unpack_df.o)
 .debug_line    0x0000523e       0xa6 /usr/local/arm/lib/gcc/arm-elf/4.1.0/thumb/interwork/libgcc.a(_fpcmp_parts_df.o)

.debug_frame    0x00000000     0x1660
 *(.debug_frame)
 .debug_frame   0x00000000      0x254 main.o
 .debug_frame   0x00000254       0x20 Cstartup_SAM7.o
 .debug_frame   0x00000274       0xa4 syscalls.o
 .debug_frame   0x00000318       0xc0 cdc_enumerate.o
 .debug_frame   0x000003d8       0x80 adc.o
 .debug_frame   0x00000458       0x58 pwm.o
 .debug_frame   0x000004b0       0x48 aic.o
 .debug_frame   0x000004f8       0x20 async.o
 .debug_frame   0x00000518       0x3c delay.o
 .debug_frame   0x00000554       0x40 util_math.o
 .debug_frame   0x00000594       0x40 /usr/local/arm/lib/gcc/arm-elf/4.1.0/../../../../arm-elf/lib/thumb/interwork/libc.a(atoi.o)
 .debug_frame   0x000005d4       0x28 /usr/local/arm/lib/gcc/arm-elf/4.1.0/../../../../arm-elf/lib/thumb/interwork/libc.a(memcpy.o)
 .debug_frame   0x000005fc       0x50 /usr/local/arm/lib/gcc/arm-elf/4.1.0/../../../../arm-elf/lib/thumb/interwork/libc.a(sprintf.o)
 .debug_frame   0x0000064c       0x2c /usr/local/arm/lib/gcc/arm-elf/4.1.0/../../../../arm-elf/lib/thumb/interwork/libc.a(strcmp.o)
 .debug_frame   0x00000678       0x2c /usr/local/arm/lib/gcc/arm-elf/4.1.0/../../../../arm-elf/lib/thumb/interwork/libc.a(strcpy.o)
 .debug_frame   0x000006a4       0x2c /usr/local/arm/lib/gcc/arm-elf/4.1.0/../../../../arm-elf/lib/thumb/interwork/libc.a(strlen.o)
 .debug_frame   0x000006d0       0x28 /usr/local/arm/lib/gcc/arm-elf/4.1.0/../../../../arm-elf/lib/thumb/interwork/libc.a(strtok.o)
 .debug_frame   0x000006f8       0x48 /usr/local/arm/lib/gcc/arm-elf/4.1.0/../../../../arm-elf/lib/thumb/interwork/libc.a(strtok_r.o)
 .debug_frame   0x00000740       0x58 /usr/local/arm/lib/gcc/arm-elf/4.1.0/../../../../arm-elf/lib/thumb/interwork/libc.a(strtol.o)
 .debug_frame   0x00000798       0x70 /usr/local/arm/lib/gcc/arm-elf/4.1.0/../../../../arm-elf/lib/thumb/interwork/libc.a(vfprintf.o)
 .debug_frame   0x00000808       0x48 /usr/local/arm/lib/gcc/arm-elf/4.1.0/../../../../arm-elf/lib/thumb/interwork/libc.a(wcrtomb.o)
 .debug_frame   0x00000850       0x5c /usr/local/arm/lib/gcc/arm-elf/4.1.0/../../../../arm-elf/lib/thumb/interwork/libc.a(wcsrtombs.o)
 .debug_frame   0x000008ac       0x30 /usr/local/arm/lib/gcc/arm-elf/4.1.0/../../../../arm-elf/lib/thumb/interwork/libc.a(wctomb_r.o)
 .debug_frame   0x000008dc       0x2c /usr/local/arm/lib/gcc/arm-elf/4.1.0/../../../../arm-elf/lib/thumb/interwork/libc.a(wsetup.o)
 .debug_frame   0x00000908       0x68 /usr/local/arm/lib/gcc/arm-elf/4.1.0/../../../../arm-elf/lib/thumb/interwork/libc.a(dtoa.o)
 .debug_frame   0x00000970       0x2c /usr/local/arm/lib/gcc/arm-elf/4.1.0/../../../../arm-elf/lib/thumb/interwork/libc.a(fflush.o)
 .debug_frame   0x0000099c      0x130 /usr/local/arm/lib/gcc/arm-elf/4.1.0/../../../../arm-elf/lib/thumb/interwork/libc.a(findfp.o)
 .debug_frame   0x00000acc       0x54 /usr/local/arm/lib/gcc/arm-elf/4.1.0/../../../../arm-elf/lib/thumb/interwork/libc.a(freer.o)
 .debug_frame   0x00000b20       0x3c /usr/local/arm/lib/gcc/arm-elf/4.1.0/../../../../arm-elf/lib/thumb/interwork/libc.a(fvwrite.o)
 .debug_frame   0x00000b5c       0x5c /usr/local/arm/lib/gcc/arm-elf/4.1.0/../../../../arm-elf/lib/thumb/interwork/libc.a(fwalk.o)
 .debug_frame   0x00000bb8       0x80 /usr/local/arm/lib/gcc/arm-elf/4.1.0/../../../../arm-elf/lib/thumb/interwork/libc.a(locale.o)
 .debug_frame   0x00000c38       0x30 /usr/local/arm/lib/gcc/arm-elf/4.1.0/../../../../arm-elf/lib/thumb/interwork/libc.a(makebuf.o)
 .debug_frame   0x00000c68       0x3c /usr/local/arm/lib/gcc/arm-elf/4.1.0/../../../../arm-elf/lib/thumb/interwork/libc.a(mallocr.o)
 .debug_frame   0x00000ca4       0x38 /usr/local/arm/lib/gcc/arm-elf/4.1.0/../../../../arm-elf/lib/thumb/interwork/libc.a(memchr.o)
 .debug_frame   0x00000cdc       0x2c /usr/local/arm/lib/gcc/arm-elf/4.1.0/../../../../arm-elf/lib/thumb/interwork/libc.a(memmove.o)
 .debug_frame   0x00000d08       0x2c /usr/local/arm/lib/gcc/arm-elf/4.1.0/../../../../arm-elf/lib/thumb/interwork/libc.a(memset.o)
 .debug_frame   0x00000d34       0x30 /usr/local/arm/lib/gcc/arm-elf/4.1.0/../../../../arm-elf/lib/thumb/interwork/libc.a(mlock.o)
 .debug_frame   0x00000d64      0x224 /usr/local/arm/lib/gcc/arm-elf/4.1.0/../../../../arm-elf/lib/thumb/interwork/libc.a(mprec.o)
 .debug_frame   0x00000f88       0x3c /usr/local/arm/lib/gcc/arm-elf/4.1.0/../../../../arm-elf/lib/thumb/interwork/libc.a(reallocr.o)
 .debug_frame   0x00000fc4       0x20 /usr/local/arm/lib/gcc/arm-elf/4.1.0/../../../../arm-elf/lib/thumb/interwork/libc.a(s_isinf.o)
 .debug_frame   0x00000fe4       0x20 /usr/local/arm/lib/gcc/arm-elf/4.1.0/../../../../arm-elf/lib/thumb/interwork/libc.a(s_isnan.o)
 .debug_frame   0x00001004       0x80 /usr/local/arm/lib/gcc/arm-elf/4.1.0/../../../../arm-elf/lib/thumb/interwork/libc.a(stdio.o)
 .debug_frame   0x00001084       0x28 /usr/local/arm/lib/gcc/arm-elf/4.1.0/../../../../arm-elf/lib/thumb/interwork/libc.a(callocr.o)
 .debug_frame   0x000010ac       0x44 /usr/local/arm/lib/gcc/arm-elf/4.1.0/../../../../arm-elf/lib/thumb/interwork/libc.a(fclose.o)
 .debug_frame   0x000010f0       0x30 /usr/local/arm/lib/gcc/arm-elf/4.1.0/../../../../arm-elf/lib/thumb/interwork/libm.a(s_round.o)
 .debug_frame   0x00001120       0x28 /usr/local/arm/lib/gcc/arm-elf/4.1.0/thumb/interwork/libgcc.a(_udivsi3.o)
 .debug_frame   0x00001148       0x28 /usr/local/arm/lib/gcc/arm-elf/4.1.0/thumb/interwork/libgcc.a(_divsi3.o)
 .debug_frame   0x00001170       0x28 /usr/local/arm/lib/gcc/arm-elf/4.1.0/thumb/interwork/libgcc.a(_umodsi3.o)
 .debug_frame   0x00001198       0x28 /usr/local/arm/lib/gcc/arm-elf/4.1.0/thumb/interwork/libgcc.a(_modsi3.o)
 .debug_frame   0x000011c0       0x2c /usr/local/arm/lib/gcc/arm-elf/4.1.0/thumb/interwork/libgcc.a(_fixunsdfsi.o)
 .debug_frame   0x000011ec       0xb4 /usr/local/arm/lib/gcc/arm-elf/4.1.0/thumb/interwork/libgcc.a(_addsub_df.o)
 .debug_frame   0x000012a0       0x74 /usr/local/arm/lib/gcc/arm-elf/4.1.0/thumb/interwork/libgcc.a(_mul_df.o)
 .debug_frame   0x00001314       0x70 /usr/local/arm/lib/gcc/arm-elf/4.1.0/thumb/interwork/libgcc.a(_div_df.o)
 .debug_frame   0x00001384       0x3c /usr/local/arm/lib/gcc/arm-elf/4.1.0/thumb/interwork/libgcc.a(_eq_df.o)
 .debug_frame   0x000013c0       0x3c /usr/local/arm/lib/gcc/arm-elf/4.1.0/thumb/interwork/libgcc.a(_ne_df.o)
 .debug_frame   0x000013fc       0x3c /usr/local/arm/lib/gcc/arm-elf/4.1.0/thumb/interwork/libgcc.a(_gt_df.o)
 .debug_frame   0x00001438       0x3c /usr/local/arm/lib/gcc/arm-elf/4.1.0/thumb/interwork/libgcc.a(_ge_df.o)
 .debug_frame   0x00001474       0x3c /usr/local/arm/lib/gcc/arm-elf/4.1.0/thumb/interwork/libgcc.a(_lt_df.o)
 .debug_frame   0x000014b0       0x2c /usr/local/arm/lib/gcc/arm-elf/4.1.0/thumb/interwork/libgcc.a(_si_to_df.o)
 .debug_frame   0x000014dc       0x60 /usr/local/arm/lib/gcc/arm-elf/4.1.0/thumb/interwork/libgcc.a(_df_to_si.o)
 .debug_frame   0x0000153c       0x38 /usr/local/arm/lib/gcc/arm-elf/4.1.0/thumb/interwork/libgcc.a(_muldi3.o)
 .debug_frame   0x00001574       0x60 /usr/local/arm/lib/gcc/arm-elf/4.1.0/thumb/interwork/libgcc.a(_pack_df.o)
 .debug_frame   0x000015d4       0x30 /usr/local/arm/lib/gcc/arm-elf/4.1.0/thumb/interwork/libgcc.a(_unpack_df.o)
 .debug_frame   0x00001604       0x5c /usr/local/arm/lib/gcc/arm-elf/4.1.0/thumb/interwork/libgcc.a(_fpcmp_parts_df.o)

.debug_str      0x00000000     0x2f4b
 *(.debug_str)
 .debug_str     0x00000000      0xbd2 main.o
                                0xc5a (size before relaxing)
 .debug_str     0x00000bd2       0x23 Cstartup_SAM7.o
                                0x177 (size before relaxing)
 .debug_str     0x00000bf5      0x5d5 syscalls.o
                                0x72e (size before relaxing)
 .debug_str     0x000011ca      0x19f cdc_enumerate.o
                                0x362 (size before relaxing)
 .debug_str     0x00001369      0x187 adc.o
                                0x2d6 (size before relaxing)
 .debug_str     0x000014f0       0x8e pwm.o
                                0x29d (size before relaxing)
 .debug_str     0x0000157e       0x40 aic.o
                                 0xcb (size before relaxing)
 .debug_str     0x000015be       0x40 async.o
                                 0xda (size before relaxing)
 .debug_str     0x000015fe       0x20 delay.o
                                 0x8c (size before relaxing)
 .debug_str     0x0000161e       0x17 util_math.o
                                 0x98 (size before relaxing)
 .debug_str     0x00001635       0xa7 /usr/local/arm/lib/gcc/arm-elf/4.1.0/../../../../arm-elf/lib/thumb/interwork/libc.a(atoi.o)
                                0x4c5 (size before relaxing)
 .debug_str     0x000016dc       0xca /usr/local/arm/lib/gcc/arm-elf/4.1.0/../../../../arm-elf/lib/thumb/interwork/libc.a(memcpy.o)
                                 0xfd (size before relaxing)
 .debug_str     0x000017a6       0xbd /usr/local/arm/lib/gcc/arm-elf/4.1.0/../../../../arm-elf/lib/thumb/interwork/libc.a(sprintf.o)
                                0x500 (size before relaxing)
 .debug_str     0x00001863       0x4d /usr/local/arm/lib/gcc/arm-elf/4.1.0/../../../../arm-elf/lib/thumb/interwork/libc.a(strcmp.o)
                                0x12c (size before relaxing)
 .debug_str     0x000018b0       0x4d /usr/local/arm/lib/gcc/arm-elf/4.1.0/../../../../arm-elf/lib/thumb/interwork/libc.a(strcpy.o)
                                0x14e (size before relaxing)
 .debug_str     0x000018fd       0x60 /usr/local/arm/lib/gcc/arm-elf/4.1.0/../../../../arm-elf/lib/thumb/interwork/libc.a(strlen.o)
                                0x146 (size before relaxing)
 .debug_str     0x0000195d       0x4d /usr/local/arm/lib/gcc/arm-elf/4.1.0/../../../../arm-elf/lib/thumb/interwork/libc.a(strtok.o)
                                0x4d3 (size before relaxing)
 .debug_str     0x000019aa       0x77 /usr/local/arm/lib/gcc/arm-elf/4.1.0/../../../../arm-elf/lib/thumb/interwork/libc.a(strtok_r.o)
                                0x165 (size before relaxing)
 .debug_str     0x00001a21       0x7d /usr/local/arm/lib/gcc/arm-elf/4.1.0/../../../../arm-elf/lib/thumb/interwork/libc.a(strtol.o)
                                0x507 (size before relaxing)
 .debug_str     0x00001a9e      0x1ae /usr/local/arm/lib/gcc/arm-elf/4.1.0/../../../../arm-elf/lib/thumb/interwork/libc.a(vfprintf.o)
                                0x6d1 (size before relaxing)
 .debug_str     0x00001c4c       0x61 /usr/local/arm/lib/gcc/arm-elf/4.1.0/../../../../arm-elf/lib/thumb/interwork/libc.a(wcrtomb.o)
                                0x506 (size before relaxing)
 .debug_str     0x00001cad       0x6a /usr/local/arm/lib/gcc/arm-elf/4.1.0/../../../../arm-elf/lib/thumb/interwork/libc.a(wcsrtombs.o)
                                0x51b (size before relaxing)
 .debug_str     0x00001d17       0x6f /usr/local/arm/lib/gcc/arm-elf/4.1.0/../../../../arm-elf/lib/thumb/interwork/libc.a(wctomb_r.o)
                                0x4fb (size before relaxing)
 .debug_str     0x00001d86       0x4f /usr/local/arm/lib/gcc/arm-elf/4.1.0/../../../../arm-elf/lib/thumb/interwork/libc.a(wsetup.o)
                                0x4df (size before relaxing)
 .debug_str     0x00001dd5       0xa2 /usr/local/arm/lib/gcc/arm-elf/4.1.0/../../../../arm-elf/lib/thumb/interwork/libc.a(ctype_.o)
                                 0xd1 (size before relaxing)
 .debug_str     0x00001e77      0x10d /usr/local/arm/lib/gcc/arm-elf/4.1.0/../../../../arm-elf/lib/thumb/interwork/libc.a(dtoa.o)
                                0x5d6 (size before relaxing)
 .debug_str     0x00001f84       0x5f /usr/local/arm/lib/gcc/arm-elf/4.1.0/../../../../arm-elf/lib/thumb/interwork/libc.a(fflush.o)
                                0x4ef (size before relaxing)
 .debug_str     0x00001fe3      0x10d /usr/local/arm/lib/gcc/arm-elf/4.1.0/../../../../arm-elf/lib/thumb/interwork/libc.a(findfp.o)
                                0x5c9 (size before relaxing)
 .debug_str     0x000020f0      0x166 /usr/local/arm/lib/gcc/arm-elf/4.1.0/../../../../arm-elf/lib/thumb/interwork/libc.a(freer.o)
                                0x618 (size before relaxing)
 .debug_str     0x00002256       0x67 /usr/local/arm/lib/gcc/arm-elf/4.1.0/../../../../arm-elf/lib/thumb/interwork/libc.a(fvwrite.o)
                                0x53a (size before relaxing)
 .debug_str     0x000022bd       0x69 /usr/local/arm/lib/gcc/arm-elf/4.1.0/../../../../arm-elf/lib/thumb/interwork/libc.a(fwalk.o)
                                0x50a (size before relaxing)
 .debug_str     0x00002326       0xa6 /usr/local/arm/lib/gcc/arm-elf/4.1.0/../../../../arm-elf/lib/thumb/interwork/libc.a(impure.o)
                                0x4e3 (size before relaxing)
 .debug_str     0x000023cc      0x1ef /usr/local/arm/lib/gcc/arm-elf/4.1.0/../../../../arm-elf/lib/thumb/interwork/libc.a(locale.o)
                                0x672 (size before relaxing)
 .debug_str     0x000025bb       0x5c /usr/local/arm/lib/gcc/arm-elf/4.1.0/../../../../arm-elf/lib/thumb/interwork/libc.a(makebuf.o)
                                0x5c6 (size before relaxing)
 .debug_str     0x00002617       0xe9 /usr/local/arm/lib/gcc/arm-elf/4.1.0/../../../../arm-elf/lib/thumb/interwork/libc.a(mallocr.o)
                                0x6c6 (size before relaxing)
 .debug_str     0x00002700       0x62 /usr/local/arm/lib/gcc/arm-elf/4.1.0/../../../../arm-elf/lib/thumb/interwork/libc.a(memchr.o)
                                0x154 (size before relaxing)
 .debug_str     0x00002762       0x58 /usr/local/arm/lib/gcc/arm-elf/4.1.0/../../../../arm-elf/lib/thumb/interwork/libc.a(memmove.o)
                                0x166 (size before relaxing)
 .debug_str     0x000027ba       0x4d /usr/local/arm/lib/gcc/arm-elf/4.1.0/../../../../arm-elf/lib/thumb/interwork/libc.a(memset.o)
                                0x147 (size before relaxing)
 .debug_str     0x00002807       0x78 /usr/local/arm/lib/gcc/arm-elf/4.1.0/../../../../arm-elf/lib/thumb/interwork/libc.a(mlock.o)
                                0x4ec (size before relaxing)
 .debug_str     0x0000287f       0xde /usr/local/arm/lib/gcc/arm-elf/4.1.0/../../../../arm-elf/lib/thumb/interwork/libc.a(mprec.o)
                                0x5be (size before relaxing)
 .debug_str     0x0000295d       0x61 /usr/local/arm/lib/gcc/arm-elf/4.1.0/../../../../arm-elf/lib/thumb/interwork/libc.a(reallocr.o)
                                0x598 (size before relaxing)
 .debug_str     0x000029be       0xa9 /usr/local/arm/lib/gcc/arm-elf/4.1.0/../../../../arm-elf/lib/thumb/interwork/libc.a(s_isinf.o)
                                0x157 (size before relaxing)
 .debug_str     0x00002a67       0x4b /usr/local/arm/lib/gcc/arm-elf/4.1.0/../../../../arm-elf/lib/thumb/interwork/libc.a(s_isnan.o)
                                0x157 (size before relaxing)
 .debug_str     0x00002ab2       0x6d /usr/local/arm/lib/gcc/arm-elf/4.1.0/../../../../arm-elf/lib/thumb/interwork/libc.a(stdio.o)
                                0x512 (size before relaxing)
 .debug_str     0x00002b1f       0x19 /usr/local/arm/lib/gcc/arm-elf/4.1.0/../../../../arm-elf/lib/thumb/interwork/libc.a(callocr.o)
                                0x517 (size before relaxing)
 .debug_str     0x00002b38       0x56 /usr/local/arm/lib/gcc/arm-elf/4.1.0/../../../../arm-elf/lib/thumb/interwork/libc.a(fclose.o)
                                0x4eb (size before relaxing)
 .debug_str     0x00002b8e       0xe0 /usr/local/arm/lib/gcc/arm-elf/4.1.0/../../../../arm-elf/lib/thumb/interwork/libm.a(s_round.o)
                                0x1af (size before relaxing)
 .debug_str     0x00002c6e       0x8a /usr/local/arm/lib/gcc/arm-elf/4.1.0/thumb/interwork/libgcc.a(_fixunsdfsi.o)
                                0x127 (size before relaxing)
 .debug_str     0x00002cf8      0x126 /usr/local/arm/lib/gcc/arm-elf/4.1.0/thumb/interwork/libgcc.a(_addsub_df.o)
                                0x220 (size before relaxing)
 .debug_str     0x00002e1e       0x45 /usr/local/arm/lib/gcc/arm-elf/4.1.0/thumb/interwork/libgcc.a(_mul_df.o)
                                0x1f8 (size before relaxing)
 .debug_str     0x00002e63       0x35 /usr/local/arm/lib/gcc/arm-elf/4.1.0/thumb/interwork/libgcc.a(_div_df.o)
                                0x1e8 (size before relaxing)
 .debug_str     0x00002e98        0x8 /usr/local/arm/lib/gcc/arm-elf/4.1.0/thumb/interwork/libgcc.a(_eq_df.o)
                                0x1b5 (size before relaxing)
 .debug_str     0x00002ea0        0x8 /usr/local/arm/lib/gcc/arm-elf/4.1.0/thumb/interwork/libgcc.a(_ne_df.o)
                                0x1b5 (size before relaxing)
 .debug_str     0x00002ea8        0x8 /usr/local/arm/lib/gcc/arm-elf/4.1.0/thumb/interwork/libgcc.a(_gt_df.o)
                                0x1b5 (size before relaxing)
 .debug_str     0x00002eb0        0x8 /usr/local/arm/lib/gcc/arm-elf/4.1.0/thumb/interwork/libgcc.a(_ge_df.o)
                                0x1b5 (size before relaxing)
 .debug_str     0x00002eb8        0x8 /usr/local/arm/lib/gcc/arm-elf/4.1.0/thumb/interwork/libgcc.a(_lt_df.o)
                                0x1b5 (size before relaxing)
 .debug_str     0x00002ec0        0xc /usr/local/arm/lib/gcc/arm-elf/4.1.0/thumb/interwork/libgcc.a(_si_to_df.o)
                                0x183 (size before relaxing)
 .debug_str     0x00002ecc        0xa /usr/local/arm/lib/gcc/arm-elf/4.1.0/thumb/interwork/libgcc.a(_df_to_si.o)
                                0x1be (size before relaxing)
 .debug_str     0x00002ed6        0x0 /usr/local/arm/lib/gcc/arm-elf/4.1.0/thumb/interwork/libgcc.a(_thenan_df.o)
                                0x15a (size before relaxing)
 .debug_str     0x00002ed6       0x42 /usr/local/arm/lib/gcc/arm-elf/4.1.0/thumb/interwork/libgcc.a(_muldi3.o)
                                0x168 (size before relaxing)
 .debug_str     0x00002f18       0x10 /usr/local/arm/lib/gcc/arm-elf/4.1.0/thumb/interwork/libgcc.a(_pack_df.o)
                                0x1bd (size before relaxing)
 .debug_str     0x00002f28       0x13 /usr/local/arm/lib/gcc/arm-elf/4.1.0/thumb/interwork/libgcc.a(_unpack_df.o)
                                0x1a7 (size before relaxing)
 .debug_str     0x00002f3b       0x10 /usr/local/arm/lib/gcc/arm-elf/4.1.0/thumb/interwork/libgcc.a(_fpcmp_parts_df.o)
                                0x17d (size before relaxing)

.debug_loc      0x00000000     0xb167
 *(.debug_loc)
 .debug_loc     0x00000000      0x832 main.o
 .debug_loc     0x00000832      0x1b6 syscalls.o
 .debug_loc     0x000009e8      0x4e0 cdc_enumerate.o
 .debug_loc     0x00000ec8      0x1f8 pwm.o
 .debug_loc     0x000010c0       0x32 aic.o
 .debug_loc     0x000010f2       0x13 async.o
 .debug_loc     0x00001105       0x3d delay.o
 .debug_loc     0x00001142       0x44 util_math.o
 .debug_loc     0x00001186       0x77 /usr/local/arm/lib/gcc/arm-elf/4.1.0/../../../../arm-elf/lib/thumb/interwork/libc.a(atoi.o)
 .debug_loc     0x000011fd      0x151 /usr/local/arm/lib/gcc/arm-elf/4.1.0/../../../../arm-elf/lib/thumb/interwork/libc.a(memcpy.o)
 .debug_loc     0x0000134e       0xa9 /usr/local/arm/lib/gcc/arm-elf/4.1.0/../../../../arm-elf/lib/thumb/interwork/libc.a(sprintf.o)
 .debug_loc     0x000013f7       0xb8 /usr/local/arm/lib/gcc/arm-elf/4.1.0/../../../../arm-elf/lib/thumb/interwork/libc.a(strcmp.o)
 .debug_loc     0x000014af       0xd3 /usr/local/arm/lib/gcc/arm-elf/4.1.0/../../../../arm-elf/lib/thumb/interwork/libc.a(strcpy.o)
 .debug_loc     0x00001582       0x5b /usr/local/arm/lib/gcc/arm-elf/4.1.0/../../../../arm-elf/lib/thumb/interwork/libc.a(strlen.o)
 .debug_loc     0x000015dd       0x45 /usr/local/arm/lib/gcc/arm-elf/4.1.0/../../../../arm-elf/lib/thumb/interwork/libc.a(strtok.o)
 .debug_loc     0x00001622      0x1a4 /usr/local/arm/lib/gcc/arm-elf/4.1.0/../../../../arm-elf/lib/thumb/interwork/libc.a(strtok_r.o)
 .debug_loc     0x000017c6      0x31d /usr/local/arm/lib/gcc/arm-elf/4.1.0/../../../../arm-elf/lib/thumb/interwork/libc.a(strtol.o)
 .debug_loc     0x00001ae3     0x1d2e /usr/local/arm/lib/gcc/arm-elf/4.1.0/../../../../arm-elf/lib/thumb/interwork/libc.a(vfprintf.o)
 .debug_loc     0x00003811      0x15b /usr/local/arm/lib/gcc/arm-elf/4.1.0/../../../../arm-elf/lib/thumb/interwork/libc.a(wcrtomb.o)