Archive member included because of file (symbol)

/usr/local/arm/lib/gcc/arm-elf/4.1.0/../../../../arm-elf/lib/thumb/interwork/libc.a(memcpy.o)
                              main.o (memcpy)
/usr/local/arm/lib/gcc/arm-elf/4.1.0/../../../../arm-elf/lib/thumb/interwork/libc.a(sprintf.o)
                              main.o (sprintf)
/usr/local/arm/lib/gcc/arm-elf/4.1.0/../../../../arm-elf/lib/thumb/interwork/libc.a(strcmp.o)
                              main.o (strcmp)
/usr/local/arm/lib/gcc/arm-elf/4.1.0/../../../../arm-elf/lib/thumb/interwork/libc.a(strcpy.o)
                              main.o (strcpy)
/usr/local/arm/lib/gcc/arm-elf/4.1.0/../../../../arm-elf/lib/thumb/interwork/libc.a(strlen.o)
                              main.o (strlen)
/usr/local/arm/lib/gcc/arm-elf/4.1.0/../../../../arm-elf/lib/thumb/interwork/libc.a(strtok.o)
                              main.o (strtok)
/usr/local/arm/lib/gcc/arm-elf/4.1.0/../../../../arm-elf/lib/thumb/interwork/libc.a(strtok_r.o)
                              /usr/local/arm/lib/gcc/arm-elf/4.1.0/../../../../arm-elf/lib/thumb/interwork/libc.a(strtok.o) (__strtok_r)
/usr/local/arm/lib/gcc/arm-elf/4.1.0/../../../../arm-elf/lib/thumb/interwork/libc.a(vfprintf.o)
                              /usr/local/arm/lib/gcc/arm-elf/4.1.0/../../../../arm-elf/lib/thumb/interwork/libc.a(sprintf.o) (_vfprintf_r)
/usr/local/arm/lib/gcc/arm-elf/4.1.0/../../../../arm-elf/lib/thumb/interwork/libc.a(wcrtomb.o)
                              /usr/local/arm/lib/gcc/arm-elf/4.1.0/../../../../arm-elf/lib/thumb/interwork/libc.a(vfprintf.o) (_wcrtomb_r)
/usr/local/arm/lib/gcc/arm-elf/4.1.0/../../../../arm-elf/lib/thumb/interwork/libc.a(wcsrtombs.o)
                              /usr/local/arm/lib/gcc/arm-elf/4.1.0/../../../../arm-elf/lib/thumb/interwork/libc.a(vfprintf.o) (_wcsrtombs_r)
/usr/local/arm/lib/gcc/arm-elf/4.1.0/../../../../arm-elf/lib/thumb/interwork/libc.a(wctomb_r.o)
                              /usr/local/arm/lib/gcc/arm-elf/4.1.0/../../../../arm-elf/lib/thumb/interwork/libc.a(wcrtomb.o) (_wctomb_r)
/usr/local/arm/lib/gcc/arm-elf/4.1.0/../../../../arm-elf/lib/thumb/interwork/libc.a(wsetup.o)
                              /usr/local/arm/lib/gcc/arm-elf/4.1.0/../../../../arm-elf/lib/thumb/interwork/libc.a(vfprintf.o) (__swsetup)
/usr/local/arm/lib/gcc/arm-elf/4.1.0/../../../../arm-elf/lib/thumb/interwork/libc.a(dtoa.o)
                              /usr/local/arm/lib/gcc/arm-elf/4.1.0/../../../../arm-elf/lib/thumb/interwork/libc.a(vfprintf.o) (_dtoa_r)
/usr/local/arm/lib/gcc/arm-elf/4.1.0/../../../../arm-elf/lib/thumb/interwork/libc.a(fflush.o)
                              /usr/local/arm/lib/gcc/arm-elf/4.1.0/../../../../arm-elf/lib/thumb/interwork/libc.a(vfprintf.o) (fflush)
/usr/local/arm/lib/gcc/arm-elf/4.1.0/../../../../arm-elf/lib/thumb/interwork/libc.a(findfp.o)
                              /usr/local/arm/lib/gcc/arm-elf/4.1.0/../../../../arm-elf/lib/thumb/interwork/libc.a(vfprintf.o) (__sinit)
/usr/local/arm/lib/gcc/arm-elf/4.1.0/../../../../arm-elf/lib/thumb/interwork/libc.a(freer.o)
                              /usr/local/arm/lib/gcc/arm-elf/4.1.0/../../../../arm-elf/lib/thumb/interwork/libc.a(vfprintf.o) (_free_r)
/usr/local/arm/lib/gcc/arm-elf/4.1.0/../../../../arm-elf/lib/thumb/interwork/libc.a(fvwrite.o)
                              /usr/local/arm/lib/gcc/arm-elf/4.1.0/../../../../arm-elf/lib/thumb/interwork/libc.a(vfprintf.o) (__sfvwrite)
/usr/local/arm/lib/gcc/arm-elf/4.1.0/../../../../arm-elf/lib/thumb/interwork/libc.a(fwalk.o)
                              /usr/local/arm/lib/gcc/arm-elf/4.1.0/../../../../arm-elf/lib/thumb/interwork/libc.a(fflush.o) (_fwalk)
/usr/local/arm/lib/gcc/arm-elf/4.1.0/../../../../arm-elf/lib/thumb/interwork/libc.a(impure.o)
                              /usr/local/arm/lib/gcc/arm-elf/4.1.0/../../../../arm-elf/lib/thumb/interwork/libc.a(sprintf.o) (_impure_ptr)
/usr/local/arm/lib/gcc/arm-elf/4.1.0/../../../../arm-elf/lib/thumb/interwork/libc.a(locale.o)
                              /usr/local/arm/lib/gcc/arm-elf/4.1.0/../../../../arm-elf/lib/thumb/interwork/libc.a(vfprintf.o) (localeconv)
/usr/local/arm/lib/gcc/arm-elf/4.1.0/../../../../arm-elf/lib/thumb/interwork/libc.a(makebuf.o)
                              /usr/local/arm/lib/gcc/arm-elf/4.1.0/../../../../arm-elf/lib/thumb/interwork/libc.a(wsetup.o) (__smakebuf)
/usr/local/arm/lib/gcc/arm-elf/4.1.0/../../../../arm-elf/lib/thumb/interwork/libc.a(mallocr.o)
                              /usr/local/arm/lib/gcc/arm-elf/4.1.0/../../../../arm-elf/lib/thumb/interwork/libc.a(vfprintf.o) (_malloc_r)
/usr/local/arm/lib/gcc/arm-elf/4.1.0/../../../../arm-elf/lib/thumb/interwork/libc.a(memchr.o)
                              /usr/local/arm/lib/gcc/arm-elf/4.1.0/../../../../arm-elf/lib/thumb/interwork/libc.a(vfprintf.o) (memchr)
/usr/local/arm/lib/gcc/arm-elf/4.1.0/../../../../arm-elf/lib/thumb/interwork/libc.a(memmove.o)
[...]
Memory Configuration

Name             Origin             Length             Attributes
CODE             0x00100000         0x00010000         xr
DATA             0x00200000         0x00004000         rw
STACK            0x00204000         0x00000000         rw
*default*        0x00000000         0xffffffff

Linker script and memory map

LOAD Cstartup.o
LOAD main.o
LOAD Cstartup_SAM7.o
LOAD syscalls.o
LOAD cdc_enumerate.o
LOAD adc.o
LOAD pwm.o
LOAD aic.o
LOAD async.o
LOAD delay.o
LOAD math.o
LOAD /usr/local/arm/lib/gcc/arm-elf/4.1.0/../../../../arm-elf/lib/thumb/interwork/libc.a
LOAD /usr/local/arm/lib/gcc/arm-elf/4.1.0/../../../../arm-elf/lib/thumb/interwork/libm.a
LOAD /usr/local/arm/lib/gcc/arm-elf/4.1.0/../../../../arm-elf/lib/thumb/interwork/libc.a
LOAD /usr/local/arm/lib/gcc/arm-elf/4.1.0/thumb/interwork/libgcc.a
START GROUP
LOAD /usr/local/arm/lib/gcc/arm-elf/4.1.0/thumb/interwork/libgcc.a
LOAD /usr/local/arm/lib/gcc/arm-elf/4.1.0/../../../../arm-elf/lib/thumb/interwork/libg.a
LOAD /usr/local/arm/lib/gcc/arm-elf/4.1.0/../../../../arm-elf/lib/thumb/interwork/libc.a
END GROUP
                0x00000000                . = 0x0

.text           0x00100000     0x75b0
 *Cstartup.o(.text)
 .text          0x00100000      0x13c Cstartup.o
                0x001000bc                IRQ_Handler_Entry
                0x0010010c                AT91F_Default_FIQ_handler
                0x00100000                _startup
                0x00100110                AT91F_Default_IRQ_handler
                0x00100114                AT91F_Spurious_handler
                0x001000b8                exit
 *(.text)
 .text          0x0010013c      0x508 main.o
                0x0010017c                FIQHandler
                0x001001e8                AT91FUSBOpen
                0x00100180                getCDCMEssage
                0x001003c0                main
                0x00100174                IRQ0Handler
                0x00100178                IRQ1Handler
 .text          0x00100644       0xdc Cstartup_SAM7.o
                0x00100644                AT91F_LowLevelInit
 .text          0x00100720      0x124 syscalls.o
                0x001007f8                _lseek_r
                0x00100800                _fstat_r
                0x00100810                isatty
                0x00100818                _sbrk_r
                0x00100744                _read_r
                0x001007f0                _close_r
                0x001007ac                _write_r
 .text          0x00100844      0x724 cdc_enumerate.o
                0x00100944                AT91F_USB_SendZlp
                0x00100978                AT91F_USB_SendStall
                0x00100844                AT91F_CDC_Open
 .text          0x00100f68      0x13c adc.o
                0x0010107c                getValueChannel6
                0x00100fdc                getValueChannel1
                0x00100f68                InitADC
                0x00101054                getValueChannel5
                0x00100fb4                getValueChannel0
                0x00101004                getValueChannel2
                0x0010102c                getValueChannel4
 .text          0x001010a4      0x12c pwm.o
                0x0010115c                pwmDutySet_u8
                0x001010a4                pwmFreqSet
                0x00101190                pwmDutySetPercent
 .text          0x001011d0       0x58 aic.o
                0x00101214                AIC_DisableIT
                0x00101200                AIC_EnableIT
                0x001011d0                AIC_ConfigureIT
 .text          0x00101228       0x10 async.o
                0x00101228                ASYNC_IsFinished
 .text          0x00101238       0x7c delay.o
                0x00101238                delay_us
                0x0010127c                delay_ms
 .text          0x001012b4       0x38 math.o
                0x001012cc                power
                0x001012c0                absv
                0x001012b4                min
 .text          0x001012ec       0x64 /usr/local/arm/lib/gcc/arm-elf/4.1.0/../../../../arm-elf/lib/thumb/interwork/libc.a(memcpy.o)
                0x001012ec                memcpy
 .text          0x00101350       0x84 /usr/local/arm/lib/gcc/arm-elf/4.1.0/../../../../arm-elf/lib/thumb/interwork/libc.a(sprintf.o)
                0x00101394                _sprintf_r
                0x00101350                sprintf
 .text          0x001013d4       0x68 /usr/local/arm/lib/gcc/arm-elf/4.1.0/../../../../arm-elf/lib/thumb/interwork/libc.a(strcmp.o)
                0x001013d4                strcmp
 .text          0x0010143c       0x50 /usr/local/arm/lib/gcc/arm-elf/4.1.0/../../../../arm-elf/lib/thumb/interwork/libc.a(strcpy.o)
                0x0010143c                strcpy
 .text          0x0010148c       0x50 /usr/local/arm/lib/gcc/arm-elf/4.1.0/../../../../arm-elf/lib/thumb/interwork/libc.a(strlen.o)
                0x0010148c                strlen
 .text          0x001014dc       0x18 /usr/local/arm/lib/gcc/arm-elf/4.1.0/../../../../arm-elf/lib/thumb/interwork/libc.a(strtok.o)
                0x001014dc                strtok
 .text          0x001014f4       0x7c /usr/local/arm/lib/gcc/arm-elf/4.1.0/../../../../arm-elf/lib/thumb/interwork/libc.a(strtok_r.o)
                0x00101564                strtok_r
                0x001014f4                __strtok_r
 .text          0x00101570     0x1a60 /usr/local/arm/lib/gcc/arm-elf/4.1.0/../../../../arm-elf/lib/thumb/interwork/libc.a(vfprintf.o)
                0x00101590                _vfprintf_r
                0x00102fb0                vfprintf
 .text          0x00102fd0       0x54 /usr/local/arm/lib/gcc/arm-elf/4.1.0/../../../../arm-elf/lib/thumb/interwork/libc.a(wcrtomb.o)
                0x00102fd0                _wcrtomb_r
                0x00103004                wcrtomb
 .text          0x00103024      0x10c /usr/local/arm/lib/gcc/arm-elf/4.1.0/../../../../arm-elf/lib/thumb/interwork/libc.a(wcsrtombs.o)
                0x00103024                _wcsrtombs_r
                0x00103108                wcsrtombs
 .text          0x00103130      0x2b8 /usr/local/arm/lib/gcc/arm-elf/4.1.0/../../../../arm-elf/lib/thumb/interwork/libc.a(wctomb_r.o)
                0x00103130                _wctomb_r
 .text          0x001033e8       0xa0 /usr/local/arm/lib/gcc/arm-elf/4.1.0/../../../../arm-elf/lib/thumb/interwork/libc.a(wsetup.o)
                0x001033e8                __swsetup
 .text          0x00103488      0xf28 /usr/local/arm/lib/gcc/arm-elf/4.1.0/../../../../arm-elf/lib/thumb/interwork/libc.a(dtoa.o)
                0x001035d8                _dtoa_r
 .text          0x001043b0       0x90 /usr/local/arm/lib/gcc/arm-elf/4.1.0/../../../../arm-elf/lib/thumb/interwork/libc.a(fflush.o)
                0x001043b0                fflush
 .text          0x00104440      0x1c4 /usr/local/arm/lib/gcc/arm-elf/4.1.0/../../../../arm-elf/lib/thumb/interwork/libc.a(findfp.o)
                0x00104488                __sinit
                0x00104540                __sfmoreglue
                0x0010452c                _cleanup
                0x0010451c                _cleanup_r
                0x00104504                __fp_lock_all
                0x00104478                __sfp_lock_acquire
                0x00104578                __sfp
                0x00104484                __sinit_lock_release
                0x001044ec                __fp_unlock_all
                0x0010447c                __sfp_lock_release
                0x00104480                __sinit_lock_acquire
 .text          0x00104604      0x268 /usr/local/arm/lib/gcc/arm-elf/4.1.0/../../../../arm-elf/lib/thumb/interwork/libc.a(freer.o)
                0x001046a4                _free_r
                0x00104604                _malloc_trim_r
 .text          0x0010486c      0x298 /usr/local/arm/lib/gcc/arm-elf/4.1.0/../../../../arm-elf/lib/thumb/interwork/libc.a(fvwrite.o)
                0x0010486c                __sfvwrite
 .text          0x00104b04       0xf0 /usr/local/arm/lib/gcc/arm-elf/4.1.0/../../../../arm-elf/lib/thumb/interwork/libc.a(fwalk.o)
                0x00104b7c                _fwalk
                0x00104b04                _fwalk_reent
 .text          0x00104bf4       0x88 /usr/local/arm/lib/gcc/arm-elf/4.1.0/../../../../arm-elf/lib/thumb/interwork/libc.a(locale.o)
                0x00104c1c                _setlocale_r
                0x00104bf4                __locale_charset
                0x00104c00                _localeconv_r
                0x00104c60                setlocale
                0x00104c08                localeconv
 .text          0x00104c7c       0xdc /usr/local/arm/lib/gcc/arm-elf/4.1.0/../../../../arm-elf/lib/thumb/interwork/libc.a(makebuf.o)
                0x00104c7c                __smakebuf
 .text          0x00104d58      0x538 /usr/local/arm/lib/gcc/arm-elf/4.1.0/../../../../arm-elf/lib/thumb/interwork/libc.a(mallocr.o)
                0x00104d58                _malloc_r
 .text          0x00105290       0xbc /usr/local/arm/lib/gcc/arm-elf/4.1.0/../../../../arm-elf/lib/thumb/interwork/libc.a(memchr.o)
                0x00105290                memchr
 .text          0x0010534c       0x8c /usr/local/arm/lib/gcc/arm-elf/4.1.0/../../../../arm-elf/lib/thumb/interwork/libc.a(memmove.o)
                0x0010534c                memmove
 .text          0x001053d8       0x64 /usr/local/arm/lib/gcc/arm-elf/4.1.0/../../../../arm-elf/lib/thumb/interwork/libc.a(memset.o)
                0x001053d8                memset
 .text          0x0010543c        0x8 /usr/local/arm/lib/gcc/arm-elf/4.1.0/../../../../arm-elf/lib/thumb/interwork/libc.a(mlock.o)
                0x00105440                __malloc_unlock
                0x0010543c                __malloc_lock
 .text          0x00105444      0x8c0 /usr/local/arm/lib/gcc/arm-elf/4.1.0/../../../../arm-elf/lib/thumb/interwork/libc.a(mprec.o)
                0x001056bc                _mprec_log10
                0x0010545c                _hi0bits
                0x001056fc                _Balloc
                0x00105758                _d2b
                0x001059d4                _multiply
                0x00105668                _ratio
                0x00105c74                _s2b
                0x00105b24                _i2b
                0x001054a4                _lo0bits
                0x00105510                __mcmp
                0x00105bd8                _pow5mult
                0x00105550                _ulp
                0x001055a0                _b2d
                0x00105b3c                _multadd
                0x00105840                __mdiff
                0x00105928                _lshift
                0x00105444                _Bfree
 .text          0x00105d04      0x3d8 /usr/local/arm/lib/gcc/arm-elf/4.1.0/../../../../arm-elf/lib/thumb/interwork/libc.a(reallocr.o)
                0x00105d04                _realloc_r
 .text          0x001060dc       0x24 /usr/local/arm/lib/gcc/arm-elf/4.1.0/../../../../arm-elf/lib/thumb/interwork/libc.a(s_isinf.o)
                0x001060dc                isinf
 .text          0x00106100       0x1c /usr/local/arm/lib/gcc/arm-elf/4.1.0/../../../../arm-elf/lib/thumb/interwork/libc.a(s_isnan.o)
                0x00106100                isnan
 .text          0x0010611c       0xd8 /usr/local/arm/lib/gcc/arm-elf/4.1.0/../../../../arm-elf/lib/thumb/interwork/libc.a(stdio.o)
                0x00106134                __sseek
                0x001061bc                __sread
                0x0010611c                __sclose
                0x00106174                __swrite
 .text          0x001061f4       0x60 /usr/local/arm/lib/gcc/arm-elf/4.1.0/../../../../arm-elf/lib/thumb/interwork/libc.a(callocr.o)
                0x001061f4                _calloc_r
 .text          0x00106254       0xbc /usr/local/arm/lib/gcc/arm-elf/4.1.0/../../../../arm-elf/lib/thumb/interwork/libc.a(fclose.o)
                0x00106254                _fclose_r
                0x001062f8                fclose
 .text          0x00106310       0x8c /usr/local/arm/lib/gcc/arm-elf/4.1.0/thumb/interwork/libgcc.a(_udivsi3.o)
                0x00106310                __udivsi3
                0x00106310                __aeabi_uidiv
                0x0010638c                __aeabi_uidivmod
 .text          0x0010639c       0xa4 /usr/local/arm/lib/gcc/arm-elf/4.1.0/thumb/interwork/libgcc.a(_divsi3.o)
                0x0010639c                __aeabi_idiv
                0x0010639c                __divsi3
                0x00106430                __aeabi_idivmod
 .text          0x00106440       0xc8 /usr/local/arm/lib/gcc/arm-elf/4.1.0/thumb/interwork/libgcc.a(_umodsi3.o)
                0x00106440                __umodsi3
 .text          0x00106508       0xd8 /usr/local/arm/lib/gcc/arm-elf/4.1.0/thumb/interwork/libgcc.a(_modsi3.o)
                0x00106508                __modsi3
 .text          0x001065e0        0x4 /usr/local/arm/lib/gcc/arm-elf/4.1.0/thumb/interwork/libgcc.a(_dvmd_tls.o)
                0x001065e0                __aeabi_ldiv0
                0x001065e0                __div0
                0x001065e0                __aeabi_idiv0
 .text          0x001065e4      0x328 /usr/local/arm/lib/gcc/arm-elf/4.1.0/thumb/interwork/libgcc.a(_addsub_df.o)
                0x001068d4                __adddf3
                0x00106894                __subdf3
 .text          0x0010690c      0x2ac /usr/local/arm/lib/gcc/arm-elf/4.1.0/thumb/interwork/libgcc.a(_mul_df.o)
                0x00106944                __muldf3
 .text          0x00106bb8      0x1ac /usr/local/arm/lib/gcc/arm-elf/4.1.0/thumb/interwork/libgcc.a(_div_df.o)
                0x00106bf0                __divdf3
 .text          0x00106d64       0x58 /usr/local/arm/lib/gcc/arm-elf/4.1.0/thumb/interwork/libgcc.a(_eq_df.o)
                0x00106d74                __eqdf2
 .text          0x00106dbc       0x58 /usr/local/arm/lib/gcc/arm-elf/4.1.0/thumb/interwork/libgcc.a(_ne_df.o)
                0x00106dcc                __nedf2
 .text          0x00106e14       0x58 /usr/local/arm/lib/gcc/arm-elf/4.1.0/thumb/interwork/libgcc.a(_gt_df.o)
                0x00106e24                __gtdf2
 .text          0x00106e6c       0x58 /usr/local/arm/lib/gcc/arm-elf/4.1.0/thumb/interwork/libgcc.a(_ge_df.o)
                0x00106e7c                __gedf2
 .text          0x00106ec4       0x58 /usr/local/arm/lib/gcc/arm-elf/4.1.0/thumb/interwork/libgcc.a(_lt_df.o)
                0x00106ed4                __ltdf2
 .text          0x00106f1c       0x8c /usr/local/arm/lib/gcc/arm-elf/4.1.0/thumb/interwork/libgcc.a(_si_to_df.o)
                0x00106f1c                __floatsidf
 .text          0x00106fa8       0xb4 /usr/local/arm/lib/gcc/arm-elf/4.1.0/thumb/interwork/libgcc.a(_df_to_si.o)
                0x00106fd8                __fixdfsi
 .text          0x0010705c       0x84 /usr/local/arm/lib/gcc/arm-elf/4.1.0/thumb/interwork/libgcc.a(_muldi3.o)
                0x0010705c                __muldi3
 .text          0x001070e0      0x290 /usr/local/arm/lib/gcc/arm-elf/4.1.0/thumb/interwork/libgcc.a(_pack_df.o)
                0x00107110                __pack_d
 .text          0x00107370       0xc4 /usr/local/arm/lib/gcc/arm-elf/4.1.0/thumb/interwork/libgcc.a(_unpack_df.o)
                0x00107370                __unpack_d
 .text          0x00107434       0xf0 /usr/local/arm/lib/gcc/arm-elf/4.1.0/thumb/interwork/libgcc.a(_fpcmp_parts_df.o)
                0x00107464                __fpcmp_parts_d
 *(.glue_7t)
 .glue_7t       0x00107524       0x38 /usr/local/arm/lib/gcc/arm-elf/4.1.0/thumb/interwork/libgcc.a(_fpcmp_parts_df.o)
                0x00107528                ___sbrk_r_change_to_arm
                0x00107554                ___read_r_from_thumb
                0x0010752c                ___fstat_r_from_thumb
                0x00107538                __isatty_change_to_arm
                0x00107540                ___close_r_change_to_arm
                0x00107558                ___read_r_change_to_arm
                0x00107530                ___fstat_r_change_to_arm
                0x00107548                ___lseek_r_change_to_arm
                0x00107550                ___write_r_change_to_arm
                0x00107544                ___lseek_r_from_thumb
                0x0010753c                ___close_r_from_thumb
                0x00107524                ___sbrk_r_from_thumb
                0x0010754c                ___write_r_from_thumb
                0x00107534                __isatty_from_thumb
 *(.glue_7)
 .glue_7        0x0010755c       0x54 /usr/local/arm/lib/gcc/arm-elf/4.1.0/thumb/interwork/libgcc.a(_fpcmp_parts_df.o)
                0x00107580                __strtok_from_arm
                0x00107598                __strcpy_from_arm
                0x00107574                __strlen_from_arm
                0x001075a4                ____udivsi3_from_arm
                0x00107568                __sprintf_from_arm
                0x0010758c                __strcmp_from_arm
                0x0010755c                __memcpy_from_arm
                0x001075b0                . = ALIGN (0x4)

.rodata         0x001075b0      0x364
 *(.rodata)
 .rodata        0x001075b0       0x55 cdc_enumerate.o
                0x001075c2                cfgDescriptor
                0x001075b0                devDescriptor
 *fill*         0x00107605        0x3 00
 .rodata        0x00107608      0x184 /usr/local/arm/lib/gcc/arm-elf/4.1.0/../../../../arm-elf/lib/thumb/interwork/libc.a(vfprintf.o)
 .rodata        0x0010778c       0x18 /usr/local/arm/lib/gcc/arm-elf/4.1.0/../../../../arm-elf/lib/thumb/interwork/libc.a(dtoa.o)
 .rodata        0x001077a4        0x4 /usr/local/arm/lib/gcc/arm-elf/4.1.0/../../../../arm-elf/lib/thumb/interwork/libc.a(impure.o)
                0x001077a4                _global_impure_ptr
 .rodata        0x001077a8       0x34 /usr/local/arm/lib/gcc/arm-elf/4.1.0/../../../../arm-elf/lib/thumb/interwork/libc.a(locale.o)
 .rodata        0x001077dc      0x124 /usr/local/arm/lib/gcc/arm-elf/4.1.0/../../../../arm-elf/lib/thumb/interwork/libc.a(mprec.o)
                0x001078cc                __mprec_tinytens
                0x001077dc                __mprec_tens
                0x001078a4                __mprec_bigtens
 .rodata        0x00107900       0x14 /usr/local/arm/lib/gcc/arm-elf/4.1.0/thumb/interwork/libgcc.a(_thenan_df.o)
                0x00107900                __thenan_df

.rodata.str1.4  0x00107914       0xdf
 .rodata.str1.4
                0x00107914       0x39 main.o
                                 0x3c (size before relaxing)
 *fill*         0x0010794d        0x3 00
 .rodata.str1.4
                0x00107950       0x63 /usr/local/arm/lib/gcc/arm-elf/4.1.0/../../../../arm-elf/lib/thumb/interwork/libc.a(vfprintf.o)
                                 0x64 (size before relaxing)
 *fill*         0x001079b3        0x1 00
 .rodata.str1.4
                0x001079b4       0x1e /usr/local/arm/lib/gcc/arm-elf/4.1.0/../../../../arm-elf/lib/thumb/interwork/libc.a(wctomb_r.o)
                                 0x20 (size before relaxing)
 *fill*         0x001079d2        0x2 00
 .rodata.str1.4
                0x001079d4       0x10 /usr/local/arm/lib/gcc/arm-elf/4.1.0/../../../../arm-elf/lib/thumb/interwork/libc.a(dtoa.o)
                                 0x14 (size before relaxing)
 .rodata.str1.4
                0x001079e4        0x2 /usr/local/arm/lib/gcc/arm-elf/4.1.0/../../../../arm-elf/lib/thumb/interwork/libc.a(impure.o)
                                  0x4 (size before relaxing)
 *fill*         0x001079e6        0x2 00
 .rodata.str1.4
                0x001079e8        0xb /usr/local/arm/lib/gcc/arm-elf/4.1.0/../../../../arm-elf/lib/thumb/interwork/libc.a(locale.o)
                                 0x18 (size before relaxing)
                0x001079f4                . = ALIGN (0x4)
                0x001079f4                _etext = .
                0x001079f4                PROVIDE (etext, .)

.data           0x00200000      0x834 load address 0x001079f4
                0x00200000                _data = .
 *(.data)
 .data          0x00200000        0x8 cdc_enumerate.o
                0x00200000                line
 .data          0x00200008        0x8 adc.o
                0x0020000c                a_pPMC
                0x00200008                a_pADC
 .data          0x00200010      0x404 /usr/local/arm/lib/gcc/arm-elf/4.1.0/../../../../arm-elf/lib/thumb/interwork/libc.a(impure.o)
                0x00200010                _impure_ptr
 .data          0x00200414       0x10 /usr/local/arm/lib/gcc/arm-elf/4.1.0/../../../../arm-elf/lib/thumb/interwork/libc.a(locale.o)
                0x00200414                __mb_cur_max
                0x00200418                __lc_ctype
 .data          0x00200424      0x410 /usr/local/arm/lib/gcc/arm-elf/4.1.0/../../../../arm-elf/lib/thumb/interwork/libc.a(mallocr.o)
                0x00200830                __malloc_sbrk_base
                0x00200424                __malloc_av_
                0x0020082c                __malloc_trim_threshold
                0x00200834                . = ALIGN (0x4)
                0x00200834                _edata = .
                0x00200834                PROVIDE (edata, .)

.bss            0x00200834     0x11f0
                0x00200834                __bss_start = .
                0x00200834                __bss_start__ = .
 *(.bss)
 .bss           0x00200834        0x4 syscalls.o
 .bss           0x00200838        0x1 cdc_enumerate.o
                0x00200838                csrIdx
 *fill*         0x00200839        0x3 00
 .bss           0x0020083c        0xc /usr/local/arm/lib/gcc/arm-elf/4.1.0/../../../../arm-elf/lib/thumb/interwork/libc.a(locale.o)
                0x0020083c                __nlocale_changed
                0x00200840                __mlocale_changed
                0x00200844                _PathLocale
 .bss           0x00200848       0x34 /usr/local/arm/lib/gcc/arm-elf/4.1.0/../../../../arm-elf/lib/thumb/interwork/libc.a(mallocr.o)
                0x00200848                __malloc_top_pad
                0x0020084c                __malloc_max_sbrked_mem
                0x00200854                __malloc_current_mallinfo
                0x00200850                __malloc_max_total_mem
 *(COMMON)
 COMMON         0x0020087c     0x1018 main.o
                0x0020087c                msg
                0x0020107c                pCDC
                0x00201094                cmd
 COMMON         0x00201894      0x190 cdc_enumerate.o
                0x00201894                csrTab
                0x00201a24                . = ALIGN (0x4)
                0x00201a24                __bss_end__ = .
                0x00201a24                __bss_end__ = .
                0x00201a24                _end = .
                0x00201a24                PROVIDE (end, .)

.int_data       0x00204000        0x0
 *(.internal_ram_top)

.stab
 *(.stab)

.stabstr
 *(.stabstr)

.stab.excl
 *(.stab.excl)

.stab.exclstr
 *(.stab.exclstr)

.stab.index
 *(.stab.index)

.stab.indexstr
 *(.stab.indexstr)

.comment        0x00000000      0x414
 *(.comment)
 .comment       0x00000000       0x12 main.o
 .comment       0x00000012       0x12 Cstartup_SAM7.o
 .comment       0x00000024       0x12 syscalls.o
 .comment       0x00000036       0x12 cdc_enumerate.o
 .comment       0x00000048       0x12 adc.o
 .comment       0x0000005a       0x12 pwm.o
 .comment       0x0000006c       0x12 aic.o
 .comment       0x0000007e       0x12 async.o
 .comment       0x00000090       0x12 delay.o
 .comment       0x000000a2       0x12 math.o
 .comment       0x000000b4       0x12 /usr/local/arm/lib/gcc/arm-elf/4.1.0/../../../../arm-elf/lib/thumb/interwork/libc.a(memcpy.o)
 .comment       0x000000c6       0x12 /usr/local/arm/lib/gcc/arm-elf/4.1.0/../../../../arm-elf/lib/thumb/interwork/libc.a(sprintf.o)
 .comment       0x000000d8       0x12 /usr/local/arm/lib/gcc/arm-elf/4.1.0/../../../../arm-elf/lib/thumb/interwork/libc.a(strcmp.o)
 .comment       0x000000ea       0x12 /usr/local/arm/lib/gcc/arm-elf/4.1.0/../../../../arm-elf/lib/thumb/interwork/libc.a(strcpy.o)
 .comment       0x000000fc       0x12 /usr/local/arm/lib/gcc/arm-elf/4.1.0/../../../../arm-elf/lib/thumb/interwork/libc.a(strlen.o)
 .comment       0x0000010e       0x12 /usr/local/arm/lib/gcc/arm-elf/4.1.0/../../../../arm-elf/lib/thumb/interwork/libc.a(strtok.o)
 .comment       0x00000120       0x12 /usr/local/arm/lib/gcc/arm-elf/4.1.0/../../../../arm-elf/lib/thumb/interwork/libc.a(strtok_r.o)
 .comment       0x00000132       0x12 /usr/local/arm/lib/gcc/arm-elf/4.1.0/../../../../arm-elf/lib/thumb/interwork/libc.a(vfprintf.o)
 .comment       0x00000144       0x12 /usr/local/arm/lib/gcc/arm-elf/4.1.0/../../../../arm-elf/lib/thumb/interwork/libc.a(wcrtomb.o)
 .comment       0x00000156       0x12 /usr/local/arm/lib/gcc/arm-elf/4.1.0/../../../../arm-elf/lib/thumb/interwork/libc.a(wcsrtombs.o)
 .comment       0x00000168       0x12 /usr/local/arm/lib/gcc/arm-elf/4.1.0/../../../../arm-elf/lib/thumb/interwork/libc.a(wctomb_r.o)
 .comment       0x0000017a       0x12 /usr/local/arm/lib/gcc/arm-elf/4.1.0/../../../../arm-elf/lib/thumb/interwork/libc.a(wsetup.o)
 .comment       0x0000018c       0x12 /usr/local/arm/lib/gcc/arm-elf/4.1.0/../../../../arm-elf/lib/thumb/interwork/libc.a(dtoa.o)
 .comment       0x0000019e       0x12 /usr/local/arm/lib/gcc/arm-elf/4.1.0/../../../../arm-elf/lib/thumb/interwork/libc.a(fflush.o)
 .comment       0x000001b0       0x12 /usr/local/arm/lib/gcc/arm-elf/4.1.0/../../../../arm-elf/lib/thumb/interwork/libc.a(findfp.o)
 .comment       0x000001c2       0x12 /usr/local/arm/lib/gcc/arm-elf/4.1.0/../../../../arm-elf/lib/thumb/interwork/libc.a(freer.o)
 .comment       0x000001d4       0x12 /usr/local/arm/lib/gcc/arm-elf/4.1.0/../../../../arm-elf/lib/thumb/interwork/libc.a(fvwrite.o)
 .comment       0x000001e6       0x12 /usr/local/arm/lib/gcc/arm-elf/4.1.0/../../../../arm-elf/lib/thumb/interwork/libc.a(fwalk.o)
 .comment       0x000001f8       0x12 /usr/local/arm/lib/gcc/arm-elf/4.1.0/../../../../arm-elf/lib/thumb/interwork/libc.a(impure.o)
 .comment       0x0000020a       0x12 /usr/local/arm/lib/gcc/arm-elf/4.1.0/../../../../arm-elf/lib/thumb/interwork/libc.a(locale.o)
 .comment       0x0000021c       0x12 /usr/local/arm/lib/gcc/arm-elf/4.1.0/../../../../arm-elf/lib/thumb/interwork/libc.a(makebuf.o)
 .comment       0x0000022e       0x12 /usr/local/arm/lib/gcc/arm-elf/4.1.0/../../../../arm-elf/lib/thumb/interwork/libc.a(mallocr.o)
 .comment       0x00000240       0x12 /usr/local/arm/lib/gcc/arm-elf/4.1.0/../../../../arm-elf/lib/thumb/interwork/libc.a(memchr.o)
 .comment       0x00000252       0x12 /usr/local/arm/lib/gcc/arm-elf/4.1.0/../../../../arm-elf/lib/thumb/interwork/libc.a(memmove.o)
 .comment       0x00000264       0x12 /usr/local/arm/lib/gcc/arm-elf/4.1.0/../../../../arm-elf/lib/thumb/interwork/libc.a(memset.o)
 .comment       0x00000276       0x12 /usr/local/arm/lib/gcc/arm-elf/4.1.0/../../../../arm-elf/lib/thumb/interwork/libc.a(mlock.o)
 .comment       0x00000288       0x12 /usr/local/arm/lib/gcc/arm-elf/4.1.0/../../../../arm-elf/lib/thumb/interwork/libc.a(mprec.o)
 .comment       0x0000029a       0x12 /usr/local/arm/lib/gcc/arm-elf/4.1.0/../../../../arm-elf/lib/thumb/interwork/libc.a(reallocr.o)
 .comment       0x000002ac       0x12 /usr/local/arm/lib/gcc/arm-elf/4.1.0/../../../../arm-elf/lib/thumb/interwork/libc.a(s_isinf.o)
 .comment       0x000002be       0x12 /usr/local/arm/lib/gcc/arm-elf/4.1.0/../../../../arm-elf/lib/thumb/interwork/libc.a(s_isnan.o)
 .comment       0x000002d0       0x12 /usr/local/arm/lib/gcc/arm-elf/4.1.0/../../../../arm-elf/lib/thumb/interwork/libc.a(stdio.o)
 .comment       0x000002e2       0x12 /usr/local/arm/lib/gcc/arm-elf/4.1.0/../../../../arm-elf/lib/thumb/interwork/libc.a(callocr.o)
 .comment       0x000002f4       0x12 /usr/local/arm/lib/gcc/arm-elf/4.1.0/../../../../arm-elf/lib/thumb/interwork/libc.a(fclose.o)
 .comment       0x00000306       0x12 /usr/local/arm/lib/gcc/arm-elf/4.1.0/thumb/interwork/libgcc.a(_addsub_df.o)
 .comment       0x00000318       0x12 /usr/local/arm/lib/gcc/arm-elf/4.1.0/thumb/interwork/libgcc.a(_mul_df.o)
 .comment       0x0000032a       0x12 /usr/local/arm/lib/gcc/arm-elf/4.1.0/thumb/interwork/libgcc.a(_div_df.o)
 .comment       0x0000033c       0x12 /usr/local/arm/lib/gcc/arm-elf/4.1.0/thumb/interwork/libgcc.a(_eq_df.o)
 .comment       0x0000034e       0x12 /usr/local/arm/lib/gcc/arm-elf/4.1.0/thumb/interwork/libgcc.a(_ne_df.o)
 .comment       0x00000360       0x12 /usr/local/arm/lib/gcc/arm-elf/4.1.0/thumb/interwork/libgcc.a(_gt_df.o)
 .comment       0x00000372       0x12 /usr/local/arm/lib/gcc/arm-elf/4.1.0/thumb/interwork/libgcc.a(_ge_df.o)
 .comment       0x00000384       0x12 /usr/local/arm/lib/gcc/arm-elf/4.1.0/thumb/interwork/libgcc.a(_lt_df.o)
 .comment       0x00000396       0x12 /usr/local/arm/lib/gcc/arm-elf/4.1.0/thumb/interwork/libgcc.a(_si_to_df.o)
 .comment       0x000003a8       0x12 /usr/local/arm/lib/gcc/arm-elf/4.1.0/thumb/interwork/libgcc.a(_df_to_si.o)
 .comment       0x000003ba       0x12 /usr/local/arm/lib/gcc/arm-elf/4.1.0/thumb/interwork/libgcc.a(_thenan_df.o)
 .comment       0x000003cc       0x12 /usr/local/arm/lib/gcc/arm-elf/4.1.0/thumb/interwork/libgcc.a(_muldi3.o)
 .comment       0x000003de       0x12 /usr/local/arm/lib/gcc/arm-elf/4.1.0/thumb/interwork/libgcc.a(_pack_df.o)
 .comment       0x000003f0       0x12 /usr/local/arm/lib/gcc/arm-elf/4.1.0/thumb/interwork/libgcc.a(_unpack_df.o)
 .comment       0x00000402       0x12 /usr/local/arm/lib/gcc/arm-elf/4.1.0/thumb/interwork/libgcc.a(_fpcmp_parts_df.o)

.debug
 *(.debug)

.line
 *(.line)

.debug_srcinfo
 *(.debug_srcinfo)

.debug_sfnames
 *(.debug_sfnames)

.debug_aranges  0x00000000      0x7c0
 *(.debug_aranges)
 .debug_aranges
                0x00000000       0x20 Cstartup.o
 .debug_aranges
                0x00000020       0x20 main.o
 .debug_aranges
                0x00000040       0x20 Cstartup_SAM7.o
 .debug_aranges
                0x00000060       0x20 syscalls.o
 .debug_aranges
                0x00000080       0x20 cdc_enumerate.o
 .debug_aranges
                0x000000a0       0x20 adc.o
 .debug_aranges
                0x000000c0       0x20 pwm.o
 .debug_aranges
                0x000000e0       0x20 aic.o
 .debug_aranges
                0x00000100       0x20 async.o
 .debug_aranges
                0x00000120       0x20 delay.o
 .debug_aranges
                0x00000140       0x20 math.o
 .debug_aranges
                0x00000160       0x20 /usr/local/arm/lib/gcc/arm-elf/4.1.0/../../../../arm-elf/lib/thumb/interwork/libc.a(memcpy.o)
 .debug_aranges
                0x00000180       0x20 /usr/local/arm/lib/gcc/arm-elf/4.1.0/../../../../arm-elf/lib/thumb/interwork/libc.a(sprintf.o)
 .debug_aranges
                0x000001a0       0x20 /usr/local/arm/lib/gcc/arm-elf/4.1.0/../../../../arm-elf/lib/thumb/interwork/libc.a(strcmp.o)
 .debug_aranges
                0x000001c0       0x20 /usr/local/arm/lib/gcc/arm-elf/4.1.0/../../../../arm-elf/lib/thumb/interwork/libc.a(strcpy.o)
 .debug_aranges
                0x000001e0       0x20 /usr/local/arm/lib/gcc/arm-elf/4.1.0/../../../../arm-elf/lib/thumb/interwork/libc.a(strlen.o)
 .debug_aranges
                0x00000200       0x20 /usr/local/arm/lib/gcc/arm-elf/4.1.0/../../../../arm-elf/lib/thumb/interwork/libc.a(strtok.o)
 .debug_aranges
                0x00000220       0x20 /usr/local/arm/lib/gcc/arm-elf/4.1.0/../../../../arm-elf/lib/thumb/interwork/libc.a(strtok_r.o)
 .debug_aranges
                0x00000240       0x20 /usr/local/arm/lib/gcc/arm-elf/4.1.0/../../../../arm-elf/lib/thumb/interwork/libc.a(vfprintf.o)
 .debug_aranges
                0x00000260       0x20 /usr/local/arm/lib/gcc/arm-elf/4.1.0/../../../../arm-elf/lib/thumb/interwork/libc.a(wcrtomb.o)
 .debug_aranges
                0x00000280       0x20 /usr/local/arm/lib/gcc/arm-elf/4.1.0/../../../../arm-elf/lib/thumb/interwork/libc.a(wcsrtombs.o)
 .debug_aranges
                0x000002a0       0x20 /usr/local/arm/lib/gcc/arm-elf/4.1.0/../../../../arm-elf/lib/thumb/interwork/libc.a(wctomb_r.o)
 .debug_aranges
                0x000002c0       0x20 /usr/local/arm/lib/gcc/arm-elf/4.1.0/../../../../arm-elf/lib/thumb/interwork/libc.a(wsetup.o)
 .debug_aranges
                0x000002e0       0x20 /usr/local/arm/lib/gcc/arm-elf/4.1.0/../../../../arm-elf/lib/thumb/interwork/libc.a(dtoa.o)
 .debug_aranges
                0x00000300       0x20 /usr/local/arm/lib/gcc/arm-elf/4.1.0/../../../../arm-elf/lib/thumb/interwork/libc.a(fflush.o)
 .debug_aranges
                0x00000320       0x20 /usr/local/arm/lib/gcc/arm-elf/4.1.0/../../../../arm-elf/lib/thumb/interwork/libc.a(findfp.o)
 .debug_aranges
                0x00000340       0x20 /usr/local/arm/lib/gcc/arm-elf/4.1.0/../../../../arm-elf/lib/thumb/interwork/libc.a(freer.o)
 .debug_aranges
                0x00000360       0x20 /usr/local/arm/lib/gcc/arm-elf/4.1.0/../../../../arm-elf/lib/thumb/interwork/libc.a(fvwrite.o)
 .debug_aranges
                0x00000380       0x20 /usr/local/arm/lib/gcc/arm-elf/4.1.0/../../../../arm-elf/lib/thumb/interwork/libc.a(fwalk.o)
 .debug_aranges
                0x000003a0       0x20 /usr/local/arm/lib/gcc/arm-elf/4.1.0/../../../../arm-elf/lib/thumb/interwork/libc.a(locale.o)
 .debug_aranges
                0x000003c0       0x20 /usr/local/arm/lib/gcc/arm-elf/4.1.0/../../../../arm-elf/lib/thumb/interwork/libc.a(makebuf.o)
 .debug_aranges
                0x000003e0       0x20 /usr/local/arm/lib/gcc/arm-elf/4.1.0/../../../../arm-elf/lib/thumb/interwork/libc.a(mallocr.o)
 .debug_aranges
                0x00000400       0x20 /usr/local/arm/lib/gcc/arm-elf/4.1.0/../../../../arm-elf/lib/thumb/interwork/libc.a(memchr.o)
 .debug_aranges
                0x00000420       0x20 /usr/local/arm/lib/gcc/arm-elf/4.1.0/../../../../arm-elf/lib/thumb/interwork/libc.a(memmove.o)
 .debug_aranges
                0x00000440       0x20 /usr/local/arm/lib/gcc/arm-elf/4.1.0/../../../../arm-elf/lib/thumb/interwork/libc.a(memset.o)
 .debug_aranges
                0x00000460       0x20 /usr/local/arm/lib/gcc/arm-elf/4.1.0/../../../../arm-elf/lib/thumb/interwork/libc.a(mlock.o)
 .debug_aranges
                0x00000480       0x20 /usr/local/arm/lib/gcc/arm-elf/4.1.0/../../../../arm-elf/lib/thumb/interwork/libc.a(mprec.o)
 .debug_aranges
                0x000004a0       0x20 /usr/local/arm/lib/gcc/arm-elf/4.1.0/../../../../arm-elf/lib/thumb/interwork/libc.a(reallocr.o)
 .debug_aranges
                0x000004c0       0x20 /usr/local/arm/lib/gcc/arm-elf/4.1.0/../../../../arm-elf/lib/thumb/interwork/libc.a(s_isinf.o)
 .debug_aranges
                0x000004e0       0x20 /usr/local/arm/lib/gcc/arm-elf/4.1.0/../../../../arm-elf/lib/thumb/interwork/libc.a(s_isnan.o)
 .debug_aranges
                0x00000500       0x20 /usr/local/arm/lib/gcc/arm-elf/4.1.0/../../../../arm-elf/lib/thumb/interwork/libc.a(stdio.o)
 .debug_aranges
                0x00000520       0x20 /usr/local/arm/lib/gcc/arm-elf/4.1.0/../../../../arm-elf/lib/thumb/interwork/libc.a(callocr.o)
 .debug_aranges
                0x00000540       0x20 /usr/local/arm/lib/gcc/arm-elf/4.1.0/../../../../arm-elf/lib/thumb/interwork/libc.a(fclose.o)
 .debug_aranges
                0x00000560       0x20 /usr/local/arm/lib/gcc/arm-elf/4.1.0/thumb/interwork/libgcc.a(_udivsi3.o)
 .debug_aranges
                0x00000580       0x20 /usr/local/arm/lib/gcc/arm-elf/4.1.0/thumb/interwork/libgcc.a(_divsi3.o)
 .debug_aranges
                0x000005a0       0x20 /usr/local/arm/lib/gcc/arm-elf/4.1.0/thumb/interwork/libgcc.a(_umodsi3.o)
 .debug_aranges
                0x000005c0       0x20 /usr/local/arm/lib/gcc/arm-elf/4.1.0/thumb/interwork/libgcc.a(_modsi3.o)
 .debug_aranges
                0x000005e0       0x20 /usr/local/arm/lib/gcc/arm-elf/4.1.0/thumb/interwork/libgcc.a(_dvmd_tls.o)
 .debug_aranges
                0x00000600       0x20 /usr/local/arm/lib/gcc/arm-elf/4.1.0/thumb/interwork/libgcc.a(_addsub_df.o)
 .debug_aranges
                0x00000620       0x20 /usr/local/arm/lib/gcc/arm-elf/4.1.0/thumb/interwork/libgcc.a(_mul_df.o)
 .debug_aranges
                0x00000640       0x20 /usr/local/arm/lib/gcc/arm-elf/4.1.0/thumb/interwork/libgcc.a(_div_df.o)
 .debug_aranges
                0x00000660       0x20 /usr/local/arm/lib/gcc/arm-elf/4.1.0/thumb/interwork/libgcc.a(_eq_df.o)
 .debug_aranges
                0x00000680       0x20 /usr/local/arm/lib/gcc/arm-elf/4.1.0/thumb/interwork/libgcc.a(_ne_df.o)
 .debug_aranges
                0x000006a0       0x20 /usr/local/arm/lib/gcc/arm-elf/4.1.0/thumb/interwork/libgcc.a(_gt_df.o)
 .debug_aranges
                0x000006c0       0x20 /usr/local/arm/lib/gcc/arm-elf/4.1.0/thumb/interwork/libgcc.a(_ge_df.o)
 .debug_aranges
                0x000006e0       0x20 /usr/local/arm/lib/gcc/arm-elf/4.1.0/thumb/interwork/libgcc.a(_lt_df.o)
 .debug_aranges
                0x00000700       0x20 /usr/local/arm/lib/gcc/arm-elf/4.1.0/thumb/interwork/libgcc.a(_si_to_df.o)
 .debug_aranges
                0x00000720       0x20 /usr/local/arm/lib/gcc/arm-elf/4.1.0/thumb/interwork/libgcc.a(_df_to_si.o)
 .debug_aranges
                0x00000740       0x20 /usr/local/arm/lib/gcc/arm-elf/4.1.0/thumb/interwork/libgcc.a(_muldi3.o)
 .debug_aranges
                0x00000760       0x20 /usr/local/arm/lib/gcc/arm-elf/4.1.0/thumb/interwork/libgcc.a(_pack_df.o)
 .debug_aranges
                0x00000780       0x20 /usr/local/arm/lib/gcc/arm-elf/4.1.0/thumb/interwork/libgcc.a(_unpack_df.o)
 .debug_aranges
                0x000007a0       0x20 /usr/local/arm/lib/gcc/arm-elf/4.1.0/thumb/interwork/libgcc.a(_fpcmp_parts_df.o)

.debug_pubnames
                0x00000000      0xd1f
 *(.debug_pubnames)
 .debug_pubnames
                0x00000000       0x86 main.o
 .debug_pubnames
                0x00000086       0x29 Cstartup_SAM7.o
 .debug_pubnames
                0x000000af       0x69 syscalls.o
 .debug_pubnames
                0x00000118       0x96 cdc_enumerate.o
 .debug_pubnames
                0x000001ae       0xb2 adc.o
 .debug_pubnames
                0x00000260       0x49 pwm.o
 .debug_pubnames
                0x000002a9       0x49 aic.o
 .debug_pubnames
                0x000002f2       0x27 async.o
 .debug_pubnames
                0x00000319       0x2c delay.o
 .debug_pubnames
                0x00000345       0x2d math.o
 .debug_pubnames
                0x00000372       0x1d /usr/local/arm/lib/gcc/arm-elf/4.1.0/../../../../arm-elf/lib/thumb/interwork/libc.a(memcpy.o)
 .debug_pubnames
                0x0000038f       0x2d /usr/local/arm/lib/gcc/arm-elf/4.1.0/../../../../arm-elf/lib/thumb/interwork/libc.a(sprintf.o)
 .debug_pubnames
                0x000003bc       0x1d /usr/local/arm/lib/gcc/arm-elf/4.1.0/../../../../arm-elf/lib/thumb/interwork/libc.a(strcmp.o)
 .debug_pubnames
                0x000003d9       0x1d /usr/local/arm/lib/gcc/arm-elf/4.1.0/../../../../arm-elf/lib/thumb/interwork/libc.a(strcpy.o)
 .debug_pubnames
                0x000003f6       0x1d /usr/local/arm/lib/gcc/arm-elf/4.1.0/../../../../arm-elf/lib/thumb/interwork/libc.a(strlen.o)
 .debug_pubnames
                0x00000413       0x1d /usr/local/arm/lib/gcc/arm-elf/4.1.0/../../../../arm-elf/lib/thumb/interwork/libc.a(strtok.o)
 .debug_pubnames
                0x00000430       0x2e /usr/local/arm/lib/gcc/arm-elf/4.1.0/../../../../arm-elf/lib/thumb/interwork/libc.a(strtok_r.o)
 .debug_pubnames
                0x0000045e       0x2f /usr/local/arm/lib/gcc/arm-elf/4.1.0/../../../../arm-elf/lib/thumb/interwork/libc.a(vfprintf.o)
 .debug_pubnames
                0x0000048d       0x2d /usr/local/arm/lib/gcc/arm-elf/4.1.0/../../../../arm-elf/lib/thumb/interwork/libc.a(wcrtomb.o)
 .debug_pubnames
                0x000004ba       0x31 /usr/local/arm/lib/gcc/arm-elf/4.1.0/../../../../arm-elf/lib/thumb/interwork/libc.a(wcsrtombs.o)
 .debug_pubnames
                0x000004eb       0x20 /usr/local/arm/lib/gcc/arm-elf/4.1.0/../../../../arm-elf/lib/thumb/interwork/libc.a(wctomb_r.o)
 .debug_pubnames
                0x0000050b       0x20 /usr/local/arm/lib/gcc/arm-elf/4.1.0/../../../../arm-elf/lib/thumb/interwork/libc.a(wsetup.o)
 .debug_pubnames
                0x0000052b       0x1e /usr/local/arm/lib/gcc/arm-elf/4.1.0/../../../../arm-elf/lib/thumb/interwork/libc.a(dtoa.o)
 .debug_pubnames
                0x00000549       0x1d /usr/local/arm/lib/gcc/arm-elf/4.1.0/../../../../arm-elf/lib/thumb/interwork/libc.a(fflush.o)
 .debug_pubnames
                0x00000566       0xdb /usr/local/arm/lib/gcc/arm-elf/4.1.0/../../../../arm-elf/lib/thumb/interwork/libc.a(findfp.o)
 .debug_pubnames
                0x00000641       0x31 /usr/local/arm/lib/gcc/arm-elf/4.1.0/../../../../arm-elf/lib/thumb/interwork/libc.a(freer.o)
 .debug_pubnames
                0x00000672       0x21 /usr/local/arm/lib/gcc/arm-elf/4.1.0/../../../../arm-elf/lib/thumb/interwork/libc.a(fvwrite.o)
 .debug_pubnames
                0x00000693       0x2e /usr/local/arm/lib/gcc/arm-elf/4.1.0/../../../../arm-elf/lib/thumb/interwork/libc.a(fwalk.o)
 .debug_pubnames
                0x000006c1       0x39 /usr/local/arm/lib/gcc/arm-elf/4.1.0/../../../../arm-elf/lib/thumb/interwork/libc.a(impure.o)
 .debug_pubnames
                0x000006fa       0xc3 /usr/local/arm/lib/gcc/arm-elf/4.1.0/../../../../arm-elf/lib/thumb/interwork/libc.a(locale.o)
 .debug_pubnames
                0x000007bd       0x21 /usr/local/arm/lib/gcc/arm-elf/4.1.0/../../../../arm-elf/lib/thumb/interwork/libc.a(makebuf.o)
 .debug_pubnames
                0x000007de       0xce /usr/local/arm/lib/gcc/arm-elf/4.1.0/../../../../arm-elf/lib/thumb/interwork/libc.a(mallocr.o)
 .debug_pubnames
                0x000008ac       0x1d /usr/local/arm/lib/gcc/arm-elf/4.1.0/../../../../arm-elf/lib/thumb/interwork/libc.a(memchr.o)
 .debug_pubnames
                0x000008c9       0x1e /usr/local/arm/lib/gcc/arm-elf/4.1.0/../../../../arm-elf/lib/thumb/interwork/libc.a(memmove.o)
 .debug_pubnames
                0x000008e7       0x1d /usr/local/arm/lib/gcc/arm-elf/4.1.0/../../../../arm-elf/lib/thumb/interwork/libc.a(memset.o)
 .debug_pubnames
                0x00000904       0x38 /usr/local/arm/lib/gcc/arm-elf/4.1.0/../../../../arm-elf/lib/thumb/interwork/libc.a(mlock.o)
 .debug_pubnames
                0x0000093c      0x112 /usr/local/arm/lib/gcc/arm-elf/4.1.0/../../../../arm-elf/lib/thumb/interwork/libc.a(mprec.o)
 .debug_pubnames
                0x00000a4e       0x21 /usr/local/arm/lib/gcc/arm-elf/4.1.0/../../../../arm-elf/lib/thumb/interwork/libc.a(reallocr.o)
 .debug_pubnames
                0x00000a6f       0x1c /usr/local/arm/lib/gcc/arm-elf/4.1.0/../../../../arm-elf/lib/thumb/interwork/libc.a(s_isinf.o)
 .debug_pubnames
                0x00000a8b       0x1c /usr/local/arm/lib/gcc/arm-elf/4.1.0/../../../../arm-elf/lib/thumb/interwork/libc.a(s_isnan.o)
 .debug_pubnames
                0x00000aa7       0x44 /usr/local/arm/lib/gcc/arm-elf/4.1.0/../../../../arm-elf/lib/thumb/interwork/libc.a(stdio.o)
 .debug_pubnames
                0x00000aeb       0x20 /usr/local/arm/lib/gcc/arm-elf/4.1.0/../../../../arm-elf/lib/thumb/interwork/libc.a(callocr.o)
 .debug_pubnames
                0x00000b0b       0x2b /usr/local/arm/lib/gcc/arm-elf/4.1.0/../../../../arm-elf/lib/thumb/interwork/libc.a(fclose.o)
 .debug_pubnames
                0x00000b36       0x2c /usr/local/arm/lib/gcc/arm-elf/4.1.0/thumb/interwork/libgcc.a(_addsub_df.o)
 .debug_pubnames
                0x00000b62       0x1f /usr/local/arm/lib/gcc/arm-elf/4.1.0/thumb/interwork/libgcc.a(_mul_df.o)
 .debug_pubnames
                0x00000b81       0x1f /usr/local/arm/lib/gcc/arm-elf/4.1.0/thumb/interwork/libgcc.a(_div_df.o)
 .debug_pubnames
                0x00000ba0       0x1e /usr/local/arm/lib/gcc/arm-elf/4.1.0/thumb/interwork/libgcc.a(_eq_df.o)
 .debug_pubnames
                0x00000bbe       0x1e /usr/local/arm/lib/gcc/arm-elf/4.1.0/thumb/interwork/libgcc.a(_ne_df.o)
 .debug_pubnames
                0x00000bdc       0x1e /usr/local/arm/lib/gcc/arm-elf/4.1.0/thumb/interwork/libgcc.a(_gt_df.o)
 .debug_pubnames
                0x00000bfa       0x1e /usr/local/arm/lib/gcc/arm-elf/4.1.0/thumb/interwork/libgcc.a(_ge_df.o)
 .debug_pubnames
                0x00000c18       0x1e /usr/local/arm/lib/gcc/arm-elf/4.1.0/thumb/interwork/libgcc.a(_lt_df.o)
 .debug_pubnames
                0x00000c36       0x22 /usr/local/arm/lib/gcc/arm-elf/4.1.0/thumb/interwork/libgcc.a(_si_to_df.o)
 .debug_pubnames
                0x00000c58       0x20 /usr/local/arm/lib/gcc/arm-elf/4.1.0/thumb/interwork/libgcc.a(_df_to_si.o)
 .debug_pubnames
                0x00000c78       0x22 /usr/local/arm/lib/gcc/arm-elf/4.1.0/thumb/interwork/libgcc.a(_thenan_df.o)
 .debug_pubnames
                0x00000c9a       0x1f /usr/local/arm/lib/gcc/arm-elf/4.1.0/thumb/interwork/libgcc.a(_muldi3.o)
 .debug_pubnames
                0x00000cb9       0x1f /usr/local/arm/lib/gcc/arm-elf/4.1.0/thumb/interwork/libgcc.a(_pack_df.o)
 .debug_pubnames
                0x00000cd8       0x21 /usr/local/arm/lib/gcc/arm-elf/4.1.0/thumb/interwork/libgcc.a(_unpack_df.o)
 .debug_pubnames
                0x00000cf9       0x26 /usr/local/arm/lib/gcc/arm-elf/4.1.0/thumb/interwork/libgcc.a(_fpcmp_parts_df.o)

.debug_info     0x00000000    0x171f6
 *(.debug_info .gnu.linkonce.wi.*)
 .debug_info    0x00000000       0x8e Cstartup.o
 .debug_info    0x0000008e     0x14a1 main.o
 .debug_info    0x0000152f      0x208 Cstartup_SAM7.o
 .debug_info    0x00001737     0x1022 syscalls.o
 .debug_info    0x00002759      0x68f cdc_enumerate.o
 .debug_info    0x00002de8      0x4ab adc.o
 .debug_info    0x00003293      0x477 pwm.o
 .debug_info    0x0000370a       0xc5 aic.o
 .debug_info    0x000037cf       0xc5 async.o
 .debug_info    0x00003894       0x8d delay.o
 .debug_info    0x00003921       0xd0 math.o
 .debug_info    0x000039f1      0x10e /usr/local/arm/lib/gcc/arm-elf/4.1.0/../../../../arm-elf/lib/thumb/interwork/libc.a(memcpy.o)
 .debug_info    0x00003aff      0xa02 /usr/local/arm/lib/gcc/arm-elf/4.1.0/../../../../arm-elf/lib/thumb/interwork/libc.a(sprintf.o)
 .debug_info    0x00004501       0xda /usr/local/arm/lib/gcc/arm-elf/4.1.0/../../../../arm-elf/lib/thumb/interwork/libc.a(strcmp.o)
 .debug_info    0x000045db      0x10d /usr/local/arm/lib/gcc/arm-elf/4.1.0/../../../../arm-elf/lib/thumb/interwork/libc.a(strcpy.o)
 .debug_info    0x000046e8       0xd6 /usr/local/arm/lib/gcc/arm-elf/4.1.0/../../../../arm-elf/lib/thumb/interwork/libc.a(strlen.o)
 .debug_info    0x000047be      0x930 /usr/local/arm/lib/gcc/arm-elf/4.1.0/../../../../arm-elf/lib/thumb/interwork/libc.a(strtok.o)
 .debug_info    0x000050ee      0x15f /usr/local/arm/lib/gcc/arm-elf/4.1.0/../../../../arm-elf/lib/thumb/interwork/libc.a(strtok_r.o)
 .debug_info    0x0000524d     0x10eb /usr/local/arm/lib/gcc/arm-elf/4.1.0/../../../../arm-elf/lib/thumb/interwork/libc.a(vfprintf.o)
 .debug_info    0x00006338      0x9ef /usr/local/arm/lib/gcc/arm-elf/4.1.0/../../../../arm-elf/lib/thumb/interwork/libc.a(wcrtomb.o)
 .debug_info    0x00006d27      0xa84 /usr/local/arm/lib/gcc/arm-elf/4.1.0/../../../../arm-elf/lib/thumb/interwork/libc.a(wcsrtombs.o)
 .debug_info    0x000077ab      0x9f7 /usr/local/arm/lib/gcc/arm-elf/4.1.0/../../../../arm-elf/lib/thumb/interwork/libc.a(wctomb_r.o)
 .debug_info    0x000081a2      0x93a /usr/local/arm/lib/gcc/arm-elf/4.1.0/../../../../arm-elf/lib/thumb/interwork/libc.a(wsetup.o)
 .debug_info    0x00008adc      0xd65 /usr/local/arm/lib/gcc/arm-elf/4.1.0/../../../../arm-elf/lib/thumb/interwork/libc.a(dtoa.o)
 .debug_info    0x00009841      0x974 /usr/local/arm/lib/gcc/arm-elf/4.1.0/../../../../arm-elf/lib/thumb/interwork/libc.a(fflush.o)
 .debug_info    0x0000a1b5      0xb67 /usr/local/arm/lib/gcc/arm-elf/4.1.0/../../../../arm-elf/lib/thumb/interwork/libc.a(findfp.o)
 .debug_info    0x0000ad1c      0xbb5 /usr/local/arm/lib/gcc/arm-elf/4.1.0/../../../../arm-elf/lib/thumb/interwork/libc.a(freer.o)
 .debug_info    0x0000b8d1      0xa5f /usr/local/arm/lib/gcc/arm-elf/4.1.0/../../../../arm-elf/lib/thumb/interwork/libc.a(fvwrite.o)
 .debug_info    0x0000c330      0xad9 /usr/local/arm/lib/gcc/arm-elf/4.1.0/../../../../arm-elf/lib/thumb/interwork/libc.a(fwalk.o)
 .debug_info    0x0000ce09      0x922 /usr/local/arm/lib/gcc/arm-elf/4.1.0/../../../../arm-elf/lib/thumb/interwork/libc.a(impure.o)
 .debug_info    0x0000d72b      0xb82 /usr/local/arm/lib/gcc/arm-elf/4.1.0/../../../../arm-elf/lib/thumb/interwork/libc.a(locale.o)
 .debug_info    0x0000e2ad      0xad9 /usr/local/arm/lib/gcc/arm-elf/4.1.0/../../../../arm-elf/lib/thumb/interwork/libc.a(makebuf.o)
 .debug_info    0x0000ed86      0xcbc /usr/local/arm/lib/gcc/arm-elf/4.1.0/../../../../arm-elf/lib/thumb/interwork/libc.a(mallocr.o)
 .debug_info    0x0000fa42      0x133 /usr/local/arm/lib/gcc/arm-elf/4.1.0/../../../../arm-elf/lib/thumb/interwork/libc.a(memchr.o)
 .debug_info    0x0000fb75      0x13f /usr/local/arm/lib/gcc/arm-elf/4.1.0/../../../../arm-elf/lib/thumb/interwork/libc.a(memmove.o)
 .debug_info    0x0000fcb4      0x112 /usr/local/arm/lib/gcc/arm-elf/4.1.0/../../../../arm-elf/lib/thumb/interwork/libc.a(memset.o)
 .debug_info    0x0000fdc6      0x93c /usr/local/arm/lib/gcc/arm-elf/4.1.0/../../../../arm-elf/lib/thumb/interwork/libc.a(mlock.o)
 .debug_info    0x00010702     0x1336 /usr/local/arm/lib/gcc/arm-elf/4.1.0/../../../../arm-elf/lib/thumb/interwork/libc.a(mprec.o)
 .debug_info    0x00011a38      0xbc7 /usr/local/arm/lib/gcc/arm-elf/4.1.0/../../../../arm-elf/lib/thumb/interwork/libc.a(reallocr.o)
 .debug_info    0x000125ff       0xd7 /usr/local/arm/lib/gcc/arm-elf/4.1.0/../../../../arm-elf/lib/thumb/interwork/libc.a(s_isinf.o)
 .debug_info    0x000126d6       0xd5 /usr/local/arm/lib/gcc/arm-elf/4.1.0/../../../../arm-elf/lib/thumb/interwork/libc.a(s_isnan.o)
 .debug_info    0x000127ab      0xa74 /usr/local/arm/lib/gcc/arm-elf/4.1.0/../../../../arm-elf/lib/thumb/interwork/libc.a(stdio.o)
 .debug_info    0x0001321f      0xa03 /usr/local/arm/lib/gcc/arm-elf/4.1.0/../../../../arm-elf/lib/thumb/interwork/libc.a(callocr.o)
 .debug_info    0x00013c22      0x982 /usr/local/arm/lib/gcc/arm-elf/4.1.0/../../../../arm-elf/lib/thumb/interwork/libc.a(fclose.o)
 .debug_info    0x000145a4       0x88 /usr/local/arm/lib/gcc/arm-elf/4.1.0/thumb/interwork/libgcc.a(_udivsi3.o)
 .debug_info    0x0001462c       0x88 /usr/local/arm/lib/gcc/arm-elf/4.1.0/thumb/interwork/libgcc.a(_divsi3.o)
 .debug_info    0x000146b4       0x88 /usr/local/arm/lib/gcc/arm-elf/4.1.0/thumb/interwork/libgcc.a(_umodsi3.o)
 .debug_info    0x0001473c       0x88 /usr/local/arm/lib/gcc/arm-elf/4.1.0/thumb/interwork/libgcc.a(_modsi3.o)
 .debug_info    0x000147c4       0x88 /usr/local/arm/lib/gcc/arm-elf/4.1.0/thumb/interwork/libgcc.a(_dvmd_tls.o)
 .debug_info    0x0001484c      0x47d /usr/local/arm/lib/gcc/arm-elf/4.1.0/thumb/interwork/libgcc.a(_addsub_df.o)
 .debug_info    0x00014cc9      0x473 /usr/local/arm/lib/gcc/arm-elf/4.1.0/thumb/interwork/libgcc.a(_mul_df.o)
 .debug_info    0x0001513c      0x3ad /usr/local/arm/lib/gcc/arm-elf/4.1.0/thumb/interwork/libgcc.a(_div_df.o)
 .debug_info    0x000154e9      0x2aa /usr/local/arm/lib/gcc/arm-elf/4.1.0/thumb/interwork/libgcc.a(_eq_df.o)
 .debug_info    0x00015793      0x2aa /usr/local/arm/lib/gcc/arm-elf/4.1.0/thumb/interwork/libgcc.a(_ne_df.o)
 .debug_info    0x00015a3d      0x2aa /usr/local/arm/lib/gcc/arm-elf/4.1.0/thumb/interwork/libgcc.a(_gt_df.o)
 .debug_info    0x00015ce7      0x2aa /usr/local/arm/lib/gcc/arm-elf/4.1.0/thumb/interwork/libgcc.a(_ge_df.o)
 .debug_info    0x00015f91      0x2aa /usr/local/arm/lib/gcc/arm-elf/4.1.0/thumb/interwork/libgcc.a(_lt_df.o)
 .debug_info    0x0001623b      0x1bd /usr/local/arm/lib/gcc/arm-elf/4.1.0/thumb/interwork/libgcc.a(_si_to_df.o)
 .debug_info    0x000163f8      0x2de /usr/local/arm/lib/gcc/arm-elf/4.1.0/thumb/interwork/libgcc.a(_df_to_si.o)
 .debug_info    0x000166d6      0x164 /usr/local/arm/lib/gcc/arm-elf/4.1.0/thumb/interwork/libgcc.a(_thenan_df.o)
 .debug_info    0x0001683a      0x207 /usr/local/arm/lib/gcc/arm-elf/4.1.0/thumb/interwork/libgcc.a(_muldi3.o)
 .debug_info    0x00016a41      0x323 /usr/local/arm/lib/gcc/arm-elf/4.1.0/thumb/interwork/libgcc.a(_pack_df.o)
 .debug_info    0x00016d64      0x27a /usr/local/arm/lib/gcc/arm-elf/4.1.0/thumb/interwork/libgcc.a(_unpack_df.o)
 .debug_info    0x00016fde      0x218 /usr/local/arm/lib/gcc/arm-elf/4.1.0/thumb/interwork/libgcc.a(_fpcmp_parts_df.o)

.debug_abbrev   0x00000000     0x50e1
 *(.debug_abbrev)
 .debug_abbrev  0x00000000       0x14 Cstartup.o
 .debug_abbrev  0x00000014      0x2ca main.o
 .debug_abbrev  0x000002de       0xaa Cstartup_SAM7.o
 .debug_abbrev  0x00000388      0x2ac syscalls.o
 .debug_abbrev  0x00000634      0x242 cdc_enumerate.o
 .debug_abbrev  0x00000876       0xb8 adc.o
 .debug_abbrev  0x0000092e      0x1a4 pwm.o
 .debug_abbrev  0x00000ad2       0x90 aic.o
 .debug_abbrev  0x00000b62       0x9b async.o
 .debug_abbrev  0x00000bfd       0x85 delay.o
 .debug_abbrev  0x00000c82       0xaf math.o
 .debug_abbrev  0x00000d31       0x99 /usr/local/arm/lib/gcc/arm-elf/4.1.0/../../../../arm-elf/lib/thumb/interwork/libc.a(memcpy.o)
 .debug_abbrev  0x00000dca      0x193 /usr/local/arm/lib/gcc/arm-elf/4.1.0/../../../../arm-elf/lib/thumb/interwork/libc.a(sprintf.o)
 .debug_abbrev  0x00000f5d       0x71 /usr/local/arm/lib/gcc/arm-elf/4.1.0/../../../../arm-elf/lib/thumb/interwork/libc.a(strcmp.o)
 .debug_abbrev  0x00000fce       0x80 /usr/local/arm/lib/gcc/arm-elf/4.1.0/../../../../arm-elf/lib/thumb/interwork/libc.a(strcpy.o)
 .debug_abbrev  0x0000104e       0x8b /usr/local/arm/lib/gcc/arm-elf/4.1.0/../../../../arm-elf/lib/thumb/interwork/libc.a(strlen.o)
 .debug_abbrev  0x000010d9      0x17f /usr/local/arm/lib/gcc/arm-elf/4.1.0/../../../../arm-elf/lib/thumb/interwork/libc.a(strtok.o)
 .debug_abbrev  0x00001258       0xbe /usr/local/arm/lib/gcc/arm-elf/4.1.0/../../../../arm-elf/lib/thumb/interwork/libc.a(strtok_r.o)
 .debug_abbrev  0x00001316      0x356 /usr/local/arm/lib/gcc/arm-elf/4.1.0/../../../../arm-elf/lib/thumb/interwork/libc.a(vfprintf.o)
 .debug_abbrev  0x0000166c      0x18e /usr/local/arm/lib/gcc/arm-elf/4.1.0/../../../../arm-elf/lib/thumb/interwork/libc.a(wcrtomb.o)
 .debug_abbrev  0x000017fa      0x1a4 /usr/local/arm/lib/gcc/arm-elf/4.1.0/../../../../arm-elf/lib/thumb/interwork/libc.a(wcsrtombs.o)
 .debug_abbrev  0x0000199e      0x1ab /usr/local/arm/lib/gcc/arm-elf/4.1.0/../../../../arm-elf/lib/thumb/interwork/libc.a(wctomb_r.o)
 .debug_abbrev  0x00001b49      0x170 /usr/local/arm/lib/gcc/arm-elf/4.1.0/../../../../arm-elf/lib/thumb/interwork/libc.a(wsetup.o)
 .debug_abbrev  0x00001cb9      0x214 /usr/local/arm/lib/gcc/arm-elf/4.1.0/../../../../arm-elf/lib/thumb/interwork/libc.a(dtoa.o)
 .debug_abbrev  0x00001ecd      0x17f /usr/local/arm/lib/gcc/arm-elf/4.1.0/../../../../arm-elf/lib/thumb/interwork/libc.a(fflush.o)
 .debug_abbrev  0x0000204c      0x24a /usr/local/arm/lib/gcc/arm-elf/4.1.0/../../../../arm-elf/lib/thumb/interwork/libc.a(findfp.o)
 .debug_abbrev  0x00002296      0x1d9 /usr/local/arm/lib/gcc/arm-elf/4.1.0/../../../../arm-elf/lib/thumb/interwork/libc.a(freer.o)
 .debug_abbrev  0x0000246f      0x1b4 /usr/local/arm/lib/gcc/arm-elf/4.1.0/../../../../arm-elf/lib/thumb/interwork/libc.a(fvwrite.o)
 .debug_abbrev  0x00002623      0x1e3 /usr/local/arm/lib/gcc/arm-elf/4.1.0/../../../../arm-elf/lib/thumb/interwork/libc.a(fwalk.o)
 .debug_abbrev  0x00002806      0x157 /usr/local/arm/lib/gcc/arm-elf/4.1.0/../../../../arm-elf/lib/thumb/interwork/libc.a(impure.o)
 .debug_abbrev  0x0000295d      0x20e /usr/local/arm/lib/gcc/arm-elf/4.1.0/../../../../arm-elf/lib/thumb/interwork/libc.a(locale.o)
 .debug_abbrev  0x00002b6b      0x1a8 /usr/local/arm/lib/gcc/arm-elf/4.1.0/../../../../arm-elf/lib/thumb/interwork/libc.a(makebuf.o)
 .debug_abbrev  0x00002d13      0x216 /usr/local/arm/lib/gcc/arm-elf/4.1.0/../../../../arm-elf/lib/thumb/interwork/libc.a(mallocr.o)
 .debug_abbrev  0x00002f29       0xb5 /usr/local/arm/lib/gcc/arm-elf/4.1.0/../../../../arm-elf/lib/thumb/interwork/libc.a(memchr.o)
 .debug_abbrev  0x00002fde       0x99 /usr/local/arm/lib/gcc/arm-elf/4.1.0/../../../../arm-elf/lib/thumb/interwork/libc.a(memmove.o)
 .debug_abbrev  0x00003077       0x9a /usr/local/arm/lib/gcc/arm-elf/4.1.0/../../../../arm-elf/lib/thumb/interwork/libc.a(memset.o)
 .debug_abbrev  0x00003111      0x16a /usr/local/arm/lib/gcc/arm-elf/4.1.0/../../../../arm-elf/lib/thumb/interwork/libc.a(mlock.o)
 .debug_abbrev  0x0000327b      0x262 /usr/local/arm/lib/gcc/arm-elf/4.1.0/../../../../arm-elf/lib/thumb/interwork/libc.a(mprec.o)
 .debug_abbrev  0x000034dd      0x1c3 /usr/local/arm/lib/gcc/arm-elf/4.1.0/../../../../arm-elf/lib/thumb/interwork/libc.a(reallocr.o)
 .debug_abbrev  0x000036a0       0x79 /usr/local/arm/lib/gcc/arm-elf/4.1.0/../../../../arm-elf/lib/thumb/interwork/libc.a(s_isinf.o)
 .debug_abbrev  0x00003719       0x79 /usr/local/arm/lib/gcc/arm-elf/4.1.0/../../../../arm-elf/lib/thumb/interwork/libc.a(s_isnan.o)
 .debug_abbrev  0x00003792      0x1aa /usr/local/arm/lib/gcc/arm-elf/4.1.0/../../../../arm-elf/lib/thumb/interwork/libc.a(stdio.o)
 .debug_abbrev  0x0000393c      0x1af /usr/local/arm/lib/gcc/arm-elf/4.1.0/../../../../arm-elf/lib/thumb/interwork/libc.a(callocr.o)
 .debug_abbrev  0x00003aeb      0x18e /usr/local/arm/lib/gcc/arm-elf/4.1.0/../../../../arm-elf/lib/thumb/interwork/libc.a(fclose.o)
 .debug_abbrev  0x00003c79       0x14 /usr/local/arm/lib/gcc/arm-elf/4.1.0/thumb/interwork/libgcc.a(_udivsi3.o)
 .debug_abbrev  0x00003c8d       0x14 /usr/local/arm/lib/gcc/arm-elf/4.1.0/thumb/interwork/libgcc.a(_divsi3.o)
 .debug_abbrev  0x00003ca1       0x14 /usr/local/arm/lib/gcc/arm-elf/4.1.0/thumb/interwork/libgcc.a(_umodsi3.o)
 .debug_abbrev  0x00003cb5       0x14 /usr/local/arm/lib/gcc/arm-elf/4.1.0/thumb/interwork/libgcc.a(_modsi3.o)
 .debug_abbrev  0x00003cc9       0x14 /usr/local/arm/lib/gcc/arm-elf/4.1.0/thumb/interwork/libgcc.a(_dvmd_tls.o)
 .debug_abbrev  0x00003cdd      0x1a8 /usr/local/arm/lib/gcc/arm-elf/4.1.0/thumb/interwork/libgcc.a(_addsub_df.o)
 .debug_abbrev  0x00003e85      0x1e7 /usr/local/arm/lib/gcc/arm-elf/4.1.0/thumb/interwork/libgcc.a(_mul_df.o)
 .debug_abbrev  0x0000406c      0x1d9 /usr/local/arm/lib/gcc/arm-elf/4.1.0/thumb/interwork/libgcc.a(_div_df.o)
 .debug_abbrev  0x00004245      0x157 /usr/local/arm/lib/gcc/arm-elf/4.1.0/thumb/interwork/libgcc.a(_eq_df.o)
 .debug_abbrev  0x0000439c      0x157 /usr/local/arm/lib/gcc/arm-elf/4.1.0/thumb/interwork/libgcc.a(_ne_df.o)
 .debug_abbrev  0x000044f3      0x157 /usr/local/arm/lib/gcc/arm-elf/4.1.0/thumb/interwork/libgcc.a(_gt_df.o)
 .debug_abbrev  0x0000464a      0x157 /usr/local/arm/lib/gcc/arm-elf/4.1.0/thumb/interwork/libgcc.a(_ge_df.o)
 .debug_abbrev  0x000047a1      0x157 /usr/local/arm/lib/gcc/arm-elf/4.1.0/thumb/interwork/libgcc.a(_lt_df.o)
 .debug_abbrev  0x000048f8       0xf1 /usr/local/arm/lib/gcc/arm-elf/4.1.0/thumb/interwork/libgcc.a(_si_to_df.o)
 .debug_abbrev  0x000049e9      0x166 /usr/local/arm/lib/gcc/arm-elf/4.1.0/thumb/interwork/libgcc.a(_df_to_si.o)
 .debug_abbrev  0x00004b4f       0xba /usr/local/arm/lib/gcc/arm-elf/4.1.0/thumb/interwork/libgcc.a(_thenan_df.o)
 .debug_abbrev  0x00004c09       0xec /usr/local/arm/lib/gcc/arm-elf/4.1.0/thumb/interwork/libgcc.a(_muldi3.o)
 .debug_abbrev  0x00004cf5      0x192 /usr/local/arm/lib/gcc/arm-elf/4.1.0/thumb/interwork/libgcc.a(_pack_df.o)
 .debug_abbrev  0x00004e87      0x149 /usr/local/arm/lib/gcc/arm-elf/4.1.0/thumb/interwork/libgcc.a(_unpack_df.o)
 .debug_abbrev  0x00004fd0      0x111 /usr/local/arm/lib/gcc/arm-elf/4.1.0/thumb/interwork/libgcc.a(_fpcmp_parts_df.o)

.debug_line     0x00000000     0x4808
 *(.debug_line)
 .debug_line    0x00000000       0x87 Cstartup.o
 .debug_line    0x00000087      0x1f8 main.o
 .debug_line    0x0000027f       0x60 Cstartup_SAM7.o
 .debug_line    0x000002df      0x1ca syscalls.o
 .debug_line    0x000004a9      0x142 cdc_enumerate.o
 .debug_line    0x000005eb       0x66 adc.o
 .debug_line    0x00000651      0x10b pwm.o
 .debug_line    0x0000075c       0x41 aic.o
 .debug_line    0x0000079d       0x41 async.o
 .debug_line    0x000007de       0x4c delay.o
 .debug_line    0x0000082a       0x3d math.o
 .debug_line    0x00000867       0xc9 /usr/local/arm/lib/gcc/arm-elf/4.1.0/../../../../arm-elf/lib/thumb/interwork/libc.a(memcpy.o)
 .debug_line    0x00000930      0x1a6 /usr/local/arm/lib/gcc/arm-elf/4.1.0/../../../../arm-elf/lib/thumb/interwork/libc.a(sprintf.o)
 .debug_line    0x00000ad6       0x8c /usr/local/arm/lib/gcc/arm-elf/4.1.0/../../../../arm-elf/lib/thumb/interwork/libc.a(strcmp.o)
 .debug_line    0x00000b62       0x85 /usr/local/arm/lib/gcc/arm-elf/4.1.0/../../../../arm-elf/lib/thumb/interwork/libc.a(strcpy.o)
 .debug_line    0x00000be7       0xb8 /usr/local/arm/lib/gcc/arm-elf/4.1.0/../../../../arm-elf/lib/thumb/interwork/libc.a(strlen.o)
 .debug_line    0x00000c9f      0x117 /usr/local/arm/lib/gcc/arm-elf/4.1.0/../../../../arm-elf/lib/thumb/interwork/libc.a(strtok.o)
 .debug_line    0x00000db6       0xa2 /usr/local/arm/lib/gcc/arm-elf/4.1.0/../../../../arm-elf/lib/thumb/interwork/libc.a(strtok_r.o)
 .debug_line    0x00000e58      0x5a4 /usr/local/arm/lib/gcc/arm-elf/4.1.0/../../../../arm-elf/lib/thumb/interwork/libc.a(vfprintf.o)
 .debug_line    0x000013fc      0x178 /usr/local/arm/lib/gcc/arm-elf/4.1.0/../../../../arm-elf/lib/thumb/interwork/libc.a(wcrtomb.o)
 .debug_line    0x00001574      0x1a5 /usr/local/arm/lib/gcc/arm-elf/4.1.0/../../../../arm-elf/lib/thumb/interwork/libc.a(wcsrtombs.o)
 .debug_line    0x00001719      0x1fb /usr/local/arm/lib/gcc/arm-elf/4.1.0/../../../../arm-elf/lib/thumb/interwork/libc.a(wctomb_r.o)
 .debug_line    0x00001914      0x185 /usr/local/arm/lib/gcc/arm-elf/4.1.0/../../../../arm-elf/lib/thumb/interwork/libc.a(wsetup.o)
 .debug_line    0x00001a99      0x453 /usr/local/arm/lib/gcc/arm-elf/4.1.0/../../../../arm-elf/lib/thumb/interwork/libc.a(dtoa.o)
 .debug_line    0x00001eec      0x183 /usr/local/arm/lib/gcc/arm-elf/4.1.0/../../../../arm-elf/lib/thumb/interwork/libc.a(fflush.o)
 .debug_line    0x0000206f      0x1e4 /usr/local/arm/lib/gcc/arm-elf/4.1.0/../../../../arm-elf/lib/thumb/interwork/libc.a(findfp.o)
 .debug_line    0x00002253      0x185 /usr/local/arm/lib/gcc/arm-elf/4.1.0/../../../../arm-elf/lib/thumb/interwork/libc.a(freer.o)
 .debug_line    0x000023d8      0x205 /usr/local/arm/lib/gcc/arm-elf/4.1.0/../../../../arm-elf/lib/thumb/interwork/libc.a(fvwrite.o)
 .debug_line    0x000025dd      0x198 /usr/local/arm/lib/gcc/arm-elf/4.1.0/../../../../arm-elf/lib/thumb/interwork/libc.a(fwalk.o)
 .debug_line    0x00002775      0x104 /usr/local/arm/lib/gcc/arm-elf/4.1.0/../../../../arm-elf/lib/thumb/interwork/libc.a(impure.o)
 .debug_line    0x00002879      0x187 /usr/local/arm/lib/gcc/arm-elf/4.1.0/../../../../arm-elf/lib/thumb/interwork/libc.a(locale.o)
 .debug_line    0x00002a00      0x1a0 /usr/local/arm/lib/gcc/arm-elf/4.1.0/../../../../arm-elf/lib/thumb/interwork/libc.a(makebuf.o)
 .debug_line    0x00002ba0      0x255 /usr/local/arm/lib/gcc/arm-elf/4.1.0/../../../../arm-elf/lib/thumb/interwork/libc.a(mallocr.o)
 .debug_line    0x00002df5       0xde /usr/local/arm/lib/gcc/arm-elf/4.1.0/../../../../arm-elf/lib/thumb/interwork/libc.a(memchr.o)
 .debug_line    0x00002ed3       0xd0 /usr/local/arm/lib/gcc/arm-elf/4.1.0/../../../../arm-elf/lib/thumb/interwork/libc.a(memmove.o)
 .debug_line    0x00002fa3       0xd5 /usr/local/arm/lib/gcc/arm-elf/4.1.0/../../../../arm-elf/lib/thumb/interwork/libc.a(memset.o)
 .debug_line    0x00003078      0x116 /usr/local/arm/lib/gcc/arm-elf/4.1.0/../../../../arm-elf/lib/thumb/interwork/libc.a(mlock.o)
 .debug_line    0x0000318e      0x3dd /usr/local/arm/lib/gcc/arm-elf/4.1.0/../../../../arm-elf/lib/thumb/interwork/libc.a(mprec.o)
 .debug_line    0x0000356b      0x1be /usr/local/arm/lib/gcc/arm-elf/4.1.0/../../../../arm-elf/lib/thumb/interwork/libc.a(reallocr.o)
 .debug_line    0x00003729       0xcb /usr/local/arm/lib/gcc/arm-elf/4.1.0/../../../../arm-elf/lib/thumb/interwork/libc.a(s_isinf.o)
 .debug_line    0x000037f4       0xcb /usr/local/arm/lib/gcc/arm-elf/4.1.0/../../../../arm-elf/lib/thumb/interwork/libc.a(s_isnan.o)
 .debug_line    0x000038bf      0x196 /usr/local/arm/lib/gcc/arm-elf/4.1.0/../../../../arm-elf/lib/thumb/interwork/libc.a(stdio.o)
 .debug_line    0x00003a55      0x11f /usr/local/arm/lib/gcc/arm-elf/4.1.0/../../../../arm-elf/lib/thumb/interwork/libc.a(callocr.o)
 .debug_line    0x00003b74      0x184 /usr/local/arm/lib/gcc/arm-elf/4.1.0/../../../../arm-elf/lib/thumb/interwork/libc.a(fclose.o)
 .debug_line    0x00003cf8       0x77 /usr/local/arm/lib/gcc/arm-elf/4.1.0/thumb/interwork/libgcc.a(_udivsi3.o)
 .debug_line    0x00003d6f       0x83 /usr/local/arm/lib/gcc/arm-elf/4.1.0/thumb/interwork/libgcc.a(_divsi3.o)
 .debug_line    0x00003df2       0x6f /usr/local/arm/lib/gcc/arm-elf/4.1.0/thumb/interwork/libgcc.a(_umodsi3.o)
 .debug_line    0x00003e61       0x78 /usr/local/arm/lib/gcc/arm-elf/4.1.0/thumb/interwork/libgcc.a(_modsi3.o)
 .debug_line    0x00003ed9       0x61 /usr/local/arm/lib/gcc/arm-elf/4.1.0/thumb/interwork/libgcc.a(_dvmd_tls.o)
 .debug_line    0x00003f3a      0x10a /usr/local/arm/lib/gcc/arm-elf/4.1.0/thumb/interwork/libgcc.a(_addsub_df.o)
 .debug_line    0x00004044       0xe5 /usr/local/arm/lib/gcc/arm-elf/4.1.0/thumb/interwork/libgcc.a(_mul_df.o)
 .debug_line    0x00004129       0xca /usr/local/arm/lib/gcc/arm-elf/4.1.0/thumb/interwork/libgcc.a(_div_df.o)
 .debug_line    0x000041f3       0x75 /usr/local/arm/lib/gcc/arm-elf/4.1.0/thumb/interwork/libgcc.a(_eq_df.o)
 .debug_line    0x00004268       0x75 /usr/local/arm/lib/gcc/arm-elf/4.1.0/thumb/interwork/libgcc.a(_ne_df.o)
 .debug_line    0x000042dd       0x75 /usr/local/arm/lib/gcc/arm-elf/4.1.0/thumb/interwork/libgcc.a(_gt_df.o)
 .debug_line    0x00004352       0x75 /usr/local/arm/lib/gcc/arm-elf/4.1.0/thumb/interwork/libgcc.a(_ge_df.o)
 .debug_line    0x000043c7       0x75 /usr/local/arm/lib/gcc/arm-elf/4.1.0/thumb/interwork/libgcc.a(_lt_df.o)
 .debug_line    0x0000443c       0x7e /usr/local/arm/lib/gcc/arm-elf/4.1.0/thumb/interwork/libgcc.a(_si_to_df.o)
 .debug_line    0x000044ba       0x88 /usr/local/arm/lib/gcc/arm-elf/4.1.0/thumb/interwork/libgcc.a(_df_to_si.o)
 .debug_line    0x00004542       0x54 /usr/local/arm/lib/gcc/arm-elf/4.1.0/thumb/interwork/libgcc.a(_thenan_df.o)
 .debug_line    0x00004596       0x67 /usr/local/arm/lib/gcc/arm-elf/4.1.0/thumb/interwork/libgcc.a(_muldi3.o)
 .debug_line    0x000045fd       0xcc /usr/local/arm/lib/gcc/arm-elf/4.1.0/thumb/interwork/libgcc.a(_pack_df.o)
 .debug_line    0x000046c9       0x99 /usr/local/arm/lib/gcc/arm-elf/4.1.0/thumb/interwork/libgcc.a(_unpack_df.o)
 .debug_line    0x00004762       0xa6 /usr/local/arm/lib/gcc/arm-elf/4.1.0/thumb/interwork/libgcc.a(_fpcmp_parts_df.o)

.debug_frame    0x00000000     0x13fc
 *(.debug_frame)
 .debug_frame   0x00000000       0xe4 main.o
 .debug_frame   0x000000e4       0x20 Cstartup_SAM7.o
 .debug_frame   0x00000104       0xa4 syscalls.o
 .debug_frame   0x000001a8       0xc0 cdc_enumerate.o
 .debug_frame   0x00000268       0x80 adc.o
 .debug_frame   0x000002e8       0x58 pwm.o
 .debug_frame   0x00000340       0x48 aic.o
 .debug_frame   0x00000388       0x20 async.o
 .debug_frame   0x000003a8       0x3c delay.o
 .debug_frame   0x000003e4       0x40 math.o
 .debug_frame   0x00000424       0x28 /usr/local/arm/lib/gcc/arm-elf/4.1.0/../../../../arm-elf/lib/thumb/interwork/libc.a(memcpy.o)
 .debug_frame   0x0000044c       0x50 /usr/local/arm/lib/gcc/arm-elf/4.1.0/../../../../arm-elf/lib/thumb/interwork/libc.a(sprintf.o)
 .debug_frame   0x0000049c       0x2c /usr/local/arm/lib/gcc/arm-elf/4.1.0/../../../../arm-elf/lib/thumb/interwork/libc.a(strcmp.o)
 .debug_frame   0x000004c8       0x2c /usr/local/arm/lib/gcc/arm-elf/4.1.0/../../../../arm-elf/lib/thumb/interwork/libc.a(strcpy.o)
 .debug_frame   0x000004f4       0x2c /usr/local/arm/lib/gcc/arm-elf/4.1.0/../../../../arm-elf/lib/thumb/interwork/libc.a(strlen.o)
 .debug_frame   0x00000520       0x28 /usr/local/arm/lib/gcc/arm-elf/4.1.0/../../../../arm-elf/lib/thumb/interwork/libc.a(strtok.o)
 .debug_frame   0x00000548       0x48 /usr/local/arm/lib/gcc/arm-elf/4.1.0/../../../../arm-elf/lib/thumb/interwork/libc.a(strtok_r.o)
 .debug_frame   0x00000590       0x70 /usr/local/arm/lib/gcc/arm-elf/4.1.0/../../../../arm-elf/lib/thumb/interwork/libc.a(vfprintf.o)
 .debug_frame   0x00000600       0x48 /usr/local/arm/lib/gcc/arm-elf/4.1.0/../../../../arm-elf/lib/thumb/interwork/libc.a(wcrtomb.o)
 .debug_frame   0x00000648       0x5c /usr/local/arm/lib/gcc/arm-elf/4.1.0/../../../../arm-elf/lib/thumb/interwork/libc.a(wcsrtombs.o)
 .debug_frame   0x000006a4       0x30 /usr/local/arm/lib/gcc/arm-elf/4.1.0/../../../../arm-elf/lib/thumb/interwork/libc.a(wctomb_r.o)
 .debug_frame   0x000006d4       0x2c /usr/local/arm/lib/gcc/arm-elf/4.1.0/../../../../arm-elf/lib/thumb/interwork/libc.a(wsetup.o)
 .debug_frame   0x00000700       0x68 /usr/local/arm/lib/gcc/arm-elf/4.1.0/../../../../arm-elf/lib/thumb/interwork/libc.a(dtoa.o)
 .debug_frame   0x00000768       0x2c /usr/local/arm/lib/gcc/arm-elf/4.1.0/../../../../arm-elf/lib/thumb/interwork/libc.a(fflush.o)
 .debug_frame   0x00000794      0x130 /usr/local/arm/lib/gcc/arm-elf/4.1.0/../../../../arm-elf/lib/thumb/interwork/libc.a(findfp.o)
 .debug_frame   0x000008c4       0x54 /usr/local/arm/lib/gcc/arm-elf/4.1.0/../../../../arm-elf/lib/thumb/interwork/libc.a(freer.o)
 .debug_frame   0x00000918       0x3c /usr/local/arm/lib/gcc/arm-elf/4.1.0/../../../../arm-elf/lib/thumb/interwork/libc.a(fvwrite.o)
 .debug_frame   0x00000954       0x5c /usr/local/arm/lib/gcc/arm-elf/4.1.0/../../../../arm-elf/lib/thumb/interwork/libc.a(fwalk.o)
 .debug_frame   0x000009b0       0x80 /usr/local/arm/lib/gcc/arm-elf/4.1.0/../../../../arm-elf/lib/thumb/interwork/libc.a(locale.o)
 .debug_frame   0x00000a30       0x30 /usr/local/arm/lib/gcc/arm-elf/4.1.0/../../../../arm-elf/lib/thumb/interwork/libc.a(makebuf.o)
 .debug_frame   0x00000a60       0x3c /usr/local/arm/lib/gcc/arm-elf/4.1.0/../../../../arm-elf/lib/thumb/interwork/libc.a(mallocr.o)
 .debug_frame   0x00000a9c       0x38 /usr/local/arm/lib/gcc/arm-elf/4.1.0/../../../../arm-elf/lib/thumb/interwork/libc.a(memchr.o)
 .debug_frame   0x00000ad4       0x2c /usr/local/arm/lib/gcc/arm-elf/4.1.0/../../../../arm-elf/lib/thumb/interwork/libc.a(memmove.o)
 .debug_frame   0x00000b00       0x2c /usr/local/arm/lib/gcc/arm-elf/4.1.0/../../../../arm-elf/lib/thumb/interwork/libc.a(memset.o)
 .debug_frame   0x00000b2c       0x30 /usr/local/arm/lib/gcc/arm-elf/4.1.0/../../../../arm-elf/lib/thumb/interwork/libc.a(mlock.o)
 .debug_frame   0x00000b5c      0x224 /usr/local/arm/lib/gcc/arm-elf/4.1.0/../../../../arm-elf/lib/thumb/interwork/libc.a(mprec.o)
 .debug_frame   0x00000d80       0x3c /usr/local/arm/lib/gcc/arm-elf/4.1.0/../../../../arm-elf/lib/thumb/interwork/libc.a(reallocr.o)
 .debug_frame   0x00000dbc       0x20 /usr/local/arm/lib/gcc/arm-elf/4.1.0/../../../../arm-elf/lib/thumb/interwork/libc.a(s_isinf.o)
 .debug_frame   0x00000ddc       0x20 /usr/local/arm/lib/gcc/arm-elf/4.1.0/../../../../arm-elf/lib/thumb/interwork/libc.a(s_isnan.o)
 .debug_frame   0x00000dfc       0x80 /usr/local/arm/lib/gcc/arm-elf/4.1.0/../../../../arm-elf/lib/thumb/interwork/libc.a(stdio.o)
 .debug_frame   0x00000e7c       0x28 /usr/local/arm/lib/gcc/arm-elf/4.1.0/../../../../arm-elf/lib/thumb/interwork/libc.a(callocr.o)
 .debug_frame   0x00000ea4       0x44 /usr/local/arm/lib/gcc/arm-elf/4.1.0/../../../../arm-elf/lib/thumb/interwork/libc.a(fclose.o)
 .debug_frame   0x00000ee8       0x28 /usr/local/arm/lib/gcc/arm-elf/4.1.0/thumb/interwork/libgcc.a(_udivsi3.o)
 .debug_frame   0x00000f10       0x28 /usr/local/arm/lib/gcc/arm-elf/4.1.0/thumb/interwork/libgcc.a(_divsi3.o)
 .debug_frame   0x00000f38       0x28 /usr/local/arm/lib/gcc/arm-elf/4.1.0/thumb/interwork/libgcc.a(_umodsi3.o)
 .debug_frame   0x00000f60       0x28 /usr/local/arm/lib/gcc/arm-elf/4.1.0/thumb/interwork/libgcc.a(_modsi3.o)
 .debug_frame   0x00000f88       0xb4 /usr/local/arm/lib/gcc/arm-elf/4.1.0/thumb/interwork/libgcc.a(_addsub_df.o)
 .debug_frame   0x0000103c       0x74 /usr/local/arm/lib/gcc/arm-elf/4.1.0/thumb/interwork/libgcc.a(_mul_df.o)
 .debug_frame   0x000010b0       0x70 /usr/local/arm/lib/gcc/arm-elf/4.1.0/thumb/interwork/libgcc.a(_div_df.o)
 .debug_frame   0x00001120       0x3c /usr/local/arm/lib/gcc/arm-elf/4.1.0/thumb/interwork/libgcc.a(_eq_df.o)
 .debug_frame   0x0000115c       0x3c /usr/local/arm/lib/gcc/arm-elf/4.1.0/thumb/interwork/libgcc.a(_ne_df.o)
 .debug_frame   0x00001198       0x3c /usr/local/arm/lib/gcc/arm-elf/4.1.0/thumb/interwork/libgcc.a(_gt_df.o)
 .debug_frame   0x000011d4       0x3c /usr/local/arm/lib/gcc/arm-elf/4.1.0/thumb/interwork/libgcc.a(_ge_df.o)
 .debug_frame   0x00001210       0x3c /usr/local/arm/lib/gcc/arm-elf/4.1.0/thumb/interwork/libgcc.a(_lt_df.o)
 .debug_frame   0x0000124c       0x2c /usr/local/arm/lib/gcc/arm-elf/4.1.0/thumb/interwork/libgcc.a(_si_to_df.o)
 .debug_frame   0x00001278       0x60 /usr/local/arm/lib/gcc/arm-elf/4.1.0/thumb/interwork/libgcc.a(_df_to_si.o)
 .debug_frame   0x000012d8       0x38 /usr/local/arm/lib/gcc/arm-elf/4.1.0/thumb/interwork/libgcc.a(_muldi3.o)
 .debug_frame   0x00001310       0x60 /usr/local/arm/lib/gcc/arm-elf/4.1.0/thumb/interwork/libgcc.a(_pack_df.o)
 .debug_frame   0x00001370       0x30 /usr/local/arm/lib/gcc/arm-elf/4.1.0/thumb/interwork/libgcc.a(_unpack_df.o)
 .debug_frame   0x000013a0       0x5c /usr/local/arm/lib/gcc/arm-elf/4.1.0/thumb/interwork/libgcc.a(_fpcmp_parts_df.o)

.debug_str      0x00000000     0x281c
 *(.debug_str)
 .debug_str     0x00000000      0x6ef main.o
                                0x765 (size before relaxing)
 .debug_str     0x000006ef       0x23 Cstartup_SAM7.o
                                0x177 (size before relaxing)
 .debug_str     0x00000712      0x5d5 syscalls.o
                                0x72e (size before relaxing)
 .debug_str     0x00000ce7      0x19f cdc_enumerate.o
                                0x362 (size before relaxing)
 .debug_str     0x00000e86      0x187 adc.o
                                0x2d6 (size before relaxing)
 .debug_str     0x0000100d       0x93 pwm.o
                                0x29d (size before relaxing)
 .debug_str     0x000010a0       0x40 aic.o
                                 0xcb (size before relaxing)
 .debug_str     0x000010e0       0x40 async.o
                                 0xda (size before relaxing)
 .debug_str     0x00001120       0x20 delay.o
                                 0x8c (size before relaxing)
 .debug_str     0x00001140       0x12 math.o
                                 0x93 (size before relaxing)
 .debug_str     0x00001152       0xca /usr/local/arm/lib/gcc/arm-elf/4.1.0/../../../../arm-elf/lib/thumb/interwork/libc.a(memcpy.o)
                                 0xfd (size before relaxing)
 .debug_str     0x0000121c       0xbd /usr/local/arm/lib/gcc/arm-elf/4.1.0/../../../../arm-elf/lib/thumb/interwork/libc.a(sprintf.o)
                                0x500 (size before relaxing)
 .debug_str     0x000012d9       0x4d /usr/local/arm/lib/gcc/arm-elf/4.1.0/../../../../arm-elf/lib/thumb/interwork/libc.a(strcmp.o)
                                0x12c (size before relaxing)
 .debug_str     0x00001326       0x4d /usr/local/arm/lib/gcc/arm-elf/4.1.0/../../../../arm-elf/lib/thumb/interwork/libc.a(strcpy.o)
                                0x14e (size before relaxing)
 .debug_str     0x00001373       0x60 /usr/local/arm/lib/gcc/arm-elf/4.1.0/../../../../arm-elf/lib/thumb/interwork/libc.a(strlen.o)
                                0x146 (size before relaxing)
 .debug_str     0x000013d3       0x4d /usr/local/arm/lib/gcc/arm-elf/4.1.0/../../../../arm-elf/lib/thumb/interwork/libc.a(strtok.o)
                                0x4d3 (size before relaxing)
 .debug_str     0x00001420       0x77 /usr/local/arm/lib/gcc/arm-elf/4.1.0/../../../../arm-elf/lib/thumb/interwork/libc.a(strtok_r.o)
                                0x165 (size before relaxing)
 .debug_str     0x00001497      0x1bf /usr/local/arm/lib/gcc/arm-elf/4.1.0/../../../../arm-elf/lib/thumb/interwork/libc.a(vfprintf.o)
                                0x6d1 (size before relaxing)
 .debug_str     0x00001656       0xb7 /usr/local/arm/lib/gcc/arm-elf/4.1.0/../../../../arm-elf/lib/thumb/interwork/libc.a(wcrtomb.o)
                                0x506 (size before relaxing)
 .debug_str     0x0000170d       0x6a /usr/local/arm/lib/gcc/arm-elf/4.1.0/../../../../arm-elf/lib/thumb/interwork/libc.a(wcsrtombs.o)
                                0x51b (size before relaxing)
 .debug_str     0x00001777       0x6f /usr/local/arm/lib/gcc/arm-elf/4.1.0/../../../../arm-elf/lib/thumb/interwork/libc.a(wctomb_r.o)
                                0x4fb (size before relaxing)
 .debug_str     0x000017e6       0x4f /usr/local/arm/lib/gcc/arm-elf/4.1.0/../../../../arm-elf/lib/thumb/interwork/libc.a(wsetup.o)
                                0x4df (size before relaxing)
 .debug_str     0x00001835      0x10d /usr/local/arm/lib/gcc/arm-elf/4.1.0/../../../../arm-elf/lib/thumb/interwork/libc.a(dtoa.o)
                                0x5d6 (size before relaxing)
 .debug_str     0x00001942       0x5f /usr/local/arm/lib/gcc/arm-elf/4.1.0/../../../../arm-elf/lib/thumb/interwork/libc.a(fflush.o)
                                0x4ef (size before relaxing)
 .debug_str     0x000019a1      0x10d /usr/local/arm/lib/gcc/arm-elf/4.1.0/../../../../arm-elf/lib/thumb/interwork/libc.a(findfp.o)
                                0x5c9 (size before relaxing)
 .debug_str     0x00001aae      0x166 /usr/local/arm/lib/gcc/arm-elf/4.1.0/../../../../arm-elf/lib/thumb/interwork/libc.a(freer.o)
                                0x618 (size before relaxing)
 .debug_str     0x00001c14       0x67 /usr/local/arm/lib/gcc/arm-elf/4.1.0/../../../../arm-elf/lib/thumb/interwork/libc.a(fvwrite.o)
                                0x53a (size before relaxing)
 .debug_str     0x00001c7b       0x69 /usr/local/arm/lib/gcc/arm-elf/4.1.0/../../../../arm-elf/lib/thumb/interwork/libc.a(fwalk.o)
                                0x50a (size before relaxing)
 .debug_str     0x00001ce4       0xa6 /usr/local/arm/lib/gcc/arm-elf/4.1.0/../../../../arm-elf/lib/thumb/interwork/libc.a(impure.o)
                                0x4e3 (size before relaxing)
 .debug_str     0x00001d8a      0x1ef /usr/local/arm/lib/gcc/arm-elf/4.1.0/../../../../arm-elf/lib/thumb/interwork/libc.a(locale.o)
                                0x672 (size before relaxing)
 .debug_str     0x00001f79       0x5c /usr/local/arm/lib/gcc/arm-elf/4.1.0/../../../../arm-elf/lib/thumb/interwork/libc.a(makebuf.o)
                                0x5c6 (size before relaxing)
 .debug_str     0x00001fd5       0xe9 /usr/local/arm/lib/gcc/arm-elf/4.1.0/../../../../arm-elf/lib/thumb/interwork/libc.a(mallocr.o)
                                0x6c6 (size before relaxing)
 .debug_str     0x000020be       0x62 /usr/local/arm/lib/gcc/arm-elf/4.1.0/../../../../arm-elf/lib/thumb/interwork/libc.a(memchr.o)
                                0x154 (size before relaxing)
 .debug_str     0x00002120       0x58 /usr/local/arm/lib/gcc/arm-elf/4.1.0/../../../../arm-elf/lib/thumb/interwork/libc.a(memmove.o)
                                0x166 (size before relaxing)
 .debug_str     0x00002178       0x4d /usr/local/arm/lib/gcc/arm-elf/4.1.0/../../../../arm-elf/lib/thumb/interwork/libc.a(memset.o)
                                0x147 (size before relaxing)
 .debug_str     0x000021c5       0x78 /usr/local/arm/lib/gcc/arm-elf/4.1.0/../../../../arm-elf/lib/thumb/interwork/libc.a(mlock.o)
                                0x4ec (size before relaxing)
 .debug_str     0x0000223d       0xde /usr/local/arm/lib/gcc/arm-elf/4.1.0/../../../../arm-elf/lib/thumb/interwork/libc.a(mprec.o)
                                0x5be (size before relaxing)
 .debug_str     0x0000231b       0x61 /usr/local/arm/lib/gcc/arm-elf/4.1.0/../../../../arm-elf/lib/thumb/interwork/libc.a(reallocr.o)
                                0x598 (size before relaxing)
 .debug_str     0x0000237c       0xa9 /usr/local/arm/lib/gcc/arm-elf/4.1.0/../../../../arm-elf/lib/thumb/interwork/libc.a(s_isinf.o)
                                0x157 (size before relaxing)
 .debug_str     0x00002425       0x4b /usr/local/arm/lib/gcc/arm-elf/4.1.0/../../../../arm-elf/lib/thumb/interwork/libc.a(s_isnan.o)
                                0x157 (size before relaxing)
 .debug_str     0x00002470       0x6d /usr/local/arm/lib/gcc/arm-elf/4.1.0/../../../../arm-elf/lib/thumb/interwork/libc.a(stdio.o)
                                0x512 (size before relaxing)
 .debug_str     0x000024dd       0x19 /usr/local/arm/lib/gcc/arm-elf/4.1.0/../../../../arm-elf/lib/thumb/interwork/libc.a(callocr.o)
                                0x517 (size before relaxing)
 .debug_str     0x000024f6       0x56 /usr/local/arm/lib/gcc/arm-elf/4.1.0/../../../../arm-elf/lib/thumb/interwork/libc.a(fclose.o)
                                0x4eb (size before relaxing)
 .debug_str     0x0000254c      0x161 /usr/local/arm/lib/gcc/arm-elf/4.1.0/thumb/interwork/libgcc.a(_addsub_df.o)
                                0x220 (size before relaxing)
 .debug_str     0x000026ad       0x45 /usr/local/arm/lib/gcc/arm-elf/4.1.0/thumb/interwork/libgcc.a(_mul_df.o)
                                0x1f8 (size before relaxing)
 .debug_str     0x000026f2       0x35 /usr/local/arm/lib/gcc/arm-elf/4.1.0/thumb/interwork/libgcc.a(_div_df.o)
                                0x1e8 (size before relaxing)
 .debug_str     0x00002727        0x8 /usr/local/arm/lib/gcc/arm-elf/4.1.0/thumb/interwork/libgcc.a(_eq_df.o)
                                0x1b5 (size before relaxing)
 .debug_str     0x0000272f        0x8 /usr/local/arm/lib/gcc/arm-elf/4.1.0/thumb/interwork/libgcc.a(_ne_df.o)
                                0x1b5 (size before relaxing)
 .debug_str     0x00002737        0x8 /usr/local/arm/lib/gcc/arm-elf/4.1.0/thumb/interwork/libgcc.a(_gt_df.o)
                                0x1b5 (size before relaxing)
 .debug_str     0x0000273f        0x8 /usr/local/arm/lib/gcc/arm-elf/4.1.0/thumb/interwork/libgcc.a(_ge_df.o)
                                0x1b5 (size before relaxing)
 .debug_str     0x00002747        0x8 /usr/local/arm/lib/gcc/arm-elf/4.1.0/thumb/interwork/libgcc.a(_lt_df.o)
                                0x1b5 (size before relaxing)
 .debug_str     0x0000274f        0xc /usr/local/arm/lib/gcc/arm-elf/4.1.0/thumb/interwork/libgcc.a(_si_to_df.o)
                                0x183 (size before relaxing)
 .debug_str     0x0000275b        0xa /usr/local/arm/lib/gcc/arm-elf/4.1.0/thumb/interwork/libgcc.a(_df_to_si.o)
                                0x1be (size before relaxing)
 .debug_str     0x00002765        0x0 /usr/local/arm/lib/gcc/arm-elf/4.1.0/thumb/interwork/libgcc.a(_thenan_df.o)
                                0x15a (size before relaxing)
 .debug_str     0x00002765       0x84 /usr/local/arm/lib/gcc/arm-elf/4.1.0/thumb/interwork/libgcc.a(_muldi3.o)
                                0x168 (size before relaxing)
 .debug_str     0x000027e9       0x10 /usr/local/arm/lib/gcc/arm-elf/4.1.0/thumb/interwork/libgcc.a(_pack_df.o)
                                0x1bd (size before relaxing)
 .debug_str     0x000027f9       0x13 /usr/local/arm/lib/gcc/arm-elf/4.1.0/thumb/interwork/libgcc.a(_unpack_df.o)
                                0x1a7 (size before relaxing)
 .debug_str     0x0000280c       0x10 /usr/local/arm/lib/gcc/arm-elf/4.1.0/thumb/interwork/libgcc.a(_fpcmp_parts_df.o)
                                0x17d (size before relaxing)

.debug_loc      0x00000000     0xa4b4
 *(.debug_loc)
 .debug_loc     0x00000000      0x10e main.o
 .debug_loc     0x0000010e      0x1b6 syscalls.o
 .debug_loc     0x000002c4      0x4e0 cdc_enumerate.o
 .debug_loc     0x000007a4      0x1f8 pwm.o
 .debug_loc     0x0000099c       0x32 aic.o
 .debug_loc     0x000009ce       0x13 async.o
 .debug_loc     0x000009e1       0x3d delay.o
 .debug_loc     0x00000a1e       0x44 math.o
 .debug_loc     0x00000a62      0x151 /usr/local/arm/lib/gcc/arm-elf/4.1.0/../../../../arm-elf/lib/thumb/interwork/libc.a(memcpy.o)
 .debug_loc     0x00000bb3       0xa9 /usr/local/arm/lib/gcc/arm-elf/4.1.0/../../../../arm-elf/lib/thumb/interwork/libc.a(sprintf.o)
 .debug_loc     0x00000c5c       0xb8 /usr/local/arm/lib/gcc/arm-elf/4.1.0/../../../../arm-elf/lib/thumb/interwork/libc.a(strcmp.o)
 .debug_loc     0x00000d14       0xd3 /usr/local/arm/lib/gcc/arm-elf/4.1.0/../../../../arm-elf/lib/thumb/interwork/libc.a(strcpy.o)
 .debug_loc     0x00000de7       0x5b /usr/local/arm/lib/gcc/arm-elf/4.1.0/../../../../arm-elf/lib/thumb/interwork/libc.a(strlen.o)
 .debug_loc     0x00000e42       0x45 /usr/local/arm/lib/gcc/arm-elf/4.1.0/../../../../arm-elf/lib/thumb/interwork/libc.a(strtok.o)
 .debug_loc     0x00000e87      0x1a4 /usr/local/arm/lib/gcc/arm-elf/4.1.0/../../../../arm-elf/lib/thumb/interwork/libc.a(strtok_r.o)
 .debug_loc     0x0000102b     0x1d2e /usr/local/arm/lib/gcc/arm-elf/4.1.0/../../../../arm-elf/lib/thumb/interwork/libc.a(vfprintf.o)
 .debug_loc     0x00002d59      0x15b /usr/local/arm/lib/gcc/arm-elf/4.1.0/../../../../arm-elf/lib/thumb/interwork/libc.a(wcrtomb.o)
 .debug_loc     0x00002eb4      0x31c /usr/local/arm/lib/gcc/arm-elf/4.1.0/../../../../arm-elf/lib/thumb/interwork/libc.a(wcsrtombs.o)
 .debug_loc     0x000031d0      0x27f /usr/local/arm/lib/gcc/arm-elf/4.1.0/../../../../arm-elf/lib/thumb/interwork/libc.a(wctomb_r.o)
 .debug_loc     0x0000344f       0x48 /usr/local/arm/lib/gcc/arm-elf/4.1.0/../../../../arm-elf/lib/thumb/interwork/libc.a(wsetup.o)
 .debug_loc     0x00003497     0x1e23 /usr/local/arm/lib/gcc/arm-elf/4.1.0/../../../../arm-elf/lib/thumb/interwork/libc.a(dtoa.o)
 .debug_loc     0x000052ba       0xe4 /usr/local/arm/lib/gcc/arm-elf/4.1.0/../../../../arm-elf/lib/thumb/interwork/libc.a(fflush.o)
 .debug_loc     0x0000539e      0x26a /usr/local/arm/lib/gcc/arm-elf/4.1.0/../../../../arm-elf/lib/thumb/interwork/libc.a(findfp.o)
 .debug_loc     0x00005608      0x419 /usr/local/arm/lib/gcc/arm-elf/4.1.0/../../../../arm-elf/lib/thumb/interwork/libc.a(freer.o)
 .debug_loc     0x00005a21      0x38f /usr/local/arm/lib/gcc/arm-elf/4.1.0/../../../../arm-elf/lib/thumb/interwork/libc.a(fvwrite.o)
 .debug_loc     0x00005db0      0x263 /usr/local/arm/lib/gcc/arm-elf/4.1.0/../../../../arm-elf/lib/thumb/interwork/libc.a(fwalk.o)
 .debug_loc     0x00006013      0x13d /usr/local/arm/lib/gcc/arm-elf/4.1.0/../../../../arm-elf/lib/thumb/interwork/libc.a(locale.o)
 .debug_loc     0x00006150       0xb2 /usr/local/arm/lib/gcc/arm-elf/4.1.0/../../../../arm-elf/lib/thumb/interwork/libc.a(makebuf.o)
 .debug_loc     0x00006202      0xa5e /usr/local/arm/lib/gcc/arm-elf/4.1.0/../../../../arm-elf/lib/thumb/interwork/libc.a(mallocr.o)
 .debug_loc     0x00006c60      0x1b5 /usr/local/arm/lib/gcc/arm-elf/4.1.0/../../../../arm-elf/lib/thumb/interwork/libc.a(memchr.o)
 .debug_loc     0x00006e15      0x1ca /usr/local/arm/lib/gcc/arm-elf/4.1.0/../../../../arm-elf/lib/thumb/interwork/libc.a(memmove.o)
 .debug_loc     0x00006fdf      0x15f /usr/local/arm/lib/gcc/arm-elf/4.1.0/../../../../arm-elf/lib/thumb/interwork/libc.a(memset.o)
 .debug_loc     0x0000713e     0x1418 /usr/local/arm/lib/gcc/arm-elf/4.1.0/../../../../arm-elf/lib/thumb/interwork/libc.a(mprec.o)
 .debug_loc     0x00008556      0xad5 /usr/local/arm/lib/gcc/arm-elf/4.1.0/../../../../arm-elf/lib/thumb/interwork/libc.a(reallocr.o)
 .debug_loc     0x0000902b       0x36 /usr/local/arm/lib/gcc/arm-elf/4.1.0/../../../../arm-elf/lib/thumb/interwork/libc.a(s_isinf.o)
 .debug_loc     0x00009061       0x18 /usr/local/arm/lib/gcc/arm-elf/4.1.0/../../../../arm-elf/lib/thumb/interwork/libc.a(s_isnan.o)
 .debug_loc     0x00009079      0x231 /usr/local/arm/lib/gcc/arm-elf/4.1.0/../../../../arm-elf/lib/thumb/interwork/libc.a(stdio.o)
 .debug_loc     0x000092aa       0xff /usr/local/arm/lib/gcc/arm-elf/4.1.0/../../../../arm-elf/lib/thumb/interwork/libc.a(callocr.o)
 .debug_loc     0x000093a9       0xe2 /usr/local/arm/lib/gcc/arm-elf/4.1.0/../../../../arm-elf/lib/thumb/interwork/libc.a(fclose.o)
 .debug_loc     0x0000948b      0x42a /usr/local/arm/lib/gcc/arm-elf/4.1.0/thumb/interwork/libgcc.a(_addsub_df.o)
 .debug_loc     0x000098b5      0x250 /usr/local/arm/lib/gcc/arm-elf/4.1.0/thumb/interwork/libgcc.a(_mul_df.o)
 .debug_loc     0x00009b05      0x191 /usr/local/arm/lib/gcc/arm-elf/4.1.0/thumb/interwork/libgcc.a(_div_df.o)
 .debug_loc     0x00009c96       0x6f /usr/local/arm/lib/gcc/arm-elf/4.1.0/thumb/interwork/libgcc.a(_eq_df.o)
 .debug_loc     0x00009d05       0x6f /usr/local/arm/lib/gcc/arm-elf/4.1.0/thumb/interwork/libgcc.a(_ne_df.o)
 .debug_loc     0x00009d74       0x6f /usr/local/arm/lib/gcc/arm-elf/4.1.0/thumb/interwork/libgcc.a(_gt_df.o)
 .debug_loc     0x00009de3       0x6f /usr/local/arm/lib/gcc/arm-elf/4.1.0/thumb/interwork/libgcc.a(_ge_df.o)
 .debug_loc     0x00009e52       0x6f /usr/local/arm/lib/gcc/arm-elf/4.1.0/thumb/interwork/libgcc.a(_lt_df.o)
 .debug_loc     0x00009ec1       0x54 /usr/local/arm/lib/gcc/arm-elf/4.1.0/thumb/interwork/libgcc.a(_si_to_df.o)
 .debug_loc     0x00009f15       0xd1 /usr/local/arm/lib/gcc/arm-elf/4.1.0/thumb/interwork/libgcc.a(_df_to_si.o)
 .debug_loc     0x00009fe6      0x161 /usr/local/arm/lib/gcc/arm-elf/4.1.0/thumb/interwork/libgcc.a(_muldi3.o)
 .debug_loc     0x0000a147      0x1f7 /usr/local/arm/lib/gcc/arm-elf/4.1.0/thumb/interwork/libgcc.a(_pack_df.o)
 .debug_loc     0x0000a33e       0xab /usr/local/arm/lib/gcc/arm-elf/4.1.0/thumb/interwork/libgcc.a(_unpack_df.o)
 .debug_loc     0x0000a3e9       0xcb /usr/local/arm/lib/gcc/arm-elf/4.1.0/thumb/interwork/libgcc.a(_fpcmp_parts_df.o)

.debug_macinfo
 *(.debug_macinfo)

.debug_weaknames
 *(.debug_weaknames)

.debug_funcnames
 *(.debug_funcnames)

.debug_typenames
 *(.debug_typenames)

.debug_varnames
 *(.debug_varnames)
OUTPUT(main.elf elf32-littlearm)

.reset          0x00000000        0x0

.debug_ranges   0x00000000      0x8f0
 .debug_ranges  0x00000000      0x320 main.o
 .debug_ranges  0x00000320       0x48 pwm.o
 .debug_ranges  0x00000368      0x170 /usr/local/arm/lib/gcc/arm-elf/4.1.0/../../../../arm-elf/lib/thumb/interwork/libc.a(vfprintf.o)
 .debug_ranges  0x000004d8       0x20 /usr/local/arm/lib/gcc/arm-elf/4.1.0/../../../../arm-elf/lib/thumb/interwork/libc.a(wcsrtombs.o)
 .debug_ranges  0x000004f8       0x60 /usr/local/arm/lib/gcc/arm-elf/4.1.0/../../../../arm-elf/lib/thumb/interwork/libc.a(wctomb_r.o)
 .debug_ranges  0x00000558       0x18 /usr/local/arm/lib/gcc/arm-elf/4.1.0/../../../../arm-elf/lib/thumb/interwork/libc.a(fvwrite.o)
 .debug_ranges  0x00000570       0x90 /usr/local/arm/lib/gcc/arm-elf/4.1.0/../../../../arm-elf/lib/thumb/interwork/libc.a(fwalk.o)
 .debug_ranges  0x00000600       0x80 /usr/local/arm/lib/gcc/arm-elf/4.1.0/../../../../arm-elf/lib/thumb/interwork/libc.a(mallocr.o)
 .debug_ranges  0x00000680      0x110 /usr/local/arm/lib/gcc/arm-elf/4.1.0/../../../../arm-elf/lib/thumb/interwork/libc.a(reallocr.o)
 .debug_ranges  0x00000790       0x30 /usr/local/arm/lib/gcc/arm-elf/4.1.0/../../../../arm-elf/lib/thumb/interwork/libc.a(callocr.o)
 .debug_ranges  0x000007c0       0x20 /usr/local/arm/lib/gcc/arm-elf/4.1.0/thumb/interwork/libgcc.a(_addsub_df.o)
 .debug_ranges  0x000007e0       0x58 /usr/local/arm/lib/gcc/arm-elf/4.1.0/thumb/interwork/libgcc.a(_mul_df.o)
 .debug_ranges  0x00000838       0x48 /usr/local/arm/lib/gcc/arm-elf/4.1.0/thumb/interwork/libgcc.a(_div_df.o)
 .debug_ranges  0x00000880       0x30 /usr/local/arm/lib/gcc/arm-elf/4.1.0/thumb/interwork/libgcc.a(_muldi3.o)
 .debug_ranges  0x000008b0       0x40 /usr/local/arm/lib/gcc/arm-elf/4.1.0/thumb/interwork/libgcc.a(_pack_df.o)

Cross Reference Table

Symbol                                            File
AIC_ConfigureIT                                   aic.o
AIC_DisableIT                                     aic.o
AIC_EnableIT                                      aic.o
ASYNC_IsFinished                                  async.o
AT91FUSBOpen                                      main.o
AT91F_CDC_Open                                    cdc_enumerate.o
                                                  main.o
AT91F_Default_FIQ_handler                         Cstartup.o
                                                  Cstartup_SAM7.o
AT91F_Default_IRQ_handler                         Cstartup.o
                                                  Cstartup_SAM7.o
AT91F_LowLevelInit                                Cstartup_SAM7.o
                                                  Cstartup.o
AT91F_Spurious_handler                            Cstartup.o
                                                  Cstartup_SAM7.o
AT91F_USB_SendStall                               cdc_enumerate.o
AT91F_USB_SendZlp                                 cdc_enumerate.o
FIQHandler                                        main.o
IRQ0Handler                                       main.o
IRQ1Handler                                       main.o
IRQ_Handler_Entry                                 Cstartup.o
InitADC                                           adc.o
                                                  main.o
Top_Stack                                         Cstartup.o
_Balloc                                           /usr/local/arm/lib/gcc/arm-elf/4.1.0/../../../../arm-elf/lib/thumb/interwork/libc.a(mprec.o)
                                                  /usr/local/arm/lib/gcc/arm-elf/4.1.0/../../../../arm-elf/lib/thumb/interwork/libc.a(dtoa.o)
_Bfree                                            /usr/local/arm/lib/gcc/arm-elf/4.1.0/../../../../arm-elf/lib/thumb/interwork/libc.a(mprec.o)
                                                  /usr/local/arm/lib/gcc/arm-elf/4.1.0/../../../../arm-elf/lib/thumb/interwork/libc.a(dtoa.o)
_PathLocale                                       /usr/local/arm/lib/gcc/arm-elf/4.1.0/../../../../arm-elf/lib/thumb/interwork/libc.a(locale.o)
____udivsi3_from_arm                              /usr/local/arm/lib/gcc/arm-elf/4.1.0/thumb/interwork/libgcc.a(_fpcmp_parts_df.o)
___close_r_change_to_arm                          /usr/local/arm/lib/gcc/arm-elf/4.1.0/thumb/interwork/libgcc.a(_fpcmp_parts_df.o)
___close_r_from_thumb                             /usr/local/arm/lib/gcc/arm-elf/4.1.0/thumb/interwork/libgcc.a(_fpcmp_parts_df.o)
___fstat_r_change_to_arm                          /usr/local/arm/lib/gcc/arm-elf/4.1.0/thumb/interwork/libgcc.a(_fpcmp_parts_df.o)
___fstat_r_from_thumb                             /usr/local/arm/lib/gcc/arm-elf/4.1.0/thumb/interwork/libgcc.a(_fpcmp_parts_df.o)