Archive member included because of file (symbol)

/home/maska/ATMEL/arm-gnu-toolchain-linux-2/bin/../lib/gcc/arm-elf/4.1.0/../../../../arm-elf/lib/libc.a(atoi.o)
                              main.o (atoi)
/home/maska/ATMEL/arm-gnu-toolchain-linux-2/bin/../lib/gcc/arm-elf/4.1.0/../../../../arm-elf/lib/libc.a(memcpy.o)
                              main.o (memcpy)
/home/maska/ATMEL/arm-gnu-toolchain-linux-2/bin/../lib/gcc/arm-elf/4.1.0/../../../../arm-elf/lib/libc.a(sprintf.o)
                              main.o (sprintf)
/home/maska/ATMEL/arm-gnu-toolchain-linux-2/bin/../lib/gcc/arm-elf/4.1.0/../../../../arm-elf/lib/libc.a(strcmp.o)
                              main.o (strcmp)
/home/maska/ATMEL/arm-gnu-toolchain-linux-2/bin/../lib/gcc/arm-elf/4.1.0/../../../../arm-elf/lib/libc.a(strlen.o)
                              main.o (strlen)
/home/maska/ATMEL/arm-gnu-toolchain-linux-2/bin/../lib/gcc/arm-elf/4.1.0/../../../../arm-elf/lib/libc.a(strtok.o)
                              main.o (strtok)
/home/maska/ATMEL/arm-gnu-toolchain-linux-2/bin/../lib/gcc/arm-elf/4.1.0/../../../../arm-elf/lib/libc.a(strtok_r.o)
                              /home/maska/ATMEL/arm-gnu-toolchain-linux-2/bin/../lib/gcc/arm-elf/4.1.0/../../../../arm-elf/lib/libc.a(strtok.o) (__strtok_r)
/home/maska/ATMEL/arm-gnu-toolchain-linux-2/bin/../lib/gcc/arm-elf/4.1.0/../../../../arm-elf/lib/libc.a(strtol.o)
                              /home/maska/ATMEL/arm-gnu-toolchain-linux-2/bin/../lib/gcc/arm-elf/4.1.0/../../../../arm-elf/lib/libc.a(atoi.o) (_strtol_r)
/home/maska/ATMEL/arm-gnu-toolchain-linux-2/bin/../lib/gcc/arm-elf/4.1.0/../../../../arm-elf/lib/libc.a(vfprintf.o)
                              /home/maska/ATMEL/arm-gnu-toolchain-linux-2/bin/../lib/gcc/arm-elf/4.1.0/../../../../arm-elf/lib/libc.a(sprintf.o) (_vfprintf_r)
/home/maska/ATMEL/arm-gnu-toolchain-linux-2/bin/../lib/gcc/arm-elf/4.1.0/../../../../arm-elf/lib/libc.a(wcrtomb.o)
                              /home/maska/ATMEL/arm-gnu-toolchain-linux-2/bin/../lib/gcc/arm-elf/4.1.0/../../../../arm-elf/lib/libc.a(vfprintf.o) (_wcrtomb_r)
/home/maska/ATMEL/arm-gnu-toolchain-linux-2/bin/../lib/gcc/arm-elf/4.1.0/../../../../arm-elf/lib/libc.a(wcsrtombs.o)
                              /home/maska/ATMEL/arm-gnu-toolchain-linux-2/bin/../lib/gcc/arm-elf/4.1.0/../../../../arm-elf/lib/libc.a(vfprintf.o) (_wcsrtombs_r)
/home/maska/ATMEL/arm-gnu-toolchain-linux-2/bin/../lib/gcc/arm-elf/4.1.0/../../../../arm-elf/lib/libc.a(wctomb_r.o)
                              /home/maska/ATMEL/arm-gnu-toolchain-linux-2/bin/../lib/gcc/arm-elf/4.1.0/../../../../arm-elf/lib/libc.a(wcrtomb.o) (_wctomb_r)
/home/maska/ATMEL/arm-gnu-toolchain-linux-2/bin/../lib/gcc/arm-elf/4.1.0/../../../../arm-elf/lib/libc.a(wsetup.o)
                              /home/maska/ATMEL/arm-gnu-toolchain-linux-2/bin/../lib/gcc/arm-elf/4.1.0/../../../../arm-elf/lib/libc.a(vfprintf.o) (__swsetup)
/home/maska/ATMEL/arm-gnu-toolchain-linux-2/bin/../lib/gcc/arm-elf/4.1.0/../../../../arm-elf/lib/libc.a(ctype_.o)
                              /home/maska/ATMEL/arm-gnu-toolchain-linux-2/bin/../lib/gcc/arm-elf/4.1.0/../../../../arm-elf/lib/libc.a(strtol.o) (__ctype_ptr)
/home/maska/ATMEL/arm-gnu-toolchain-linux-2/bin/../lib/gcc/arm-elf/4.1.0/../../../../arm-elf/lib/libc.a(dtoa.o)
                              /home/maska/ATMEL/arm-gnu-toolchain-linux-2/bin/../lib/gcc/arm-elf/4.1.0/../../../../arm-elf/lib/libc.a(vfprintf.o) (_dtoa_r)
/home/maska/ATMEL/arm-gnu-toolchain-linux-2/bin/../lib/gcc/arm-elf/4.1.0/../../../../arm-elf/lib/libc.a(fflush.o)
                              /home/maska/ATMEL/arm-gnu-toolchain-linux-2/bin/../lib/gcc/arm-elf/4.1.0/../../../../arm-elf/lib/libc.a(vfprintf.o) (fflush)
/home/maska/ATMEL/arm-gnu-toolchain-linux-2/bin/../lib/gcc/arm-elf/4.1.0/../../../../arm-elf/lib/libc.a(findfp.o)
                              /home/maska/ATMEL/arm-gnu-toolchain-linux-2/bin/../lib/gcc/arm-elf/4.1.0/../../../../arm-elf/lib/libc.a(vfprintf.o) (__sinit)
/home/maska/ATMEL/arm-gnu-toolchain-linux-2/bin/../lib/gcc/arm-elf/4.1.0/../../../../arm-elf/lib/libc.a(freer.o)
                              /home/maska/ATMEL/arm-gnu-toolchain-linux-2/bin/../lib/gcc/arm-elf/4.1.0/../../../../arm-elf/lib/libc.a(vfprintf.o) (_free_r)
/home/maska/ATMEL/arm-gnu-toolchain-linux-2/bin/../lib/gcc/arm-elf/4.1.0/../../../../arm-elf/lib/libc.a(fvwrite.o)
                              /home/maska/ATMEL/arm-gnu-toolchain-linux-2/bin/../lib/gcc/arm-elf/4.1.0/../../../../arm-elf/lib/libc.a(vfprintf.o) (__sfvwrite)
/home/maska/ATMEL/arm-gnu-toolchain-linux-2/bin/../lib/gcc/arm-elf/4.1.0/../../../../arm-elf/lib/libc.a(fwalk.o)
                              /home/maska/ATMEL/arm-gnu-toolchain-linux-2/bin/../lib/gcc/arm-elf/4.1.0/../../../../arm-elf/lib/libc.a(fflush.o) (_fwalk)
/home/maska/ATMEL/arm-gnu-toolchain-linux-2/bin/../lib/gcc/arm-elf/4.1.0/../../../../arm-elf/lib/libc.a(impure.o)
[...]
Memory Configuration

Name             Origin             Length             Attributes
CODE             0x00000000         0x00010000         xr
DATA             0x00200000         0x00004000         rw
STACK            0x00204000         0x00000000         rw
*default*        0x00000000         0xffffffff

Linker script and memory map

LOAD Cstartup.o
LOAD main.o
LOAD Cstartup_SAM7.o
LOAD syscalls.o
LOAD cdc_enumerate.o
LOAD adc.o
LOAD interrupt_Usart.o
LOAD fastfunc.o
LOAD /home/maska/ATMEL/arm-gnu-toolchain-linux-2/bin/../lib/gcc/arm-elf/4.1.0/../../../../arm-elf/lib/libc.a
LOAD /home/maska/ATMEL/arm-gnu-toolchain-linux-2/bin/../lib/gcc/arm-elf/4.1.0/../../../../arm-elf/lib/libm.a
LOAD /home/maska/ATMEL/arm-gnu-toolchain-linux-2/bin/../lib/gcc/arm-elf/4.1.0/../../../../arm-elf/lib/libc.a
LOAD /home/maska/ATMEL/arm-gnu-toolchain-linux-2/bin/../lib/gcc/arm-elf/4.1.0/libgcc.a
START GROUP
LOAD /home/maska/ATMEL/arm-gnu-toolchain-linux-2/bin/../lib/gcc/arm-elf/4.1.0/libgcc.a
LOAD /home/maska/ATMEL/arm-gnu-toolchain-linux-2/bin/../lib/gcc/arm-elf/4.1.0/../../../../arm-elf/lib/libg.a
LOAD /home/maska/ATMEL/arm-gnu-toolchain-linux-2/bin/../lib/gcc/arm-elf/4.1.0/../../../../arm-elf/lib/libc.a
END GROUP
                0x00000000                . = 0x0

.text           0x00000000     0xa188
 *Cstartup.o(.text)
 .text          0x00000000      0x13c Cstartup.o
                0x000000bc                IRQ_Handler_Entry
                0x0000010c                AT91F_Default_FIQ_handler
                0x00000000                _startup
                0x00000110                AT91F_Default_IRQ_handler
                0x00000114                AT91F_Spurious_handler
                0x000000b8                exit
 *(.text)
 .text          0x0000013c      0xdc4 main.o
                0x00000264                releasePosition
                0x00000c80                Init_PWM
                0x00000d10                setPosition
                0x00000244                clearLEDs
                0x0000027c                startBlinking
                0x000001cc                AT91F_USB_Open
                0x0000013c                flashInit
                0x00000c50                liftUp
                0x00000d88                main
                0x0000018c                printTrace
                0x000002dc                parseSettings
                0x00000c20                lowerDown
                0x00000160                Delay
                0x0000021c                blinkingGreen
                0x00000be4                setForce
 .text          0x00000f00       0xe0 Cstartup_SAM7.o
                0x00000f00                AT91F_LowLevelInit
 .text          0x00000fe0      0x11c syscalls.o
                0x000010b0                _lseek_r
                0x000010b8                _fstat_r
                0x000010c8                isatty
                0x000010d0                _sbrk_r
                0x00001004                _read_r
                0x000010a8                _close_r
                0x00001068                _write_r
 .text          0x000010fc      0x714 cdc_enumerate.o
                0x000011f8                AT91F_USB_SendZlp
                0x0000122c                AT91F_USB_SendStall
                0x000010fc                AT91F_CDC_Open
 .text          0x00001810       0xc8 adc.o
                0x00001810                InitADC
                0x00001860                GetValue_chanel4
                0x00001838                GetValue_chanel0
                0x000018b0                GetValue_chanel6
                0x00001888                GetValue_chanel5
 .text          0x000018d8      0x2b8 interrupt_Usart.o
                0x00001a68                AT91F_US_Put
                0x0000193c                Usart_c_irq_handler
                0x00001aa4                Usart_init
                0x00001920                Trace_Toggel_LED
 .text          0x00001b90       0x18 /home/maska/ATMEL/arm-gnu-toolchain-linux-2/bin/../lib/gcc/arm-elf/4.1.0/../../../../arm-elf/lib/libc.a(atoi.o)
                0x00001b90                _atoi_r
                0x00001b9c                atoi
 .text          0x00001ba8       0xa0 /home/maska/ATMEL/arm-gnu-toolchain-linux-2/bin/../lib/gcc/arm-elf/4.1.0/../../../../arm-elf/lib/libc.a(memcpy.o)
                0x00001ba8                memcpy
 .text          0x00001c48       0xdc /home/maska/ATMEL/arm-gnu-toolchain-linux-2/bin/../lib/gcc/arm-elf/4.1.0/../../../../arm-elf/lib/libc.a(sprintf.o)
                0x00001cbc                _sprintf_r
                0x00001c48                sprintf
 .text          0x00001d24       0xd0 /home/maska/ATMEL/arm-gnu-toolchain-linux-2/bin/../lib/gcc/arm-elf/4.1.0/../../../../arm-elf/lib/libc.a(strcmp.o)
                0x00001d24                strcmp
 .text          0x00001df4       0x90 /home/maska/ATMEL/arm-gnu-toolchain-linux-2/bin/../lib/gcc/arm-elf/4.1.0/../../../../arm-elf/lib/libc.a(strlen.o)
                0x00001df4                strlen
 .text          0x00001e84       0x18 /home/maska/ATMEL/arm-gnu-toolchain-linux-2/bin/../lib/gcc/arm-elf/4.1.0/../../../../arm-elf/lib/libc.a(strtok.o)
                0x00001e84                strtok
 .text          0x00001e9c       0xcc /home/maska/ATMEL/arm-gnu-toolchain-linux-2/bin/../lib/gcc/arm-elf/4.1.0/../../../../arm-elf/lib/libc.a(strtok_r.o)
                0x00001f60                strtok_r
                0x00001e9c                __strtok_r
 .text          0x00001f68      0x1ec /home/maska/ATMEL/arm-gnu-toolchain-linux-2/bin/../lib/gcc/arm-elf/4.1.0/../../../../arm-elf/lib/libc.a(strtol.o)
                0x00002128                strtol
                0x00001f68                _strtol_r
 .text          0x00002154     0x1f88 /home/maska/ATMEL/arm-gnu-toolchain-linux-2/bin/../lib/gcc/arm-elf/4.1.0/../../../../arm-elf/lib/libc.a(vfprintf.o)
                0x00002194                _vfprintf_r
                0x000040b0                vfprintf
 .text          0x000040dc       0x80 /home/maska/ATMEL/arm-gnu-toolchain-linux-2/bin/../lib/gcc/arm-elf/4.1.0/../../../../arm-elf/lib/libc.a(wcrtomb.o)
                0x000040dc                _wcrtomb_r
                0x00004130                wcrtomb
 .text          0x0000415c      0x178 /home/maska/ATMEL/arm-gnu-toolchain-linux-2/bin/../lib/gcc/arm-elf/4.1.0/../../../../arm-elf/lib/libc.a(wcsrtombs.o)
                0x0000415c                _wcsrtombs_r
                0x00004294                wcsrtombs
 .text          0x000042d4      0x420 /home/maska/ATMEL/arm-gnu-toolchain-linux-2/bin/../lib/gcc/arm-elf/4.1.0/../../../../arm-elf/lib/libc.a(wctomb_r.o)
                0x000042d4                _wctomb_r
 .text          0x000046f4       0xfc /home/maska/ATMEL/arm-gnu-toolchain-linux-2/bin/../lib/gcc/arm-elf/4.1.0/../../../../arm-elf/lib/libc.a(wsetup.o)
                0x000046f4                __swsetup
 .text          0x000047f0     0x164c /home/maska/ATMEL/arm-gnu-toolchain-linux-2/bin/../lib/gcc/arm-elf/4.1.0/../../../../arm-elf/lib/libc.a(dtoa.o)
                0x000049f4                _dtoa_r
 .text          0x00005e3c       0xe0 /home/maska/ATMEL/arm-gnu-toolchain-linux-2/bin/../lib/gcc/arm-elf/4.1.0/../../../../arm-elf/lib/libc.a(fflush.o)
                0x00005e3c                fflush
 .text          0x00005f1c      0x27c /home/maska/ATMEL/arm-gnu-toolchain-linux-2/bin/../lib/gcc/arm-elf/4.1.0/../../../../arm-elf/lib/libc.a(findfp.o)
                0x00005f88                __sinit
                0x0000605c                __sfmoreglue
                0x0000604c                _cleanup
                0x00006040                _cleanup_r
                0x00006028                __fp_lock_all
                0x00005f78                __sfp_lock_acquire
                0x000060ac                __sfp
                0x00005f84                __sinit_lock_release
                0x00006010                __fp_unlock_all
                0x00005f7c                __sfp_lock_release
                0x00005f80                __sinit_lock_acquire
 .text          0x00006198      0x39c /home/maska/ATMEL/arm-gnu-toolchain-linux-2/bin/../lib/gcc/arm-elf/4.1.0/../../../../arm-elf/lib/libc.a(freer.o)
                0x00006294                _free_r
                0x00006198                _malloc_trim_r
 .text          0x00006534      0x3f8 /home/maska/ATMEL/arm-gnu-toolchain-linux-2/bin/../lib/gcc/arm-elf/4.1.0/../../../../arm-elf/lib/libc.a(fvwrite.o)
                0x00006534                __sfvwrite
 .text          0x0000692c      0x10c /home/maska/ATMEL/arm-gnu-toolchain-linux-2/bin/../lib/gcc/arm-elf/4.1.0/../../../../arm-elf/lib/libc.a(fwalk.o)
                0x000069b4                _fwalk
                0x0000692c                _fwalk_reent
 .text          0x00006a38       0xac /home/maska/ATMEL/arm-gnu-toolchain-linux-2/bin/../lib/gcc/arm-elf/4.1.0/../../../../arm-elf/lib/libc.a(locale.o)
                0x00006a64                _setlocale_r
                0x00006a38                __locale_charset
                0x00006a48                _localeconv_r
                0x00006ac8                setlocale
                0x00006a54                localeconv
 .text          0x00006ae4      0x154 /home/maska/ATMEL/arm-gnu-toolchain-linux-2/bin/../lib/gcc/arm-elf/4.1.0/../../../../arm-elf/lib/libc.a(makebuf.o)
                0x00006ae4                __smakebuf
 .text          0x00006c38      0x770 /home/maska/ATMEL/arm-gnu-toolchain-linux-2/bin/../lib/gcc/arm-elf/4.1.0/../../../../arm-elf/lib/libc.a(mallocr.o)
                0x00006c38                _malloc_r
 .text          0x000073a8      0x104 /home/maska/ATMEL/arm-gnu-toolchain-linux-2/bin/../lib/gcc/arm-elf/4.1.0/../../../../arm-elf/lib/libc.a(memchr.o)
                0x000073a8                memchr
 .text          0x000074ac       0xfc /home/maska/ATMEL/arm-gnu-toolchain-linux-2/bin/../lib/gcc/arm-elf/4.1.0/../../../../arm-elf/lib/libc.a(memmove.o)
                0x000074ac                memmove
 .text          0x000075a8       0x98 /home/maska/ATMEL/arm-gnu-toolchain-linux-2/bin/../lib/gcc/arm-elf/4.1.0/../../../../arm-elf/lib/libc.a(memset.o)
                0x000075a8                memset
 .text          0x00007640        0x8 /home/maska/ATMEL/arm-gnu-toolchain-linux-2/bin/../lib/gcc/arm-elf/4.1.0/../../../../arm-elf/lib/libc.a(mlock.o)
                0x00007644                __malloc_unlock
                0x00007640                __malloc_lock
 .text          0x00007648      0xbb0 /home/maska/ATMEL/arm-gnu-toolchain-linux-2/bin/../lib/gcc/arm-elf/4.1.0/../../../../arm-elf/lib/libc.a(mprec.o)
                0x0000793c                _mprec_log10
                0x00007664                _hi0bits
                0x00007988                _Balloc
                0x00007a20                _d2b
                0x00007d7c                _multiply
                0x000078c4                _ratio
                0x00008118                _s2b
                0x00007f3c                _i2b
                0x000076bc                _lo0bits
                0x00007750                __mcmp
                0x00008024                _pow5mult
                0x000077b0                _ulp
                0x00007810                _b2d
                0x00007f5c                _multadd
                0x00007b54                __mdiff
                0x00007c88                _lshift
                0x00007648                _Bfree
 .text          0x000081f8      0x638 /home/maska/ATMEL/arm-gnu-toolchain-linux-2/bin/../lib/gcc/arm-elf/4.1.0/../../../../arm-elf/lib/libc.a(reallocr.o)
                0x000081f8                _realloc_r
 .text          0x00008830       0x3c /home/maska/ATMEL/arm-gnu-toolchain-linux-2/bin/../lib/gcc/arm-elf/4.1.0/../../../../arm-elf/lib/libc.a(s_isinf.o)
                0x00008830                isinf
 .text          0x0000886c       0x30 /home/maska/ATMEL/arm-gnu-toolchain-linux-2/bin/../lib/gcc/arm-elf/4.1.0/../../../../arm-elf/lib/libc.a(s_isnan.o)
                0x0000886c                isnan
 .text          0x0000889c      0x100 /home/maska/ATMEL/arm-gnu-toolchain-linux-2/bin/../lib/gcc/arm-elf/4.1.0/../../../../arm-elf/lib/libc.a(stdio.o)
                0x000088b0                __sseek
                0x00008958                __sread
                0x0000889c                __sclose
                0x000088f8                __swrite
 .text          0x0000899c       0xa0 /home/maska/ATMEL/arm-gnu-toolchain-linux-2/bin/../lib/gcc/arm-elf/4.1.0/../../../../arm-elf/lib/libc.a(callocr.o)
                0x0000899c                _calloc_r
 .text          0x00008a3c      0x128 /home/maska/ATMEL/arm-gnu-toolchain-linux-2/bin/../lib/gcc/arm-elf/4.1.0/../../../../arm-elf/lib/libc.a(fclose.o)
                0x00008a3c                _fclose_r
                0x00008b50                fclose
 .text          0x00008b64      0x110 /home/maska/ATMEL/arm-gnu-toolchain-linux-2/bin/../lib/gcc/arm-elf/4.1.0/libgcc.a(_udivsi3.o)
                0x00008b64                __udivsi3
                0x00008b64                __aeabi_uidiv
                0x00008c5c                __aeabi_uidivmod
 .text          0x00008c74       0xcc /home/maska/ATMEL/arm-gnu-toolchain-linux-2/bin/../lib/gcc/arm-elf/4.1.0/libgcc.a(_umodsi3.o)
                0x00008c74                __umodsi3
 .text          0x00008d40        0x4 /home/maska/ATMEL/arm-gnu-toolchain-linux-2/bin/../lib/gcc/arm-elf/4.1.0/libgcc.a(_dvmd_tls.o)
                0x00008d40                __aeabi_ldiv0
                0x00008d40                __div0
                0x00008d40                __aeabi_idiv0
 .text          0x00008d44      0x42c /home/maska/ATMEL/arm-gnu-toolchain-linux-2/bin/../lib/gcc/arm-elf/4.1.0/libgcc.a(_addsub_df.o)
                0x0000911c                __adddf3
                0x000090bc                __subdf3
 .text          0x00009170      0x390 /home/maska/ATMEL/arm-gnu-toolchain-linux-2/bin/../lib/gcc/arm-elf/4.1.0/libgcc.a(_mul_df.o)
                0x000091b8                __muldf3
 .text          0x00009500      0x258 /home/maska/ATMEL/arm-gnu-toolchain-linux-2/bin/../lib/gcc/arm-elf/4.1.0/libgcc.a(_div_df.o)
                0x00009548                __divdf3
 .text          0x00009758       0x88 /home/maska/ATMEL/arm-gnu-toolchain-linux-2/bin/../lib/gcc/arm-elf/4.1.0/libgcc.a(_eq_df.o)
                0x0000976c                __eqdf2
 .text          0x000097e0       0x88 /home/maska/ATMEL/arm-gnu-toolchain-linux-2/bin/../lib/gcc/arm-elf/4.1.0/libgcc.a(_ne_df.o)
                0x000097f4                __nedf2
 .text          0x00009868       0x88 /home/maska/ATMEL/arm-gnu-toolchain-linux-2/bin/../lib/gcc/arm-elf/4.1.0/libgcc.a(_gt_df.o)
                0x0000987c                __gtdf2
 .text          0x000098f0       0x88 /home/maska/ATMEL/arm-gnu-toolchain-linux-2/bin/../lib/gcc/arm-elf/4.1.0/libgcc.a(_ge_df.o)
                0x00009904                __gedf2
 .text          0x00009978       0x88 /home/maska/ATMEL/arm-gnu-toolchain-linux-2/bin/../lib/gcc/arm-elf/4.1.0/libgcc.a(_lt_df.o)
                0x0000998c                __ltdf2
 .text          0x00009a00       0xbc /home/maska/ATMEL/arm-gnu-toolchain-linux-2/bin/../lib/gcc/arm-elf/4.1.0/libgcc.a(_si_to_df.o)
                0x00009a00                __floatsidf
 .text          0x00009abc       0xf8 /home/maska/ATMEL/arm-gnu-toolchain-linux-2/bin/../lib/gcc/arm-elf/4.1.0/libgcc.a(_df_to_si.o)
                0x00009af8                __fixdfsi
 .text          0x00009bb4      0x330 /home/maska/ATMEL/arm-gnu-toolchain-linux-2/bin/../lib/gcc/arm-elf/4.1.0/libgcc.a(_pack_df.o)
                0x00009bf0                __pack_d
 .text          0x00009ee4      0x124 /home/maska/ATMEL/arm-gnu-toolchain-linux-2/bin/../lib/gcc/arm-elf/4.1.0/libgcc.a(_unpack_df.o)
                0x00009ee4                __unpack_d
 .text          0x0000a008      0x180 /home/maska/ATMEL/arm-gnu-toolchain-linux-2/bin/../lib/gcc/arm-elf/4.1.0/libgcc.a(_fpcmp_parts_df.o)
                0x0000a044                __fpcmp_parts_d
 *(.glue_7t)
 *(.glue_7)
                0x0000a188                . = ALIGN (0x4)

.rodata         0x0000a188      0x2e8
 *(.rodata)
 .rodata        0x0000a188       0x55 cdc_enumerate.o
                0x0000a19a                cfgDescriptor
                0x0000a188                devDescriptor
 .rodata        0x0000a1dd       0x20 /home/maska/ATMEL/arm-gnu-toolchain-linux-2/bin/../lib/gcc/arm-elf/4.1.0/../../../../arm-elf/lib/libc.a(vfprintf.o)
 .rodata        0x0000a1fd      0x101 /home/maska/ATMEL/arm-gnu-toolchain-linux-2/bin/../lib/gcc/arm-elf/4.1.0/../../../../arm-elf/lib/libc.a(ctype_.o)
                0x0000a1fd                _ctype_
 *fill*         0x0000a2fe        0x2 00
 .rodata        0x0000a300        0x4 /home/maska/ATMEL/arm-gnu-toolchain-linux-2/bin/../lib/gcc/arm-elf/4.1.0/../../../../arm-elf/lib/libc.a(impure.o)
                0x0000a300                _global_impure_ptr
 .rodata        0x0000a304       0x34 /home/maska/ATMEL/arm-gnu-toolchain-linux-2/bin/../lib/gcc/arm-elf/4.1.0/../../../../arm-elf/lib/libc.a(locale.o)
 .rodata        0x0000a338      0x124 /home/maska/ATMEL/arm-gnu-toolchain-linux-2/bin/../lib/gcc/arm-elf/4.1.0/../../../../arm-elf/lib/libc.a(mprec.o)
                0x0000a428                __mprec_tinytens
                0x0000a338                __mprec_tens
                0x0000a400                __mprec_bigtens
 .rodata        0x0000a45c       0x14 /home/maska/ATMEL/arm-gnu-toolchain-linux-2/bin/../lib/gcc/arm-elf/4.1.0/libgcc.a(_thenan_df.o)
                0x0000a45c                __thenan_df

.rodata.str1.4  0x0000a470      0x377
 .rodata.str1.4
                0x0000a470      0x2d2 main.o
                                0x2e0 (size before relaxing)
 *fill*         0x0000a742        0x2 00
 .rodata.str1.4
                0x0000a744       0x63 /home/maska/ATMEL/arm-gnu-toolchain-linux-2/bin/../lib/gcc/arm-elf/4.1.0/../../../../arm-elf/lib/libc.a(vfprintf.o)
                                 0x64 (size before relaxing)
 *fill*         0x0000a7a7        0x1 00
 .rodata.str1.4
                0x0000a7a8       0x1e /home/maska/ATMEL/arm-gnu-toolchain-linux-2/bin/../lib/gcc/arm-elf/4.1.0/../../../../arm-elf/lib/libc.a(wctomb_r.o)
                                 0x20 (size before relaxing)
 *fill*         0x0000a7c6        0x2 00
 .rodata.str1.4
                0x0000a7c8       0x10 /home/maska/ATMEL/arm-gnu-toolchain-linux-2/bin/../lib/gcc/arm-elf/4.1.0/../../../../arm-elf/lib/libc.a(dtoa.o)
                                 0x14 (size before relaxing)
 .rodata.str1.4
                0x0000a7d8        0x2 /home/maska/ATMEL/arm-gnu-toolchain-linux-2/bin/../lib/gcc/arm-elf/4.1.0/../../../../arm-elf/lib/libc.a(impure.o)
                                  0x4 (size before relaxing)
 *fill*         0x0000a7da        0x2 00
 .rodata.str1.4
                0x0000a7dc        0xb /home/maska/ATMEL/arm-gnu-toolchain-linux-2/bin/../lib/gcc/arm-elf/4.1.0/../../../../arm-elf/lib/libc.a(locale.o)
                                 0x18 (size before relaxing)
                0x0000a7e8                . = ALIGN (0x4)
                0x0000a7e8                _etext = .
                0x0000a7e8                PROVIDE (etext, .)

.data           0x00200000      0x8f8 load address 0x0000a7e8
                0x00200000                _data = .
 *(.data)
 .data          0x00200000       0x28 main.o
                0x0020000c                curPos
                0x00200008                minPos
                0x00200020                lockDiagForce
                0x00200004                maxPos
                0x00200014                minForce
                0x00200010                maxForce
                0x0020001c                minDiagForce
                0x00200024                diagForce
                0x00200000                LedSpeed
                0x00200018                curForce
 .data          0x00200028        0x8 cdc_enumerate.o
                0x00200028                line
 .data          0x00200030        0x8 adc.o
                0x00200034                a_pPMC
                0x00200030                a_pADC
 .data          0x00200038        0x4 /home/maska/ATMEL/arm-gnu-toolchain-linux-2/bin/../lib/gcc/arm-elf/4.1.0/../../../../arm-elf/lib/libc.a(ctype_.o)
                0x00200038                __ctype_ptr
 .data          0x0020003c      0x404 /home/maska/ATMEL/arm-gnu-toolchain-linux-2/bin/../lib/gcc/arm-elf/4.1.0/../../../../arm-elf/lib/libc.a(impure.o)
                0x0020003c                _impure_ptr
 .data          0x00200440       0x10 /home/maska/ATMEL/arm-gnu-toolchain-linux-2/bin/../lib/gcc/arm-elf/4.1.0/../../../../arm-elf/lib/libc.a(locale.o)
                0x00200440                __mb_cur_max
                0x00200444                __lc_ctype
 .data          0x00200450      0x410 /home/maska/ATMEL/arm-gnu-toolchain-linux-2/bin/../lib/gcc/arm-elf/4.1.0/../../../../arm-elf/lib/libc.a(mallocr.o)
                0x0020085c                __malloc_sbrk_base
                0x00200450                __malloc_av_
                0x00200858                __malloc_trim_threshold
 *(.fastrun)
 .fastrun       0x00200860       0x98 fastfunc.o
                0x00200860                flashWrite
                0x002008f8                . = ALIGN (0x4)
                0x002008f8                _edata = .
                0x002008f8                PROVIDE (edata, .)

.bss            0x002008f8     0x12f4
                0x002008f8                __bss_start = .
                0x002008f8                __bss_start__ = .
 *(.bss)
 .bss           0x002008f8        0x8 main.o
                0x002008f9                dataReading
                0x002008fa                aatDiag
                0x002008fb                aatDiagStep
                0x002008f8                reading
                0x002008fc                lockDiagPressure
 .bss           0x00200900        0x4 syscalls.o
 .bss           0x00200904        0x1 cdc_enumerate.o
                0x00200904                csrIdx
 *fill*         0x00200905        0x3 00
 .bss           0x00200908       0xcc interrupt_Usart.o
                0x00200908                first
 .bss           0x002009d4        0xc /home/maska/ATMEL/arm-gnu-toolchain-linux-2/bin/../lib/gcc/arm-elf/4.1.0/../../../../arm-elf/lib/libc.a(locale.o)
                0x002009d4                __nlocale_changed
                0x002009d8                __mlocale_changed
                0x002009dc                _PathLocale
 .bss           0x002009e0       0x34 /home/maska/ATMEL/arm-gnu-toolchain-linux-2/bin/../lib/gcc/arm-elf/4.1.0/../../../../arm-elf/lib/libc.a(mallocr.o)
                0x002009e0                __malloc_top_pad
                0x002009e4                __malloc_max_sbrked_mem
                0x002009ec                __malloc_current_mallinfo
                0x002009e8                __malloc_max_total_mem
 *(COMMON)
 COMMON         0x00200a14     0x1044 main.o
                0x00200a14                settings
                0x00200a94                pos
                0x00200e7c                position
                0x00200e80                msg
                0x00201268                pCDC
                0x00201280                pressure
                0x00201284                direction
                0x00201288                res
                0x00201670                cmd
 COMMON         0x00201a58      0x190 cdc_enumerate.o
                0x00201a58                csrTab
 COMMON         0x00201be8        0x4 interrupt_Usart.o
                0x00201be8                COM0
                0x00201bec                . = ALIGN (0x4)
                0x00201bec                __bss_end__ = .
                0x00201bec                __bss_end__ = .
                0x00201bec                _end = .
                0x00201bec                PROVIDE (end, .)

.int_data       0x00204000        0x0
 *(.internal_ram_top)

.stab
 *(.stab)

.stabstr
 *(.stabstr)

.stab.excl
 *(.stab.excl)

.stab.exclstr
 *(.stab.exclstr)

.stab.index
 *(.stab.index)

.stab.indexstr
 *(.stab.indexstr)

.comment        0x00000000      0x3f0
 *(.comment)
 .comment       0x00000000       0x12 main.o
 .comment       0x00000012       0x12 Cstartup_SAM7.o
 .comment       0x00000024       0x12 syscalls.o
 .comment       0x00000036       0x12 cdc_enumerate.o
 .comment       0x00000048       0x12 adc.o
 .comment       0x0000005a       0x12 interrupt_Usart.o
 .comment       0x0000006c       0x12 fastfunc.o
 .comment       0x0000007e       0x12 /home/maska/ATMEL/arm-gnu-toolchain-linux-2/bin/../lib/gcc/arm-elf/4.1.0/../../../../arm-elf/lib/libc.a(atoi.o)
 .comment       0x00000090       0x12 /home/maska/ATMEL/arm-gnu-toolchain-linux-2/bin/../lib/gcc/arm-elf/4.1.0/../../../../arm-elf/lib/libc.a(memcpy.o)
 .comment       0x000000a2       0x12 /home/maska/ATMEL/arm-gnu-toolchain-linux-2/bin/../lib/gcc/arm-elf/4.1.0/../../../../arm-elf/lib/libc.a(sprintf.o)
 .comment       0x000000b4       0x12 /home/maska/ATMEL/arm-gnu-toolchain-linux-2/bin/../lib/gcc/arm-elf/4.1.0/../../../../arm-elf/lib/libc.a(strcmp.o)
 .comment       0x000000c6       0x12 /home/maska/ATMEL/arm-gnu-toolchain-linux-2/bin/../lib/gcc/arm-elf/4.1.0/../../../../arm-elf/lib/libc.a(strlen.o)
 .comment       0x000000d8       0x12 /home/maska/ATMEL/arm-gnu-toolchain-linux-2/bin/../lib/gcc/arm-elf/4.1.0/../../../../arm-elf/lib/libc.a(strtok.o)
 .comment       0x000000ea       0x12 /home/maska/ATMEL/arm-gnu-toolchain-linux-2/bin/../lib/gcc/arm-elf/4.1.0/../../../../arm-elf/lib/libc.a(strtok_r.o)
 .comment       0x000000fc       0x12 /home/maska/ATMEL/arm-gnu-toolchain-linux-2/bin/../lib/gcc/arm-elf/4.1.0/../../../../arm-elf/lib/libc.a(strtol.o)
 .comment       0x0000010e       0x12 /home/maska/ATMEL/arm-gnu-toolchain-linux-2/bin/../lib/gcc/arm-elf/4.1.0/../../../../arm-elf/lib/libc.a(vfprintf.o)
 .comment       0x00000120       0x12 /home/maska/ATMEL/arm-gnu-toolchain-linux-2/bin/../lib/gcc/arm-elf/4.1.0/../../../../arm-elf/lib/libc.a(wcrtomb.o)
 .comment       0x00000132       0x12 /home/maska/ATMEL/arm-gnu-toolchain-linux-2/bin/../lib/gcc/arm-elf/4.1.0/../../../../arm-elf/lib/libc.a(wcsrtombs.o)
 .comment       0x00000144       0x12 /home/maska/ATMEL/arm-gnu-toolchain-linux-2/bin/../lib/gcc/arm-elf/4.1.0/../../../../arm-elf/lib/libc.a(wctomb_r.o)
 .comment       0x00000156       0x12 /home/maska/ATMEL/arm-gnu-toolchain-linux-2/bin/../lib/gcc/arm-elf/4.1.0/../../../../arm-elf/lib/libc.a(wsetup.o)
 .comment       0x00000168       0x12 /home/maska/ATMEL/arm-gnu-toolchain-linux-2/bin/../lib/gcc/arm-elf/4.1.0/../../../../arm-elf/lib/libc.a(ctype_.o)
 .comment       0x0000017a       0x12 /home/maska/ATMEL/arm-gnu-toolchain-linux-2/bin/../lib/gcc/arm-elf/4.1.0/../../../../arm-elf/lib/libc.a(dtoa.o)
 .comment       0x0000018c       0x12 /home/maska/ATMEL/arm-gnu-toolchain-linux-2/bin/../lib/gcc/arm-elf/4.1.0/../../../../arm-elf/lib/libc.a(fflush.o)
 .comment       0x0000019e       0x12 /home/maska/ATMEL/arm-gnu-toolchain-linux-2/bin/../lib/gcc/arm-elf/4.1.0/../../../../arm-elf/lib/libc.a(findfp.o)
 .comment       0x000001b0       0x12 /home/maska/ATMEL/arm-gnu-toolchain-linux-2/bin/../lib/gcc/arm-elf/4.1.0/../../../../arm-elf/lib/libc.a(freer.o)
 .comment       0x000001c2       0x12 /home/maska/ATMEL/arm-gnu-toolchain-linux-2/bin/../lib/gcc/arm-elf/4.1.0/../../../../arm-elf/lib/libc.a(fvwrite.o)
 .comment       0x000001d4       0x12 /home/maska/ATMEL/arm-gnu-toolchain-linux-2/bin/../lib/gcc/arm-elf/4.1.0/../../../../arm-elf/lib/libc.a(fwalk.o)
 .comment       0x000001e6       0x12 /home/maska/ATMEL/arm-gnu-toolchain-linux-2/bin/../lib/gcc/arm-elf/4.1.0/../../../../arm-elf/lib/libc.a(impure.o)
 .comment       0x000001f8       0x12 /home/maska/ATMEL/arm-gnu-toolchain-linux-2/bin/../lib/gcc/arm-elf/4.1.0/../../../../arm-elf/lib/libc.a(locale.o)
 .comment       0x0000020a       0x12 /home/maska/ATMEL/arm-gnu-toolchain-linux-2/bin/../lib/gcc/arm-elf/4.1.0/../../../../arm-elf/lib/libc.a(makebuf.o)
 .comment       0x0000021c       0x12 /home/maska/ATMEL/arm-gnu-toolchain-linux-2/bin/../lib/gcc/arm-elf/4.1.0/../../../../arm-elf/lib/libc.a(mallocr.o)
 .comment       0x0000022e       0x12 /home/maska/ATMEL/arm-gnu-toolchain-linux-2/bin/../lib/gcc/arm-elf/4.1.0/../../../../arm-elf/lib/libc.a(memchr.o)
 .comment       0x00000240       0x12 /home/maska/ATMEL/arm-gnu-toolchain-linux-2/bin/../lib/gcc/arm-elf/4.1.0/../../../../arm-elf/lib/libc.a(memmove.o)
 .comment       0x00000252       0x12 /home/maska/ATMEL/arm-gnu-toolchain-linux-2/bin/../lib/gcc/arm-elf/4.1.0/../../../../arm-elf/lib/libc.a(memset.o)
 .comment       0x00000264       0x12 /home/maska/ATMEL/arm-gnu-toolchain-linux-2/bin/../lib/gcc/arm-elf/4.1.0/../../../../arm-elf/lib/libc.a(mlock.o)
 .comment       0x00000276       0x12 /home/maska/ATMEL/arm-gnu-toolchain-linux-2/bin/../lib/gcc/arm-elf/4.1.0/../../../../arm-elf/lib/libc.a(mprec.o)
 .comment       0x00000288       0x12 /home/maska/ATMEL/arm-gnu-toolchain-linux-2/bin/../lib/gcc/arm-elf/4.1.0/../../../../arm-elf/lib/libc.a(reallocr.o)
 .comment       0x0000029a       0x12 /home/maska/ATMEL/arm-gnu-toolchain-linux-2/bin/../lib/gcc/arm-elf/4.1.0/../../../../arm-elf/lib/libc.a(s_isinf.o)
 .comment       0x000002ac       0x12 /home/maska/ATMEL/arm-gnu-toolchain-linux-2/bin/../lib/gcc/arm-elf/4.1.0/../../../../arm-elf/lib/libc.a(s_isnan.o)
 .comment       0x000002be       0x12 /home/maska/ATMEL/arm-gnu-toolchain-linux-2/bin/../lib/gcc/arm-elf/4.1.0/../../../../arm-elf/lib/libc.a(stdio.o)
 .comment       0x000002d0       0x12 /home/maska/ATMEL/arm-gnu-toolchain-linux-2/bin/../lib/gcc/arm-elf/4.1.0/../../../../arm-elf/lib/libc.a(callocr.o)
 .comment       0x000002e2       0x12 /home/maska/ATMEL/arm-gnu-toolchain-linux-2/bin/../lib/gcc/arm-elf/4.1.0/../../../../arm-elf/lib/libc.a(fclose.o)
 .comment       0x000002f4       0x12 /home/maska/ATMEL/arm-gnu-toolchain-linux-2/bin/../lib/gcc/arm-elf/4.1.0/libgcc.a(_addsub_df.o)
 .comment       0x00000306       0x12 /home/maska/ATMEL/arm-gnu-toolchain-linux-2/bin/../lib/gcc/arm-elf/4.1.0/libgcc.a(_mul_df.o)
 .comment       0x00000318       0x12 /home/maska/ATMEL/arm-gnu-toolchain-linux-2/bin/../lib/gcc/arm-elf/4.1.0/libgcc.a(_div_df.o)
 .comment       0x0000032a       0x12 /home/maska/ATMEL/arm-gnu-toolchain-linux-2/bin/../lib/gcc/arm-elf/4.1.0/libgcc.a(_eq_df.o)
 .comment       0x0000033c       0x12 /home/maska/ATMEL/arm-gnu-toolchain-linux-2/bin/../lib/gcc/arm-elf/4.1.0/libgcc.a(_ne_df.o)
 .comment       0x0000034e       0x12 /home/maska/ATMEL/arm-gnu-toolchain-linux-2/bin/../lib/gcc/arm-elf/4.1.0/libgcc.a(_gt_df.o)
 .comment       0x00000360       0x12 /home/maska/ATMEL/arm-gnu-toolchain-linux-2/bin/../lib/gcc/arm-elf/4.1.0/libgcc.a(_ge_df.o)
 .comment       0x00000372       0x12 /home/maska/ATMEL/arm-gnu-toolchain-linux-2/bin/../lib/gcc/arm-elf/4.1.0/libgcc.a(_lt_df.o)
 .comment       0x00000384       0x12 /home/maska/ATMEL/arm-gnu-toolchain-linux-2/bin/../lib/gcc/arm-elf/4.1.0/libgcc.a(_si_to_df.o)
 .comment       0x00000396       0x12 /home/maska/ATMEL/arm-gnu-toolchain-linux-2/bin/../lib/gcc/arm-elf/4.1.0/libgcc.a(_df_to_si.o)
 .comment       0x000003a8       0x12 /home/maska/ATMEL/arm-gnu-toolchain-linux-2/bin/../lib/gcc/arm-elf/4.1.0/libgcc.a(_thenan_df.o)
 .comment       0x000003ba       0x12 /home/maska/ATMEL/arm-gnu-toolchain-linux-2/bin/../lib/gcc/arm-elf/4.1.0/libgcc.a(_pack_df.o)
 .comment       0x000003cc       0x12 /home/maska/ATMEL/arm-gnu-toolchain-linux-2/bin/../lib/gcc/arm-elf/4.1.0/libgcc.a(_unpack_df.o)
 .comment       0x000003de       0x12 /home/maska/ATMEL/arm-gnu-toolchain-linux-2/bin/../lib/gcc/arm-elf/4.1.0/libgcc.a(_fpcmp_parts_df.o)

.debug
 *(.debug)

.line
 *(.line)

.debug_srcinfo
 *(.debug_srcinfo)

.debug_sfnames
 *(.debug_sfnames)

.debug_aranges  0x00000000      0x728
 *(.debug_aranges)
 .debug_aranges
                0x00000000       0x20 Cstartup.o
 .debug_aranges
                0x00000020       0x20 main.o
 .debug_aranges
                0x00000040       0x20 Cstartup_SAM7.o
 .debug_aranges
                0x00000060       0x20 syscalls.o
 .debug_aranges
                0x00000080       0x20 cdc_enumerate.o
 .debug_aranges
                0x000000a0       0x20 adc.o
 .debug_aranges
                0x000000c0       0x20 interrupt_Usart.o
 .debug_aranges
                0x000000e0       0x28 fastfunc.o
 .debug_aranges
                0x00000108       0x20 /home/maska/ATMEL/arm-gnu-toolchain-linux-2/bin/../lib/gcc/arm-elf/4.1.0/../../../../arm-elf/lib/libc.a(atoi.o)
 .debug_aranges
                0x00000128       0x20 /home/maska/ATMEL/arm-gnu-toolchain-linux-2/bin/../lib/gcc/arm-elf/4.1.0/../../../../arm-elf/lib/libc.a(memcpy.o)
 .debug_aranges
                0x00000148       0x20 /home/maska/ATMEL/arm-gnu-toolchain-linux-2/bin/../lib/gcc/arm-elf/4.1.0/../../../../arm-elf/lib/libc.a(sprintf.o)
 .debug_aranges
                0x00000168       0x20 /home/maska/ATMEL/arm-gnu-toolchain-linux-2/bin/../lib/gcc/arm-elf/4.1.0/../../../../arm-elf/lib/libc.a(strcmp.o)
 .debug_aranges
                0x00000188       0x20 /home/maska/ATMEL/arm-gnu-toolchain-linux-2/bin/../lib/gcc/arm-elf/4.1.0/../../../../arm-elf/lib/libc.a(strlen.o)
 .debug_aranges
                0x000001a8       0x20 /home/maska/ATMEL/arm-gnu-toolchain-linux-2/bin/../lib/gcc/arm-elf/4.1.0/../../../../arm-elf/lib/libc.a(strtok.o)
 .debug_aranges
                0x000001c8       0x20 /home/maska/ATMEL/arm-gnu-toolchain-linux-2/bin/../lib/gcc/arm-elf/4.1.0/../../../../arm-elf/lib/libc.a(strtok_r.o)
 .debug_aranges
                0x000001e8       0x20 /home/maska/ATMEL/arm-gnu-toolchain-linux-2/bin/../lib/gcc/arm-elf/4.1.0/../../../../arm-elf/lib/libc.a(strtol.o)
 .debug_aranges
                0x00000208       0x20 /home/maska/ATMEL/arm-gnu-toolchain-linux-2/bin/../lib/gcc/arm-elf/4.1.0/../../../../arm-elf/lib/libc.a(vfprintf.o)
 .debug_aranges
                0x00000228       0x20 /home/maska/ATMEL/arm-gnu-toolchain-linux-2/bin/../lib/gcc/arm-elf/4.1.0/../../../../arm-elf/lib/libc.a(wcrtomb.o)
 .debug_aranges
                0x00000248       0x20 /home/maska/ATMEL/arm-gnu-toolchain-linux-2/bin/../lib/gcc/arm-elf/4.1.0/../../../../arm-elf/lib/libc.a(wcsrtombs.o)
 .debug_aranges
                0x00000268       0x20 /home/maska/ATMEL/arm-gnu-toolchain-linux-2/bin/../lib/gcc/arm-elf/4.1.0/../../../../arm-elf/lib/libc.a(wctomb_r.o)
 .debug_aranges
                0x00000288       0x20 /home/maska/ATMEL/arm-gnu-toolchain-linux-2/bin/../lib/gcc/arm-elf/4.1.0/../../../../arm-elf/lib/libc.a(wsetup.o)
 .debug_aranges
                0x000002a8       0x20 /home/maska/ATMEL/arm-gnu-toolchain-linux-2/bin/../lib/gcc/arm-elf/4.1.0/../../../../arm-elf/lib/libc.a(dtoa.o)
 .debug_aranges
                0x000002c8       0x20 /home/maska/ATMEL/arm-gnu-toolchain-linux-2/bin/../lib/gcc/arm-elf/4.1.0/../../../../arm-elf/lib/libc.a(fflush.o)
 .debug_aranges
                0x000002e8       0x20 /home/maska/ATMEL/arm-gnu-toolchain-linux-2/bin/../lib/gcc/arm-elf/4.1.0/../../../../arm-elf/lib/libc.a(findfp.o)
 .debug_aranges
                0x00000308       0x20 /home/maska/ATMEL/arm-gnu-toolchain-linux-2/bin/../lib/gcc/arm-elf/4.1.0/../../../../arm-elf/lib/libc.a(freer.o)
 .debug_aranges
                0x00000328       0x20 /home/maska/ATMEL/arm-gnu-toolchain-linux-2/bin/../lib/gcc/arm-elf/4.1.0/../../../../arm-elf/lib/libc.a(fvwrite.o)
 .debug_aranges
                0x00000348       0x20 /home/maska/ATMEL/arm-gnu-toolchain-linux-2/bin/../lib/gcc/arm-elf/4.1.0/../../../../arm-elf/lib/libc.a(fwalk.o)
 .debug_aranges
                0x00000368       0x20 /home/maska/ATMEL/arm-gnu-toolchain-linux-2/bin/../lib/gcc/arm-elf/4.1.0/../../../../arm-elf/lib/libc.a(locale.o)
 .debug_aranges
                0x00000388       0x20 /home/maska/ATMEL/arm-gnu-toolchain-linux-2/bin/../lib/gcc/arm-elf/4.1.0/../../../../arm-elf/lib/libc.a(makebuf.o)
 .debug_aranges
                0x000003a8       0x20 /home/maska/ATMEL/arm-gnu-toolchain-linux-2/bin/../lib/gcc/arm-elf/4.1.0/../../../../arm-elf/lib/libc.a(mallocr.o)
 .debug_aranges
                0x000003c8       0x20 /home/maska/ATMEL/arm-gnu-toolchain-linux-2/bin/../lib/gcc/arm-elf/4.1.0/../../../../arm-elf/lib/libc.a(memchr.o)
 .debug_aranges
                0x000003e8       0x20 /home/maska/ATMEL/arm-gnu-toolchain-linux-2/bin/../lib/gcc/arm-elf/4.1.0/../../../../arm-elf/lib/libc.a(memmove.o)
 .debug_aranges
                0x00000408       0x20 /home/maska/ATMEL/arm-gnu-toolchain-linux-2/bin/../lib/gcc/arm-elf/4.1.0/../../../../arm-elf/lib/libc.a(memset.o)
 .debug_aranges
                0x00000428       0x20 /home/maska/ATMEL/arm-gnu-toolchain-linux-2/bin/../lib/gcc/arm-elf/4.1.0/../../../../arm-elf/lib/libc.a(mlock.o)
 .debug_aranges
                0x00000448       0x20 /home/maska/ATMEL/arm-gnu-toolchain-linux-2/bin/../lib/gcc/arm-elf/4.1.0/../../../../arm-elf/lib/libc.a(mprec.o)
 .debug_aranges
                0x00000468       0x20 /home/maska/ATMEL/arm-gnu-toolchain-linux-2/bin/../lib/gcc/arm-elf/4.1.0/../../../../arm-elf/lib/libc.a(reallocr.o)
 .debug_aranges
                0x00000488       0x20 /home/maska/ATMEL/arm-gnu-toolchain-linux-2/bin/../lib/gcc/arm-elf/4.1.0/../../../../arm-elf/lib/libc.a(s_isinf.o)
 .debug_aranges
                0x000004a8       0x20 /home/maska/ATMEL/arm-gnu-toolchain-linux-2/bin/../lib/gcc/arm-elf/4.1.0/../../../../arm-elf/lib/libc.a(s_isnan.o)
 .debug_aranges
                0x000004c8       0x20 /home/maska/ATMEL/arm-gnu-toolchain-linux-2/bin/../lib/gcc/arm-elf/4.1.0/../../../../arm-elf/lib/libc.a(stdio.o)
 .debug_aranges
                0x000004e8       0x20 /home/maska/ATMEL/arm-gnu-toolchain-linux-2/bin/../lib/gcc/arm-elf/4.1.0/../../../../arm-elf/lib/libc.a(callocr.o)
 .debug_aranges
                0x00000508       0x20 /home/maska/ATMEL/arm-gnu-toolchain-linux-2/bin/../lib/gcc/arm-elf/4.1.0/../../../../arm-elf/lib/libc.a(fclose.o)
 .debug_aranges
                0x00000528       0x20 /home/maska/ATMEL/arm-gnu-toolchain-linux-2/bin/../lib/gcc/arm-elf/4.1.0/libgcc.a(_udivsi3.o)
 .debug_aranges
                0x00000548       0x20 /home/maska/ATMEL/arm-gnu-toolchain-linux-2/bin/../lib/gcc/arm-elf/4.1.0/libgcc.a(_umodsi3.o)
 .debug_aranges
                0x00000568       0x20 /home/maska/ATMEL/arm-gnu-toolchain-linux-2/bin/../lib/gcc/arm-elf/4.1.0/libgcc.a(_dvmd_tls.o)
 .debug_aranges
                0x00000588       0x20 /home/maska/ATMEL/arm-gnu-toolchain-linux-2/bin/../lib/gcc/arm-elf/4.1.0/libgcc.a(_addsub_df.o)
 .debug_aranges
                0x000005a8       0x20 /home/maska/ATMEL/arm-gnu-toolchain-linux-2/bin/../lib/gcc/arm-elf/4.1.0/libgcc.a(_mul_df.o)
 .debug_aranges
                0x000005c8       0x20 /home/maska/ATMEL/arm-gnu-toolchain-linux-2/bin/../lib/gcc/arm-elf/4.1.0/libgcc.a(_div_df.o)
 .debug_aranges
                0x000005e8       0x20 /home/maska/ATMEL/arm-gnu-toolchain-linux-2/bin/../lib/gcc/arm-elf/4.1.0/libgcc.a(_eq_df.o)
 .debug_aranges
                0x00000608       0x20 /home/maska/ATMEL/arm-gnu-toolchain-linux-2/bin/../lib/gcc/arm-elf/4.1.0/libgcc.a(_ne_df.o)
 .debug_aranges
                0x00000628       0x20 /home/maska/ATMEL/arm-gnu-toolchain-linux-2/bin/../lib/gcc/arm-elf/4.1.0/libgcc.a(_gt_df.o)
 .debug_aranges
                0x00000648       0x20 /home/maska/ATMEL/arm-gnu-toolchain-linux-2/bin/../lib/gcc/arm-elf/4.1.0/libgcc.a(_ge_df.o)
 .debug_aranges
                0x00000668       0x20 /home/maska/ATMEL/arm-gnu-toolchain-linux-2/bin/../lib/gcc/arm-elf/4.1.0/libgcc.a(_lt_df.o)
 .debug_aranges
                0x00000688       0x20 /home/maska/ATMEL/arm-gnu-toolchain-linux-2/bin/../lib/gcc/arm-elf/4.1.0/libgcc.a(_si_to_df.o)
 .debug_aranges
                0x000006a8       0x20 /home/maska/ATMEL/arm-gnu-toolchain-linux-2/bin/../lib/gcc/arm-elf/4.1.0/libgcc.a(_df_to_si.o)
 .debug_aranges
                0x000006c8       0x20 /home/maska/ATMEL/arm-gnu-toolchain-linux-2/bin/../lib/gcc/arm-elf/4.1.0/libgcc.a(_pack_df.o)
 .debug_aranges
                0x000006e8       0x20 /home/maska/ATMEL/arm-gnu-toolchain-linux-2/bin/../lib/gcc/arm-elf/4.1.0/libgcc.a(_unpack_df.o)
 .debug_aranges
                0x00000708       0x20 /home/maska/ATMEL/arm-gnu-toolchain-linux-2/bin/../lib/gcc/arm-elf/4.1.0/libgcc.a(_fpcmp_parts_df.o)

.debug_pubnames
                0x00000000      0xe55
 *(.debug_pubnames)
 .debug_pubnames
                0x00000000      0x221 main.o
 .debug_pubnames
                0x00000221       0x29 Cstartup_SAM7.o
 .debug_pubnames
                0x0000024a       0x69 syscalls.o
 .debug_pubnames
                0x000002b3       0x96 cdc_enumerate.o
 .debug_pubnames
                0x00000349       0x88 adc.o
 .debug_pubnames
                0x000003d1       0x72 interrupt_Usart.o
 .debug_pubnames
                0x00000443       0x21 fastfunc.o
 .debug_pubnames
                0x00000464       0x27 /home/maska/ATMEL/arm-gnu-toolchain-linux-2/bin/../lib/gcc/arm-elf/4.1.0/../../../../arm-elf/lib/libc.a(atoi.o)
 .debug_pubnames
                0x0000048b       0x1d /home/maska/ATMEL/arm-gnu-toolchain-linux-2/bin/../lib/gcc/arm-elf/4.1.0/../../../../arm-elf/lib/libc.a(memcpy.o)
 .debug_pubnames
                0x000004a8       0x2d /home/maska/ATMEL/arm-gnu-toolchain-linux-2/bin/../lib/gcc/arm-elf/4.1.0/../../../../arm-elf/lib/libc.a(sprintf.o)
 .debug_pubnames
                0x000004d5       0x1d /home/maska/ATMEL/arm-gnu-toolchain-linux-2/bin/../lib/gcc/arm-elf/4.1.0/../../../../arm-elf/lib/libc.a(strcmp.o)
 .debug_pubnames
                0x000004f2       0x1d /home/maska/ATMEL/arm-gnu-toolchain-linux-2/bin/../lib/gcc/arm-elf/4.1.0/../../../../arm-elf/lib/libc.a(strlen.o)
 .debug_pubnames
                0x0000050f       0x1d /home/maska/ATMEL/arm-gnu-toolchain-linux-2/bin/../lib/gcc/arm-elf/4.1.0/../../../../arm-elf/lib/libc.a(strtok.o)
 .debug_pubnames
                0x0000052c       0x2e /home/maska/ATMEL/arm-gnu-toolchain-linux-2/bin/../lib/gcc/arm-elf/4.1.0/../../../../arm-elf/lib/libc.a(strtok_r.o)
 .debug_pubnames
                0x0000055a       0x2b /home/maska/ATMEL/arm-gnu-toolchain-linux-2/bin/../lib/gcc/arm-elf/4.1.0/../../../../arm-elf/lib/libc.a(strtol.o)
 .debug_pubnames
                0x00000585       0x2f /home/maska/ATMEL/arm-gnu-toolchain-linux-2/bin/../lib/gcc/arm-elf/4.1.0/../../../../arm-elf/lib/libc.a(vfprintf.o)
 .debug_pubnames
                0x000005b4       0x2d /home/maska/ATMEL/arm-gnu-toolchain-linux-2/bin/../lib/gcc/arm-elf/4.1.0/../../../../arm-elf/lib/libc.a(wcrtomb.o)
 .debug_pubnames
                0x000005e1       0x31 /home/maska/ATMEL/arm-gnu-toolchain-linux-2/bin/../lib/gcc/arm-elf/4.1.0/../../../../arm-elf/lib/libc.a(wcsrtombs.o)
 .debug_pubnames
                0x00000612       0x20 /home/maska/ATMEL/arm-gnu-toolchain-linux-2/bin/../lib/gcc/arm-elf/4.1.0/../../../../arm-elf/lib/libc.a(wctomb_r.o)
 .debug_pubnames
                0x00000632       0x20 /home/maska/ATMEL/arm-gnu-toolchain-linux-2/bin/../lib/gcc/arm-elf/4.1.0/../../../../arm-elf/lib/libc.a(wsetup.o)
 .debug_pubnames
                0x00000652       0x2e /home/maska/ATMEL/arm-gnu-toolchain-linux-2/bin/../lib/gcc/arm-elf/4.1.0/../../../../arm-elf/lib/libc.a(ctype_.o)
 .debug_pubnames
                0x00000680       0x1e /home/maska/ATMEL/arm-gnu-toolchain-linux-2/bin/../lib/gcc/arm-elf/4.1.0/../../../../arm-elf/lib/libc.a(dtoa.o)
 .debug_pubnames
                0x0000069e       0x1d /home/maska/ATMEL/arm-gnu-toolchain-linux-2/bin/../lib/gcc/arm-elf/4.1.0/../../../../arm-elf/lib/libc.a(fflush.o)
 .debug_pubnames
                0x000006bb       0xdb /home/maska/ATMEL/arm-gnu-toolchain-linux-2/bin/../lib/gcc/arm-elf/4.1.0/../../../../arm-elf/lib/libc.a(findfp.o)
 .debug_pubnames
                0x00000796       0x31 /home/maska/ATMEL/arm-gnu-toolchain-linux-2/bin/../lib/gcc/arm-elf/4.1.0/../../../../arm-elf/lib/libc.a(freer.o)
 .debug_pubnames
                0x000007c7       0x21 /home/maska/ATMEL/arm-gnu-toolchain-linux-2/bin/../lib/gcc/arm-elf/4.1.0/../../../../arm-elf/lib/libc.a(fvwrite.o)
 .debug_pubnames
                0x000007e8       0x2e /home/maska/ATMEL/arm-gnu-toolchain-linux-2/bin/../lib/gcc/arm-elf/4.1.0/../../../../arm-elf/lib/libc.a(fwalk.o)
 .debug_pubnames
                0x00000816       0x39 /home/maska/ATMEL/arm-gnu-toolchain-linux-2/bin/../lib/gcc/arm-elf/4.1.0/../../../../arm-elf/lib/libc.a(impure.o)
 .debug_pubnames
                0x0000084f       0xc3 /home/maska/ATMEL/arm-gnu-toolchain-linux-2/bin/../lib/gcc/arm-elf/4.1.0/../../../../arm-elf/lib/libc.a(locale.o)
 .debug_pubnames
                0x00000912       0x21 /home/maska/ATMEL/arm-gnu-toolchain-linux-2/bin/../lib/gcc/arm-elf/4.1.0/../../../../arm-elf/lib/libc.a(makebuf.o)
 .debug_pubnames
                0x00000933       0xce /home/maska/ATMEL/arm-gnu-toolchain-linux-2/bin/../lib/gcc/arm-elf/4.1.0/../../../../arm-elf/lib/libc.a(mallocr.o)
 .debug_pubnames
                0x00000a01       0x1d /home/maska/ATMEL/arm-gnu-toolchain-linux-2/bin/../lib/gcc/arm-elf/4.1.0/../../../../arm-elf/lib/libc.a(memchr.o)
 .debug_pubnames
                0x00000a1e       0x1e /home/maska/ATMEL/arm-gnu-toolchain-linux-2/bin/../lib/gcc/arm-elf/4.1.0/../../../../arm-elf/lib/libc.a(memmove.o)
 .debug_pubnames
                0x00000a3c       0x1d /home/maska/ATMEL/arm-gnu-toolchain-linux-2/bin/../lib/gcc/arm-elf/4.1.0/../../../../arm-elf/lib/libc.a(memset.o)
 .debug_pubnames
                0x00000a59       0x38 /home/maska/ATMEL/arm-gnu-toolchain-linux-2/bin/../lib/gcc/arm-elf/4.1.0/../../../../arm-elf/lib/libc.a(mlock.o)
 .debug_pubnames
                0x00000a91      0x112 /home/maska/ATMEL/arm-gnu-toolchain-linux-2/bin/../lib/gcc/arm-elf/4.1.0/../../../../arm-elf/lib/libc.a(mprec.o)
 .debug_pubnames
                0x00000ba3       0x21 /home/maska/ATMEL/arm-gnu-toolchain-linux-2/bin/../lib/gcc/arm-elf/4.1.0/../../../../arm-elf/lib/libc.a(reallocr.o)
 .debug_pubnames
                0x00000bc4       0x1c /home/maska/ATMEL/arm-gnu-toolchain-linux-2/bin/../lib/gcc/arm-elf/4.1.0/../../../../arm-elf/lib/libc.a(s_isinf.o)
 .debug_pubnames
                0x00000be0       0x1c /home/maska/ATMEL/arm-gnu-toolchain-linux-2/bin/../lib/gcc/arm-elf/4.1.0/../../../../arm-elf/lib/libc.a(s_isnan.o)
 .debug_pubnames
                0x00000bfc       0x44 /home/maska/ATMEL/arm-gnu-toolchain-linux-2/bin/../lib/gcc/arm-elf/4.1.0/../../../../arm-elf/lib/libc.a(stdio.o)
 .debug_pubnames
                0x00000c40       0x20 /home/maska/ATMEL/arm-gnu-toolchain-linux-2/bin/../lib/gcc/arm-elf/4.1.0/../../../../arm-elf/lib/libc.a(callocr.o)
 .debug_pubnames
                0x00000c60       0x2b /home/maska/ATMEL/arm-gnu-toolchain-linux-2/bin/../lib/gcc/arm-elf/4.1.0/../../../../arm-elf/lib/libc.a(fclose.o)
 .debug_pubnames
                0x00000c8b       0x2c /home/maska/ATMEL/arm-gnu-toolchain-linux-2/bin/../lib/gcc/arm-elf/4.1.0/libgcc.a(_addsub_df.o)
 .debug_pubnames
                0x00000cb7       0x1f /home/maska/ATMEL/arm-gnu-toolchain-linux-2/bin/../lib/gcc/arm-elf/4.1.0/libgcc.a(_mul_df.o)
 .debug_pubnames
                0x00000cd6       0x1f /home/maska/ATMEL/arm-gnu-toolchain-linux-2/bin/../lib/gcc/arm-elf/4.1.0/libgcc.a(_div_df.o)
 .debug_pubnames
                0x00000cf5       0x1e /home/maska/ATMEL/arm-gnu-toolchain-linux-2/bin/../lib/gcc/arm-elf/4.1.0/libgcc.a(_eq_df.o)
 .debug_pubnames
                0x00000d13       0x1e /home/maska/ATMEL/arm-gnu-toolchain-linux-2/bin/../lib/gcc/arm-elf/4.1.0/libgcc.a(_ne_df.o)
 .debug_pubnames
                0x00000d31       0x1e /home/maska/ATMEL/arm-gnu-toolchain-linux-2/bin/../lib/gcc/arm-elf/4.1.0/libgcc.a(_gt_df.o)
 .debug_pubnames
                0x00000d4f       0x1e /home/maska/ATMEL/arm-gnu-toolchain-linux-2/bin/../lib/gcc/arm-elf/4.1.0/libgcc.a(_ge_df.o)
 .debug_pubnames
                0x00000d6d       0x1e /home/maska/ATMEL/arm-gnu-toolchain-linux-2/bin/../lib/gcc/arm-elf/4.1.0/libgcc.a(_lt_df.o)
 .debug_pubnames
                0x00000d8b       0x22 /home/maska/ATMEL/arm-gnu-toolchain-linux-2/bin/../lib/gcc/arm-elf/4.1.0/libgcc.a(_si_to_df.o)
 .debug_pubnames
                0x00000dad       0x20 /home/maska/ATMEL/arm-gnu-toolchain-linux-2/bin/../lib/gcc/arm-elf/4.1.0/libgcc.a(_df_to_si.o)
 .debug_pubnames
                0x00000dcd       0x22 /home/maska/ATMEL/arm-gnu-toolchain-linux-2/bin/../lib/gcc/arm-elf/4.1.0/libgcc.a(_thenan_df.o)
 .debug_pubnames
                0x00000def       0x1f /home/maska/ATMEL/arm-gnu-toolchain-linux-2/bin/../lib/gcc/arm-elf/4.1.0/libgcc.a(_pack_df.o)
 .debug_pubnames
                0x00000e0e       0x21 /home/maska/ATMEL/arm-gnu-toolchain-linux-2/bin/../lib/gcc/arm-elf/4.1.0/libgcc.a(_unpack_df.o)
 .debug_pubnames
                0x00000e2f       0x26 /home/maska/ATMEL/arm-gnu-toolchain-linux-2/bin/../lib/gcc/arm-elf/4.1.0/libgcc.a(_fpcmp_parts_df.o)

.debug_info     0x00000000    0x19030
 *(.debug_info .gnu.linkonce.wi.*)
 .debug_info    0x00000000       0x74 Cstartup.o
 .debug_info    0x00000074     0x16f3 main.o
 .debug_info    0x00001767      0x208 Cstartup_SAM7.o
 .debug_info    0x0000196f     0x1022 syscalls.o
 .debug_info    0x00002991      0x66b cdc_enumerate.o
 .debug_info    0x00002ffc      0x47d adc.o
 .debug_info    0x00003479     0x11dc interrupt_Usart.o
 .debug_info    0x00004655      0x17b fastfunc.o
 .debug_info    0x000047d0      0x945 /home/maska/ATMEL/arm-gnu-toolchain-linux-2/bin/../lib/gcc/arm-elf/4.1.0/../../../../arm-elf/lib/libc.a(atoi.o)
 .debug_info    0x00005115      0x10a /home/maska/ATMEL/arm-gnu-toolchain-linux-2/bin/../lib/gcc/arm-elf/4.1.0/../../../../arm-elf/lib/libc.a(memcpy.o)
 .debug_info    0x0000521f      0xa00 /home/maska/ATMEL/arm-gnu-toolchain-linux-2/bin/../lib/gcc/arm-elf/4.1.0/../../../../arm-elf/lib/libc.a(sprintf.o)
 .debug_info    0x00005c1f       0xd8 /home/maska/ATMEL/arm-gnu-toolchain-linux-2/bin/../lib/gcc/arm-elf/4.1.0/../../../../arm-elf/lib/libc.a(strcmp.o)
 .debug_info    0x00005cf7       0xd4 /home/maska/ATMEL/arm-gnu-toolchain-linux-2/bin/../lib/gcc/arm-elf/4.1.0/../../../../arm-elf/lib/libc.a(strlen.o)
 .debug_info    0x00005dcb      0x92e /home/maska/ATMEL/arm-gnu-toolchain-linux-2/bin/../lib/gcc/arm-elf/4.1.0/../../../../arm-elf/lib/libc.a(strtok.o)
 .debug_info    0x000066f9      0x159 /home/maska/ATMEL/arm-gnu-toolchain-linux-2/bin/../lib/gcc/arm-elf/4.1.0/../../../../arm-elf/lib/libc.a(strtok_r.o)
 .debug_info    0x00006852      0xa0f /home/maska/ATMEL/arm-gnu-toolchain-linux-2/bin/../lib/gcc/arm-elf/4.1.0/../../../../arm-elf/lib/libc.a(strtol.o)
 .debug_info    0x00007261     0x10ee /home/maska/ATMEL/arm-gnu-toolchain-linux-2/bin/../lib/gcc/arm-elf/4.1.0/../../../../arm-elf/lib/libc.a(vfprintf.o)
 .debug_info    0x0000834f      0x9ef /home/maska/ATMEL/arm-gnu-toolchain-linux-2/bin/../lib/gcc/arm-elf/4.1.0/../../../../arm-elf/lib/libc.a(wcrtomb.o)
 .debug_info    0x00008d3e      0xa84 /home/maska/ATMEL/arm-gnu-toolchain-linux-2/bin/../lib/gcc/arm-elf/4.1.0/../../../../arm-elf/lib/libc.a(wcsrtombs.o)
 .debug_info    0x000097c2      0x9f7 /home/maska/ATMEL/arm-gnu-toolchain-linux-2/bin/../lib/gcc/arm-elf/4.1.0/../../../../arm-elf/lib/libc.a(wctomb_r.o)
 .debug_info    0x0000a1b9      0x93a /home/maska/ATMEL/arm-gnu-toolchain-linux-2/bin/../lib/gcc/arm-elf/4.1.0/../../../../arm-elf/lib/libc.a(wsetup.o)
 .debug_info    0x0000aaf3       0x79 /home/maska/ATMEL/arm-gnu-toolchain-linux-2/bin/../lib/gcc/arm-elf/4.1.0/../../../../arm-elf/lib/libc.a(ctype_.o)
 .debug_info    0x0000ab6c      0xd61 /home/maska/ATMEL/arm-gnu-toolchain-linux-2/bin/../lib/gcc/arm-elf/4.1.0/../../../../arm-elf/lib/libc.a(dtoa.o)
 .debug_info    0x0000b8cd      0x974 /home/maska/ATMEL/arm-gnu-toolchain-linux-2/bin/../lib/gcc/arm-elf/4.1.0/../../../../arm-elf/lib/libc.a(fflush.o)
 .debug_info    0x0000c241      0xb61 /home/maska/ATMEL/arm-gnu-toolchain-linux-2/bin/../lib/gcc/arm-elf/4.1.0/../../../../arm-elf/lib/libc.a(findfp.o)
 .debug_info    0x0000cda2      0xbb1 /home/maska/ATMEL/arm-gnu-toolchain-linux-2/bin/../lib/gcc/arm-elf/4.1.0/../../../../arm-elf/lib/libc.a(freer.o)
 .debug_info    0x0000d953      0xa5f /home/maska/ATMEL/arm-gnu-toolchain-linux-2/bin/../lib/gcc/arm-elf/4.1.0/../../../../arm-elf/lib/libc.a(fvwrite.o)
 .debug_info    0x0000e3b2      0xad9 /home/maska/ATMEL/arm-gnu-toolchain-linux-2/bin/../lib/gcc/arm-elf/4.1.0/../../../../arm-elf/lib/libc.a(fwalk.o)
 .debug_info    0x0000ee8b      0x922 /home/maska/ATMEL/arm-gnu-toolchain-linux-2/bin/../lib/gcc/arm-elf/4.1.0/../../../../arm-elf/lib/libc.a(impure.o)
 .debug_info    0x0000f7ad      0xb7e /home/maska/ATMEL/arm-gnu-toolchain-linux-2/bin/../lib/gcc/arm-elf/4.1.0/../../../../arm-elf/lib/libc.a(locale.o)
 .debug_info    0x0001032b      0xad9 /home/maska/ATMEL/arm-gnu-toolchain-linux-2/bin/../lib/gcc/arm-elf/4.1.0/../../../../arm-elf/lib/libc.a(makebuf.o)
 .debug_info    0x00010e04      0xcba /home/maska/ATMEL/arm-gnu-toolchain-linux-2/bin/../lib/gcc/arm-elf/4.1.0/../../../../arm-elf/lib/libc.a(mallocr.o)
 .debug_info    0x00011abe      0x133 /home/maska/ATMEL/arm-gnu-toolchain-linux-2/bin/../lib/gcc/arm-elf/4.1.0/../../../../arm-elf/lib/libc.a(memchr.o)
 .debug_info    0x00011bf1      0x13f /home/maska/ATMEL/arm-gnu-toolchain-linux-2/bin/../lib/gcc/arm-elf/4.1.0/../../../../arm-elf/lib/libc.a(memmove.o)
 .debug_info    0x00011d30      0x10e /home/maska/ATMEL/arm-gnu-toolchain-linux-2/bin/../lib/gcc/arm-elf/4.1.0/../../../../arm-elf/lib/libc.a(memset.o)
 .debug_info    0x00011e3e      0x93c /home/maska/ATMEL/arm-gnu-toolchain-linux-2/bin/../lib/gcc/arm-elf/4.1.0/../../../../arm-elf/lib/libc.a(mlock.o)
 .debug_info    0x0001277a     0x1319 /home/maska/ATMEL/arm-gnu-toolchain-linux-2/bin/../lib/gcc/arm-elf/4.1.0/../../../../arm-elf/lib/libc.a(mprec.o)
 .debug_info    0x00013a93      0xbc7 /home/maska/ATMEL/arm-gnu-toolchain-linux-2/bin/../lib/gcc/arm-elf/4.1.0/../../../../arm-elf/lib/libc.a(reallocr.o)
 .debug_info    0x0001465a      0x153 /home/maska/ATMEL/arm-gnu-toolchain-linux-2/bin/../lib/gcc/arm-elf/4.1.0/../../../../arm-elf/lib/libc.a(s_isinf.o)
 .debug_info    0x000147ad      0x151 /home/maska/ATMEL/arm-gnu-toolchain-linux-2/bin/../lib/gcc/arm-elf/4.1.0/../../../../arm-elf/lib/libc.a(s_isnan.o)
 .debug_info    0x000148fe      0xa70 /home/maska/ATMEL/arm-gnu-toolchain-linux-2/bin/../lib/gcc/arm-elf/4.1.0/../../../../arm-elf/lib/libc.a(stdio.o)
 .debug_info    0x0001536e      0xa01 /home/maska/ATMEL/arm-gnu-toolchain-linux-2/bin/../lib/gcc/arm-elf/4.1.0/../../../../arm-elf/lib/libc.a(callocr.o)
 .debug_info    0x00015d6f      0x980 /home/maska/ATMEL/arm-gnu-toolchain-linux-2/bin/../lib/gcc/arm-elf/4.1.0/../../../../arm-elf/lib/libc.a(fclose.o)
 .debug_info    0x000166ef       0x88 /home/maska/ATMEL/arm-gnu-toolchain-linux-2/bin/../lib/gcc/arm-elf/4.1.0/libgcc.a(_udivsi3.o)
 .debug_info    0x00016777       0x88 /home/maska/ATMEL/arm-gnu-toolchain-linux-2/bin/../lib/gcc/arm-elf/4.1.0/libgcc.a(_umodsi3.o)
 .debug_info    0x000167ff       0x88 /home/maska/ATMEL/arm-gnu-toolchain-linux-2/bin/../lib/gcc/arm-elf/4.1.0/libgcc.a(_dvmd_tls.o)
 .debug_info    0x00016887      0x479 /home/maska/ATMEL/arm-gnu-toolchain-linux-2/bin/../lib/gcc/arm-elf/4.1.0/libgcc.a(_addsub_df.o)
 .debug_info    0x00016d00      0x478 /home/maska/ATMEL/arm-gnu-toolchain-linux-2/bin/../lib/gcc/arm-elf/4.1.0/libgcc.a(_mul_df.o)
 .debug_info    0x00017178      0x3b2 /home/maska/ATMEL/arm-gnu-toolchain-linux-2/bin/../lib/gcc/arm-elf/4.1.0/libgcc.a(_div_df.o)
 .debug_info    0x0001752a      0x2aa /home/maska/ATMEL/arm-gnu-toolchain-linux-2/bin/../lib/gcc/arm-elf/4.1.0/libgcc.a(_eq_df.o)
 .debug_info    0x000177d4      0x2aa /home/maska/ATMEL/arm-gnu-toolchain-linux-2/bin/../lib/gcc/arm-elf/4.1.0/libgcc.a(_ne_df.o)
 .debug_info    0x00017a7e      0x2aa /home/maska/ATMEL/arm-gnu-toolchain-linux-2/bin/../lib/gcc/arm-elf/4.1.0/libgcc.a(_gt_df.o)
 .debug_info    0x00017d28      0x2aa /home/maska/ATMEL/arm-gnu-toolchain-linux-2/bin/../lib/gcc/arm-elf/4.1.0/libgcc.a(_ge_df.o)
 .debug_info    0x00017fd2      0x2aa /home/maska/ATMEL/arm-gnu-toolchain-linux-2/bin/../lib/gcc/arm-elf/4.1.0/libgcc.a(_lt_df.o)
 .debug_info    0x0001827c      0x1bd /home/maska/ATMEL/arm-gnu-toolchain-linux-2/bin/../lib/gcc/arm-elf/4.1.0/libgcc.a(_si_to_df.o)
 .debug_info    0x00018439      0x2de /home/maska/ATMEL/arm-gnu-toolchain-linux-2/bin/../lib/gcc/arm-elf/4.1.0/libgcc.a(_df_to_si.o)
 .debug_info    0x00018717      0x164 /home/maska/ATMEL/arm-gnu-toolchain-linux-2/bin/../lib/gcc/arm-elf/4.1.0/libgcc.a(_thenan_df.o)
 .debug_info    0x0001887b      0x323 /home/maska/ATMEL/arm-gnu-toolchain-linux-2/bin/../lib/gcc/arm-elf/4.1.0/libgcc.a(_pack_df.o)
 .debug_info    0x00018b9e      0x27a /home/maska/ATMEL/arm-gnu-toolchain-linux-2/bin/../lib/gcc/arm-elf/4.1.0/libgcc.a(_unpack_df.o)
 .debug_info    0x00018e18      0x218 /home/maska/ATMEL/arm-gnu-toolchain-linux-2/bin/../lib/gcc/arm-elf/4.1.0/libgcc.a(_fpcmp_parts_df.o)

.debug_abbrev   0x00000000     0x53d4
 *(.debug_abbrev)
 .debug_abbrev  0x00000000       0x14 Cstartup.o
 .debug_abbrev  0x00000014      0x2fc main.o
 .debug_abbrev  0x00000310       0xaa Cstartup_SAM7.o
 .debug_abbrev  0x000003ba      0x2ac syscalls.o
 .debug_abbrev  0x00000666      0x242 cdc_enumerate.o
 .debug_abbrev  0x000008a8       0xb8 adc.o
 .debug_abbrev  0x00000960      0x286 interrupt_Usart.o
 .debug_abbrev  0x00000be6       0xe7 fastfunc.o
 .debug_abbrev  0x00000ccd      0x176 /home/maska/ATMEL/arm-gnu-toolchain-linux-2/bin/../lib/gcc/arm-elf/4.1.0/../../../../arm-elf/lib/libc.a(atoi.o)
 .debug_abbrev  0x00000e43       0xa6 /home/maska/ATMEL/arm-gnu-toolchain-linux-2/bin/../lib/gcc/arm-elf/4.1.0/../../../../arm-elf/lib/libc.a(memcpy.o)
 .debug_abbrev  0x00000ee9      0x1af /home/maska/ATMEL/arm-gnu-toolchain-linux-2/bin/../lib/gcc/arm-elf/4.1.0/../../../../arm-elf/lib/libc.a(sprintf.o)
 .debug_abbrev  0x00001098       0x71 /home/maska/ATMEL/arm-gnu-toolchain-linux-2/bin/../lib/gcc/arm-elf/4.1.0/../../../../arm-elf/lib/libc.a(strcmp.o)
 .debug_abbrev  0x00001109       0x8b /home/maska/ATMEL/arm-gnu-toolchain-linux-2/bin/../lib/gcc/arm-elf/4.1.0/../../../../arm-elf/lib/libc.a(strlen.o)
 .debug_abbrev  0x00001194      0x17f /home/maska/ATMEL/arm-gnu-toolchain-linux-2/bin/../lib/gcc/arm-elf/4.1.0/../../../../arm-elf/lib/libc.a(strtok.o)
 .debug_abbrev  0x00001313       0xbc /home/maska/ATMEL/arm-gnu-toolchain-linux-2/bin/../lib/gcc/arm-elf/4.1.0/../../../../arm-elf/lib/libc.a(strtok_r.o)
 .debug_abbrev  0x000013cf      0x1bd /home/maska/ATMEL/arm-gnu-toolchain-linux-2/bin/../lib/gcc/arm-elf/4.1.0/../../../../arm-elf/lib/libc.a(strtol.o)
 .debug_abbrev  0x0000158c      0x367 /home/maska/ATMEL/arm-gnu-toolchain-linux-2/bin/../lib/gcc/arm-elf/4.1.0/../../../../arm-elf/lib/libc.a(vfprintf.o)
 .debug_abbrev  0x000018f3      0x18e /home/maska/ATMEL/arm-gnu-toolchain-linux-2/bin/../lib/gcc/arm-elf/4.1.0/../../../../arm-elf/lib/libc.a(wcrtomb.o)
 .debug_abbrev  0x00001a81      0x1a4 /home/maska/ATMEL/arm-gnu-toolchain-linux-2/bin/../lib/gcc/arm-elf/4.1.0/../../../../arm-elf/lib/libc.a(wcsrtombs.o)
 .debug_abbrev  0x00001c25      0x1ab /home/maska/ATMEL/arm-gnu-toolchain-linux-2/bin/../lib/gcc/arm-elf/4.1.0/../../../../arm-elf/lib/libc.a(wctomb_r.o)
 .debug_abbrev  0x00001dd0      0x170 /home/maska/ATMEL/arm-gnu-toolchain-linux-2/bin/../lib/gcc/arm-elf/4.1.0/../../../../arm-elf/lib/libc.a(wsetup.o)
 .debug_abbrev  0x00001f40       0x52 /home/maska/ATMEL/arm-gnu-toolchain-linux-2/bin/../lib/gcc/arm-elf/4.1.0/../../../../arm-elf/lib/libc.a(ctype_.o)
 .debug_abbrev  0x00001f92      0x223 /home/maska/ATMEL/arm-gnu-toolchain-linux-2/bin/../lib/gcc/arm-elf/4.1.0/../../../../arm-elf/lib/libc.a(dtoa.o)
 .debug_abbrev  0x000021b5      0x17f /home/maska/ATMEL/arm-gnu-toolchain-linux-2/bin/../lib/gcc/arm-elf/4.1.0/../../../../arm-elf/lib/libc.a(fflush.o)
 .debug_abbrev  0x00002334      0x24c /home/maska/ATMEL/arm-gnu-toolchain-linux-2/bin/../lib/gcc/arm-elf/4.1.0/../../../../arm-elf/lib/libc.a(findfp.o)
 .debug_abbrev  0x00002580      0x1e8 /home/maska/ATMEL/arm-gnu-toolchain-linux-2/bin/../lib/gcc/arm-elf/4.1.0/../../../../arm-elf/lib/libc.a(freer.o)
 .debug_abbrev  0x00002768      0x1b4 /home/maska/ATMEL/arm-gnu-toolchain-linux-2/bin/../lib/gcc/arm-elf/4.1.0/../../../../arm-elf/lib/libc.a(fvwrite.o)
 .debug_abbrev  0x0000291c      0x1ee /home/maska/ATMEL/arm-gnu-toolchain-linux-2/bin/../lib/gcc/arm-elf/4.1.0/../../../../arm-elf/lib/libc.a(fwalk.o)
 .debug_abbrev  0x00002b0a      0x157 /home/maska/ATMEL/arm-gnu-toolchain-linux-2/bin/../lib/gcc/arm-elf/4.1.0/../../../../arm-elf/lib/libc.a(impure.o)
 .debug_abbrev  0x00002c61      0x1de /home/maska/ATMEL/arm-gnu-toolchain-linux-2/bin/../lib/gcc/arm-elf/4.1.0/../../../../arm-elf/lib/libc.a(locale.o)
 .debug_abbrev  0x00002e3f      0x1a8 /home/maska/ATMEL/arm-gnu-toolchain-linux-2/bin/../lib/gcc/arm-elf/4.1.0/../../../../arm-elf/lib/libc.a(makebuf.o)
 .debug_abbrev  0x00002fe7      0x225 /home/maska/ATMEL/arm-gnu-toolchain-linux-2/bin/../lib/gcc/arm-elf/4.1.0/../../../../arm-elf/lib/libc.a(mallocr.o)
 .debug_abbrev  0x0000320c       0xb5 /home/maska/ATMEL/arm-gnu-toolchain-linux-2/bin/../lib/gcc/arm-elf/4.1.0/../../../../arm-elf/lib/libc.a(memchr.o)
 .debug_abbrev  0x000032c1       0x99 /home/maska/ATMEL/arm-gnu-toolchain-linux-2/bin/../lib/gcc/arm-elf/4.1.0/../../../../arm-elf/lib/libc.a(memmove.o)
 .debug_abbrev  0x0000335a       0xa9 /home/maska/ATMEL/arm-gnu-toolchain-linux-2/bin/../lib/gcc/arm-elf/4.1.0/../../../../arm-elf/lib/libc.a(memset.o)
 .debug_abbrev  0x00003403      0x16a /home/maska/ATMEL/arm-gnu-toolchain-linux-2/bin/../lib/gcc/arm-elf/4.1.0/../../../../arm-elf/lib/libc.a(mlock.o)
 .debug_abbrev  0x0000356d      0x280 /home/maska/ATMEL/arm-gnu-toolchain-linux-2/bin/../lib/gcc/arm-elf/4.1.0/../../../../arm-elf/lib/libc.a(mprec.o)
 .debug_abbrev  0x000037ed      0x1c3 /home/maska/ATMEL/arm-gnu-toolchain-linux-2/bin/../lib/gcc/arm-elf/4.1.0/../../../../arm-elf/lib/libc.a(reallocr.o)
 .debug_abbrev  0x000039b0       0xd4 /home/maska/ATMEL/arm-gnu-toolchain-linux-2/bin/../lib/gcc/arm-elf/4.1.0/../../../../arm-elf/lib/libc.a(s_isinf.o)
 .debug_abbrev  0x00003a84       0xd4 /home/maska/ATMEL/arm-gnu-toolchain-linux-2/bin/../lib/gcc/arm-elf/4.1.0/../../../../arm-elf/lib/libc.a(s_isnan.o)
 .debug_abbrev  0x00003b58      0x1b4 /home/maska/ATMEL/arm-gnu-toolchain-linux-2/bin/../lib/gcc/arm-elf/4.1.0/../../../../arm-elf/lib/libc.a(stdio.o)
 .debug_abbrev  0x00003d0c      0x1be /home/maska/ATMEL/arm-gnu-toolchain-linux-2/bin/../lib/gcc/arm-elf/4.1.0/../../../../arm-elf/lib/libc.a(callocr.o)
 .debug_abbrev  0x00003eca      0x1a7 /home/maska/ATMEL/arm-gnu-toolchain-linux-2/bin/../lib/gcc/arm-elf/4.1.0/../../../../arm-elf/lib/libc.a(fclose.o)
 .debug_abbrev  0x00004071       0x14 /home/maska/ATMEL/arm-gnu-toolchain-linux-2/bin/../lib/gcc/arm-elf/4.1.0/libgcc.a(_udivsi3.o)
 .debug_abbrev  0x00004085       0x14 /home/maska/ATMEL/arm-gnu-toolchain-linux-2/bin/../lib/gcc/arm-elf/4.1.0/libgcc.a(_umodsi3.o)
 .debug_abbrev  0x00004099       0x14 /home/maska/ATMEL/arm-gnu-toolchain-linux-2/bin/../lib/gcc/arm-elf/4.1.0/libgcc.a(_dvmd_tls.o)
 .debug_abbrev  0x000040ad      0x1b5 /home/maska/ATMEL/arm-gnu-toolchain-linux-2/bin/../lib/gcc/arm-elf/4.1.0/libgcc.a(_addsub_df.o)
 .debug_abbrev  0x00004262      0x1e7 /home/maska/ATMEL/arm-gnu-toolchain-linux-2/bin/../lib/gcc/arm-elf/4.1.0/libgcc.a(_mul_df.o)
 .debug_abbrev  0x00004449      0x1db /home/maska/ATMEL/arm-gnu-toolchain-linux-2/bin/../lib/gcc/arm-elf/4.1.0/libgcc.a(_div_df.o)
 .debug_abbrev  0x00004624      0x157 /home/maska/ATMEL/arm-gnu-toolchain-linux-2/bin/../lib/gcc/arm-elf/4.1.0/libgcc.a(_eq_df.o)
 .debug_abbrev  0x0000477b      0x157 /home/maska/ATMEL/arm-gnu-toolchain-linux-2/bin/../lib/gcc/arm-elf/4.1.0/libgcc.a(_ne_df.o)
 .debug_abbrev  0x000048d2      0x157 /home/maska/ATMEL/arm-gnu-toolchain-linux-2/bin/../lib/gcc/arm-elf/4.1.0/libgcc.a(_gt_df.o)
 .debug_abbrev  0x00004a29      0x157 /home/maska/ATMEL/arm-gnu-toolchain-linux-2/bin/../lib/gcc/arm-elf/4.1.0/libgcc.a(_ge_df.o)
 .debug_abbrev  0x00004b80      0x157 /home/maska/ATMEL/arm-gnu-toolchain-linux-2/bin/../lib/gcc/arm-elf/4.1.0/libgcc.a(_lt_df.o)
 .debug_abbrev  0x00004cd7       0xf1 /home/maska/ATMEL/arm-gnu-toolchain-linux-2/bin/../lib/gcc/arm-elf/4.1.0/libgcc.a(_si_to_df.o)
 .debug_abbrev  0x00004dc8      0x166 /home/maska/ATMEL/arm-gnu-toolchain-linux-2/bin/../lib/gcc/arm-elf/4.1.0/libgcc.a(_df_to_si.o)
 .debug_abbrev  0x00004f2e       0xba /home/maska/ATMEL/arm-gnu-toolchain-linux-2/bin/../lib/gcc/arm-elf/4.1.0/libgcc.a(_thenan_df.o)
 .debug_abbrev  0x00004fe8      0x192 /home/maska/ATMEL/arm-gnu-toolchain-linux-2/bin/../lib/gcc/arm-elf/4.1.0/libgcc.a(_pack_df.o)
 .debug_abbrev  0x0000517a      0x149 /home/maska/ATMEL/arm-gnu-toolchain-linux-2/bin/../lib/gcc/arm-elf/4.1.0/libgcc.a(_unpack_df.o)
 .debug_abbrev  0x000052c3      0x111 /home/maska/ATMEL/arm-gnu-toolchain-linux-2/bin/../lib/gcc/arm-elf/4.1.0/libgcc.a(_fpcmp_parts_df.o)

.debug_line     0x00000000     0x4ceb
 *(.debug_line)
 .debug_line    0x00000000       0x87 Cstartup.o
 .debug_line    0x00000087      0x3c5 main.o
 .debug_line    0x0000044c       0x60 Cstartup_SAM7.o
 .debug_line    0x000004ac      0x236 syscalls.o
 .debug_line    0x000006e2      0x142 cdc_enumerate.o
 .debug_line    0x00000824       0x57 adc.o
 .debug_line    0x0000087b      0x177 interrupt_Usart.o
 .debug_line    0x000009f2       0x5f fastfunc.o
 .debug_line    0x00000a51      0x112 /home/maska/ATMEL/arm-gnu-toolchain-linux-2/bin/../lib/gcc/arm-elf/4.1.0/../../../../arm-elf/lib/libc.a(atoi.o)
 .debug_line    0x00000b63       0xcb /home/maska/ATMEL/arm-gnu-toolchain-linux-2/bin/../lib/gcc/arm-elf/4.1.0/../../../../arm-elf/lib/libc.a(memcpy.o)
 .debug_line    0x00000c2e      0x1aa /home/maska/ATMEL/arm-gnu-toolchain-linux-2/bin/../lib/gcc/arm-elf/4.1.0/../../../../arm-elf/lib/libc.a(sprintf.o)
 .debug_line    0x00000dd8       0x85 /home/maska/ATMEL/arm-gnu-toolchain-linux-2/bin/../lib/gcc/arm-elf/4.1.0/../../../../arm-elf/lib/libc.a(strcmp.o)
 .debug_line    0x00000e5d       0xaf /home/maska/ATMEL/arm-gnu-toolchain-linux-2/bin/../lib/gcc/arm-elf/4.1.0/../../../../arm-elf/lib/libc.a(strlen.o)
 .debug_line    0x00000f0c      0x110 /home/maska/ATMEL/arm-gnu-toolchain-linux-2/bin/../lib/gcc/arm-elf/4.1.0/../../../../arm-elf/lib/libc.a(strtok.o)
 .debug_line    0x0000101c       0xa5 /home/maska/ATMEL/arm-gnu-toolchain-linux-2/bin/../lib/gcc/arm-elf/4.1.0/../../../../arm-elf/lib/libc.a(strtok_r.o)
 .debug_line    0x000010c1      0x1a9 /home/maska/ATMEL/arm-gnu-toolchain-linux-2/bin/../lib/gcc/arm-elf/4.1.0/../../../../arm-elf/lib/libc.a(strtol.o)
 .debug_line    0x0000126a      0x581 /home/maska/ATMEL/arm-gnu-toolchain-linux-2/bin/../lib/gcc/arm-elf/4.1.0/../../../../arm-elf/lib/libc.a(vfprintf.o)
 .debug_line    0x000017eb      0x180 /home/maska/ATMEL/arm-gnu-toolchain-linux-2/bin/../lib/gcc/arm-elf/4.1.0/../../../../arm-elf/lib/libc.a(wcrtomb.o)
 .debug_line    0x0000196b      0x1a6 /home/maska/ATMEL/arm-gnu-toolchain-linux-2/bin/../lib/gcc/arm-elf/4.1.0/../../../../arm-elf/lib/libc.a(wcsrtombs.o)
 .debug_line    0x00001b11      0x230 /home/maska/ATMEL/arm-gnu-toolchain-linux-2/bin/../lib/gcc/arm-elf/4.1.0/../../../../arm-elf/lib/libc.a(wctomb_r.o)
 .debug_line    0x00001d41      0x17e /home/maska/ATMEL/arm-gnu-toolchain-linux-2/bin/../lib/gcc/arm-elf/4.1.0/../../../../arm-elf/lib/libc.a(wsetup.o)
 .debug_line    0x00001ebf       0x5c /home/maska/ATMEL/arm-gnu-toolchain-linux-2/bin/../lib/gcc/arm-elf/4.1.0/../../../../arm-elf/lib/libc.a(ctype_.o)
 .debug_line    0x00001f1b      0x482 /home/maska/ATMEL/arm-gnu-toolchain-linux-2/bin/../lib/gcc/arm-elf/4.1.0/../../../../arm-elf/lib/libc.a(dtoa.o)
 .debug_line    0x0000239d      0x181 /home/maska/ATMEL/arm-gnu-toolchain-linux-2/bin/../lib/gcc/arm-elf/4.1.0/../../../../arm-elf/lib/libc.a(fflush.o)
 .debug_line    0x0000251e      0x1fa /home/maska/ATMEL/arm-gnu-toolchain-linux-2/bin/../lib/gcc/arm-elf/4.1.0/../../../../arm-elf/lib/libc.a(findfp.o)
 .debug_line    0x00002718      0x1c6 /home/maska/ATMEL/arm-gnu-toolchain-linux-2/bin/../lib/gcc/arm-elf/4.1.0/../../../../arm-elf/lib/libc.a(freer.o)
 .debug_line    0x000028de      0x219 /home/maska/ATMEL/arm-gnu-toolchain-linux-2/bin/../lib/gcc/arm-elf/4.1.0/../../../../arm-elf/lib/libc.a(fvwrite.o)
 .debug_line    0x00002af7      0x181 /home/maska/ATMEL/arm-gnu-toolchain-linux-2/bin/../lib/gcc/arm-elf/4.1.0/../../../../arm-elf/lib/libc.a(fwalk.o)
 .debug_line    0x00002c78       0xfe /home/maska/ATMEL/arm-gnu-toolchain-linux-2/bin/../lib/gcc/arm-elf/4.1.0/../../../../arm-elf/lib/libc.a(impure.o)
 .debug_line    0x00002d76      0x183 /home/maska/ATMEL/arm-gnu-toolchain-linux-2/bin/../lib/gcc/arm-elf/4.1.0/../../../../arm-elf/lib/libc.a(locale.o)
 .debug_line    0x00002ef9      0x1ab /home/maska/ATMEL/arm-gnu-toolchain-linux-2/bin/../lib/gcc/arm-elf/4.1.0/../../../../arm-elf/lib/libc.a(makebuf.o)
 .debug_line    0x000030a4      0x247 /home/maska/ATMEL/arm-gnu-toolchain-linux-2/bin/../lib/gcc/arm-elf/4.1.0/../../../../arm-elf/lib/libc.a(mallocr.o)
 .debug_line    0x000032eb       0xe0 /home/maska/ATMEL/arm-gnu-toolchain-linux-2/bin/../lib/gcc/arm-elf/4.1.0/../../../../arm-elf/lib/libc.a(memchr.o)
 .debug_line    0x000033cb       0xdb /home/maska/ATMEL/arm-gnu-toolchain-linux-2/bin/../lib/gcc/arm-elf/4.1.0/../../../../arm-elf/lib/libc.a(memmove.o)
 .debug_line    0x000034a6       0xd3 /home/maska/ATMEL/arm-gnu-toolchain-linux-2/bin/../lib/gcc/arm-elf/4.1.0/../../../../arm-elf/lib/libc.a(memset.o)
 .debug_line    0x00003579      0x110 /home/maska/ATMEL/arm-gnu-toolchain-linux-2/bin/../lib/gcc/arm-elf/4.1.0/../../../../arm-elf/lib/libc.a(mlock.o)
 .debug_line    0x00003689      0x41d /home/maska/ATMEL/arm-gnu-toolchain-linux-2/bin/../lib/gcc/arm-elf/4.1.0/../../../../arm-elf/lib/libc.a(mprec.o)
 .debug_line    0x00003aa6      0x1df /home/maska/ATMEL/arm-gnu-toolchain-linux-2/bin/../lib/gcc/arm-elf/4.1.0/../../../../arm-elf/lib/libc.a(reallocr.o)
 .debug_line    0x00003c85      0x116 /home/maska/ATMEL/arm-gnu-toolchain-linux-2/bin/../lib/gcc/arm-elf/4.1.0/../../../../arm-elf/lib/libc.a(s_isinf.o)
 .debug_line    0x00003d9b      0x113 /home/maska/ATMEL/arm-gnu-toolchain-linux-2/bin/../lib/gcc/arm-elf/4.1.0/../../../../arm-elf/lib/libc.a(s_isnan.o)
 .debug_line    0x00003eae      0x19f /home/maska/ATMEL/arm-gnu-toolchain-linux-2/bin/../lib/gcc/arm-elf/4.1.0/../../../../arm-elf/lib/libc.a(stdio.o)
 .debug_line    0x0000404d      0x11c /home/maska/ATMEL/arm-gnu-toolchain-linux-2/bin/../lib/gcc/arm-elf/4.1.0/../../../../arm-elf/lib/libc.a(callocr.o)
 .debug_line    0x00004169      0x180 /home/maska/ATMEL/arm-gnu-toolchain-linux-2/bin/../lib/gcc/arm-elf/4.1.0/../../../../arm-elf/lib/libc.a(fclose.o)
 .debug_line    0x000042e9       0x8d /home/maska/ATMEL/arm-gnu-toolchain-linux-2/bin/../lib/gcc/arm-elf/4.1.0/libgcc.a(_udivsi3.o)
 .debug_line    0x00004376       0x76 /home/maska/ATMEL/arm-gnu-toolchain-linux-2/bin/../lib/gcc/arm-elf/4.1.0/libgcc.a(_umodsi3.o)
 .debug_line    0x000043ec       0x61 /home/maska/ATMEL/arm-gnu-toolchain-linux-2/bin/../lib/gcc/arm-elf/4.1.0/libgcc.a(_dvmd_tls.o)
 .debug_line    0x0000444d      0x10d /home/maska/ATMEL/arm-gnu-toolchain-linux-2/bin/../lib/gcc/arm-elf/4.1.0/libgcc.a(_addsub_df.o)
 .debug_line    0x0000455a       0xf0 /home/maska/ATMEL/arm-gnu-toolchain-linux-2/bin/../lib/gcc/arm-elf/4.1.0/libgcc.a(_mul_df.o)
 .debug_line    0x0000464a       0xce /home/maska/ATMEL/arm-gnu-toolchain-linux-2/bin/../lib/gcc/arm-elf/4.1.0/libgcc.a(_div_df.o)
 .debug_line    0x00004718       0x79 /home/maska/ATMEL/arm-gnu-toolchain-linux-2/bin/../lib/gcc/arm-elf/4.1.0/libgcc.a(_eq_df.o)
 .debug_line    0x00004791       0x79 /home/maska/ATMEL/arm-gnu-toolchain-linux-2/bin/../lib/gcc/arm-elf/4.1.0/libgcc.a(_ne_df.o)
 .debug_line    0x0000480a       0x79 /home/maska/ATMEL/arm-gnu-toolchain-linux-2/bin/../lib/gcc/arm-elf/4.1.0/libgcc.a(_gt_df.o)
 .debug_line    0x00004883       0x79 /home/maska/ATMEL/arm-gnu-toolchain-linux-2/bin/../lib/gcc/arm-elf/4.1.0/libgcc.a(_ge_df.o)
 .debug_line    0x000048fc       0x79 /home/maska/ATMEL/arm-gnu-toolchain-linux-2/bin/../lib/gcc/arm-elf/4.1.0/libgcc.a(_lt_df.o)
 .debug_line    0x00004975       0x7e /home/maska/ATMEL/arm-gnu-toolchain-linux-2/bin/../lib/gcc/arm-elf/4.1.0/libgcc.a(_si_to_df.o)
 .debug_line    0x000049f3       0x87 /home/maska/ATMEL/arm-gnu-toolchain-linux-2/bin/../lib/gcc/arm-elf/4.1.0/libgcc.a(_df_to_si.o)
 .debug_line    0x00004a7a       0x54 /home/maska/ATMEL/arm-gnu-toolchain-linux-2/bin/../lib/gcc/arm-elf/4.1.0/libgcc.a(_thenan_df.o)
 .debug_line    0x00004ace       0xca /home/maska/ATMEL/arm-gnu-toolchain-linux-2/bin/../lib/gcc/arm-elf/4.1.0/libgcc.a(_pack_df.o)
 .debug_line    0x00004b98       0xb1 /home/maska/ATMEL/arm-gnu-toolchain-linux-2/bin/../lib/gcc/arm-elf/4.1.0/libgcc.a(_unpack_df.o)
 .debug_line    0x00004c49       0xa2 /home/maska/ATMEL/arm-gnu-toolchain-linux-2/bin/../lib/gcc/arm-elf/4.1.0/libgcc.a(_fpcmp_parts_df.o)

.debug_frame    0x00000000     0x12dc
 *(.debug_frame)
 .debug_frame   0x00000000      0x178 main.o
 .debug_frame   0x00000178       0x20 Cstartup_SAM7.o
 .debug_frame   0x00000198       0xa4 syscalls.o
 .debug_frame   0x0000023c       0xc0 cdc_enumerate.o
 .debug_frame   0x000002fc       0x60 adc.o
 .debug_frame   0x0000035c       0x7c interrupt_Usart.o
 .debug_frame   0x000003d8       0x2c fastfunc.o
 .debug_frame   0x00000404       0x30 /home/maska/ATMEL/arm-gnu-toolchain-linux-2/bin/../lib/gcc/arm-elf/4.1.0/../../../../arm-elf/lib/libc.a(atoi.o)
 .debug_frame   0x00000434       0x28 /home/maska/ATMEL/arm-gnu-toolchain-linux-2/bin/../lib/gcc/arm-elf/4.1.0/../../../../arm-elf/lib/libc.a(memcpy.o)
 .debug_frame   0x0000045c       0x5c /home/maska/ATMEL/arm-gnu-toolchain-linux-2/bin/../lib/gcc/arm-elf/4.1.0/../../../../arm-elf/lib/libc.a(sprintf.o)
 .debug_frame   0x000004b8       0x20 /home/maska/ATMEL/arm-gnu-toolchain-linux-2/bin/../lib/gcc/arm-elf/4.1.0/../../../../arm-elf/lib/libc.a(strcmp.o)
 .debug_frame   0x000004d8       0x20 /home/maska/ATMEL/arm-gnu-toolchain-linux-2/bin/../lib/gcc/arm-elf/4.1.0/../../../../arm-elf/lib/libc.a(strlen.o)
 .debug_frame   0x000004f8       0x20 /home/maska/ATMEL/arm-gnu-toolchain-linux-2/bin/../lib/gcc/arm-elf/4.1.0/../../../../arm-elf/lib/libc.a(strtok.o)
 .debug_frame   0x00000518       0x3c /home/maska/ATMEL/arm-gnu-toolchain-linux-2/bin/../lib/gcc/arm-elf/4.1.0/../../../../arm-elf/lib/libc.a(strtok_r.o)
 .debug_frame   0x00000554       0x50 /home/maska/ATMEL/arm-gnu-toolchain-linux-2/bin/../lib/gcc/arm-elf/4.1.0/../../../../arm-elf/lib/libc.a(strtol.o)
 .debug_frame   0x000005a4       0x6c /home/maska/ATMEL/arm-gnu-toolchain-linux-2/bin/../lib/gcc/arm-elf/4.1.0/../../../../arm-elf/lib/libc.a(vfprintf.o)
 .debug_frame   0x00000610       0x44 /home/maska/ATMEL/arm-gnu-toolchain-linux-2/bin/../lib/gcc/arm-elf/4.1.0/../../../../arm-elf/lib/libc.a(wcrtomb.o)
 .debug_frame   0x00000654       0x54 /home/maska/ATMEL/arm-gnu-toolchain-linux-2/bin/../lib/gcc/arm-elf/4.1.0/../../../../arm-elf/lib/libc.a(wcsrtombs.o)
 .debug_frame   0x000006a8       0x30 /home/maska/ATMEL/arm-gnu-toolchain-linux-2/bin/../lib/gcc/arm-elf/4.1.0/../../../../arm-elf/lib/libc.a(wctomb_r.o)
 .debug_frame   0x000006d8       0x2c /home/maska/ATMEL/arm-gnu-toolchain-linux-2/bin/../lib/gcc/arm-elf/4.1.0/../../../../arm-elf/lib/libc.a(wsetup.o)
 .debug_frame   0x00000704       0x60 /home/maska/ATMEL/arm-gnu-toolchain-linux-2/bin/../lib/gcc/arm-elf/4.1.0/../../../../arm-elf/lib/libc.a(dtoa.o)
 .debug_frame   0x00000764       0x2c /home/maska/ATMEL/arm-gnu-toolchain-linux-2/bin/../lib/gcc/arm-elf/4.1.0/../../../../arm-elf/lib/libc.a(fflush.o)
 .debug_frame   0x00000790      0x114 /home/maska/ATMEL/arm-gnu-toolchain-linux-2/bin/../lib/gcc/arm-elf/4.1.0/../../../../arm-elf/lib/libc.a(findfp.o)
 .debug_frame   0x000008a4       0x54 /home/maska/ATMEL/arm-gnu-toolchain-linux-2/bin/../lib/gcc/arm-elf/4.1.0/../../../../arm-elf/lib/libc.a(freer.o)
 .debug_frame   0x000008f8       0x38 /home/maska/ATMEL/arm-gnu-toolchain-linux-2/bin/../lib/gcc/arm-elf/4.1.0/../../../../arm-elf/lib/libc.a(fvwrite.o)
 .debug_frame   0x00000930       0x58 /home/maska/ATMEL/arm-gnu-toolchain-linux-2/bin/../lib/gcc/arm-elf/4.1.0/../../../../arm-elf/lib/libc.a(fwalk.o)
 .debug_frame   0x00000988       0x6c /home/maska/ATMEL/arm-gnu-toolchain-linux-2/bin/../lib/gcc/arm-elf/4.1.0/../../../../arm-elf/lib/libc.a(locale.o)
 .debug_frame   0x000009f4       0x30 /home/maska/ATMEL/arm-gnu-toolchain-linux-2/bin/../lib/gcc/arm-elf/4.1.0/../../../../arm-elf/lib/libc.a(makebuf.o)
 .debug_frame   0x00000a24       0x38 /home/maska/ATMEL/arm-gnu-toolchain-linux-2/bin/../lib/gcc/arm-elf/4.1.0/../../../../arm-elf/lib/libc.a(mallocr.o)
 .debug_frame   0x00000a5c       0x28 /home/maska/ATMEL/arm-gnu-toolchain-linux-2/bin/../lib/gcc/arm-elf/4.1.0/../../../../arm-elf/lib/libc.a(memchr.o)
 .debug_frame   0x00000a84       0x28 /home/maska/ATMEL/arm-gnu-toolchain-linux-2/bin/../lib/gcc/arm-elf/4.1.0/../../../../arm-elf/lib/libc.a(memmove.o)
 .debug_frame   0x00000aac       0x20 /home/maska/ATMEL/arm-gnu-toolchain-linux-2/bin/../lib/gcc/arm-elf/4.1.0/../../../../arm-elf/lib/libc.a(memset.o)
 .debug_frame   0x00000acc       0x30 /home/maska/ATMEL/arm-gnu-toolchain-linux-2/bin/../lib/gcc/arm-elf/4.1.0/../../../../arm-elf/lib/libc.a(mlock.o)
 .debug_frame   0x00000afc      0x1f0 /home/maska/ATMEL/arm-gnu-toolchain-linux-2/bin/../lib/gcc/arm-elf/4.1.0/../../../../arm-elf/lib/libc.a(mprec.o)
 .debug_frame   0x00000cec       0x38 /home/maska/ATMEL/arm-gnu-toolchain-linux-2/bin/../lib/gcc/arm-elf/4.1.0/../../../../arm-elf/lib/libc.a(reallocr.o)
 .debug_frame   0x00000d24       0x28 /home/maska/ATMEL/arm-gnu-toolchain-linux-2/bin/../lib/gcc/arm-elf/4.1.0/../../../../arm-elf/lib/libc.a(s_isinf.o)
 .debug_frame   0x00000d4c       0x28 /home/maska/ATMEL/arm-gnu-toolchain-linux-2/bin/../lib/gcc/arm-elf/4.1.0/../../../../arm-elf/lib/libc.a(s_isnan.o)
 .debug_frame   0x00000d74       0x70 /home/maska/ATMEL/arm-gnu-toolchain-linux-2/bin/../lib/gcc/arm-elf/4.1.0/../../../../arm-elf/lib/libc.a(stdio.o)
 .debug_frame   0x00000de4       0x28 /home/maska/ATMEL/arm-gnu-toolchain-linux-2/bin/../lib/gcc/arm-elf/4.1.0/../../../../arm-elf/lib/libc.a(callocr.o)
 .debug_frame   0x00000e0c       0x3c /home/maska/ATMEL/arm-gnu-toolchain-linux-2/bin/../lib/gcc/arm-elf/4.1.0/../../../../arm-elf/lib/libc.a(fclose.o)
 .debug_frame   0x00000e48       0x28 /home/maska/ATMEL/arm-gnu-toolchain-linux-2/bin/../lib/gcc/arm-elf/4.1.0/libgcc.a(_udivsi3.o)
 .debug_frame   0x00000e70       0x28 /home/maska/ATMEL/arm-gnu-toolchain-linux-2/bin/../lib/gcc/arm-elf/4.1.0/libgcc.a(_umodsi3.o)
 .debug_frame   0x00000e98       0xb0 /home/maska/ATMEL/arm-gnu-toolchain-linux-2/bin/../lib/gcc/arm-elf/4.1.0/libgcc.a(_addsub_df.o)
 .debug_frame   0x00000f48       0x78 /home/maska/ATMEL/arm-gnu-toolchain-linux-2/bin/../lib/gcc/arm-elf/4.1.0/libgcc.a(_mul_df.o)
 .debug_frame   0x00000fc0       0x78 /home/maska/ATMEL/arm-gnu-toolchain-linux-2/bin/../lib/gcc/arm-elf/4.1.0/libgcc.a(_div_df.o)
 .debug_frame   0x00001038       0x3c /home/maska/ATMEL/arm-gnu-toolchain-linux-2/bin/../lib/gcc/arm-elf/4.1.0/libgcc.a(_eq_df.o)
 .debug_frame   0x00001074       0x3c /home/maska/ATMEL/arm-gnu-toolchain-linux-2/bin/../lib/gcc/arm-elf/4.1.0/libgcc.a(_ne_df.o)
 .debug_frame   0x000010b0       0x3c /home/maska/ATMEL/arm-gnu-toolchain-linux-2/bin/../lib/gcc/arm-elf/4.1.0/libgcc.a(_gt_df.o)
 .debug_frame   0x000010ec       0x3c /home/maska/ATMEL/arm-gnu-toolchain-linux-2/bin/../lib/gcc/arm-elf/4.1.0/libgcc.a(_ge_df.o)
 .debug_frame   0x00001128       0x3c /home/maska/ATMEL/arm-gnu-toolchain-linux-2/bin/../lib/gcc/arm-elf/4.1.0/libgcc.a(_lt_df.o)
 .debug_frame   0x00001164       0x2c /home/maska/ATMEL/arm-gnu-toolchain-linux-2/bin/../lib/gcc/arm-elf/4.1.0/libgcc.a(_si_to_df.o)
 .debug_frame   0x00001190       0x5c /home/maska/ATMEL/arm-gnu-toolchain-linux-2/bin/../lib/gcc/arm-elf/4.1.0/libgcc.a(_df_to_si.o)
 .debug_frame   0x000011ec       0x68 /home/maska/ATMEL/arm-gnu-toolchain-linux-2/bin/../lib/gcc/arm-elf/4.1.0/libgcc.a(_pack_df.o)
 .debug_frame   0x00001254       0x2c /home/maska/ATMEL/arm-gnu-toolchain-linux-2/bin/../lib/gcc/arm-elf/4.1.0/libgcc.a(_unpack_df.o)
 .debug_frame   0x00001280       0x5c /home/maska/ATMEL/arm-gnu-toolchain-linux-2/bin/../lib/gcc/arm-elf/4.1.0/libgcc.a(_fpcmp_parts_df.o)

.debug_str      0x00000000     0x2a8b
 *(.debug_str)
 .debug_str     0x00000000      0x7b6 main.o
                                0x831 (size before relaxing)
 .debug_str     0x000007b6       0x23 Cstartup_SAM7.o
                                0x15d (size before relaxing)
 .debug_str     0x000007d9      0x5d5 syscalls.o
                                0x714 (size before relaxing)
 .debug_str     0x00000dae      0x19f cdc_enumerate.o
                                0x33e (size before relaxing)
 .debug_str     0x00000f4d      0x165 adc.o
                                0x29a (size before relaxing)
 .debug_str     0x000010b2      0x36a interrupt_Usart.o
                                0x847 (size before relaxing)
 .debug_str     0x0000141c       0x20 fastfunc.o
                                 0xec (size before relaxing)
 .debug_str     0x0000143c       0x91 /home/maska/ATMEL/arm-gnu-toolchain-linux-2/bin/../lib/gcc/arm-elf/4.1.0/../../../../arm-elf/lib/libc.a(atoi.o)
                                0x4af (size before relaxing)
 .debug_str     0x000014cd       0xb4 /home/maska/ATMEL/arm-gnu-toolchain-linux-2/bin/../lib/gcc/arm-elf/4.1.0/../../../../arm-elf/lib/libc.a(memcpy.o)
                                 0xe7 (size before relaxing)
 .debug_str     0x00001581       0xa7 /home/maska/ATMEL/arm-gnu-toolchain-linux-2/bin/../lib/gcc/arm-elf/4.1.0/../../../../arm-elf/lib/libc.a(sprintf.o)
                                0x4ea (size before relaxing)
 .debug_str     0x00001628       0x47 /home/maska/ATMEL/arm-gnu-toolchain-linux-2/bin/../lib/gcc/arm-elf/4.1.0/../../../../arm-elf/lib/libc.a(strcmp.o)
                                0x116 (size before relaxing)
 .debug_str     0x0000166f       0x5a /home/maska/ATMEL/arm-gnu-toolchain-linux-2/bin/../lib/gcc/arm-elf/4.1.0/../../../../arm-elf/lib/libc.a(strlen.o)
                                0x130 (size before relaxing)
 .debug_str     0x000016c9       0x47 /home/maska/ATMEL/arm-gnu-toolchain-linux-2/bin/../lib/gcc/arm-elf/4.1.0/../../../../arm-elf/lib/libc.a(strtok.o)
                                0x4bd (size before relaxing)
 .debug_str     0x00001710       0x71 /home/maska/ATMEL/arm-gnu-toolchain-linux-2/bin/../lib/gcc/arm-elf/4.1.0/../../../../arm-elf/lib/libc.a(strtok_r.o)
                                0x14f (size before relaxing)
 .debug_str     0x00001781       0x77 /home/maska/ATMEL/arm-gnu-toolchain-linux-2/bin/../lib/gcc/arm-elf/4.1.0/../../../../arm-elf/lib/libc.a(strtol.o)
                                0x4f1 (size before relaxing)
 .debug_str     0x000017f8      0x1ba /home/maska/ATMEL/arm-gnu-toolchain-linux-2/bin/../lib/gcc/arm-elf/4.1.0/../../../../arm-elf/lib/libc.a(vfprintf.o)
                                0x6bb (size before relaxing)
 .debug_str     0x000019b2       0x5b /home/maska/ATMEL/arm-gnu-toolchain-linux-2/bin/../lib/gcc/arm-elf/4.1.0/../../../../arm-elf/lib/libc.a(wcrtomb.o)
                                0x4f0 (size before relaxing)
 .debug_str     0x00001a0d       0x64 /home/maska/ATMEL/arm-gnu-toolchain-linux-2/bin/../lib/gcc/arm-elf/4.1.0/../../../../arm-elf/lib/libc.a(wcsrtombs.o)
                                0x505 (size before relaxing)
 .debug_str     0x00001a71       0x69 /home/maska/ATMEL/arm-gnu-toolchain-linux-2/bin/../lib/gcc/arm-elf/4.1.0/../../../../arm-elf/lib/libc.a(wctomb_r.o)
                                0x4e5 (size before relaxing)
 .debug_str     0x00001ada       0x49 /home/maska/ATMEL/arm-gnu-toolchain-linux-2/bin/../lib/gcc/arm-elf/4.1.0/../../../../arm-elf/lib/libc.a(wsetup.o)
                                0x4c9 (size before relaxing)
 .debug_str     0x00001b23       0x8c /home/maska/ATMEL/arm-gnu-toolchain-linux-2/bin/../lib/gcc/arm-elf/4.1.0/../../../../arm-elf/lib/libc.a(ctype_.o)
                                 0xbb (size before relaxing)
 .debug_str     0x00001baf      0x107 /home/maska/ATMEL/arm-gnu-toolchain-linux-2/bin/../lib/gcc/arm-elf/4.1.0/../../../../arm-elf/lib/libc.a(dtoa.o)
                                0x5c0 (size before relaxing)
 .debug_str     0x00001cb6       0x59 /home/maska/ATMEL/arm-gnu-toolchain-linux-2/bin/../lib/gcc/arm-elf/4.1.0/../../../../arm-elf/lib/libc.a(fflush.o)
                                0x4d9 (size before relaxing)
 .debug_str     0x00001d0f      0x107 /home/maska/ATMEL/arm-gnu-toolchain-linux-2/bin/../lib/gcc/arm-elf/4.1.0/../../../../arm-elf/lib/libc.a(findfp.o)
                                0x5b3 (size before relaxing)
 .debug_str     0x00001e16      0x160 /home/maska/ATMEL/arm-gnu-toolchain-linux-2/bin/../lib/gcc/arm-elf/4.1.0/../../../../arm-elf/lib/libc.a(freer.o)
                                0x602 (size before relaxing)
 .debug_str     0x00001f76       0x61 /home/maska/ATMEL/arm-gnu-toolchain-linux-2/bin/../lib/gcc/arm-elf/4.1.0/../../../../arm-elf/lib/libc.a(fvwrite.o)
                                0x524 (size before relaxing)
 .debug_str     0x00001fd7       0x63 /home/maska/ATMEL/arm-gnu-toolchain-linux-2/bin/../lib/gcc/arm-elf/4.1.0/../../../../arm-elf/lib/libc.a(fwalk.o)
                                0x4f4 (size before relaxing)
 .debug_str     0x0000203a       0x90 /home/maska/ATMEL/arm-gnu-toolchain-linux-2/bin/../lib/gcc/arm-elf/4.1.0/../../../../arm-elf/lib/libc.a(impure.o)
                                0x4cd (size before relaxing)
 .debug_str     0x000020ca      0x1d9 /home/maska/ATMEL/arm-gnu-toolchain-linux-2/bin/../lib/gcc/arm-elf/4.1.0/../../../../arm-elf/lib/libc.a(locale.o)
                                0x65c (size before relaxing)
 .debug_str     0x000022a3       0x56 /home/maska/ATMEL/arm-gnu-toolchain-linux-2/bin/../lib/gcc/arm-elf/4.1.0/../../../../arm-elf/lib/libc.a(makebuf.o)
                                0x5b0 (size before relaxing)
 .debug_str     0x000022f9       0xe9 /home/maska/ATMEL/arm-gnu-toolchain-linux-2/bin/../lib/gcc/arm-elf/4.1.0/../../../../arm-elf/lib/libc.a(mallocr.o)
                                0x6b0 (size before relaxing)
 .debug_str     0x000023e2       0x55 /home/maska/ATMEL/arm-gnu-toolchain-linux-2/bin/../lib/gcc/arm-elf/4.1.0/../../../../arm-elf/lib/libc.a(memchr.o)
                                0x13e (size before relaxing)
 .debug_str     0x00002437       0x52 /home/maska/ATMEL/arm-gnu-toolchain-linux-2/bin/../lib/gcc/arm-elf/4.1.0/../../../../arm-elf/lib/libc.a(memmove.o)
                                0x150 (size before relaxing)
 .debug_str     0x00002489       0x47 /home/maska/ATMEL/arm-gnu-toolchain-linux-2/bin/../lib/gcc/arm-elf/4.1.0/../../../../arm-elf/lib/libc.a(memset.o)
                                0x131 (size before relaxing)
 .debug_str     0x000024d0       0x72 /home/maska/ATMEL/arm-gnu-toolchain-linux-2/bin/../lib/gcc/arm-elf/4.1.0/../../../../arm-elf/lib/libc.a(mlock.o)
                                0x4d6 (size before relaxing)
 .debug_str     0x00002542       0xd8 /home/maska/ATMEL/arm-gnu-toolchain-linux-2/bin/../lib/gcc/arm-elf/4.1.0/../../../../arm-elf/lib/libc.a(mprec.o)
                                0x5a8 (size before relaxing)
 .debug_str     0x0000261a       0x61 /home/maska/ATMEL/arm-gnu-toolchain-linux-2/bin/../lib/gcc/arm-elf/4.1.0/../../../../arm-elf/lib/libc.a(reallocr.o)
                                0x582 (size before relaxing)
 .debug_str     0x0000267b       0xaf /home/maska/ATMEL/arm-gnu-toolchain-linux-2/bin/../lib/gcc/arm-elf/4.1.0/../../../../arm-elf/lib/libc.a(s_isinf.o)
                                0x174 (size before relaxing)
 .debug_str     0x0000272a       0x45 /home/maska/ATMEL/arm-gnu-toolchain-linux-2/bin/../lib/gcc/arm-elf/4.1.0/../../../../arm-elf/lib/libc.a(s_isnan.o)
                                0x174 (size before relaxing)
 .debug_str     0x0000276f       0x67 /home/maska/ATMEL/arm-gnu-toolchain-linux-2/bin/../lib/gcc/arm-elf/4.1.0/../../../../arm-elf/lib/libc.a(stdio.o)
                                0x4fc (size before relaxing)
 .debug_str     0x000027d6       0x19 /home/maska/ATMEL/arm-gnu-toolchain-linux-2/bin/../lib/gcc/arm-elf/4.1.0/../../../../arm-elf/lib/libc.a(callocr.o)
                                0x501 (size before relaxing)
 .debug_str     0x000027ef       0x50 /home/maska/ATMEL/arm-gnu-toolchain-linux-2/bin/../lib/gcc/arm-elf/4.1.0/../../../../arm-elf/lib/libc.a(fclose.o)
                                0x4d5 (size before relaxing)
 .debug_str     0x0000283f      0x161 /home/maska/ATMEL/arm-gnu-toolchain-linux-2/bin/../lib/gcc/arm-elf/4.1.0/libgcc.a(_addsub_df.o)
                                0x220 (size before relaxing)
 .debug_str     0x000029a0       0x45 /home/maska/ATMEL/arm-gnu-toolchain-linux-2/bin/../lib/gcc/arm-elf/4.1.0/libgcc.a(_mul_df.o)
                                0x1f8 (size before relaxing)
 .debug_str     0x000029e5       0x35 /home/maska/ATMEL/arm-gnu-toolchain-linux-2/bin/../lib/gcc/arm-elf/4.1.0/libgcc.a(_div_df.o)
                                0x1e8 (size before relaxing)
 .debug_str     0x00002a1a        0x8 /home/maska/ATMEL/arm-gnu-toolchain-linux-2/bin/../lib/gcc/arm-elf/4.1.0/libgcc.a(_eq_df.o)
                                0x1b5 (size before relaxing)
 .debug_str     0x00002a22        0x8 /home/maska/ATMEL/arm-gnu-toolchain-linux-2/bin/../lib/gcc/arm-elf/4.1.0/libgcc.a(_ne_df.o)
                                0x1b5 (size before relaxing)
 .debug_str     0x00002a2a        0x8 /home/maska/ATMEL/arm-gnu-toolchain-linux-2/bin/../lib/gcc/arm-elf/4.1.0/libgcc.a(_gt_df.o)
                                0x1b5 (size before relaxing)
 .debug_str     0x00002a32        0x8 /home/maska/ATMEL/arm-gnu-toolchain-linux-2/bin/../lib/gcc/arm-elf/4.1.0/libgcc.a(_ge_df.o)
                                0x1b5 (size before relaxing)
 .debug_str     0x00002a3a        0x8 /home/maska/ATMEL/arm-gnu-toolchain-linux-2/bin/../lib/gcc/arm-elf/4.1.0/libgcc.a(_lt_df.o)
                                0x1b5 (size before relaxing)
 .debug_str     0x00002a42        0xc /home/maska/ATMEL/arm-gnu-toolchain-linux-2/bin/../lib/gcc/arm-elf/4.1.0/libgcc.a(_si_to_df.o)
                                0x183 (size before relaxing)
 .debug_str     0x00002a4e        0xa /home/maska/ATMEL/arm-gnu-toolchain-linux-2/bin/../lib/gcc/arm-elf/4.1.0/libgcc.a(_df_to_si.o)
                                0x1be (size before relaxing)
 .debug_str     0x00002a58        0x0 /home/maska/ATMEL/arm-gnu-toolchain-linux-2/bin/../lib/gcc/arm-elf/4.1.0/libgcc.a(_thenan_df.o)
                                0x15a (size before relaxing)
 .debug_str     0x00002a58       0x10 /home/maska/ATMEL/arm-gnu-toolchain-linux-2/bin/../lib/gcc/arm-elf/4.1.0/libgcc.a(_pack_df.o)
                                0x1bd (size before relaxing)
 .debug_str     0x00002a68       0x13 /home/maska/ATMEL/arm-gnu-toolchain-linux-2/bin/../lib/gcc/arm-elf/4.1.0/libgcc.a(_unpack_df.o)
                                0x1a7 (size before relaxing)
 .debug_str     0x00002a7b       0x10 /home/maska/ATMEL/arm-gnu-toolchain-linux-2/bin/../lib/gcc/arm-elf/4.1.0/libgcc.a(_fpcmp_parts_df.o)
                                0x17d (size before relaxing)

.debug_loc      0x00000000     0x8f15
 *(.debug_loc)
 .debug_loc     0x00000000      0x32c main.o
 .debug_loc     0x0000032c      0x1b6 syscalls.o
 .debug_loc     0x000004e2      0x4e0 cdc_enumerate.o
 .debug_loc     0x000009c2       0x9b interrupt_Usart.o
 .debug_loc     0x00000a5d       0x82 fastfunc.o
 .debug_loc     0x00000adf       0x39 /home/maska/ATMEL/arm-gnu-toolchain-linux-2/bin/../lib/gcc/arm-elf/4.1.0/../../../../arm-elf/lib/libc.a(atoi.o)
 .debug_loc     0x00000b18       0xdb /home/maska/ATMEL/arm-gnu-toolchain-linux-2/bin/../lib/gcc/arm-elf/4.1.0/../../../../arm-elf/lib/libc.a(memcpy.o)
 .debug_loc     0x00000bf3       0xfd /home/maska/ATMEL/arm-gnu-toolchain-linux-2/bin/../lib/gcc/arm-elf/4.1.0/../../../../arm-elf/lib/libc.a(sprintf.o)
 .debug_loc     0x00000cf0       0xaf /home/maska/ATMEL/arm-gnu-toolchain-linux-2/bin/../lib/gcc/arm-elf/4.1.0/../../../../arm-elf/lib/libc.a(strcmp.o)
 .debug_loc     0x00000d9f       0x47 /home/maska/ATMEL/arm-gnu-toolchain-linux-2/bin/../lib/gcc/arm-elf/4.1.0/../../../../arm-elf/lib/libc.a(strlen.o)
 .debug_loc     0x00000de6       0x26 /home/maska/ATMEL/arm-gnu-toolchain-linux-2/bin/../lib/gcc/arm-elf/4.1.0/../../../../arm-elf/lib/libc.a(strtok.o)
 .debug_loc     0x00000e0c      0x15c /home/maska/ATMEL/arm-gnu-toolchain-linux-2/bin/../lib/gcc/arm-elf/4.1.0/../../../../arm-elf/lib/libc.a(strtok_r.o)
 .debug_loc     0x00000f68      0x20b /home/maska/ATMEL/arm-gnu-toolchain-linux-2/bin/../lib/gcc/arm-elf/4.1.0/../../../../arm-elf/lib/libc.a(strtol.o)
 .debug_loc     0x00001173     0x1eef /home/maska/ATMEL/arm-gnu-toolchain-linux-2/bin/../lib/gcc/arm-elf/4.1.0/../../../../arm-elf/lib/libc.a(vfprintf.o)
 .debug_loc     0x00003062      0x145 /home/maska/ATMEL/arm-gnu-toolchain-linux-2/bin/../lib/gcc/arm-elf/4.1.0/../../../../arm-elf/lib/libc.a(wcrtomb.o)
 .debug_loc     0x000031a7      0x2b2 /home/maska/ATMEL/arm-gnu-toolchain-linux-2/bin/../lib/gcc/arm-elf/4.1.0/../../../../arm-elf/lib/libc.a(wcsrtombs.o)
 .debug_loc     0x00003459      0x248 /home/maska/ATMEL/arm-gnu-toolchain-linux-2/bin/../lib/gcc/arm-elf/4.1.0/../../../../arm-elf/lib/libc.a(wctomb_r.o)
 .debug_loc     0x000036a1       0x3d /home/maska/ATMEL/arm-gnu-toolchain-linux-2/bin/../lib/gcc/arm-elf/4.1.0/../../../../arm-elf/lib/libc.a(wsetup.o)
 .debug_loc     0x000036de     0x1665 /home/maska/ATMEL/arm-gnu-toolchain-linux-2/bin/../lib/gcc/arm-elf/4.1.0/../../../../arm-elf/lib/libc.a(dtoa.o)
 .debug_loc     0x00004d43       0xad /home/maska/ATMEL/arm-gnu-toolchain-linux-2/bin/../lib/gcc/arm-elf/4.1.0/../../../../arm-elf/lib/libc.a(fflush.o)
 .debug_loc     0x00004df0      0x20c /home/maska/ATMEL/arm-gnu-toolchain-linux-2/bin/../lib/gcc/arm-elf/4.1.0/../../../../arm-elf/lib/libc.a(findfp.o)
 .debug_loc     0x00004ffc      0x38f /home/maska/ATMEL/arm-gnu-toolchain-linux-2/bin/../lib/gcc/arm-elf/4.1.0/../../../../arm-elf/lib/libc.a(freer.o)
 .debug_loc     0x0000538b      0x328 /home/maska/ATMEL/arm-gnu-toolchain-linux-2/bin/../lib/gcc/arm-elf/4.1.0/../../../../arm-elf/lib/libc.a(fvwrite.o)
 .debug_loc     0x000056b3      0x17b /home/maska/ATMEL/arm-gnu-toolchain-linux-2/bin/../lib/gcc/arm-elf/4.1.0/../../../../arm-elf/lib/libc.a(fwalk.o)
 .debug_loc     0x0000582e       0xe9 /home/maska/ATMEL/arm-gnu-toolchain-linux-2/bin/../lib/gcc/arm-elf/4.1.0/../../../../arm-elf/lib/libc.a(locale.o)