Archive member included because of file (symbol)

/usr/local/arm/lib/gcc/arm-elf/4.1.0/../../../../arm-elf/lib/libc.a(memcpy.o)
                              load_cell.o (memcpy)
/usr/local/arm/lib/gcc/arm-elf/4.1.0/../../../../arm-elf/lib/libc.a(memset.o)
                              load_cell.o (memset)
/usr/local/arm/lib/gcc/arm-elf/4.1.0/../../../../arm-elf/lib/libc.a(sprintf.o)
                              load_cell.o (sprintf)
/usr/local/arm/lib/gcc/arm-elf/4.1.0/../../../../arm-elf/lib/libc.a(strcmp.o)
                              load_cell.o (strcmp)
/usr/local/arm/lib/gcc/arm-elf/4.1.0/../../../../arm-elf/lib/libc.a(strlen.o)
                              load_cell.o (strlen)
/usr/local/arm/lib/gcc/arm-elf/4.1.0/../../../../arm-elf/lib/libc.a(strtok.o)
                              load_cell.o (strtok)
/usr/local/arm/lib/gcc/arm-elf/4.1.0/../../../../arm-elf/lib/libc.a(strtok_r.o)
                              /usr/local/arm/lib/gcc/arm-elf/4.1.0/../../../../arm-elf/lib/libc.a(strtok.o) (__strtok_r)
/usr/local/arm/lib/gcc/arm-elf/4.1.0/../../../../arm-elf/lib/libc.a(vfprintf.o)
                              /usr/local/arm/lib/gcc/arm-elf/4.1.0/../../../../arm-elf/lib/libc.a(sprintf.o) (_vfprintf_r)
/usr/local/arm/lib/gcc/arm-elf/4.1.0/../../../../arm-elf/lib/libc.a(wcrtomb.o)
                              /usr/local/arm/lib/gcc/arm-elf/4.1.0/../../../../arm-elf/lib/libc.a(vfprintf.o) (_wcrtomb_r)
/usr/local/arm/lib/gcc/arm-elf/4.1.0/../../../../arm-elf/lib/libc.a(wcsrtombs.o)
                              /usr/local/arm/lib/gcc/arm-elf/4.1.0/../../../../arm-elf/lib/libc.a(vfprintf.o) (_wcsrtombs_r)
/usr/local/arm/lib/gcc/arm-elf/4.1.0/../../../../arm-elf/lib/libc.a(wctomb_r.o)
                              /usr/local/arm/lib/gcc/arm-elf/4.1.0/../../../../arm-elf/lib/libc.a(wcrtomb.o) (_wctomb_r)
/usr/local/arm/lib/gcc/arm-elf/4.1.0/../../../../arm-elf/lib/libc.a(wsetup.o)
                              /usr/local/arm/lib/gcc/arm-elf/4.1.0/../../../../arm-elf/lib/libc.a(vfprintf.o) (__swsetup)
/usr/local/arm/lib/gcc/arm-elf/4.1.0/../../../../arm-elf/lib/libc.a(dtoa.o)
                              /usr/local/arm/lib/gcc/arm-elf/4.1.0/../../../../arm-elf/lib/libc.a(vfprintf.o) (_dtoa_r)
/usr/local/arm/lib/gcc/arm-elf/4.1.0/../../../../arm-elf/lib/libc.a(fflush.o)
                              /usr/local/arm/lib/gcc/arm-elf/4.1.0/../../../../arm-elf/lib/libc.a(vfprintf.o) (fflush)
/usr/local/arm/lib/gcc/arm-elf/4.1.0/../../../../arm-elf/lib/libc.a(findfp.o)
                              /usr/local/arm/lib/gcc/arm-elf/4.1.0/../../../../arm-elf/lib/libc.a(vfprintf.o) (__sinit)
/usr/local/arm/lib/gcc/arm-elf/4.1.0/../../../../arm-elf/lib/libc.a(freer.o)
                              /usr/local/arm/lib/gcc/arm-elf/4.1.0/../../../../arm-elf/lib/libc.a(vfprintf.o) (_free_r)
/usr/local/arm/lib/gcc/arm-elf/4.1.0/../../../../arm-elf/lib/libc.a(fvwrite.o)
                              /usr/local/arm/lib/gcc/arm-elf/4.1.0/../../../../arm-elf/lib/libc.a(vfprintf.o) (__sfvwrite)
/usr/local/arm/lib/gcc/arm-elf/4.1.0/../../../../arm-elf/lib/libc.a(fwalk.o)
                              /usr/local/arm/lib/gcc/arm-elf/4.1.0/../../../../arm-elf/lib/libc.a(fflush.o) (_fwalk)
/usr/local/arm/lib/gcc/arm-elf/4.1.0/../../../../arm-elf/lib/libc.a(impure.o)
                              /usr/local/arm/lib/gcc/arm-elf/4.1.0/../../../../arm-elf/lib/libc.a(sprintf.o) (_impure_ptr)
/usr/local/arm/lib/gcc/arm-elf/4.1.0/../../../../arm-elf/lib/libc.a(locale.o)
                              /usr/local/arm/lib/gcc/arm-elf/4.1.0/../../../../arm-elf/lib/libc.a(vfprintf.o) (localeconv)
/usr/local/arm/lib/gcc/arm-elf/4.1.0/../../../../arm-elf/lib/libc.a(makebuf.o)
                              /usr/local/arm/lib/gcc/arm-elf/4.1.0/../../../../arm-elf/lib/libc.a(wsetup.o) (__smakebuf)
/usr/local/arm/lib/gcc/arm-elf/4.1.0/../../../../arm-elf/lib/libc.a(mallocr.o)
                              /usr/local/arm/lib/gcc/arm-elf/4.1.0/../../../../arm-elf/lib/libc.a(vfprintf.o) (_malloc_r)
/usr/local/arm/lib/gcc/arm-elf/4.1.0/../../../../arm-elf/lib/libc.a(memchr.o)
                              /usr/local/arm/lib/gcc/arm-elf/4.1.0/../../../../arm-elf/lib/libc.a(vfprintf.o) (memchr)
/usr/local/arm/lib/gcc/arm-elf/4.1.0/../../../../arm-elf/lib/libc.a(memmove.o)
                              /usr/local/arm/lib/gcc/arm-elf/4.1.0/../../../../arm-elf/lib/libc.a(fvwrite.o) (memmove)
/usr/local/arm/lib/gcc/arm-elf/4.1.0/../../../../arm-elf/lib/libc.a(mlock.o)
                              /usr/local/arm/lib/gcc/arm-elf/4.1.0/../../../../arm-elf/lib/libc.a(freer.o) (__malloc_lock)
/usr/local/arm/lib/gcc/arm-elf/4.1.0/../../../../arm-elf/lib/libc.a(mprec.o)
                              /usr/local/arm/lib/gcc/arm-elf/4.1.0/../../../../arm-elf/lib/libc.a(dtoa.o) (_Bfree)
/usr/local/arm/lib/gcc/arm-elf/4.1.0/../../../../arm-elf/lib/libc.a(reallocr.o)
[...]
Memory Configuration

Name             Origin             Length             Attributes
CODE             0x00000000         0x00010000         xr
DATA             0x00200000         0x00004000         rw
STACK            0x00204000         0x00000000         rw
*default*        0x00000000         0xffffffff

Linker script and memory map

LOAD Cstartup.o
LOAD load_cell.o
LOAD Cstartup_SAM7.o
LOAD syscalls.o
LOAD cdc_enumerate.o
LOAD adc.o
LOAD system.o
LOAD mmc.o
LOAD interrupt_Usart.o
LOAD fastfunc.o
LOAD /usr/local/arm/lib/gcc/arm-elf/4.1.0/../../../../arm-elf/lib/libc.a
LOAD /usr/local/arm/lib/gcc/arm-elf/4.1.0/../../../../arm-elf/lib/libm.a
LOAD /usr/local/arm/lib/gcc/arm-elf/4.1.0/../../../../arm-elf/lib/libc.a
LOAD /usr/local/arm/lib/gcc/arm-elf/4.1.0/libgcc.a
START GROUP
LOAD /usr/local/arm/lib/gcc/arm-elf/4.1.0/libgcc.a
LOAD /usr/local/arm/lib/gcc/arm-elf/4.1.0/../../../../arm-elf/lib/libg.a
LOAD /usr/local/arm/lib/gcc/arm-elf/4.1.0/../../../../arm-elf/lib/libc.a
END GROUP
                0x00000000                . = 0x0

.text           0x00000000     0xa300
 *Cstartup.o(.text)
 .text          0x00000000      0x13c Cstartup.o
                0x000000bc                IRQ_Handler_Entry
                0x0000010c                AT91F_Default_FIQ_handler
                0x00000000                _startup
                0x00000110                AT91F_Default_IRQ_handler
                0x00000114                AT91F_Spurious_handler
                0x000000b8                exit
 *(.text)
 .text          0x0000013c      0xafc load_cell.o
                0x00000354                releasePosition
                0x000006c4                Init_PWM
                0x00000bc0                setPosition
                0x00000334                clearLEDs
                0x0000036c                startBlinking
                0x00000244                putCharToMMCBuffer
                0x000002bc                AT91F_USB_Open
                0x0000013c                flashInit
                0x00000694                liftUp
                0x00000754                main
                0x0000018c                printTrace
                0x000003cc                parseSettings
                0x00000664                lowerDown
                0x00000160                Delay
                0x0000030c                blinkingGreen
                0x00000628                setForce
                0x000001e0                clearMMCCard
 .text          0x00000c38       0xe0 Cstartup_SAM7.o
                0x00000c38                AT91F_LowLevelInit
 .text          0x00000d18      0x11c syscalls.o
                0x00000de8                _lseek_r
                0x00000df0                _fstat_r
                0x00000e00                isatty
                0x00000e08                _sbrk_r
                0x00000d3c                _read_r
                0x00000de0                _close_r
                0x00000da0                _write_r
 .text          0x00000e34      0x714 cdc_enumerate.o
                0x00000f30                AT91F_USB_SendZlp
                0x00000f64                AT91F_USB_SendStall
                0x00000e34                AT91F_CDC_Open
 .text          0x00001548       0xa0 adc.o
                0x00001548                InitADC
                0x00001570                GetValue_chanel4
                0x000015c0                GetValue_chanel6
                0x00001598                GetValue_chanel5
 .text          0x000015e8       0x74 system.o
                0x000015e8                Delay_s
                0x00001658                InitPeriphery
                0x000015ec                InitFrec
 .text          0x0000165c      0x47c mmc.o
                0x00001728                spiSendByte
                0x00001818                mmcGetXXResponse
                0x000017b8                mmcCheckBusy
                0x0000193c                mmcReadBlock
                0x00001760                mmcSendCmd
                0x0000187c                mmcSetBlockLength
                0x000019d4                initMMC
                0x0000184c                mmcGetResponse
                0x0000165c                Delays
                0x000018a4                mmcWriteBlock
                0x0000169c                initSPI
                0x00001660                Init_CP_WP
                0x00001a3c                mmcReadRegister
 .text          0x00001ad8      0x2b8 interrupt_Usart.o
                0x00001c68                AT91F_US_Put
                0x00001b3c                Usart_c_irq_handler
                0x00001ca4                Usart_init
                0x00001b20                Trace_Toggel_LED
 .text          0x00001d90       0xa0 /usr/local/arm/lib/gcc/arm-elf/4.1.0/../../../../arm-elf/lib/libc.a(memcpy.o)
                0x00001d90                memcpy
 .text          0x00001e30       0x98 /usr/local/arm/lib/gcc/arm-elf/4.1.0/../../../../arm-elf/lib/libc.a(memset.o)
                0x00001e30                memset
 .text          0x00001ec8       0xdc /usr/local/arm/lib/gcc/arm-elf/4.1.0/../../../../arm-elf/lib/libc.a(sprintf.o)
                0x00001f3c                _sprintf_r
                0x00001ec8                sprintf
 .text          0x00001fa4       0xd0 /usr/local/arm/lib/gcc/arm-elf/4.1.0/../../../../arm-elf/lib/libc.a(strcmp.o)
                0x00001fa4                strcmp
 .text          0x00002074       0x90 /usr/local/arm/lib/gcc/arm-elf/4.1.0/../../../../arm-elf/lib/libc.a(strlen.o)
                0x00002074                strlen
 .text          0x00002104       0x18 /usr/local/arm/lib/gcc/arm-elf/4.1.0/../../../../arm-elf/lib/libc.a(strtok.o)
                0x00002104                strtok
 .text          0x0000211c       0xcc /usr/local/arm/lib/gcc/arm-elf/4.1.0/../../../../arm-elf/lib/libc.a(strtok_r.o)
                0x000021e0                strtok_r
                0x0000211c                __strtok_r
 .text          0x000021e8     0x1f88 /usr/local/arm/lib/gcc/arm-elf/4.1.0/../../../../arm-elf/lib/libc.a(vfprintf.o)
                0x00002228                _vfprintf_r
                0x00004144                vfprintf
 .text          0x00004170       0x80 /usr/local/arm/lib/gcc/arm-elf/4.1.0/../../../../arm-elf/lib/libc.a(wcrtomb.o)
                0x00004170                _wcrtomb_r
                0x000041c4                wcrtomb
 .text          0x000041f0      0x178 /usr/local/arm/lib/gcc/arm-elf/4.1.0/../../../../arm-elf/lib/libc.a(wcsrtombs.o)
                0x000041f0                _wcsrtombs_r
                0x00004328                wcsrtombs
 .text          0x00004368      0x420 /usr/local/arm/lib/gcc/arm-elf/4.1.0/../../../../arm-elf/lib/libc.a(wctomb_r.o)
                0x00004368                _wctomb_r
 .text          0x00004788       0xfc /usr/local/arm/lib/gcc/arm-elf/4.1.0/../../../../arm-elf/lib/libc.a(wsetup.o)
                0x00004788                __swsetup
 .text          0x00004884     0x164c /usr/local/arm/lib/gcc/arm-elf/4.1.0/../../../../arm-elf/lib/libc.a(dtoa.o)
                0x00004a88                _dtoa_r
 .text          0x00005ed0       0xe0 /usr/local/arm/lib/gcc/arm-elf/4.1.0/../../../../arm-elf/lib/libc.a(fflush.o)
                0x00005ed0                fflush
 .text          0x00005fb0      0x27c /usr/local/arm/lib/gcc/arm-elf/4.1.0/../../../../arm-elf/lib/libc.a(findfp.o)
                0x0000601c                __sinit
                0x000060f0                __sfmoreglue
                0x000060e0                _cleanup
                0x000060d4                _cleanup_r
                0x000060bc                __fp_lock_all
                0x0000600c                __sfp_lock_acquire
                0x00006140                __sfp
                0x00006018                __sinit_lock_release
                0x000060a4                __fp_unlock_all
                0x00006010                __sfp_lock_release
                0x00006014                __sinit_lock_acquire
 .text          0x0000622c      0x39c /usr/local/arm/lib/gcc/arm-elf/4.1.0/../../../../arm-elf/lib/libc.a(freer.o)
                0x00006328                _free_r
                0x0000622c                _malloc_trim_r
 .text          0x000065c8      0x3f8 /usr/local/arm/lib/gcc/arm-elf/4.1.0/../../../../arm-elf/lib/libc.a(fvwrite.o)
                0x000065c8                __sfvwrite
 .text          0x000069c0      0x10c /usr/local/arm/lib/gcc/arm-elf/4.1.0/../../../../arm-elf/lib/libc.a(fwalk.o)
                0x00006a48                _fwalk
                0x000069c0                _fwalk_reent
 .text          0x00006acc       0xac /usr/local/arm/lib/gcc/arm-elf/4.1.0/../../../../arm-elf/lib/libc.a(locale.o)
                0x00006af8                _setlocale_r
                0x00006acc                __locale_charset
                0x00006adc                _localeconv_r
                0x00006b5c                setlocale
                0x00006ae8                localeconv
 .text          0x00006b78      0x154 /usr/local/arm/lib/gcc/arm-elf/4.1.0/../../../../arm-elf/lib/libc.a(makebuf.o)
                0x00006b78                __smakebuf
 .text          0x00006ccc      0x770 /usr/local/arm/lib/gcc/arm-elf/4.1.0/../../../../arm-elf/lib/libc.a(mallocr.o)
                0x00006ccc                _malloc_r
 .text          0x0000743c      0x104 /usr/local/arm/lib/gcc/arm-elf/4.1.0/../../../../arm-elf/lib/libc.a(memchr.o)
                0x0000743c                memchr
 .text          0x00007540       0xfc /usr/local/arm/lib/gcc/arm-elf/4.1.0/../../../../arm-elf/lib/libc.a(memmove.o)
                0x00007540                memmove
 .text          0x0000763c        0x8 /usr/local/arm/lib/gcc/arm-elf/4.1.0/../../../../arm-elf/lib/libc.a(mlock.o)
                0x00007640                __malloc_unlock
                0x0000763c                __malloc_lock
 .text          0x00007644      0xbb0 /usr/local/arm/lib/gcc/arm-elf/4.1.0/../../../../arm-elf/lib/libc.a(mprec.o)
                0x00007938                _mprec_log10
                0x00007660                _hi0bits
                0x00007984                _Balloc
                0x00007a1c                _d2b
                0x00007d78                _multiply
                0x000078c0                _ratio
                0x00008114                _s2b
                0x00007f38                _i2b
                0x000076b8                _lo0bits
                0x0000774c                __mcmp
                0x00008020                _pow5mult
                0x000077ac                _ulp
                0x0000780c                _b2d
                0x00007f58                _multadd
                0x00007b50                __mdiff
                0x00007c84                _lshift
                0x00007644                _Bfree
 .text          0x000081f4      0x638 /usr/local/arm/lib/gcc/arm-elf/4.1.0/../../../../arm-elf/lib/libc.a(reallocr.o)
                0x000081f4                _realloc_r
 .text          0x0000882c       0x3c /usr/local/arm/lib/gcc/arm-elf/4.1.0/../../../../arm-elf/lib/libc.a(s_isinf.o)
                0x0000882c                isinf
 .text          0x00008868       0x30 /usr/local/arm/lib/gcc/arm-elf/4.1.0/../../../../arm-elf/lib/libc.a(s_isnan.o)
                0x00008868                isnan
 .text          0x00008898      0x100 /usr/local/arm/lib/gcc/arm-elf/4.1.0/../../../../arm-elf/lib/libc.a(stdio.o)
                0x000088ac                __sseek
                0x00008954                __sread
                0x00008898                __sclose
                0x000088f4                __swrite
 .text          0x00008998       0xa0 /usr/local/arm/lib/gcc/arm-elf/4.1.0/../../../../arm-elf/lib/libc.a(callocr.o)
                0x00008998                _calloc_r
 .text          0x00008a38      0x128 /usr/local/arm/lib/gcc/arm-elf/4.1.0/../../../../arm-elf/lib/libc.a(fclose.o)
                0x00008a38                _fclose_r
                0x00008b4c                fclose
 .text          0x00008b60      0x108 /usr/local/arm/lib/gcc/arm-elf/4.1.0/../../../../arm-elf/lib/libm.a(s_round.o)
                0x00008b60                round
 .text          0x00008c68      0x110 /usr/local/arm/lib/gcc/arm-elf/4.1.0/libgcc.a(_udivsi3.o)
                0x00008c68                __udivsi3
                0x00008c68                __aeabi_uidiv
                0x00008d60                __aeabi_uidivmod
 .text          0x00008d78      0x140 /usr/local/arm/lib/gcc/arm-elf/4.1.0/libgcc.a(_divsi3.o)
                0x00008d78                __aeabi_idiv
                0x00008d78                __divsi3
                0x00008ea0                __aeabi_idivmod
 .text          0x00008eb8        0x4 /usr/local/arm/lib/gcc/arm-elf/4.1.0/libgcc.a(_dvmd_tls.o)
                0x00008eb8                __aeabi_ldiv0
                0x00008eb8                __div0
                0x00008eb8                __aeabi_idiv0
 .text          0x00008ebc      0x42c /usr/local/arm/lib/gcc/arm-elf/4.1.0/libgcc.a(_addsub_df.o)
                0x00009294                __adddf3
                0x00009234                __subdf3
 .text          0x000092e8      0x390 /usr/local/arm/lib/gcc/arm-elf/4.1.0/libgcc.a(_mul_df.o)
                0x00009330                __muldf3
 .text          0x00009678      0x258 /usr/local/arm/lib/gcc/arm-elf/4.1.0/libgcc.a(_div_df.o)
                0x000096c0                __divdf3
 .text          0x000098d0       0x88 /usr/local/arm/lib/gcc/arm-elf/4.1.0/libgcc.a(_eq_df.o)
                0x000098e4                __eqdf2
 .text          0x00009958       0x88 /usr/local/arm/lib/gcc/arm-elf/4.1.0/libgcc.a(_ne_df.o)
                0x0000996c                __nedf2
 .text          0x000099e0       0x88 /usr/local/arm/lib/gcc/arm-elf/4.1.0/libgcc.a(_gt_df.o)
                0x000099f4                __gtdf2
 .text          0x00009a68       0x88 /usr/local/arm/lib/gcc/arm-elf/4.1.0/libgcc.a(_ge_df.o)
                0x00009a7c                __gedf2
 .text          0x00009af0       0x88 /usr/local/arm/lib/gcc/arm-elf/4.1.0/libgcc.a(_lt_df.o)
                0x00009b04                __ltdf2
 .text          0x00009b78       0xbc /usr/local/arm/lib/gcc/arm-elf/4.1.0/libgcc.a(_si_to_df.o)
                0x00009b78                __floatsidf
 .text          0x00009c34       0xf8 /usr/local/arm/lib/gcc/arm-elf/4.1.0/libgcc.a(_df_to_si.o)
                0x00009c70                __fixdfsi
 .text          0x00009d2c      0x330 /usr/local/arm/lib/gcc/arm-elf/4.1.0/libgcc.a(_pack_df.o)
                0x00009d68                __pack_d
 .text          0x0000a05c      0x124 /usr/local/arm/lib/gcc/arm-elf/4.1.0/libgcc.a(_unpack_df.o)
                0x0000a05c                __unpack_d
 .text          0x0000a180      0x180 /usr/local/arm/lib/gcc/arm-elf/4.1.0/libgcc.a(_fpcmp_parts_df.o)
                0x0000a1bc                __fpcmp_parts_d
 *(.glue_7t)
 *(.glue_7)
                0x0000a300                . = ALIGN (0x4)

.rodata         0x0000a300      0x1e8
 *(.rodata)
 .rodata        0x0000a300       0x55 cdc_enumerate.o
                0x0000a312                cfgDescriptor
                0x0000a300                devDescriptor
 .rodata        0x0000a355       0x20 /usr/local/arm/lib/gcc/arm-elf/4.1.0/../../../../arm-elf/lib/libc.a(vfprintf.o)
 *fill*         0x0000a375        0x3 00
 .rodata        0x0000a378        0x4 /usr/local/arm/lib/gcc/arm-elf/4.1.0/../../../../arm-elf/lib/libc.a(impure.o)
                0x0000a378                _global_impure_ptr
 .rodata        0x0000a37c       0x34 /usr/local/arm/lib/gcc/arm-elf/4.1.0/../../../../arm-elf/lib/libc.a(locale.o)
 .rodata        0x0000a3b0      0x124 /usr/local/arm/lib/gcc/arm-elf/4.1.0/../../../../arm-elf/lib/libc.a(mprec.o)
                0x0000a4a0                __mprec_tinytens
                0x0000a3b0                __mprec_tens
                0x0000a478                __mprec_bigtens
 .rodata        0x0000a4d4       0x14 /usr/local/arm/lib/gcc/arm-elf/4.1.0/libgcc.a(_thenan_df.o)
                0x0000a4d4                __thenan_df

.rodata.str1.4  0x0000a4e8      0x177
 .rodata.str1.4
                0x0000a4e8       0xd2 load_cell.o
                                 0xd8 (size before relaxing)
 *fill*         0x0000a5ba        0x2 00
 .rodata.str1.4
                0x0000a5bc       0x63 /usr/local/arm/lib/gcc/arm-elf/4.1.0/../../../../arm-elf/lib/libc.a(vfprintf.o)
                                 0x64 (size before relaxing)
 *fill*         0x0000a61f        0x1 00
 .rodata.str1.4
                0x0000a620       0x1e /usr/local/arm/lib/gcc/arm-elf/4.1.0/../../../../arm-elf/lib/libc.a(wctomb_r.o)
                                 0x20 (size before relaxing)
 *fill*         0x0000a63e        0x2 00
 .rodata.str1.4
                0x0000a640       0x10 /usr/local/arm/lib/gcc/arm-elf/4.1.0/../../../../arm-elf/lib/libc.a(dtoa.o)
                                 0x14 (size before relaxing)
 .rodata.str1.4
                0x0000a650        0x2 /usr/local/arm/lib/gcc/arm-elf/4.1.0/../../../../arm-elf/lib/libc.a(impure.o)
                                  0x4 (size before relaxing)
 *fill*         0x0000a652        0x2 00
 .rodata.str1.4
                0x0000a654        0xb /usr/local/arm/lib/gcc/arm-elf/4.1.0/../../../../arm-elf/lib/libc.a(locale.o)
                                 0x18 (size before relaxing)
                0x0000a660                . = ALIGN (0x4)
                0x0000a660                _etext = .
                0x0000a660                PROVIDE (etext, .)

.data           0x00200000      0x924 load address 0x0000a660
                0x00200000                _data = .
 *(.data)
 .data          0x00200000       0x28 load_cell.o
                0x0020000c                curPos
                0x00200008                minPos
                0x00200020                lockDiagForce
                0x00200004                maxPos
                0x00200014                minForce
                0x00200010                maxForce
                0x0020001c                minDiagForce
                0x00200024                diagForce
                0x00200000                LedSpeed
                0x00200018                curForce
 .data          0x00200028        0x8 cdc_enumerate.o
                0x00200028                line
 .data          0x00200030        0x8 adc.o
                0x00200034                a_pPMC
                0x00200030                a_pADC
 .data          0x00200038       0x1c system.o
                0x00200048                p_pPDC
                0x00200050                p_pAic
                0x00200040                p_pPMC
                0x0020003c                p_pPio
                0x00200044                p_pUSART
                0x00200038                pPMC
                0x0020004c                p_pMC
 .data          0x00200054       0x14 mmc.o
                0x00200060                s_pPDC
                0x0020005c                s_pPMC
                0x00200064                s_pSys
                0x00200054                s_pSpi
                0x00200058                s_pPio
 .data          0x00200068      0x404 /usr/local/arm/lib/gcc/arm-elf/4.1.0/../../../../arm-elf/lib/libc.a(impure.o)
                0x00200068                _impure_ptr
 .data          0x0020046c       0x10 /usr/local/arm/lib/gcc/arm-elf/4.1.0/../../../../arm-elf/lib/libc.a(locale.o)
                0x0020046c                __mb_cur_max
                0x00200470                __lc_ctype
 .data          0x0020047c      0x410 /usr/local/arm/lib/gcc/arm-elf/4.1.0/../../../../arm-elf/lib/libc.a(mallocr.o)
                0x00200888                __malloc_sbrk_base
                0x0020047c                __malloc_av_
                0x00200884                __malloc_trim_threshold
 *(.fastrun)
 .fastrun       0x0020088c       0x98 fastfunc.o
                0x0020088c                flashWrite
                0x00200924                . = ALIGN (0x4)
                0x00200924                _edata = .
                0x00200924                PROVIDE (edata, .)

.bss            0x00200924     0x171c
                0x00200924                __bss_start = .
                0x00200924                __bss_start__ = .
 *(.bss)
 .bss           0x00200924       0x30 load_cell.o
                0x00200925                dataReading
                0x00200940                green_led_on
                0x00200926                aatDiag
                0x00200944                CDC
                0x00200927                aatDiagStep
                0x00200930                averager_force
                0x00200948                mmc_buffer_index
                0x00200924                reading
                0x00200950                storingOnMMC
                0x0020094c                mmc_block_index
                0x0020093c                green_led_off
                0x0020092c                averager
                0x00200938                set_zero
                0x00200934                test_read
                0x00200928                lockDiagPressure
 .bss           0x00200954        0x4 syscalls.o
 .bss           0x00200958        0x1 cdc_enumerate.o
                0x00200958                csrIdx
 .bss           0x00200959      0x200 mmc.o
                0x00200959                mmc_buffer
 *fill*         0x00200b59        0x3 00
 .bss           0x00200b5c       0xcc interrupt_Usart.o
                0x00200b5c                first
 .bss           0x00200c28        0xc /usr/local/arm/lib/gcc/arm-elf/4.1.0/../../../../arm-elf/lib/libc.a(locale.o)
                0x00200c28                __nlocale_changed
                0x00200c2c                __mlocale_changed
                0x00200c30                _PathLocale
 .bss           0x00200c34       0x34 /usr/local/arm/lib/gcc/arm-elf/4.1.0/../../../../arm-elf/lib/libc.a(mallocr.o)
                0x00200c34                __malloc_top_pad
                0x00200c38                __malloc_max_sbrked_mem
                0x00200c40                __malloc_current_mallinfo
                0x00200c3c                __malloc_max_total_mem
 *(COMMON)
 COMMON         0x00200c68     0x1244 load_cell.o
                0x00200c68                settings
                0x00200ce8                pos
                0x002010d0                position
                0x002010d4                msg
                0x002014bc                pCDC
                0x002014d4                mmc_buffer_out
                0x002016d4                pressure
                0x002016d8                direction
                0x002016dc                res
                0x00201ac4                cmd
 COMMON         0x00201eac      0x190 cdc_enumerate.o
                0x00201eac                csrTab
 COMMON         0x0020203c        0x4 interrupt_Usart.o
                0x0020203c                COM0
                0x00202040                . = ALIGN (0x4)
                0x00202040                __bss_end__ = .
                0x00202040                __bss_end__ = .
                0x00202040                _end = .
                0x00202040                PROVIDE (end, .)

.int_data       0x00204000        0x0
 *(.internal_ram_top)

.stab
 *(.stab)

.stabstr
 *(.stabstr)

.stab.excl
 *(.stab.excl)

.stab.exclstr
 *(.stab.exclstr)

.stab.index
 *(.stab.index)

.stab.indexstr
 *(.stab.indexstr)

.comment        0x00000000      0x3f0
 *(.comment)
 .comment       0x00000000       0x12 load_cell.o
 .comment       0x00000012       0x12 Cstartup_SAM7.o
 .comment       0x00000024       0x12 syscalls.o
 .comment       0x00000036       0x12 cdc_enumerate.o
 .comment       0x00000048       0x12 adc.o
 .comment       0x0000005a       0x12 system.o
 .comment       0x0000006c       0x12 mmc.o
 .comment       0x0000007e       0x12 interrupt_Usart.o
 .comment       0x00000090       0x12 fastfunc.o
 .comment       0x000000a2       0x12 /usr/local/arm/lib/gcc/arm-elf/4.1.0/../../../../arm-elf/lib/libc.a(memcpy.o)
 .comment       0x000000b4       0x12 /usr/local/arm/lib/gcc/arm-elf/4.1.0/../../../../arm-elf/lib/libc.a(memset.o)
 .comment       0x000000c6       0x12 /usr/local/arm/lib/gcc/arm-elf/4.1.0/../../../../arm-elf/lib/libc.a(sprintf.o)
 .comment       0x000000d8       0x12 /usr/local/arm/lib/gcc/arm-elf/4.1.0/../../../../arm-elf/lib/libc.a(strcmp.o)
 .comment       0x000000ea       0x12 /usr/local/arm/lib/gcc/arm-elf/4.1.0/../../../../arm-elf/lib/libc.a(strlen.o)
 .comment       0x000000fc       0x12 /usr/local/arm/lib/gcc/arm-elf/4.1.0/../../../../arm-elf/lib/libc.a(strtok.o)
 .comment       0x0000010e       0x12 /usr/local/arm/lib/gcc/arm-elf/4.1.0/../../../../arm-elf/lib/libc.a(strtok_r.o)
 .comment       0x00000120       0x12 /usr/local/arm/lib/gcc/arm-elf/4.1.0/../../../../arm-elf/lib/libc.a(vfprintf.o)
 .comment       0x00000132       0x12 /usr/local/arm/lib/gcc/arm-elf/4.1.0/../../../../arm-elf/lib/libc.a(wcrtomb.o)
 .comment       0x00000144       0x12 /usr/local/arm/lib/gcc/arm-elf/4.1.0/../../../../arm-elf/lib/libc.a(wcsrtombs.o)
 .comment       0x00000156       0x12 /usr/local/arm/lib/gcc/arm-elf/4.1.0/../../../../arm-elf/lib/libc.a(wctomb_r.o)
 .comment       0x00000168       0x12 /usr/local/arm/lib/gcc/arm-elf/4.1.0/../../../../arm-elf/lib/libc.a(wsetup.o)
 .comment       0x0000017a       0x12 /usr/local/arm/lib/gcc/arm-elf/4.1.0/../../../../arm-elf/lib/libc.a(dtoa.o)
 .comment       0x0000018c       0x12 /usr/local/arm/lib/gcc/arm-elf/4.1.0/../../../../arm-elf/lib/libc.a(fflush.o)
 .comment       0x0000019e       0x12 /usr/local/arm/lib/gcc/arm-elf/4.1.0/../../../../arm-elf/lib/libc.a(findfp.o)
 .comment       0x000001b0       0x12 /usr/local/arm/lib/gcc/arm-elf/4.1.0/../../../../arm-elf/lib/libc.a(freer.o)
 .comment       0x000001c2       0x12 /usr/local/arm/lib/gcc/arm-elf/4.1.0/../../../../arm-elf/lib/libc.a(fvwrite.o)
 .comment       0x000001d4       0x12 /usr/local/arm/lib/gcc/arm-elf/4.1.0/../../../../arm-elf/lib/libc.a(fwalk.o)
 .comment       0x000001e6       0x12 /usr/local/arm/lib/gcc/arm-elf/4.1.0/../../../../arm-elf/lib/libc.a(impure.o)
 .comment       0x000001f8       0x12 /usr/local/arm/lib/gcc/arm-elf/4.1.0/../../../../arm-elf/lib/libc.a(locale.o)
 .comment       0x0000020a       0x12 /usr/local/arm/lib/gcc/arm-elf/4.1.0/../../../../arm-elf/lib/libc.a(makebuf.o)
 .comment       0x0000021c       0x12 /usr/local/arm/lib/gcc/arm-elf/4.1.0/../../../../arm-elf/lib/libc.a(mallocr.o)
 .comment       0x0000022e       0x12 /usr/local/arm/lib/gcc/arm-elf/4.1.0/../../../../arm-elf/lib/libc.a(memchr.o)
 .comment       0x00000240       0x12 /usr/local/arm/lib/gcc/arm-elf/4.1.0/../../../../arm-elf/lib/libc.a(memmove.o)
 .comment       0x00000252       0x12 /usr/local/arm/lib/gcc/arm-elf/4.1.0/../../../../arm-elf/lib/libc.a(mlock.o)
 .comment       0x00000264       0x12 /usr/local/arm/lib/gcc/arm-elf/4.1.0/../../../../arm-elf/lib/libc.a(mprec.o)
 .comment       0x00000276       0x12 /usr/local/arm/lib/gcc/arm-elf/4.1.0/../../../../arm-elf/lib/libc.a(reallocr.o)
 .comment       0x00000288       0x12 /usr/local/arm/lib/gcc/arm-elf/4.1.0/../../../../arm-elf/lib/libc.a(s_isinf.o)
 .comment       0x0000029a       0x12 /usr/local/arm/lib/gcc/arm-elf/4.1.0/../../../../arm-elf/lib/libc.a(s_isnan.o)
 .comment       0x000002ac       0x12 /usr/local/arm/lib/gcc/arm-elf/4.1.0/../../../../arm-elf/lib/libc.a(stdio.o)
 .comment       0x000002be       0x12 /usr/local/arm/lib/gcc/arm-elf/4.1.0/../../../../arm-elf/lib/libc.a(callocr.o)
 .comment       0x000002d0       0x12 /usr/local/arm/lib/gcc/arm-elf/4.1.0/../../../../arm-elf/lib/libc.a(fclose.o)
 .comment       0x000002e2       0x12 /usr/local/arm/lib/gcc/arm-elf/4.1.0/../../../../arm-elf/lib/libm.a(s_round.o)
 .comment       0x000002f4       0x12 /usr/local/arm/lib/gcc/arm-elf/4.1.0/libgcc.a(_addsub_df.o)
 .comment       0x00000306       0x12 /usr/local/arm/lib/gcc/arm-elf/4.1.0/libgcc.a(_mul_df.o)
 .comment       0x00000318       0x12 /usr/local/arm/lib/gcc/arm-elf/4.1.0/libgcc.a(_div_df.o)
 .comment       0x0000032a       0x12 /usr/local/arm/lib/gcc/arm-elf/4.1.0/libgcc.a(_eq_df.o)
 .comment       0x0000033c       0x12 /usr/local/arm/lib/gcc/arm-elf/4.1.0/libgcc.a(_ne_df.o)
 .comment       0x0000034e       0x12 /usr/local/arm/lib/gcc/arm-elf/4.1.0/libgcc.a(_gt_df.o)
 .comment       0x00000360       0x12 /usr/local/arm/lib/gcc/arm-elf/4.1.0/libgcc.a(_ge_df.o)
 .comment       0x00000372       0x12 /usr/local/arm/lib/gcc/arm-elf/4.1.0/libgcc.a(_lt_df.o)
 .comment       0x00000384       0x12 /usr/local/arm/lib/gcc/arm-elf/4.1.0/libgcc.a(_si_to_df.o)
 .comment       0x00000396       0x12 /usr/local/arm/lib/gcc/arm-elf/4.1.0/libgcc.a(_df_to_si.o)
 .comment       0x000003a8       0x12 /usr/local/arm/lib/gcc/arm-elf/4.1.0/libgcc.a(_thenan_df.o)
 .comment       0x000003ba       0x12 /usr/local/arm/lib/gcc/arm-elf/4.1.0/libgcc.a(_pack_df.o)
 .comment       0x000003cc       0x12 /usr/local/arm/lib/gcc/arm-elf/4.1.0/libgcc.a(_unpack_df.o)
 .comment       0x000003de       0x12 /usr/local/arm/lib/gcc/arm-elf/4.1.0/libgcc.a(_fpcmp_parts_df.o)

.debug
 *(.debug)

.line
 *(.line)

.debug_srcinfo
 *(.debug_srcinfo)

.debug_sfnames
 *(.debug_sfnames)

.debug_aranges  0x00000000      0x748
 *(.debug_aranges)
 .debug_aranges
                0x00000000       0x20 Cstartup.o
 .debug_aranges
                0x00000020       0x20 load_cell.o
 .debug_aranges
                0x00000040       0x20 Cstartup_SAM7.o
 .debug_aranges
                0x00000060       0x20 syscalls.o
 .debug_aranges
                0x00000080       0x20 cdc_enumerate.o
 .debug_aranges
                0x000000a0       0x20 adc.o
 .debug_aranges
                0x000000c0       0x20 system.o
 .debug_aranges
                0x000000e0       0x20 mmc.o
 .debug_aranges
                0x00000100       0x20 interrupt_Usart.o
 .debug_aranges
                0x00000120       0x28 fastfunc.o
 .debug_aranges
                0x00000148       0x20 /usr/local/arm/lib/gcc/arm-elf/4.1.0/../../../../arm-elf/lib/libc.a(memcpy.o)
 .debug_aranges
                0x00000168       0x20 /usr/local/arm/lib/gcc/arm-elf/4.1.0/../../../../arm-elf/lib/libc.a(memset.o)
 .debug_aranges
                0x00000188       0x20 /usr/local/arm/lib/gcc/arm-elf/4.1.0/../../../../arm-elf/lib/libc.a(sprintf.o)
 .debug_aranges
                0x000001a8       0x20 /usr/local/arm/lib/gcc/arm-elf/4.1.0/../../../../arm-elf/lib/libc.a(strcmp.o)
 .debug_aranges
                0x000001c8       0x20 /usr/local/arm/lib/gcc/arm-elf/4.1.0/../../../../arm-elf/lib/libc.a(strlen.o)
 .debug_aranges
                0x000001e8       0x20 /usr/local/arm/lib/gcc/arm-elf/4.1.0/../../../../arm-elf/lib/libc.a(strtok.o)
 .debug_aranges
                0x00000208       0x20 /usr/local/arm/lib/gcc/arm-elf/4.1.0/../../../../arm-elf/lib/libc.a(strtok_r.o)
 .debug_aranges
                0x00000228       0x20 /usr/local/arm/lib/gcc/arm-elf/4.1.0/../../../../arm-elf/lib/libc.a(vfprintf.o)
 .debug_aranges
                0x00000248       0x20 /usr/local/arm/lib/gcc/arm-elf/4.1.0/../../../../arm-elf/lib/libc.a(wcrtomb.o)
 .debug_aranges
                0x00000268       0x20 /usr/local/arm/lib/gcc/arm-elf/4.1.0/../../../../arm-elf/lib/libc.a(wcsrtombs.o)
 .debug_aranges
                0x00000288       0x20 /usr/local/arm/lib/gcc/arm-elf/4.1.0/../../../../arm-elf/lib/libc.a(wctomb_r.o)
 .debug_aranges
                0x000002a8       0x20 /usr/local/arm/lib/gcc/arm-elf/4.1.0/../../../../arm-elf/lib/libc.a(wsetup.o)
 .debug_aranges
                0x000002c8       0x20 /usr/local/arm/lib/gcc/arm-elf/4.1.0/../../../../arm-elf/lib/libc.a(dtoa.o)
 .debug_aranges
                0x000002e8       0x20 /usr/local/arm/lib/gcc/arm-elf/4.1.0/../../../../arm-elf/lib/libc.a(fflush.o)
 .debug_aranges
                0x00000308       0x20 /usr/local/arm/lib/gcc/arm-elf/4.1.0/../../../../arm-elf/lib/libc.a(findfp.o)
 .debug_aranges
                0x00000328       0x20 /usr/local/arm/lib/gcc/arm-elf/4.1.0/../../../../arm-elf/lib/libc.a(freer.o)
 .debug_aranges
                0x00000348       0x20 /usr/local/arm/lib/gcc/arm-elf/4.1.0/../../../../arm-elf/lib/libc.a(fvwrite.o)
 .debug_aranges
                0x00000368       0x20 /usr/local/arm/lib/gcc/arm-elf/4.1.0/../../../../arm-elf/lib/libc.a(fwalk.o)
 .debug_aranges
                0x00000388       0x20 /usr/local/arm/lib/gcc/arm-elf/4.1.0/../../../../arm-elf/lib/libc.a(locale.o)
 .debug_aranges
                0x000003a8       0x20 /usr/local/arm/lib/gcc/arm-elf/4.1.0/../../../../arm-elf/lib/libc.a(makebuf.o)
 .debug_aranges
                0x000003c8       0x20 /usr/local/arm/lib/gcc/arm-elf/4.1.0/../../../../arm-elf/lib/libc.a(mallocr.o)
 .debug_aranges
                0x000003e8       0x20 /usr/local/arm/lib/gcc/arm-elf/4.1.0/../../../../arm-elf/lib/libc.a(memchr.o)
 .debug_aranges
                0x00000408       0x20 /usr/local/arm/lib/gcc/arm-elf/4.1.0/../../../../arm-elf/lib/libc.a(memmove.o)
 .debug_aranges
                0x00000428       0x20 /usr/local/arm/lib/gcc/arm-elf/4.1.0/../../../../arm-elf/lib/libc.a(mlock.o)
 .debug_aranges
                0x00000448       0x20 /usr/local/arm/lib/gcc/arm-elf/4.1.0/../../../../arm-elf/lib/libc.a(mprec.o)
 .debug_aranges
                0x00000468       0x20 /usr/local/arm/lib/gcc/arm-elf/4.1.0/../../../../arm-elf/lib/libc.a(reallocr.o)
 .debug_aranges
                0x00000488       0x20 /usr/local/arm/lib/gcc/arm-elf/4.1.0/../../../../arm-elf/lib/libc.a(s_isinf.o)
 .debug_aranges
                0x000004a8       0x20 /usr/local/arm/lib/gcc/arm-elf/4.1.0/../../../../arm-elf/lib/libc.a(s_isnan.o)
 .debug_aranges
                0x000004c8       0x20 /usr/local/arm/lib/gcc/arm-elf/4.1.0/../../../../arm-elf/lib/libc.a(stdio.o)
 .debug_aranges
                0x000004e8       0x20 /usr/local/arm/lib/gcc/arm-elf/4.1.0/../../../../arm-elf/lib/libc.a(callocr.o)
 .debug_aranges
                0x00000508       0x20 /usr/local/arm/lib/gcc/arm-elf/4.1.0/../../../../arm-elf/lib/libc.a(fclose.o)
 .debug_aranges
                0x00000528       0x20 /usr/local/arm/lib/gcc/arm-elf/4.1.0/../../../../arm-elf/lib/libm.a(s_round.o)
 .debug_aranges
                0x00000548       0x20 /usr/local/arm/lib/gcc/arm-elf/4.1.0/libgcc.a(_udivsi3.o)
 .debug_aranges
                0x00000568       0x20 /usr/local/arm/lib/gcc/arm-elf/4.1.0/libgcc.a(_divsi3.o)
 .debug_aranges
                0x00000588       0x20 /usr/local/arm/lib/gcc/arm-elf/4.1.0/libgcc.a(_dvmd_tls.o)
 .debug_aranges
                0x000005a8       0x20 /usr/local/arm/lib/gcc/arm-elf/4.1.0/libgcc.a(_addsub_df.o)
 .debug_aranges
                0x000005c8       0x20 /usr/local/arm/lib/gcc/arm-elf/4.1.0/libgcc.a(_mul_df.o)
 .debug_aranges
                0x000005e8       0x20 /usr/local/arm/lib/gcc/arm-elf/4.1.0/libgcc.a(_div_df.o)
 .debug_aranges
                0x00000608       0x20 /usr/local/arm/lib/gcc/arm-elf/4.1.0/libgcc.a(_eq_df.o)
 .debug_aranges
                0x00000628       0x20 /usr/local/arm/lib/gcc/arm-elf/4.1.0/libgcc.a(_ne_df.o)
 .debug_aranges
                0x00000648       0x20 /usr/local/arm/lib/gcc/arm-elf/4.1.0/libgcc.a(_gt_df.o)
 .debug_aranges
                0x00000668       0x20 /usr/local/arm/lib/gcc/arm-elf/4.1.0/libgcc.a(_ge_df.o)
 .debug_aranges
                0x00000688       0x20 /usr/local/arm/lib/gcc/arm-elf/4.1.0/libgcc.a(_lt_df.o)
 .debug_aranges
                0x000006a8       0x20 /usr/local/arm/lib/gcc/arm-elf/4.1.0/libgcc.a(_si_to_df.o)
 .debug_aranges
                0x000006c8       0x20 /usr/local/arm/lib/gcc/arm-elf/4.1.0/libgcc.a(_df_to_si.o)
 .debug_aranges
                0x000006e8       0x20 /usr/local/arm/lib/gcc/arm-elf/4.1.0/libgcc.a(_pack_df.o)
 .debug_aranges
                0x00000708       0x20 /usr/local/arm/lib/gcc/arm-elf/4.1.0/libgcc.a(_unpack_df.o)
 .debug_aranges
                0x00000728       0x20 /usr/local/arm/lib/gcc/arm-elf/4.1.0/libgcc.a(_fpcmp_parts_df.o)

.debug_pubnames
                0x00000000     0x106f
 *(.debug_pubnames)
 .debug_pubnames
                0x00000000      0x2fc load_cell.o
 .debug_pubnames
                0x000002fc       0x29 Cstartup_SAM7.o
 .debug_pubnames
                0x00000325       0x69 syscalls.o
 .debug_pubnames
                0x0000038e       0x96 cdc_enumerate.o
 .debug_pubnames
                0x00000424       0x73 adc.o
 .debug_pubnames
                0x00000497       0x89 system.o
 .debug_pubnames
                0x00000520      0x12f mmc.o
 .debug_pubnames
                0x0000064f       0x72 interrupt_Usart.o
 .debug_pubnames
                0x000006c1       0x21 fastfunc.o
 .debug_pubnames
                0x000006e2       0x1d /usr/local/arm/lib/gcc/arm-elf/4.1.0/../../../../arm-elf/lib/libc.a(memcpy.o)
 .debug_pubnames
                0x000006ff       0x1d /usr/local/arm/lib/gcc/arm-elf/4.1.0/../../../../arm-elf/lib/libc.a(memset.o)
 .debug_pubnames
                0x0000071c       0x2d /usr/local/arm/lib/gcc/arm-elf/4.1.0/../../../../arm-elf/lib/libc.a(sprintf.o)
 .debug_pubnames
                0x00000749       0x1d /usr/local/arm/lib/gcc/arm-elf/4.1.0/../../../../arm-elf/lib/libc.a(strcmp.o)
 .debug_pubnames
                0x00000766       0x1d /usr/local/arm/lib/gcc/arm-elf/4.1.0/../../../../arm-elf/lib/libc.a(strlen.o)
 .debug_pubnames
                0x00000783       0x1d /usr/local/arm/lib/gcc/arm-elf/4.1.0/../../../../arm-elf/lib/libc.a(strtok.o)
 .debug_pubnames
                0x000007a0       0x2e /usr/local/arm/lib/gcc/arm-elf/4.1.0/../../../../arm-elf/lib/libc.a(strtok_r.o)
 .debug_pubnames
                0x000007ce       0x2f /usr/local/arm/lib/gcc/arm-elf/4.1.0/../../../../arm-elf/lib/libc.a(vfprintf.o)
 .debug_pubnames
                0x000007fd       0x2d /usr/local/arm/lib/gcc/arm-elf/4.1.0/../../../../arm-elf/lib/libc.a(wcrtomb.o)
 .debug_pubnames
                0x0000082a       0x31 /usr/local/arm/lib/gcc/arm-elf/4.1.0/../../../../arm-elf/lib/libc.a(wcsrtombs.o)
 .debug_pubnames
                0x0000085b       0x20 /usr/local/arm/lib/gcc/arm-elf/4.1.0/../../../../arm-elf/lib/libc.a(wctomb_r.o)
 .debug_pubnames
                0x0000087b       0x20 /usr/local/arm/lib/gcc/arm-elf/4.1.0/../../../../arm-elf/lib/libc.a(wsetup.o)
 .debug_pubnames
                0x0000089b       0x1e /usr/local/arm/lib/gcc/arm-elf/4.1.0/../../../../arm-elf/lib/libc.a(dtoa.o)
 .debug_pubnames
                0x000008b9       0x1d /usr/local/arm/lib/gcc/arm-elf/4.1.0/../../../../arm-elf/lib/libc.a(fflush.o)
 .debug_pubnames
                0x000008d6       0xdb /usr/local/arm/lib/gcc/arm-elf/4.1.0/../../../../arm-elf/lib/libc.a(findfp.o)
 .debug_pubnames
                0x000009b1       0x31 /usr/local/arm/lib/gcc/arm-elf/4.1.0/../../../../arm-elf/lib/libc.a(freer.o)
 .debug_pubnames
                0x000009e2       0x21 /usr/local/arm/lib/gcc/arm-elf/4.1.0/../../../../arm-elf/lib/libc.a(fvwrite.o)
 .debug_pubnames
                0x00000a03       0x2e /usr/local/arm/lib/gcc/arm-elf/4.1.0/../../../../arm-elf/lib/libc.a(fwalk.o)
 .debug_pubnames
                0x00000a31       0x39 /usr/local/arm/lib/gcc/arm-elf/4.1.0/../../../../arm-elf/lib/libc.a(impure.o)
 .debug_pubnames
                0x00000a6a       0xc3 /usr/local/arm/lib/gcc/arm-elf/4.1.0/../../../../arm-elf/lib/libc.a(locale.o)
 .debug_pubnames
                0x00000b2d       0x21 /usr/local/arm/lib/gcc/arm-elf/4.1.0/../../../../arm-elf/lib/libc.a(makebuf.o)
 .debug_pubnames
                0x00000b4e       0xce /usr/local/arm/lib/gcc/arm-elf/4.1.0/../../../../arm-elf/lib/libc.a(mallocr.o)
 .debug_pubnames
                0x00000c1c       0x1d /usr/local/arm/lib/gcc/arm-elf/4.1.0/../../../../arm-elf/lib/libc.a(memchr.o)
 .debug_pubnames
                0x00000c39       0x1e /usr/local/arm/lib/gcc/arm-elf/4.1.0/../../../../arm-elf/lib/libc.a(memmove.o)
 .debug_pubnames
                0x00000c57       0x38 /usr/local/arm/lib/gcc/arm-elf/4.1.0/../../../../arm-elf/lib/libc.a(mlock.o)
 .debug_pubnames
                0x00000c8f      0x112 /usr/local/arm/lib/gcc/arm-elf/4.1.0/../../../../arm-elf/lib/libc.a(mprec.o)
 .debug_pubnames
                0x00000da1       0x21 /usr/local/arm/lib/gcc/arm-elf/4.1.0/../../../../arm-elf/lib/libc.a(reallocr.o)
 .debug_pubnames
                0x00000dc2       0x1c /usr/local/arm/lib/gcc/arm-elf/4.1.0/../../../../arm-elf/lib/libc.a(s_isinf.o)
 .debug_pubnames
                0x00000dde       0x1c /usr/local/arm/lib/gcc/arm-elf/4.1.0/../../../../arm-elf/lib/libc.a(s_isnan.o)
 .debug_pubnames
                0x00000dfa       0x44 /usr/local/arm/lib/gcc/arm-elf/4.1.0/../../../../arm-elf/lib/libc.a(stdio.o)
 .debug_pubnames
                0x00000e3e       0x20 /usr/local/arm/lib/gcc/arm-elf/4.1.0/../../../../arm-elf/lib/libc.a(callocr.o)
 .debug_pubnames
                0x00000e5e       0x2b /usr/local/arm/lib/gcc/arm-elf/4.1.0/../../../../arm-elf/lib/libc.a(fclose.o)
 .debug_pubnames
                0x00000e89       0x1c /usr/local/arm/lib/gcc/arm-elf/4.1.0/../../../../arm-elf/lib/libm.a(s_round.o)
 .debug_pubnames
                0x00000ea5       0x2c /usr/local/arm/lib/gcc/arm-elf/4.1.0/libgcc.a(_addsub_df.o)
 .debug_pubnames
                0x00000ed1       0x1f /usr/local/arm/lib/gcc/arm-elf/4.1.0/libgcc.a(_mul_df.o)
 .debug_pubnames
                0x00000ef0       0x1f /usr/local/arm/lib/gcc/arm-elf/4.1.0/libgcc.a(_div_df.o)
 .debug_pubnames
                0x00000f0f       0x1e /usr/local/arm/lib/gcc/arm-elf/4.1.0/libgcc.a(_eq_df.o)
 .debug_pubnames
                0x00000f2d       0x1e /usr/local/arm/lib/gcc/arm-elf/4.1.0/libgcc.a(_ne_df.o)
 .debug_pubnames
                0x00000f4b       0x1e /usr/local/arm/lib/gcc/arm-elf/4.1.0/libgcc.a(_gt_df.o)
 .debug_pubnames
                0x00000f69       0x1e /usr/local/arm/lib/gcc/arm-elf/4.1.0/libgcc.a(_ge_df.o)
 .debug_pubnames
                0x00000f87       0x1e /usr/local/arm/lib/gcc/arm-elf/4.1.0/libgcc.a(_lt_df.o)
 .debug_pubnames
                0x00000fa5       0x22 /usr/local/arm/lib/gcc/arm-elf/4.1.0/libgcc.a(_si_to_df.o)
 .debug_pubnames
                0x00000fc7       0x20 /usr/local/arm/lib/gcc/arm-elf/4.1.0/libgcc.a(_df_to_si.o)
 .debug_pubnames
                0x00000fe7       0x22 /usr/local/arm/lib/gcc/arm-elf/4.1.0/libgcc.a(_thenan_df.o)
 .debug_pubnames
                0x00001009       0x1f /usr/local/arm/lib/gcc/arm-elf/4.1.0/libgcc.a(_pack_df.o)
 .debug_pubnames
                0x00001028       0x21 /usr/local/arm/lib/gcc/arm-elf/4.1.0/libgcc.a(_unpack_df.o)
 .debug_pubnames
                0x00001049       0x26 /usr/local/arm/lib/gcc/arm-elf/4.1.0/libgcc.a(_fpcmp_parts_df.o)

.debug_info     0x00000000    0x19a64
 *(.debug_info .gnu.linkonce.wi.*)
 .debug_info    0x00000000       0x47 Cstartup.o
 .debug_info    0x00000047     0x1748 load_cell.o
 .debug_info    0x0000178f      0x208 Cstartup_SAM7.o
 .debug_info    0x00001997     0x1022 syscalls.o
 .debug_info    0x000029b9      0x66b cdc_enumerate.o
 .debug_info    0x00003024      0x466 adc.o
 .debug_info    0x0000348a      0x9a4 system.o
 .debug_info    0x00003e2e     0x127b mmc.o
 .debug_info    0x000050a9     0x11dc interrupt_Usart.o
 .debug_info    0x00006285      0x17b fastfunc.o
 .debug_info    0x00006400      0x10a /usr/local/arm/lib/gcc/arm-elf/4.1.0/../../../../arm-elf/lib/libc.a(memcpy.o)
 .debug_info    0x0000650a      0x10e /usr/local/arm/lib/gcc/arm-elf/4.1.0/../../../../arm-elf/lib/libc.a(memset.o)
 .debug_info    0x00006618      0xa00 /usr/local/arm/lib/gcc/arm-elf/4.1.0/../../../../arm-elf/lib/libc.a(sprintf.o)
 .debug_info    0x00007018       0xd8 /usr/local/arm/lib/gcc/arm-elf/4.1.0/../../../../arm-elf/lib/libc.a(strcmp.o)
 .debug_info    0x000070f0       0xd4 /usr/local/arm/lib/gcc/arm-elf/4.1.0/../../../../arm-elf/lib/libc.a(strlen.o)
 .debug_info    0x000071c4      0x92e /usr/local/arm/lib/gcc/arm-elf/4.1.0/../../../../arm-elf/lib/libc.a(strtok.o)
 .debug_info    0x00007af2      0x159 /usr/local/arm/lib/gcc/arm-elf/4.1.0/../../../../arm-elf/lib/libc.a(strtok_r.o)
 .debug_info    0x00007c4b     0x10ee /usr/local/arm/lib/gcc/arm-elf/4.1.0/../../../../arm-elf/lib/libc.a(vfprintf.o)
 .debug_info    0x00008d39      0x9ef /usr/local/arm/lib/gcc/arm-elf/4.1.0/../../../../arm-elf/lib/libc.a(wcrtomb.o)
 .debug_info    0x00009728      0xa84 /usr/local/arm/lib/gcc/arm-elf/4.1.0/../../../../arm-elf/lib/libc.a(wcsrtombs.o)
 .debug_info    0x0000a1ac      0x9f7 /usr/local/arm/lib/gcc/arm-elf/4.1.0/../../../../arm-elf/lib/libc.a(wctomb_r.o)
 .debug_info    0x0000aba3      0x93a /usr/local/arm/lib/gcc/arm-elf/4.1.0/../../../../arm-elf/lib/libc.a(wsetup.o)
 .debug_info    0x0000b4dd      0xd61 /usr/local/arm/lib/gcc/arm-elf/4.1.0/../../../../arm-elf/lib/libc.a(dtoa.o)
 .debug_info    0x0000c23e      0x974 /usr/local/arm/lib/gcc/arm-elf/4.1.0/../../../../arm-elf/lib/libc.a(fflush.o)
 .debug_info    0x0000cbb2      0xb61 /usr/local/arm/lib/gcc/arm-elf/4.1.0/../../../../arm-elf/lib/libc.a(findfp.o)
 .debug_info    0x0000d713      0xbb1 /usr/local/arm/lib/gcc/arm-elf/4.1.0/../../../../arm-elf/lib/libc.a(freer.o)
 .debug_info    0x0000e2c4      0xa5f /usr/local/arm/lib/gcc/arm-elf/4.1.0/../../../../arm-elf/lib/libc.a(fvwrite.o)
 .debug_info    0x0000ed23      0xad9 /usr/local/arm/lib/gcc/arm-elf/4.1.0/../../../../arm-elf/lib/libc.a(fwalk.o)
 .debug_info    0x0000f7fc      0x922 /usr/local/arm/lib/gcc/arm-elf/4.1.0/../../../../arm-elf/lib/libc.a(impure.o)
 .debug_info    0x0001011e      0xb7e /usr/local/arm/lib/gcc/arm-elf/4.1.0/../../../../arm-elf/lib/libc.a(locale.o)
 .debug_info    0x00010c9c      0xad9 /usr/local/arm/lib/gcc/arm-elf/4.1.0/../../../../arm-elf/lib/libc.a(makebuf.o)
 .debug_info    0x00011775      0xcba /usr/local/arm/lib/gcc/arm-elf/4.1.0/../../../../arm-elf/lib/libc.a(mallocr.o)
 .debug_info    0x0001242f      0x133 /usr/local/arm/lib/gcc/arm-elf/4.1.0/../../../../arm-elf/lib/libc.a(memchr.o)
 .debug_info    0x00012562      0x13f /usr/local/arm/lib/gcc/arm-elf/4.1.0/../../../../arm-elf/lib/libc.a(memmove.o)
 .debug_info    0x000126a1      0x93c /usr/local/arm/lib/gcc/arm-elf/4.1.0/../../../../arm-elf/lib/libc.a(mlock.o)
 .debug_info    0x00012fdd     0x1319 /usr/local/arm/lib/gcc/arm-elf/4.1.0/../../../../arm-elf/lib/libc.a(mprec.o)
 .debug_info    0x000142f6      0xbc7 /usr/local/arm/lib/gcc/arm-elf/4.1.0/../../../../arm-elf/lib/libc.a(reallocr.o)
 .debug_info    0x00014ebd      0x153 /usr/local/arm/lib/gcc/arm-elf/4.1.0/../../../../arm-elf/lib/libc.a(s_isinf.o)
 .debug_info    0x00015010      0x151 /usr/local/arm/lib/gcc/arm-elf/4.1.0/../../../../arm-elf/lib/libc.a(s_isnan.o)
 .debug_info    0x00015161      0xa70 /usr/local/arm/lib/gcc/arm-elf/4.1.0/../../../../arm-elf/lib/libc.a(stdio.o)
 .debug_info    0x00015bd1      0xa01 /usr/local/arm/lib/gcc/arm-elf/4.1.0/../../../../arm-elf/lib/libc.a(callocr.o)
 .debug_info    0x000165d2      0x980 /usr/local/arm/lib/gcc/arm-elf/4.1.0/../../../../arm-elf/lib/libc.a(fclose.o)
 .debug_info    0x00016f52      0x1d1 /usr/local/arm/lib/gcc/arm-elf/4.1.0/../../../../arm-elf/lib/libm.a(s_round.o)
 .debug_info    0x00017123       0x88 /usr/local/arm/lib/gcc/arm-elf/4.1.0/libgcc.a(_udivsi3.o)
 .debug_info    0x000171ab       0x88 /usr/local/arm/lib/gcc/arm-elf/4.1.0/libgcc.a(_divsi3.o)
 .debug_info    0x00017233       0x88 /usr/local/arm/lib/gcc/arm-elf/4.1.0/libgcc.a(_dvmd_tls.o)
 .debug_info    0x000172bb      0x479 /usr/local/arm/lib/gcc/arm-elf/4.1.0/libgcc.a(_addsub_df.o)
 .debug_info    0x00017734      0x478 /usr/local/arm/lib/gcc/arm-elf/4.1.0/libgcc.a(_mul_df.o)
 .debug_info    0x00017bac      0x3b2 /usr/local/arm/lib/gcc/arm-elf/4.1.0/libgcc.a(_div_df.o)
 .debug_info    0x00017f5e      0x2aa /usr/local/arm/lib/gcc/arm-elf/4.1.0/libgcc.a(_eq_df.o)
 .debug_info    0x00018208      0x2aa /usr/local/arm/lib/gcc/arm-elf/4.1.0/libgcc.a(_ne_df.o)
 .debug_info    0x000184b2      0x2aa /usr/local/arm/lib/gcc/arm-elf/4.1.0/libgcc.a(_gt_df.o)
 .debug_info    0x0001875c      0x2aa /usr/local/arm/lib/gcc/arm-elf/4.1.0/libgcc.a(_ge_df.o)
 .debug_info    0x00018a06      0x2aa /usr/local/arm/lib/gcc/arm-elf/4.1.0/libgcc.a(_lt_df.o)
 .debug_info    0x00018cb0      0x1bd /usr/local/arm/lib/gcc/arm-elf/4.1.0/libgcc.a(_si_to_df.o)
 .debug_info    0x00018e6d      0x2de /usr/local/arm/lib/gcc/arm-elf/4.1.0/libgcc.a(_df_to_si.o)
 .debug_info    0x0001914b      0x164 /usr/local/arm/lib/gcc/arm-elf/4.1.0/libgcc.a(_thenan_df.o)
 .debug_info    0x000192af      0x323 /usr/local/arm/lib/gcc/arm-elf/4.1.0/libgcc.a(_pack_df.o)
 .debug_info    0x000195d2      0x27a /usr/local/arm/lib/gcc/arm-elf/4.1.0/libgcc.a(_unpack_df.o)
 .debug_info    0x0001984c      0x218 /usr/local/arm/lib/gcc/arm-elf/4.1.0/libgcc.a(_fpcmp_parts_df.o)

.debug_abbrev   0x00000000     0x54d3
 *(.debug_abbrev)
 .debug_abbrev  0x00000000       0x14 Cstartup.o
 .debug_abbrev  0x00000014      0x341 load_cell.o
 .debug_abbrev  0x00000355       0xaa Cstartup_SAM7.o
 .debug_abbrev  0x000003ff      0x2ac syscalls.o
 .debug_abbrev  0x000006ab      0x242 cdc_enumerate.o
 .debug_abbrev  0x000008ed       0xb8 adc.o
 .debug_abbrev  0x000009a5      0x101 system.o
 .debug_abbrev  0x00000aa6      0x25d mmc.o
 .debug_abbrev  0x00000d03      0x286 interrupt_Usart.o
 .debug_abbrev  0x00000f89       0xe7 fastfunc.o
 .debug_abbrev  0x00001070       0xa6 /usr/local/arm/lib/gcc/arm-elf/4.1.0/../../../../arm-elf/lib/libc.a(memcpy.o)
 .debug_abbrev  0x00001116       0xa9 /usr/local/arm/lib/gcc/arm-elf/4.1.0/../../../../arm-elf/lib/libc.a(memset.o)
 .debug_abbrev  0x000011bf      0x1af /usr/local/arm/lib/gcc/arm-elf/4.1.0/../../../../arm-elf/lib/libc.a(sprintf.o)
 .debug_abbrev  0x0000136e       0x71 /usr/local/arm/lib/gcc/arm-elf/4.1.0/../../../../arm-elf/lib/libc.a(strcmp.o)
 .debug_abbrev  0x000013df       0x8b /usr/local/arm/lib/gcc/arm-elf/4.1.0/../../../../arm-elf/lib/libc.a(strlen.o)
 .debug_abbrev  0x0000146a      0x17f /usr/local/arm/lib/gcc/arm-elf/4.1.0/../../../../arm-elf/lib/libc.a(strtok.o)
 .debug_abbrev  0x000015e9       0xbc /usr/local/arm/lib/gcc/arm-elf/4.1.0/../../../../arm-elf/lib/libc.a(strtok_r.o)
 .debug_abbrev  0x000016a5      0x367 /usr/local/arm/lib/gcc/arm-elf/4.1.0/../../../../arm-elf/lib/libc.a(vfprintf.o)
 .debug_abbrev  0x00001a0c      0x18e /usr/local/arm/lib/gcc/arm-elf/4.1.0/../../../../arm-elf/lib/libc.a(wcrtomb.o)
 .debug_abbrev  0x00001b9a      0x1a4 /usr/local/arm/lib/gcc/arm-elf/4.1.0/../../../../arm-elf/lib/libc.a(wcsrtombs.o)
 .debug_abbrev  0x00001d3e      0x1ab /usr/local/arm/lib/gcc/arm-elf/4.1.0/../../../../arm-elf/lib/libc.a(wctomb_r.o)
 .debug_abbrev  0x00001ee9      0x170 /usr/local/arm/lib/gcc/arm-elf/4.1.0/../../../../arm-elf/lib/libc.a(wsetup.o)
 .debug_abbrev  0x00002059      0x223 /usr/local/arm/lib/gcc/arm-elf/4.1.0/../../../../arm-elf/lib/libc.a(dtoa.o)
 .debug_abbrev  0x0000227c      0x17f /usr/local/arm/lib/gcc/arm-elf/4.1.0/../../../../arm-elf/lib/libc.a(fflush.o)
 .debug_abbrev  0x000023fb      0x24c /usr/local/arm/lib/gcc/arm-elf/4.1.0/../../../../arm-elf/lib/libc.a(findfp.o)
 .debug_abbrev  0x00002647      0x1e8 /usr/local/arm/lib/gcc/arm-elf/4.1.0/../../../../arm-elf/lib/libc.a(freer.o)
 .debug_abbrev  0x0000282f      0x1b4 /usr/local/arm/lib/gcc/arm-elf/4.1.0/../../../../arm-elf/lib/libc.a(fvwrite.o)
 .debug_abbrev  0x000029e3      0x1ee /usr/local/arm/lib/gcc/arm-elf/4.1.0/../../../../arm-elf/lib/libc.a(fwalk.o)
 .debug_abbrev  0x00002bd1      0x157 /usr/local/arm/lib/gcc/arm-elf/4.1.0/../../../../arm-elf/lib/libc.a(impure.o)
 .debug_abbrev  0x00002d28      0x1de /usr/local/arm/lib/gcc/arm-elf/4.1.0/../../../../arm-elf/lib/libc.a(locale.o)
 .debug_abbrev  0x00002f06      0x1a8 /usr/local/arm/lib/gcc/arm-elf/4.1.0/../../../../arm-elf/lib/libc.a(makebuf.o)
 .debug_abbrev  0x000030ae      0x225 /usr/local/arm/lib/gcc/arm-elf/4.1.0/../../../../arm-elf/lib/libc.a(mallocr.o)
 .debug_abbrev  0x000032d3       0xb5 /usr/local/arm/lib/gcc/arm-elf/4.1.0/../../../../arm-elf/lib/libc.a(memchr.o)
 .debug_abbrev  0x00003388       0x99 /usr/local/arm/lib/gcc/arm-elf/4.1.0/../../../../arm-elf/lib/libc.a(memmove.o)
 .debug_abbrev  0x00003421      0x16a /usr/local/arm/lib/gcc/arm-elf/4.1.0/../../../../arm-elf/lib/libc.a(mlock.o)
 .debug_abbrev  0x0000358b      0x280 /usr/local/arm/lib/gcc/arm-elf/4.1.0/../../../../arm-elf/lib/libc.a(mprec.o)
 .debug_abbrev  0x0000380b      0x1c3 /usr/local/arm/lib/gcc/arm-elf/4.1.0/../../../../arm-elf/lib/libc.a(reallocr.o)
 .debug_abbrev  0x000039ce       0xd4 /usr/local/arm/lib/gcc/arm-elf/4.1.0/../../../../arm-elf/lib/libc.a(s_isinf.o)
 .debug_abbrev  0x00003aa2       0xd4 /usr/local/arm/lib/gcc/arm-elf/4.1.0/../../../../arm-elf/lib/libc.a(s_isnan.o)
 .debug_abbrev  0x00003b76      0x1b4 /usr/local/arm/lib/gcc/arm-elf/4.1.0/../../../../arm-elf/lib/libc.a(stdio.o)
 .debug_abbrev  0x00003d2a      0x1be /usr/local/arm/lib/gcc/arm-elf/4.1.0/../../../../arm-elf/lib/libc.a(callocr.o)
 .debug_abbrev  0x00003ee8      0x1a7 /usr/local/arm/lib/gcc/arm-elf/4.1.0/../../../../arm-elf/lib/libc.a(fclose.o)
 .debug_abbrev  0x0000408f       0xe1 /usr/local/arm/lib/gcc/arm-elf/4.1.0/../../../../arm-elf/lib/libm.a(s_round.o)
 .debug_abbrev  0x00004170       0x14 /usr/local/arm/lib/gcc/arm-elf/4.1.0/libgcc.a(_udivsi3.o)
 .debug_abbrev  0x00004184       0x14 /usr/local/arm/lib/gcc/arm-elf/4.1.0/libgcc.a(_divsi3.o)
 .debug_abbrev  0x00004198       0x14 /usr/local/arm/lib/gcc/arm-elf/4.1.0/libgcc.a(_dvmd_tls.o)
 .debug_abbrev  0x000041ac      0x1b5 /usr/local/arm/lib/gcc/arm-elf/4.1.0/libgcc.a(_addsub_df.o)
 .debug_abbrev  0x00004361      0x1e7 /usr/local/arm/lib/gcc/arm-elf/4.1.0/libgcc.a(_mul_df.o)
 .debug_abbrev  0x00004548      0x1db /usr/local/arm/lib/gcc/arm-elf/4.1.0/libgcc.a(_div_df.o)
 .debug_abbrev  0x00004723      0x157 /usr/local/arm/lib/gcc/arm-elf/4.1.0/libgcc.a(_eq_df.o)
 .debug_abbrev  0x0000487a      0x157 /usr/local/arm/lib/gcc/arm-elf/4.1.0/libgcc.a(_ne_df.o)
 .debug_abbrev  0x000049d1      0x157 /usr/local/arm/lib/gcc/arm-elf/4.1.0/libgcc.a(_gt_df.o)
 .debug_abbrev  0x00004b28      0x157 /usr/local/arm/lib/gcc/arm-elf/4.1.0/libgcc.a(_ge_df.o)
 .debug_abbrev  0x00004c7f      0x157 /usr/local/arm/lib/gcc/arm-elf/4.1.0/libgcc.a(_lt_df.o)
 .debug_abbrev  0x00004dd6       0xf1 /usr/local/arm/lib/gcc/arm-elf/4.1.0/libgcc.a(_si_to_df.o)
 .debug_abbrev  0x00004ec7      0x166 /usr/local/arm/lib/gcc/arm-elf/4.1.0/libgcc.a(_df_to_si.o)
 .debug_abbrev  0x0000502d       0xba /usr/local/arm/lib/gcc/arm-elf/4.1.0/libgcc.a(_thenan_df.o)
 .debug_abbrev  0x000050e7      0x192 /usr/local/arm/lib/gcc/arm-elf/4.1.0/libgcc.a(_pack_df.o)
 .debug_abbrev  0x00005279      0x149 /usr/local/arm/lib/gcc/arm-elf/4.1.0/libgcc.a(_unpack_df.o)
 .debug_abbrev  0x000053c2      0x111 /usr/local/arm/lib/gcc/arm-elf/4.1.0/libgcc.a(_fpcmp_parts_df.o)

.debug_line     0x00000000     0x4ba8
 *(.debug_line)
 .debug_line    0x00000000       0x87 Cstartup.o
 .debug_line    0x00000087      0x385 load_cell.o
 .debug_line    0x0000040c       0x60 Cstartup_SAM7.o
 .debug_line    0x0000046c      0x1ca syscalls.o
 .debug_line    0x00000636      0x142 cdc_enumerate.o
 .debug_line    0x00000778       0x53 adc.o
 .debug_line    0x000007cb       0x55 system.o
 .debug_line    0x00000820      0x113 mmc.o
 .debug_line    0x00000933      0x177 interrupt_Usart.o
 .debug_line    0x00000aaa       0x5f fastfunc.o
 .debug_line    0x00000b09       0xcb /usr/local/arm/lib/gcc/arm-elf/4.1.0/../../../../arm-elf/lib/libc.a(memcpy.o)
 .debug_line    0x00000bd4       0xd3 /usr/local/arm/lib/gcc/arm-elf/4.1.0/../../../../arm-elf/lib/libc.a(memset.o)
 .debug_line    0x00000ca7      0x1aa /usr/local/arm/lib/gcc/arm-elf/4.1.0/../../../../arm-elf/lib/libc.a(sprintf.o)
 .debug_line    0x00000e51       0x85 /usr/local/arm/lib/gcc/arm-elf/4.1.0/../../../../arm-elf/lib/libc.a(strcmp.o)
 .debug_line    0x00000ed6       0xaf /usr/local/arm/lib/gcc/arm-elf/4.1.0/../../../../arm-elf/lib/libc.a(strlen.o)
 .debug_line    0x00000f85      0x110 /usr/local/arm/lib/gcc/arm-elf/4.1.0/../../../../arm-elf/lib/libc.a(strtok.o)
 .debug_line    0x00001095       0xa5 /usr/local/arm/lib/gcc/arm-elf/4.1.0/../../../../arm-elf/lib/libc.a(strtok_r.o)
 .debug_line    0x0000113a      0x581 /usr/local/arm/lib/gcc/arm-elf/4.1.0/../../../../arm-elf/lib/libc.a(vfprintf.o)
 .debug_line    0x000016bb      0x180 /usr/local/arm/lib/gcc/arm-elf/4.1.0/../../../../arm-elf/lib/libc.a(wcrtomb.o)
 .debug_line    0x0000183b      0x1a6 /usr/local/arm/lib/gcc/arm-elf/4.1.0/../../../../arm-elf/lib/libc.a(wcsrtombs.o)
 .debug_line    0x000019e1      0x230 /usr/local/arm/lib/gcc/arm-elf/4.1.0/../../../../arm-elf/lib/libc.a(wctomb_r.o)
 .debug_line    0x00001c11      0x17e /usr/local/arm/lib/gcc/arm-elf/4.1.0/../../../../arm-elf/lib/libc.a(wsetup.o)
 .debug_line    0x00001d8f      0x482 /usr/local/arm/lib/gcc/arm-elf/4.1.0/../../../../arm-elf/lib/libc.a(dtoa.o)
 .debug_line    0x00002211      0x181 /usr/local/arm/lib/gcc/arm-elf/4.1.0/../../../../arm-elf/lib/libc.a(fflush.o)
 .debug_line    0x00002392      0x1fa /usr/local/arm/lib/gcc/arm-elf/4.1.0/../../../../arm-elf/lib/libc.a(findfp.o)
 .debug_line    0x0000258c      0x1c6 /usr/local/arm/lib/gcc/arm-elf/4.1.0/../../../../arm-elf/lib/libc.a(freer.o)
 .debug_line    0x00002752      0x219 /usr/local/arm/lib/gcc/arm-elf/4.1.0/../../../../arm-elf/lib/libc.a(fvwrite.o)
 .debug_line    0x0000296b      0x181 /usr/local/arm/lib/gcc/arm-elf/4.1.0/../../../../arm-elf/lib/libc.a(fwalk.o)
 .debug_line    0x00002aec       0xfe /usr/local/arm/lib/gcc/arm-elf/4.1.0/../../../../arm-elf/lib/libc.a(impure.o)
 .debug_line    0x00002bea      0x183 /usr/local/arm/lib/gcc/arm-elf/4.1.0/../../../../arm-elf/lib/libc.a(locale.o)
 .debug_line    0x00002d6d      0x1ab /usr/local/arm/lib/gcc/arm-elf/4.1.0/../../../../arm-elf/lib/libc.a(makebuf.o)
 .debug_line    0x00002f18      0x247 /usr/local/arm/lib/gcc/arm-elf/4.1.0/../../../../arm-elf/lib/libc.a(mallocr.o)
 .debug_line    0x0000315f       0xe0 /usr/local/arm/lib/gcc/arm-elf/4.1.0/../../../../arm-elf/lib/libc.a(memchr.o)
 .debug_line    0x0000323f       0xdb /usr/local/arm/lib/gcc/arm-elf/4.1.0/../../../../arm-elf/lib/libc.a(memmove.o)
 .debug_line    0x0000331a      0x110 /usr/local/arm/lib/gcc/arm-elf/4.1.0/../../../../arm-elf/lib/libc.a(mlock.o)
 .debug_line    0x0000342a      0x41d /usr/local/arm/lib/gcc/arm-elf/4.1.0/../../../../arm-elf/lib/libc.a(mprec.o)
 .debug_line    0x00003847      0x1df /usr/local/arm/lib/gcc/arm-elf/4.1.0/../../../../arm-elf/lib/libc.a(reallocr.o)
 .debug_line    0x00003a26      0x116 /usr/local/arm/lib/gcc/arm-elf/4.1.0/../../../../arm-elf/lib/libc.a(s_isinf.o)
 .debug_line    0x00003b3c      0x113 /usr/local/arm/lib/gcc/arm-elf/4.1.0/../../../../arm-elf/lib/libc.a(s_isnan.o)
 .debug_line    0x00003c4f      0x19f /usr/local/arm/lib/gcc/arm-elf/4.1.0/../../../../arm-elf/lib/libc.a(stdio.o)
 .debug_line    0x00003dee      0x11c /usr/local/arm/lib/gcc/arm-elf/4.1.0/../../../../arm-elf/lib/libc.a(callocr.o)
 .debug_line    0x00003f0a      0x180 /usr/local/arm/lib/gcc/arm-elf/4.1.0/../../../../arm-elf/lib/libc.a(fclose.o)
 .debug_line    0x0000408a       0xf9 /usr/local/arm/lib/gcc/arm-elf/4.1.0/../../../../arm-elf/lib/libm.a(s_round.o)
 .debug_line    0x00004183       0x8d /usr/local/arm/lib/gcc/arm-elf/4.1.0/libgcc.a(_udivsi3.o)
 .debug_line    0x00004210       0x99 /usr/local/arm/lib/gcc/arm-elf/4.1.0/libgcc.a(_divsi3.o)
 .debug_line    0x000042a9       0x61 /usr/local/arm/lib/gcc/arm-elf/4.1.0/libgcc.a(_dvmd_tls.o)
 .debug_line    0x0000430a      0x10d /usr/local/arm/lib/gcc/arm-elf/4.1.0/libgcc.a(_addsub_df.o)
 .debug_line    0x00004417       0xf0 /usr/local/arm/lib/gcc/arm-elf/4.1.0/libgcc.a(_mul_df.o)
 .debug_line    0x00004507       0xce /usr/local/arm/lib/gcc/arm-elf/4.1.0/libgcc.a(_div_df.o)
 .debug_line    0x000045d5       0x79 /usr/local/arm/lib/gcc/arm-elf/4.1.0/libgcc.a(_eq_df.o)
 .debug_line    0x0000464e       0x79 /usr/local/arm/lib/gcc/arm-elf/4.1.0/libgcc.a(_ne_df.o)
 .debug_line    0x000046c7       0x79 /usr/local/arm/lib/gcc/arm-elf/4.1.0/libgcc.a(_gt_df.o)
 .debug_line    0x00004740       0x79 /usr/local/arm/lib/gcc/arm-elf/4.1.0/libgcc.a(_ge_df.o)
 .debug_line    0x000047b9       0x79 /usr/local/arm/lib/gcc/arm-elf/4.1.0/libgcc.a(_lt_df.o)
 .debug_line    0x00004832       0x7e /usr/local/arm/lib/gcc/arm-elf/4.1.0/libgcc.a(_si_to_df.o)
 .debug_line    0x000048b0       0x87 /usr/local/arm/lib/gcc/arm-elf/4.1.0/libgcc.a(_df_to_si.o)
 .debug_line    0x00004937       0x54 /usr/local/arm/lib/gcc/arm-elf/4.1.0/libgcc.a(_thenan_df.o)
 .debug_line    0x0000498b       0xca /usr/local/arm/lib/gcc/arm-elf/4.1.0/libgcc.a(_pack_df.o)
 .debug_line    0x00004a55       0xb1 /usr/local/arm/lib/gcc/arm-elf/4.1.0/libgcc.a(_unpack_df.o)
 .debug_line    0x00004b06       0xa2 /usr/local/arm/lib/gcc/arm-elf/4.1.0/libgcc.a(_fpcmp_parts_df.o)

.debug_frame    0x00000000     0x1444
 *(.debug_frame)
 .debug_frame   0x00000000      0x1bc load_cell.o
 .debug_frame   0x000001bc       0x20 Cstartup_SAM7.o
 .debug_frame   0x000001dc       0xa4 syscalls.o
 .debug_frame   0x00000280       0xc0 cdc_enumerate.o
 .debug_frame   0x00000340       0x50 adc.o
 .debug_frame   0x00000390       0x40 system.o
 .debug_frame   0x000003d0      0x140 mmc.o
 .debug_frame   0x00000510       0x7c interrupt_Usart.o
 .debug_frame   0x0000058c       0x2c fastfunc.o
 .debug_frame   0x000005b8       0x28 /usr/local/arm/lib/gcc/arm-elf/4.1.0/../../../../arm-elf/lib/libc.a(memcpy.o)
 .debug_frame   0x000005e0       0x20 /usr/local/arm/lib/gcc/arm-elf/4.1.0/../../../../arm-elf/lib/libc.a(memset.o)
 .debug_frame   0x00000600       0x5c /usr/local/arm/lib/gcc/arm-elf/4.1.0/../../../../arm-elf/lib/libc.a(sprintf.o)
 .debug_frame   0x0000065c       0x20 /usr/local/arm/lib/gcc/arm-elf/4.1.0/../../../../arm-elf/lib/libc.a(strcmp.o)
 .debug_frame   0x0000067c       0x20 /usr/local/arm/lib/gcc/arm-elf/4.1.0/../../../../arm-elf/lib/libc.a(strlen.o)
 .debug_frame   0x0000069c       0x20 /usr/local/arm/lib/gcc/arm-elf/4.1.0/../../../../arm-elf/lib/libc.a(strtok.o)
 .debug_frame   0x000006bc       0x3c /usr/local/arm/lib/gcc/arm-elf/4.1.0/../../../../arm-elf/lib/libc.a(strtok_r.o)
 .debug_frame   0x000006f8       0x6c /usr/local/arm/lib/gcc/arm-elf/4.1.0/../../../../arm-elf/lib/libc.a(vfprintf.o)
 .debug_frame   0x00000764       0x44 /usr/local/arm/lib/gcc/arm-elf/4.1.0/../../../../arm-elf/lib/libc.a(wcrtomb.o)
 .debug_frame   0x000007a8       0x54 /usr/local/arm/lib/gcc/arm-elf/4.1.0/../../../../arm-elf/lib/libc.a(wcsrtombs.o)
 .debug_frame   0x000007fc       0x30 /usr/local/arm/lib/gcc/arm-elf/4.1.0/../../../../arm-elf/lib/libc.a(wctomb_r.o)
 .debug_frame   0x0000082c       0x2c /usr/local/arm/lib/gcc/arm-elf/4.1.0/../../../../arm-elf/lib/libc.a(wsetup.o)
 .debug_frame   0x00000858       0x60 /usr/local/arm/lib/gcc/arm-elf/4.1.0/../../../../arm-elf/lib/libc.a(dtoa.o)
 .debug_frame   0x000008b8       0x2c /usr/local/arm/lib/gcc/arm-elf/4.1.0/../../../../arm-elf/lib/libc.a(fflush.o)
 .debug_frame   0x000008e4      0x114 /usr/local/arm/lib/gcc/arm-elf/4.1.0/../../../../arm-elf/lib/libc.a(findfp.o)
 .debug_frame   0x000009f8       0x54 /usr/local/arm/lib/gcc/arm-elf/4.1.0/../../../../arm-elf/lib/libc.a(freer.o)
 .debug_frame   0x00000a4c       0x38 /usr/local/arm/lib/gcc/arm-elf/4.1.0/../../../../arm-elf/lib/libc.a(fvwrite.o)
 .debug_frame   0x00000a84       0x58 /usr/local/arm/lib/gcc/arm-elf/4.1.0/../../../../arm-elf/lib/libc.a(fwalk.o)
 .debug_frame   0x00000adc       0x6c /usr/local/arm/lib/gcc/arm-elf/4.1.0/../../../../arm-elf/lib/libc.a(locale.o)
 .debug_frame   0x00000b48       0x30 /usr/local/arm/lib/gcc/arm-elf/4.1.0/../../../../arm-elf/lib/libc.a(makebuf.o)
 .debug_frame   0x00000b78       0x38 /usr/local/arm/lib/gcc/arm-elf/4.1.0/../../../../arm-elf/lib/libc.a(mallocr.o)
 .debug_frame   0x00000bb0       0x28 /usr/local/arm/lib/gcc/arm-elf/4.1.0/../../../../arm-elf/lib/libc.a(memchr.o)
 .debug_frame   0x00000bd8       0x28 /usr/local/arm/lib/gcc/arm-elf/4.1.0/../../../../arm-elf/lib/libc.a(memmove.o)
 .debug_frame   0x00000c00       0x30 /usr/local/arm/lib/gcc/arm-elf/4.1.0/../../../../arm-elf/lib/libc.a(mlock.o)
 .debug_frame   0x00000c30      0x1f0 /usr/local/arm/lib/gcc/arm-elf/4.1.0/../../../../arm-elf/lib/libc.a(mprec.o)
 .debug_frame   0x00000e20       0x38 /usr/local/arm/lib/gcc/arm-elf/4.1.0/../../../../arm-elf/lib/libc.a(reallocr.o)
 .debug_frame   0x00000e58       0x28 /usr/local/arm/lib/gcc/arm-elf/4.1.0/../../../../arm-elf/lib/libc.a(s_isinf.o)
 .debug_frame   0x00000e80       0x28 /usr/local/arm/lib/gcc/arm-elf/4.1.0/../../../../arm-elf/lib/libc.a(s_isnan.o)
 .debug_frame   0x00000ea8       0x70 /usr/local/arm/lib/gcc/arm-elf/4.1.0/../../../../arm-elf/lib/libc.a(stdio.o)
 .debug_frame   0x00000f18       0x28 /usr/local/arm/lib/gcc/arm-elf/4.1.0/../../../../arm-elf/lib/libc.a(callocr.o)
 .debug_frame   0x00000f40       0x3c /usr/local/arm/lib/gcc/arm-elf/4.1.0/../../../../arm-elf/lib/libc.a(fclose.o)
 .debug_frame   0x00000f7c       0x34 /usr/local/arm/lib/gcc/arm-elf/4.1.0/../../../../arm-elf/lib/libm.a(s_round.o)
 .debug_frame   0x00000fb0       0x28 /usr/local/arm/lib/gcc/arm-elf/4.1.0/libgcc.a(_udivsi3.o)
 .debug_frame   0x00000fd8       0x28 /usr/local/arm/lib/gcc/arm-elf/4.1.0/libgcc.a(_divsi3.o)
 .debug_frame   0x00001000       0xb0 /usr/local/arm/lib/gcc/arm-elf/4.1.0/libgcc.a(_addsub_df.o)
 .debug_frame   0x000010b0       0x78 /usr/local/arm/lib/gcc/arm-elf/4.1.0/libgcc.a(_mul_df.o)
 .debug_frame   0x00001128       0x78 /usr/local/arm/lib/gcc/arm-elf/4.1.0/libgcc.a(_div_df.o)
 .debug_frame   0x000011a0       0x3c /usr/local/arm/lib/gcc/arm-elf/4.1.0/libgcc.a(_eq_df.o)
 .debug_frame   0x000011dc       0x3c /usr/local/arm/lib/gcc/arm-elf/4.1.0/libgcc.a(_ne_df.o)
 .debug_frame   0x00001218       0x3c /usr/local/arm/lib/gcc/arm-elf/4.1.0/libgcc.a(_gt_df.o)
 .debug_frame   0x00001254       0x3c /usr/local/arm/lib/gcc/arm-elf/4.1.0/libgcc.a(_ge_df.o)
 .debug_frame   0x00001290       0x3c /usr/local/arm/lib/gcc/arm-elf/4.1.0/libgcc.a(_lt_df.o)
 .debug_frame   0x000012cc       0x2c /usr/local/arm/lib/gcc/arm-elf/4.1.0/libgcc.a(_si_to_df.o)
 .debug_frame   0x000012f8       0x5c /usr/local/arm/lib/gcc/arm-elf/4.1.0/libgcc.a(_df_to_si.o)
 .debug_frame   0x00001354       0x68 /usr/local/arm/lib/gcc/arm-elf/4.1.0/libgcc.a(_pack_df.o)
 .debug_frame   0x000013bc       0x2c /usr/local/arm/lib/gcc/arm-elf/4.1.0/libgcc.a(_unpack_df.o)
 .debug_frame   0x000013e8       0x5c /usr/local/arm/lib/gcc/arm-elf/4.1.0/libgcc.a(_fpcmp_parts_df.o)

.debug_str      0x00000000     0x2f9f
 *(.debug_str)
 .debug_str     0x00000000      0x86a load_cell.o
                                0x8f7 (size before relaxing)
 .debug_str     0x0000086a       0x23 Cstartup_SAM7.o
                                0x130 (size before relaxing)
 .debug_str     0x0000088d      0x5c8 syscalls.o
                                0x6e7 (size before relaxing)
 .debug_str     0x00000e55      0x19f cdc_enumerate.o
                                0x311 (size before relaxing)
 .debug_str     0x00000ff4      0x154 adc.o
                                0x25c (size before relaxing)
 .debug_str     0x00001148      0x16f system.o
                                0x4a0 (size before relaxing)
 .debug_str     0x000012b7      0x504 mmc.o
                                0x8b0 (size before relaxing)
 .debug_str     0x000017bb      0x21d interrupt_Usart.o
                                0x81a (size before relaxing)
 .debug_str     0x000019d8       0x20 fastfunc.o
                                 0xbf (size before relaxing)
 .debug_str     0x000019f8       0xb4 /usr/local/arm/lib/gcc/arm-elf/4.1.0/../../../../arm-elf/lib/libc.a(memcpy.o)
                                 0xe7 (size before relaxing)
 .debug_str     0x00001aac       0x54 /usr/local/arm/lib/gcc/arm-elf/4.1.0/../../../../arm-elf/lib/libc.a(memset.o)
                                0x131 (size before relaxing)
 .debug_str     0x00001b00       0xa7 /usr/local/arm/lib/gcc/arm-elf/4.1.0/../../../../arm-elf/lib/libc.a(sprintf.o)
                                0x4ea (size before relaxing)
 .debug_str     0x00001ba7       0x47 /usr/local/arm/lib/gcc/arm-elf/4.1.0/../../../../arm-elf/lib/libc.a(strcmp.o)
                                0x116 (size before relaxing)
 .debug_str     0x00001bee       0x4d /usr/local/arm/lib/gcc/arm-elf/4.1.0/../../../../arm-elf/lib/libc.a(strlen.o)
                                0x130 (size before relaxing)
 .debug_str     0x00001c3b       0x47 /usr/local/arm/lib/gcc/arm-elf/4.1.0/../../../../arm-elf/lib/libc.a(strtok.o)
                                0x4bd (size before relaxing)
 .debug_str     0x00001c82       0x71 /usr/local/arm/lib/gcc/arm-elf/4.1.0/../../../../arm-elf/lib/libc.a(strtok_r.o)
                                0x14f (size before relaxing)
 .debug_str     0x00001cf3      0x1ad /usr/local/arm/lib/gcc/arm-elf/4.1.0/../../../../arm-elf/lib/libc.a(vfprintf.o)
                                0x6bb (size before relaxing)
 .debug_str     0x00001ea0       0xa1 /usr/local/arm/lib/gcc/arm-elf/4.1.0/../../../../arm-elf/lib/libc.a(wcrtomb.o)
                                0x4f0 (size before relaxing)
 .debug_str     0x00001f41       0x64 /usr/local/arm/lib/gcc/arm-elf/4.1.0/../../../../arm-elf/lib/libc.a(wcsrtombs.o)
                                0x505 (size before relaxing)
 .debug_str     0x00001fa5       0x69 /usr/local/arm/lib/gcc/arm-elf/4.1.0/../../../../arm-elf/lib/libc.a(wctomb_r.o)
                                0x4e5 (size before relaxing)
 .debug_str     0x0000200e       0x49 /usr/local/arm/lib/gcc/arm-elf/4.1.0/../../../../arm-elf/lib/libc.a(wsetup.o)
                                0x4c9 (size before relaxing)
 .debug_str     0x00002057      0x107 /usr/local/arm/lib/gcc/arm-elf/4.1.0/../../../../arm-elf/lib/libc.a(dtoa.o)
                                0x5c0 (size before relaxing)
 .debug_str     0x0000215e       0x59 /usr/local/arm/lib/gcc/arm-elf/4.1.0/../../../../arm-elf/lib/libc.a(fflush.o)
                                0x4d9 (size before relaxing)
 .debug_str     0x000021b7      0x107 /usr/local/arm/lib/gcc/arm-elf/4.1.0/../../../../arm-elf/lib/libc.a(findfp.o)
                                0x5b3 (size before relaxing)
 .debug_str     0x000022be      0x160 /usr/local/arm/lib/gcc/arm-elf/4.1.0/../../../../arm-elf/lib/libc.a(freer.o)
                                0x602 (size before relaxing)
 .debug_str     0x0000241e       0x61 /usr/local/arm/lib/gcc/arm-elf/4.1.0/../../../../arm-elf/lib/libc.a(fvwrite.o)
                                0x524 (size before relaxing)
 .debug_str     0x0000247f       0x63 /usr/local/arm/lib/gcc/arm-elf/4.1.0/../../../../arm-elf/lib/libc.a(fwalk.o)
                                0x4f4 (size before relaxing)
 .debug_str     0x000024e2       0x90 /usr/local/arm/lib/gcc/arm-elf/4.1.0/../../../../arm-elf/lib/libc.a(impure.o)
                                0x4cd (size before relaxing)
 .debug_str     0x00002572      0x1d9 /usr/local/arm/lib/gcc/arm-elf/4.1.0/../../../../arm-elf/lib/libc.a(locale.o)
                                0x65c (size before relaxing)
 .debug_str     0x0000274b       0x56 /usr/local/arm/lib/gcc/arm-elf/4.1.0/../../../../arm-elf/lib/libc.a(makebuf.o)
                                0x5b0 (size before relaxing)
 .debug_str     0x000027a1       0xe9 /usr/local/arm/lib/gcc/arm-elf/4.1.0/../../../../arm-elf/lib/libc.a(mallocr.o)
                                0x6b0 (size before relaxing)
 .debug_str     0x0000288a       0x55 /usr/local/arm/lib/gcc/arm-elf/4.1.0/../../../../arm-elf/lib/libc.a(memchr.o)
                                0x13e (size before relaxing)
 .debug_str     0x000028df       0x52 /usr/local/arm/lib/gcc/arm-elf/4.1.0/../../../../arm-elf/lib/libc.a(memmove.o)
                                0x150 (size before relaxing)
 .debug_str     0x00002931       0x72 /usr/local/arm/lib/gcc/arm-elf/4.1.0/../../../../arm-elf/lib/libc.a(mlock.o)
                                0x4d6 (size before relaxing)
 .debug_str     0x000029a3       0xd8 /usr/local/arm/lib/gcc/arm-elf/4.1.0/../../../../arm-elf/lib/libc.a(mprec.o)
                                0x5a8 (size before relaxing)
 .debug_str     0x00002a7b       0x61 /usr/local/arm/lib/gcc/arm-elf/4.1.0/../../../../arm-elf/lib/libc.a(reallocr.o)
                                0x582 (size before relaxing)
 .debug_str     0x00002adc       0xaf /usr/local/arm/lib/gcc/arm-elf/4.1.0/../../../../arm-elf/lib/libc.a(s_isinf.o)
                                0x174 (size before relaxing)
 .debug_str     0x00002b8b       0x45 /usr/local/arm/lib/gcc/arm-elf/4.1.0/../../../../arm-elf/lib/libc.a(s_isnan.o)
                                0x174 (size before relaxing)
 .debug_str     0x00002bd0       0x67 /usr/local/arm/lib/gcc/arm-elf/4.1.0/../../../../arm-elf/lib/libc.a(stdio.o)
                                0x4fc (size before relaxing)
 .debug_str     0x00002c37       0x19 /usr/local/arm/lib/gcc/arm-elf/4.1.0/../../../../arm-elf/lib/libc.a(callocr.o)
                                0x501 (size before relaxing)
 .debug_str     0x00002c50       0x50 /usr/local/arm/lib/gcc/arm-elf/4.1.0/../../../../arm-elf/lib/libc.a(fclose.o)
                                0x4d5 (size before relaxing)
 .debug_str     0x00002ca0       0xb3 /usr/local/arm/lib/gcc/arm-elf/4.1.0/../../../../arm-elf/lib/libm.a(s_round.o)
                                0x19e (size before relaxing)
 .debug_str     0x00002d53      0x161 /usr/local/arm/lib/gcc/arm-elf/4.1.0/libgcc.a(_addsub_df.o)
                                0x220 (size before relaxing)
 .debug_str     0x00002eb4       0x45 /usr/local/arm/lib/gcc/arm-elf/4.1.0/libgcc.a(_mul_df.o)
                                0x1f8 (size before relaxing)
 .debug_str     0x00002ef9       0x35 /usr/local/arm/lib/gcc/arm-elf/4.1.0/libgcc.a(_div_df.o)
                                0x1e8 (size before relaxing)
 .debug_str     0x00002f2e        0x8 /usr/local/arm/lib/gcc/arm-elf/4.1.0/libgcc.a(_eq_df.o)
                                0x1b5 (size before relaxing)
 .debug_str     0x00002f36        0x8 /usr/local/arm/lib/gcc/arm-elf/4.1.0/libgcc.a(_ne_df.o)
                                0x1b5 (size before relaxing)
 .debug_str     0x00002f3e        0x8 /usr/local/arm/lib/gcc/arm-elf/4.1.0/libgcc.a(_gt_df.o)
                                0x1b5 (size before relaxing)
 .debug_str     0x00002f46        0x8 /usr/local/arm/lib/gcc/arm-elf/4.1.0/libgcc.a(_ge_df.o)
                                0x1b5 (size before relaxing)
 .debug_str     0x00002f4e        0x8 /usr/local/arm/lib/gcc/arm-elf/4.1.0/libgcc.a(_lt_df.o)
                                0x1b5 (size before relaxing)
 .debug_str     0x00002f56        0xc /usr/local/arm/lib/gcc/arm-elf/4.1.0/libgcc.a(_si_to_df.o)
                                0x183 (size before relaxing)
 .debug_str     0x00002f62        0xa /usr/local/arm/lib/gcc/arm-elf/4.1.0/libgcc.a(_df_to_si.o)
                                0x1be (size before relaxing)
 .debug_str     0x00002f6c        0x0 /usr/local/arm/lib/gcc/arm-elf/4.1.0/libgcc.a(_thenan_df.o)
                                0x15a (size before relaxing)
 .debug_str     0x00002f6c       0x10 /usr/local/arm/lib/gcc/arm-elf/4.1.0/libgcc.a(_pack_df.o)
                                0x1bd (size before relaxing)
 .debug_str     0x00002f7c       0x13 /usr/local/arm/lib/gcc/arm-elf/4.1.0/libgcc.a(_unpack_df.o)
                                0x1a7 (size before relaxing)
 .debug_str     0x00002f8f       0x10 /usr/local/arm/lib/gcc/arm-elf/4.1.0/libgcc.a(_fpcmp_parts_df.o)
                                0x17d (size before relaxing)

.debug_loc      0x00000000     0x9267
 *(.debug_loc)
 .debug_loc     0x00000000      0x3a2 load_cell.o
 .debug_loc     0x000003a2      0x1b6 syscalls.o
 .debug_loc     0x00000558      0x4e0 cdc_enumerate.o
 .debug_loc     0x00000a38      0x31a mmc.o
 .debug_loc     0x00000d52       0x9b interrupt_Usart.o
 .debug_loc     0x00000ded       0x82 fastfunc.o
 .debug_loc     0x00000e6f       0xdb /usr/local/arm/lib/gcc/arm-elf/4.1.0/../../../../arm-elf/lib/libc.a(memcpy.o)
 .debug_loc     0x00000f4a       0xa9 /usr/local/arm/lib/gcc/arm-elf/4.1.0/../../../../arm-elf/lib/libc.a(memset.o)
 .debug_loc     0x00000ff3       0xfd /usr/local/arm/lib/gcc/arm-elf/4.1.0/../../../../arm-elf/lib/libc.a(sprintf.o)
 .debug_loc     0x000010f0       0xaf /usr/local/arm/lib/gcc/arm-elf/4.1.0/../../../../arm-elf/lib/libc.a(strcmp.o)
 .debug_loc     0x0000119f       0x47 /usr/local/arm/lib/gcc/arm-elf/4.1.0/../../../../arm-elf/lib/libc.a(strlen.o)
 .debug_loc     0x000011e6       0x26 /usr/local/arm/lib/gcc/arm-elf/4.1.0/../../../../arm-elf/lib/libc.a(strtok.o)
 .debug_loc     0x0000120c      0x15c /usr/local/arm/lib/gcc/arm-elf/4.1.0/../../../../arm-elf/lib/libc.a(strtok_r.o)
 .debug_loc     0x00001368     0x1eef /usr/local/arm/lib/gcc/arm-elf/4.1.0/../../../../arm-elf/lib/libc.a(vfprintf.o)
 .debug_loc     0x00003257      0x145 /usr/local/arm/lib/gcc/arm-elf/4.1.0/../../../../arm-elf/lib/libc.a(wcrtomb.o)
 .debug_loc     0x0000339c      0x2b2 /usr/local/arm/lib/gcc/arm-elf/4.1.0/../../../../arm-elf/lib/libc.a(wcsrtombs.o)
 .debug_loc     0x0000364e      0x248 /usr/local/arm/lib/gcc/arm-elf/4.1.0/../../../../arm-elf/lib/libc.a(wctomb_r.o)
 .debug_loc     0x00003896       0x3d /usr/local/arm/lib/gcc/arm-elf/4.1.0/../../../../arm-elf/lib/libc.a(wsetup.o)
 .debug_loc     0x000038d3     0x1665 /usr/local/arm/lib/gcc/arm-elf/4.1.0/../../../../arm-elf/lib/libc.a(dtoa.o)
 .debug_loc     0x00004f38       0xad /usr/local/arm/lib/gcc/arm-elf/4.1.0/../../../../arm-elf/lib/libc.a(fflush.o)
 .debug_loc     0x00004fe5      0x20c /usr/local/arm/lib/gcc/arm-elf/4.1.0/../../../../arm-elf/lib/libc.a(findfp.o)
 .debug_loc     0x000051f1      0x38f /usr/local/arm/lib/gcc/arm-elf/4.1.0/../../../../arm-elf/lib/libc.a(freer.o)
 .debug_loc     0x00005580      0x328 /usr/local/arm/lib/gcc/arm-elf/4.1.0/../../../../arm-elf/lib/libc.a(fvwrite.o)
 .debug_loc     0x000058a8      0x17b /usr/local/arm/lib/gcc/arm-elf/4.1.0/../../../../arm-elf/lib/libc.a(fwalk.o)
 .debug_loc     0x00005a23       0xe9 /usr/local/arm/lib/gcc/arm-elf/4.1.0/../../../../arm-elf/lib/libc.a(locale.o)
 .debug_loc     0x00005b0c       0xa7 /usr/local/arm/lib/gcc/arm-elf/4.1.0/../../../../arm-elf/lib/libc.a(makebuf.o)
 .debug_loc     0x00005bb3      0x795 /usr/local/arm/lib/gcc/arm-elf/4.1.0/../../../../arm-elf/lib/libc.a(mallocr.o)
 .debug_loc     0x00006348      0x193 /usr/local/arm/lib/gcc/arm-elf/4.1.0/../../../../arm-elf/lib/libc.a(memchr.o)
 .debug_loc     0x000064db      0x151 /usr/local/arm/lib/gcc/arm-elf/4.1.0/../../../../arm-elf/lib/libc.a(memmove.o)
 .debug_loc     0x0000662c      0xffc /usr/local/arm/lib/gcc/arm-elf/4.1.0/../../../../arm-elf/lib/libc.a(mprec.o)
 .debug_loc     0x00007628      0x922 /usr/local/arm/lib/gcc/arm-elf/4.1.0/../../../../arm-elf/lib/libc.a(reallocr.o)
 .debug_loc     0x00007f4a       0x6d /usr/local/arm/lib/gcc/arm-elf/4.1.0/../../../../arm-elf/lib/libc.a(s_isinf.o)
 .debug_loc     0x00007fb7       0x4f /usr/local/arm/lib/gcc/arm-elf/4.1.0/../../../../arm-elf/lib/libc.a(s_isnan.o)
 .debug_loc     0x00008006      0x1a4 /usr/local/arm/lib/gcc/arm-elf/4.1.0/../../../../arm-elf/lib/libc.a(stdio.o)
 .debug_loc     0x000081aa       0xd6 /usr/local/arm/lib/gcc/arm-elf/4.1.0/../../../../arm-elf/lib/libc.a(callocr.o)
 .debug_loc     0x00008280       0xa2 /usr/local/arm/lib/gcc/arm-elf/4.1.0/../../../../arm-elf/lib/libc.a(fclose.o)
 .debug_loc     0x00008322      0x206 /usr/local/arm/lib/gcc/arm-elf/4.1.0/../../../../arm-elf/lib/libm.a(s_round.o)
 .debug_loc     0x00008528      0x353 /usr/local/arm/lib/gcc/arm-elf/4.1.0/libgcc.a(_addsub_df.o)
 .debug_loc     0x0000887b      0x239 /usr/local/arm/lib/gcc/arm-elf/4.1.0/libgcc.a(_mul_df.o)
 .debug_loc     0x00008ab4      0x179 /usr/local/arm/lib/gcc/arm-elf/4.1.0/libgcc.a(_div_df.o)
 .debug_loc     0x00008c2d       0x6f /usr/local/arm/lib/gcc/arm-elf/4.1.0/libgcc.a(_eq_df.o)
 .debug_loc     0x00008c9c       0x6f /usr/local/arm/lib/gcc/arm-elf/4.1.0/libgcc.a(_ne_df.o)
 .debug_loc     0x00008d0b       0x6f /usr/local/arm/lib/gcc/arm-elf/4.1.0/libgcc.a(_gt_df.o)
 .debug_loc     0x00008d7a       0x6f /usr/local/arm/lib/gcc/arm-elf/4.1.0/libgcc.a(_ge_df.o)
 .debug_loc     0x00008de9       0x6f /usr/local/arm/lib/gcc/arm-elf/4.1.0/libgcc.a(_lt_df.o)
 .debug_loc     0x00008e58       0x7f /usr/local/arm/lib/gcc/arm-elf/4.1.0/libgcc.a(_si_to_df.o)
 .debug_loc     0x00008ed7       0xb0 /usr/local/arm/lib/gcc/arm-elf/4.1.0/libgcc.a(_df_to_si.o)
 .debug_loc     0x00008f87      0x1ac /usr/local/arm/lib/gcc/arm-elf/4.1.0/libgcc.a(_pack_df.o)
 .debug_loc     0x00009133       0xa0 /usr/local/arm/lib/gcc/arm-elf/4.1.0/libgcc.a(_unpack_df.o)
 .debug_loc     0x000091d3       0x94 /usr/local/arm/lib/gcc/arm-elf/4.1.0/libgcc.a(_fpcmp_parts_df.o)

.debug_macinfo
 *(.debug_macinfo)

.debug_weaknames
 *(.debug_weaknames)

.debug_funcnames
 *(.debug_funcnames)

.debug_typenames
 *(.debug_typenames)

.debug_varnames
 *(.debug_varnames)
OUTPUT(load_cell.elf elf32-littlearm)

.reset          0x00000000        0x0

.debug_ranges   0x00000000      0x730
 .debug_ranges  0x00000000      0x1b8 load_cell.o
 .debug_ranges  0x000001b8       0xc0 interrupt_Usart.o
 .debug_ranges  0x00000278      0x140 /usr/local/arm/lib/gcc/arm-elf/4.1.0/../../../../arm-elf/lib/libc.a(vfprintf.o)
 .debug_ranges  0x000003b8       0x28 /usr/local/arm/lib/gcc/arm-elf/4.1.0/../../../../arm-elf/lib/libc.a(wcsrtombs.o)
 .debug_ranges  0x000003e0       0x48 /usr/local/arm/lib/gcc/arm-elf/4.1.0/../../../../arm-elf/lib/libc.a(wctomb_r.o)
 .debug_ranges  0x00000428       0x18 /usr/local/arm/lib/gcc/arm-elf/4.1.0/../../../../arm-elf/lib/libc.a(fvwrite.o)
 .debug_ranges  0x00000440       0x40 /usr/local/arm/lib/gcc/arm-elf/4.1.0/../../../../arm-elf/lib/libc.a(fwalk.o)
 .debug_ranges  0x00000480       0x50 /usr/local/arm/lib/gcc/arm-elf/4.1.0/../../../../arm-elf/lib/libc.a(mallocr.o)
 .debug_ranges  0x000004d0      0x118 /usr/local/arm/lib/gcc/arm-elf/4.1.0/../../../../arm-elf/lib/libc.a(reallocr.o)
 .debug_ranges  0x000005e8       0x38 /usr/local/arm/lib/gcc/arm-elf/4.1.0/../../../../arm-elf/lib/libc.a(callocr.o)
 .debug_ranges  0x00000620       0x18 /usr/local/arm/lib/gcc/arm-elf/4.1.0/libgcc.a(_addsub_df.o)
 .debug_ranges  0x00000638       0x68 /usr/local/arm/lib/gcc/arm-elf/4.1.0/libgcc.a(_mul_df.o)
 .debug_ranges  0x000006a0       0x58 /usr/local/arm/lib/gcc/arm-elf/4.1.0/libgcc.a(_div_df.o)
 .debug_ranges  0x000006f8       0x38 /usr/local/arm/lib/gcc/arm-elf/4.1.0/libgcc.a(_pack_df.o)

Cross Reference Table

Symbol                                            File
AT91F_CDC_Open                                    cdc_enumerate.o
                                                  load_cell.o
AT91F_Default_FIQ_handler                         Cstartup.o
                                                  Cstartup_SAM7.o
AT91F_Default_IRQ_handler                         Cstartup.o
                                                  Cstartup_SAM7.o
AT91F_LowLevelInit                                Cstartup_SAM7.o
                                                  Cstartup.o
AT91F_Spurious_handler                            Cstartup.o
                                                  Cstartup_SAM7.o
AT91F_USB_Open                                    load_cell.o
AT91F_USB_SendStall                               cdc_enumerate.o
AT91F_USB_SendZlp                                 cdc_enumerate.o
AT91F_US_Put                                      interrupt_Usart.o
CDC                                               load_cell.o
COM0                                              interrupt_Usart.o
Delay                                             load_cell.o
Delay_s                                           system.o
Delays                                            mmc.o
GetValue_chanel4                                  adc.o
GetValue_chanel5                                  adc.o
                                                  load_cell.o
GetValue_chanel6                                  adc.o
                                                  load_cell.o
IRQ_Handler_Entry                                 Cstartup.o
InitADC                                           adc.o
                                                  load_cell.o
InitFrec                                          system.o
InitPeriphery                                     system.o
Init_CP_WP                                        mmc.o
                                                  load_cell.o
Init_PWM                                          load_cell.o
LedSpeed                                          load_cell.o
Top_Stack                                         Cstartup.o
Trace_Toggel_LED                                  interrupt_Usart.o
Usart_c_irq_handler                               interrupt_Usart.o
Usart_init                                        interrupt_Usart.o
_Balloc                                           /usr/local/arm/lib/gcc/arm-elf/4.1.0/../../../../arm-elf/lib/libc.a(mprec.o)
                                                  /usr/local/arm/lib/gcc/arm-elf/4.1.0/../../../../arm-elf/lib/libc.a(dtoa.o)
_Bfree                                            /usr/local/arm/lib/gcc/arm-elf/4.1.0/../../../../arm-elf/lib/libc.a(mprec.o)
                                                  /usr/local/arm/lib/gcc/arm-elf/4.1.0/../../../../arm-elf/lib/libc.a(dtoa.o)
_PathLocale                                       /usr/local/arm/lib/gcc/arm-elf/4.1.0/../../../../arm-elf/lib/libc.a(locale.o)
__adddf3                                          /usr/local/arm/lib/gcc/arm-elf/4.1.0/libgcc.a(_addsub_df.o)
                                                  /usr/local/arm/lib/gcc/arm-elf/4.1.0/../../../../arm-elf/lib/libm.a(s_round.o)
                                                  /usr/local/arm/lib/gcc/arm-elf/4.1.0/../../../../arm-elf/lib/libc.a(dtoa.o)
__aeabi_idiv                                      /usr/local/arm/lib/gcc/arm-elf/4.1.0/libgcc.a(_divsi3.o)
__aeabi_idiv0                                     /usr/local/arm/lib/gcc/arm-elf/4.1.0/libgcc.a(_dvmd_tls.o)
__aeabi_idivmod                                   /usr/local/arm/lib/gcc/arm-elf/4.1.0/libgcc.a(_divsi3.o)
__aeabi_ldiv0                                     /usr/local/arm/lib/gcc/arm-elf/4.1.0/libgcc.a(_dvmd_tls.o)
__aeabi_uidiv                                     /usr/local/arm/lib/gcc/arm-elf/4.1.0/libgcc.a(_udivsi3.o)
__aeabi_uidivmod                                  /usr/local/arm/lib/gcc/arm-elf/4.1.0/libgcc.a(_udivsi3.o)
__bss_end__                                       Cstartup.o
__bss_start__                                     Cstartup.o
__div0                                            /usr/local/arm/lib/gcc/arm-elf/4.1.0/libgcc.a(_dvmd_tls.o)
                                                  /usr/local/arm/lib/gcc/arm-elf/4.1.0/libgcc.a(_divsi3.o)
                                                  /usr/local/arm/lib/gcc/arm-elf/4.1.0/libgcc.a(_udivsi3.o)
__divdf3                                          /usr/local/arm/lib/gcc/arm-elf/4.1.0/libgcc.a(_div_df.o)
                                                  /usr/local/arm/lib/gcc/arm-elf/4.1.0/../../../../arm-elf/lib/libc.a(mprec.o)
                                                  /usr/local/arm/lib/gcc/arm-elf/4.1.0/../../../../arm-elf/lib/libc.a(dtoa.o)
__divsi3                                          /usr/local/arm/lib/gcc/arm-elf/4.1.0/libgcc.a(_divsi3.o)
                                                  load_cell.o
__eqdf2                                           /usr/local/arm/lib/gcc/arm-elf/4.1.0/libgcc.a(_eq_df.o)
                                                  /usr/local/arm/lib/gcc/arm-elf/4.1.0/../../../../arm-elf/lib/libc.a(dtoa.o)
                                                  /usr/local/arm/lib/gcc/arm-elf/4.1.0/../../../../arm-elf/lib/libc.a(vfprintf.o)
__fixdfsi                                         /usr/local/arm/lib/gcc/arm-elf/4.1.0/libgcc.a(_df_to_si.o)
                                                  /usr/local/arm/lib/gcc/arm-elf/4.1.0/../../../../arm-elf/lib/libc.a(dtoa.o)
                                                  load_cell.o
__floatsidf                                       /usr/local/arm/lib/gcc/arm-elf/4.1.0/libgcc.a(_si_to_df.o)
                                                  /usr/local/arm/lib/gcc/arm-elf/4.1.0/../../../../arm-elf/lib/libc.a(dtoa.o)
                                                  load_cell.o
__fp_lock_all                                     /usr/local/arm/lib/gcc/arm-elf/4.1.0/../../../../arm-elf/lib/libc.a(findfp.o)
__fp_unlock_all                                   /usr/local/arm/lib/gcc/arm-elf/4.1.0/../../../../arm-elf/lib/libc.a(findfp.o)
__fpcmp_parts_d                                   /usr/local/arm/lib/gcc/arm-elf/4.1.0/libgcc.a(_fpcmp_parts_df.o)
                                                  /usr/local/arm/lib/gcc/arm-elf/4.1.0/libgcc.a(_lt_df.o)
                                                  /usr/local/arm/lib/gcc/arm-elf/4.1.0/libgcc.a(_ge_df.o)
                                                  /usr/local/arm/lib/gcc/arm-elf/4.1.0/libgcc.a(_gt_df.o)
                                                  /usr/local/arm/lib/gcc/arm-elf/4.1.0/libgcc.a(_ne_df.o)
                                                  /usr/local/arm/lib/gcc/arm-elf/4.1.0/libgcc.a(_eq_df.o)
__gedf2                                           /usr/local/arm/lib/gcc/arm-elf/4.1.0/libgcc.a(_ge_df.o)
                                                  /usr/local/arm/lib/gcc/arm-elf/4.1.0/../../../../arm-elf/lib/libc.a(dtoa.o)
__gtdf2                                           /usr/local/arm/lib/gcc/arm-elf/4.1.0/libgcc.a(_gt_df.o)
                                                  /usr/local/arm/lib/gcc/arm-elf/4.1.0/../../../../arm-elf/lib/libc.a(dtoa.o)
__lc_ctype                                        /usr/local/arm/lib/gcc/arm-elf/4.1.0/../../../../arm-elf/lib/libc.a(locale.o)
                                                  /usr/local/arm/lib/gcc/arm-elf/4.1.0/../../../../arm-elf/lib/libc.a(wctomb_r.o)
__locale_charset                                  /usr/local/arm/lib/gcc/arm-elf/4.1.0/../../../../arm-elf/lib/libc.a(locale.o)
__ltdf2                                           /usr/local/arm/lib/gcc/arm-elf/4.1.0/libgcc.a(_lt_df.o)
                                                  /usr/local/arm/lib/gcc/arm-elf/4.1.0/../../../../arm-elf/lib/libc.a(dtoa.o)
                                                  /usr/local/arm/lib/gcc/arm-elf/4.1.0/../../../../arm-elf/lib/libc.a(vfprintf.o)
__malloc_av_                                      /usr/local/arm/lib/gcc/arm-elf/4.1.0/../../../../arm-elf/lib/libc.a(mallocr.o)
                                                  /usr/local/arm/lib/gcc/arm-elf/4.1.0/../../../../arm-elf/lib/libc.a(reallocr.o)
                                                  /usr/local/arm/lib/gcc/arm-elf/4.1.0/../../../../arm-elf/lib/libc.a(freer.o)
__malloc_current_mallinfo                         /usr/local/arm/lib/gcc/arm-elf/4.1.0/../../../../arm-elf/lib/libc.a(mallocr.o)
                                                  /usr/local/arm/lib/gcc/arm-elf/4.1.0/../../../../arm-elf/lib/libc.a(freer.o)
__malloc_lock                                     /usr/local/arm/lib/gcc/arm-elf/4.1.0/../../../../arm-elf/lib/libc.a(mlock.o)
                                                  /usr/local/arm/lib/gcc/arm-elf/4.1.0/../../../../arm-elf/lib/libc.a(reallocr.o)
                                                  /usr/local/arm/lib/gcc/arm-elf/4.1.0/../../../../arm-elf/lib/libc.a(mallocr.o)
                                                  /usr/local/arm/lib/gcc/arm-elf/4.1.0/../../../../arm-elf/lib/libc.a(freer.o)
__malloc_max_sbrked_mem                           /usr/local/arm/lib/gcc/arm-elf/4.1.0/../../../../arm-elf/lib/libc.a(mallocr.o)
__malloc_max_total_mem                            /usr/local/arm/lib/gcc/arm-elf/4.1.0/../../../../arm-elf/lib/libc.a(mallocr.o)
__malloc_sbrk_base                                /usr/local/arm/lib/gcc/arm-elf/4.1.0/../../../../arm-elf/lib/libc.a(mallocr.o)
                                                  /usr/local/arm/lib/gcc/arm-elf/4.1.0/../../../../arm-elf/lib/libc.a(freer.o)
__malloc_top_pad                                  /usr/local/arm/lib/gcc/arm-elf/4.1.0/../../../../arm-elf/lib/libc.a(mallocr.o)
                                                  /usr/local/arm/lib/gcc/arm-elf/4.1.0/../../../../arm-elf/lib/libc.a(freer.o)
__malloc_trim_threshold                           /usr/local/arm/lib/gcc/arm-elf/4.1.0/../../../../arm-elf/lib/libc.a(mallocr.o)
                                                  /usr/local/arm/lib/gcc/arm-elf/4.1.0/../../../../arm-elf/lib/libc.a(freer.o)
__malloc_unlock                                   /usr/local/arm/lib/gcc/arm-elf/4.1.0/../../../../arm-elf/lib/libc.a(mlock.o)
                                                  /usr/local/arm/lib/gcc/arm-elf/4.1.0/../../../../arm-elf/lib/libc.a(reallocr.o)
                                                  /usr/local/arm/lib/gcc/arm-elf/4.1.0/../../../../arm-elf/lib/libc.a(mallocr.o)
                                                  /usr/local/arm/lib/gcc/arm-elf/4.1.0/../../../../arm-elf/lib/libc.a(freer.o)
__mb_cur_max                                      /usr/local/arm/lib/gcc/arm-elf/4.1.0/../../../../arm-elf/lib/libc.a(locale.o)
__mcmp                                            /usr/local/arm/lib/gcc/arm-elf/4.1.0/../../../../arm-elf/lib/libc.a(mprec.o)
                                                  /usr/local/arm/lib/gcc/arm-elf/4.1.0/../../../../arm-elf/lib/libc.a(dtoa.o)
__mdiff                                           /usr/local/arm/lib/gcc/arm-elf/4.1.0/../../../../arm-elf/lib/libc.a(mprec.o)
                                                  /usr/local/arm/lib/gcc/arm-elf/4.1.0/../../../../arm-elf/lib/libc.a(dtoa.o)
__mlocale_changed                                 /usr/local/arm/lib/gcc/arm-elf/4.1.0/../../../../arm-elf/lib/libc.a(locale.o)
__mprec_bigtens                                   /usr/local/arm/lib/gcc/arm-elf/4.1.0/../../../../arm-elf/lib/libc.a(mprec.o)
                                                  /usr/local/arm/lib/gcc/arm-elf/4.1.0/../../../../arm-elf/lib/libc.a(dtoa.o)
__mprec_tens                                      /usr/local/arm/lib/gcc/arm-elf/4.1.0/../../../../arm-elf/lib/libc.a(mprec.o)
                                                  /usr/local/arm/lib/gcc/arm-elf/4.1.0/../../../../arm-elf/lib/libc.a(dtoa.o)
__mprec_tinytens                                  /usr/local/arm/lib/gcc/arm-elf/4.1.0/../../../../arm-elf/lib/libc.a(mprec.o)
__muldf3                                          /usr/local/arm/lib/gcc/arm-elf/4.1.0/libgcc.a(_mul_df.o)