Archive member included because of file (symbol)

/usr/local/arm/lib/gcc/arm-elf/4.1.0/../../../../arm-elf/lib/libc.a(atoi.o)
                              main.o (atoi)
/usr/local/arm/lib/gcc/arm-elf/4.1.0/../../../../arm-elf/lib/libc.a(memcpy.o)
                              main.o (memcpy)
/usr/local/arm/lib/gcc/arm-elf/4.1.0/../../../../arm-elf/lib/libc.a(sprintf.o)
                              main.o (sprintf)
/usr/local/arm/lib/gcc/arm-elf/4.1.0/../../../../arm-elf/lib/libc.a(strcmp.o)
                              main.o (strcmp)
/usr/local/arm/lib/gcc/arm-elf/4.1.0/../../../../arm-elf/lib/libc.a(strlen.o)
                              main.o (strlen)
/usr/local/arm/lib/gcc/arm-elf/4.1.0/../../../../arm-elf/lib/libc.a(strtok.o)
                              main.o (strtok)
/usr/local/arm/lib/gcc/arm-elf/4.1.0/../../../../arm-elf/lib/libc.a(strtok_r.o)
                              /usr/local/arm/lib/gcc/arm-elf/4.1.0/../../../../arm-elf/lib/libc.a(strtok.o) (__strtok_r)
/usr/local/arm/lib/gcc/arm-elf/4.1.0/../../../../arm-elf/lib/libc.a(strtol.o)
                              /usr/local/arm/lib/gcc/arm-elf/4.1.0/../../../../arm-elf/lib/libc.a(atoi.o) (_strtol_r)
/usr/local/arm/lib/gcc/arm-elf/4.1.0/../../../../arm-elf/lib/libc.a(vfprintf.o)
                              /usr/local/arm/lib/gcc/arm-elf/4.1.0/../../../../arm-elf/lib/libc.a(sprintf.o) (_vfprintf_r)
/usr/local/arm/lib/gcc/arm-elf/4.1.0/../../../../arm-elf/lib/libc.a(wcrtomb.o)
                              /usr/local/arm/lib/gcc/arm-elf/4.1.0/../../../../arm-elf/lib/libc.a(vfprintf.o) (_wcrtomb_r)
/usr/local/arm/lib/gcc/arm-elf/4.1.0/../../../../arm-elf/lib/libc.a(wcsrtombs.o)
                              /usr/local/arm/lib/gcc/arm-elf/4.1.0/../../../../arm-elf/lib/libc.a(vfprintf.o) (_wcsrtombs_r)
/usr/local/arm/lib/gcc/arm-elf/4.1.0/../../../../arm-elf/lib/libc.a(wctomb_r.o)
                              /usr/local/arm/lib/gcc/arm-elf/4.1.0/../../../../arm-elf/lib/libc.a(wcrtomb.o) (_wctomb_r)
/usr/local/arm/lib/gcc/arm-elf/4.1.0/../../../../arm-elf/lib/libc.a(wsetup.o)
                              /usr/local/arm/lib/gcc/arm-elf/4.1.0/../../../../arm-elf/lib/libc.a(vfprintf.o) (__swsetup)
/usr/local/arm/lib/gcc/arm-elf/4.1.0/../../../../arm-elf/lib/libc.a(ctype_.o)
                              /usr/local/arm/lib/gcc/arm-elf/4.1.0/../../../../arm-elf/lib/libc.a(strtol.o) (__ctype_ptr)
/usr/local/arm/lib/gcc/arm-elf/4.1.0/../../../../arm-elf/lib/libc.a(dtoa.o)
                              /usr/local/arm/lib/gcc/arm-elf/4.1.0/../../../../arm-elf/lib/libc.a(vfprintf.o) (_dtoa_r)
/usr/local/arm/lib/gcc/arm-elf/4.1.0/../../../../arm-elf/lib/libc.a(fflush.o)
                              /usr/local/arm/lib/gcc/arm-elf/4.1.0/../../../../arm-elf/lib/libc.a(vfprintf.o) (fflush)
/usr/local/arm/lib/gcc/arm-elf/4.1.0/../../../../arm-elf/lib/libc.a(findfp.o)
                              /usr/local/arm/lib/gcc/arm-elf/4.1.0/../../../../arm-elf/lib/libc.a(vfprintf.o) (__sinit)
/usr/local/arm/lib/gcc/arm-elf/4.1.0/../../../../arm-elf/lib/libc.a(freer.o)
                              /usr/local/arm/lib/gcc/arm-elf/4.1.0/../../../../arm-elf/lib/libc.a(vfprintf.o) (_free_r)
/usr/local/arm/lib/gcc/arm-elf/4.1.0/../../../../arm-elf/lib/libc.a(fvwrite.o)
                              /usr/local/arm/lib/gcc/arm-elf/4.1.0/../../../../arm-elf/lib/libc.a(vfprintf.o) (__sfvwrite)
/usr/local/arm/lib/gcc/arm-elf/4.1.0/../../../../arm-elf/lib/libc.a(fwalk.o)
                              /usr/local/arm/lib/gcc/arm-elf/4.1.0/../../../../arm-elf/lib/libc.a(fflush.o) (_fwalk)
/usr/local/arm/lib/gcc/arm-elf/4.1.0/../../../../arm-elf/lib/libc.a(impure.o)
                              /usr/local/arm/lib/gcc/arm-elf/4.1.0/../../../../arm-elf/lib/libc.a(sprintf.o) (_impure_ptr)
/usr/local/arm/lib/gcc/arm-elf/4.1.0/../../../../arm-elf/lib/libc.a(locale.o)
                              /usr/local/arm/lib/gcc/arm-elf/4.1.0/../../../../arm-elf/lib/libc.a(vfprintf.o) (localeconv)
/usr/local/arm/lib/gcc/arm-elf/4.1.0/../../../../arm-elf/lib/libc.a(makebuf.o)
                              /usr/local/arm/lib/gcc/arm-elf/4.1.0/../../../../arm-elf/lib/libc.a(wsetup.o) (__smakebuf)
/usr/local/arm/lib/gcc/arm-elf/4.1.0/../../../../arm-elf/lib/libc.a(mallocr.o)
                              /usr/local/arm/lib/gcc/arm-elf/4.1.0/../../../../arm-elf/lib/libc.a(vfprintf.o) (_malloc_r)
/usr/local/arm/lib/gcc/arm-elf/4.1.0/../../../../arm-elf/lib/libc.a(memchr.o)
                              /usr/local/arm/lib/gcc/arm-elf/4.1.0/../../../../arm-elf/lib/libc.a(vfprintf.o) (memchr)
/usr/local/arm/lib/gcc/arm-elf/4.1.0/../../../../arm-elf/lib/libc.a(memmove.o)
                              /usr/local/arm/lib/gcc/arm-elf/4.1.0/../../../../arm-elf/lib/libc.a(fvwrite.o) (memmove)
/usr/local/arm/lib/gcc/arm-elf/4.1.0/../../../../arm-elf/lib/libc.a(memset.o)
                              /usr/local/arm/lib/gcc/arm-elf/4.1.0/../../../../arm-elf/lib/libc.a(vfprintf.o) (memset)
[...]
Memory Configuration

Name             Origin             Length             Attributes
CODE             0x00000000         0x00010000         xr
DATA             0x00200000         0x00004000         rw
STACK            0x00204000         0x00000000         rw
*default*        0x00000000         0xffffffff

Linker script and memory map

LOAD Cstartup.o
LOAD main.o
LOAD Cstartup_SAM7.o
LOAD syscalls.o
LOAD cdc_enumerate.o
LOAD adc.o
LOAD interrupt_Usart.o
LOAD fastfunc.o
LOAD /usr/local/arm/lib/gcc/arm-elf/4.1.0/../../../../arm-elf/lib/libc.a
LOAD /usr/local/arm/lib/gcc/arm-elf/4.1.0/../../../../arm-elf/lib/libm.a
LOAD /usr/local/arm/lib/gcc/arm-elf/4.1.0/../../../../arm-elf/lib/libc.a
LOAD /usr/local/arm/lib/gcc/arm-elf/4.1.0/libgcc.a
START GROUP
LOAD /usr/local/arm/lib/gcc/arm-elf/4.1.0/libgcc.a
LOAD /usr/local/arm/lib/gcc/arm-elf/4.1.0/../../../../arm-elf/lib/libg.a
LOAD /usr/local/arm/lib/gcc/arm-elf/4.1.0/../../../../arm-elf/lib/libc.a
END GROUP
                0x00000000                . = 0x0

.text           0x00000000     0xa574
 *Cstartup.o(.text)
 .text          0x00000000      0x13c Cstartup.o
                0x000000bc                IRQ_Handler_Entry
                0x0000010c                AT91F_Default_FIQ_handler
                0x00000000                _startup
                0x00000110                AT91F_Default_IRQ_handler
                0x00000114                AT91F_Spurious_handler
                0x000000b8                exit
 *(.text)
 .text          0x0000013c     0x11d8 main.o
                0x000001ec                releasePosition
                0x00000c80                Init_PWM
                0x00000d10                setPosition
                0x000001cc                clearLEDs
                0x00000204                startBlinking
                0x00000c30                AT91F_USB_Open
                0x0000013c                flashInit
                0x00000c00                liftUp
                0x00000d88                main
                0x0000018c                printTrace
                0x0000028c                parseSettings
                0x00000bd0                lowerDown
                0x00000160                Delay
                0x00000264                blinkingGreen
                0x00000b94                setForce
 .text          0x00001314       0xe0 Cstartup_SAM7.o
                0x00001314                AT91F_LowLevelInit
 .text          0x000013f4      0x11c syscalls.o
                0x000014c4                _lseek_r
                0x000014cc                _fstat_r
                0x000014dc                isatty
                0x000014e4                _sbrk_r
                0x00001418                _read_r
                0x000014bc                _close_r
                0x0000147c                _write_r
 .text          0x00001510      0x714 cdc_enumerate.o
                0x0000160c                AT91F_USB_SendZlp
                0x00001640                AT91F_USB_SendStall
                0x00001510                AT91F_CDC_Open
 .text          0x00001c24       0xa0 adc.o
                0x00001c24                InitADC
                0x00001c4c                GetValue_chanel4
                0x00001c9c                GetValue_chanel6
                0x00001c74                GetValue_chanel5
 .text          0x00001cc4      0x2b8 interrupt_Usart.o
                0x00001e54                AT91F_US_Put
                0x00001d28                Usart_c_irq_handler
                0x00001e90                Usart_init
                0x00001d0c                Trace_Toggel_LED
 .text          0x00001f7c       0x18 /usr/local/arm/lib/gcc/arm-elf/4.1.0/../../../../arm-elf/lib/libc.a(atoi.o)
                0x00001f7c                _atoi_r
                0x00001f88                atoi
 .text          0x00001f94       0xa0 /usr/local/arm/lib/gcc/arm-elf/4.1.0/../../../../arm-elf/lib/libc.a(memcpy.o)
                0x00001f94                memcpy
 .text          0x00002034       0xdc /usr/local/arm/lib/gcc/arm-elf/4.1.0/../../../../arm-elf/lib/libc.a(sprintf.o)
                0x000020a8                _sprintf_r
                0x00002034                sprintf
 .text          0x00002110       0xd0 /usr/local/arm/lib/gcc/arm-elf/4.1.0/../../../../arm-elf/lib/libc.a(strcmp.o)
                0x00002110                strcmp
 .text          0x000021e0       0x90 /usr/local/arm/lib/gcc/arm-elf/4.1.0/../../../../arm-elf/lib/libc.a(strlen.o)
                0x000021e0                strlen
 .text          0x00002270       0x18 /usr/local/arm/lib/gcc/arm-elf/4.1.0/../../../../arm-elf/lib/libc.a(strtok.o)
                0x00002270                strtok
 .text          0x00002288       0xcc /usr/local/arm/lib/gcc/arm-elf/4.1.0/../../../../arm-elf/lib/libc.a(strtok_r.o)
                0x0000234c                strtok_r
                0x00002288                __strtok_r
 .text          0x00002354      0x1ec /usr/local/arm/lib/gcc/arm-elf/4.1.0/../../../../arm-elf/lib/libc.a(strtol.o)
                0x00002514                strtol
                0x00002354                _strtol_r
 .text          0x00002540     0x1f88 /usr/local/arm/lib/gcc/arm-elf/4.1.0/../../../../arm-elf/lib/libc.a(vfprintf.o)
                0x00002580                _vfprintf_r
                0x0000449c                vfprintf
 .text          0x000044c8       0x80 /usr/local/arm/lib/gcc/arm-elf/4.1.0/../../../../arm-elf/lib/libc.a(wcrtomb.o)
                0x000044c8                _wcrtomb_r
                0x0000451c                wcrtomb
 .text          0x00004548      0x178 /usr/local/arm/lib/gcc/arm-elf/4.1.0/../../../../arm-elf/lib/libc.a(wcsrtombs.o)
                0x00004548                _wcsrtombs_r
                0x00004680                wcsrtombs
 .text          0x000046c0      0x420 /usr/local/arm/lib/gcc/arm-elf/4.1.0/../../../../arm-elf/lib/libc.a(wctomb_r.o)
                0x000046c0                _wctomb_r
 .text          0x00004ae0       0xfc /usr/local/arm/lib/gcc/arm-elf/4.1.0/../../../../arm-elf/lib/libc.a(wsetup.o)
                0x00004ae0                __swsetup
 .text          0x00004bdc     0x164c /usr/local/arm/lib/gcc/arm-elf/4.1.0/../../../../arm-elf/lib/libc.a(dtoa.o)
                0x00004de0                _dtoa_r
 .text          0x00006228       0xe0 /usr/local/arm/lib/gcc/arm-elf/4.1.0/../../../../arm-elf/lib/libc.a(fflush.o)
                0x00006228                fflush
 .text          0x00006308      0x27c /usr/local/arm/lib/gcc/arm-elf/4.1.0/../../../../arm-elf/lib/libc.a(findfp.o)
                0x00006374                __sinit
                0x00006448                __sfmoreglue
                0x00006438                _cleanup
                0x0000642c                _cleanup_r
                0x00006414                __fp_lock_all
                0x00006364                __sfp_lock_acquire
                0x00006498                __sfp
                0x00006370                __sinit_lock_release
                0x000063fc                __fp_unlock_all
                0x00006368                __sfp_lock_release
                0x0000636c                __sinit_lock_acquire
 .text          0x00006584      0x39c /usr/local/arm/lib/gcc/arm-elf/4.1.0/../../../../arm-elf/lib/libc.a(freer.o)
                0x00006680                _free_r
                0x00006584                _malloc_trim_r
 .text          0x00006920      0x3f8 /usr/local/arm/lib/gcc/arm-elf/4.1.0/../../../../arm-elf/lib/libc.a(fvwrite.o)
                0x00006920                __sfvwrite
 .text          0x00006d18      0x10c /usr/local/arm/lib/gcc/arm-elf/4.1.0/../../../../arm-elf/lib/libc.a(fwalk.o)
                0x00006da0                _fwalk
                0x00006d18                _fwalk_reent
 .text          0x00006e24       0xac /usr/local/arm/lib/gcc/arm-elf/4.1.0/../../../../arm-elf/lib/libc.a(locale.o)
                0x00006e50                _setlocale_r
                0x00006e24                __locale_charset
                0x00006e34                _localeconv_r
                0x00006eb4                setlocale
                0x00006e40                localeconv
 .text          0x00006ed0      0x154 /usr/local/arm/lib/gcc/arm-elf/4.1.0/../../../../arm-elf/lib/libc.a(makebuf.o)
                0x00006ed0                __smakebuf
 .text          0x00007024      0x770 /usr/local/arm/lib/gcc/arm-elf/4.1.0/../../../../arm-elf/lib/libc.a(mallocr.o)
                0x00007024                _malloc_r
 .text          0x00007794      0x104 /usr/local/arm/lib/gcc/arm-elf/4.1.0/../../../../arm-elf/lib/libc.a(memchr.o)
                0x00007794                memchr
 .text          0x00007898       0xfc /usr/local/arm/lib/gcc/arm-elf/4.1.0/../../../../arm-elf/lib/libc.a(memmove.o)
                0x00007898                memmove
 .text          0x00007994       0x98 /usr/local/arm/lib/gcc/arm-elf/4.1.0/../../../../arm-elf/lib/libc.a(memset.o)
                0x00007994                memset
 .text          0x00007a2c        0x8 /usr/local/arm/lib/gcc/arm-elf/4.1.0/../../../../arm-elf/lib/libc.a(mlock.o)
                0x00007a30                __malloc_unlock
                0x00007a2c                __malloc_lock
 .text          0x00007a34      0xbb0 /usr/local/arm/lib/gcc/arm-elf/4.1.0/../../../../arm-elf/lib/libc.a(mprec.o)
                0x00007d28                _mprec_log10
                0x00007a50                _hi0bits
                0x00007d74                _Balloc
                0x00007e0c                _d2b
                0x00008168                _multiply
                0x00007cb0                _ratio
                0x00008504                _s2b
                0x00008328                _i2b
                0x00007aa8                _lo0bits
                0x00007b3c                __mcmp
                0x00008410                _pow5mult
                0x00007b9c                _ulp
                0x00007bfc                _b2d
                0x00008348                _multadd
                0x00007f40                __mdiff
                0x00008074                _lshift
                0x00007a34                _Bfree
 .text          0x000085e4      0x638 /usr/local/arm/lib/gcc/arm-elf/4.1.0/../../../../arm-elf/lib/libc.a(reallocr.o)
                0x000085e4                _realloc_r
 .text          0x00008c1c       0x3c /usr/local/arm/lib/gcc/arm-elf/4.1.0/../../../../arm-elf/lib/libc.a(s_isinf.o)
                0x00008c1c                isinf
 .text          0x00008c58       0x30 /usr/local/arm/lib/gcc/arm-elf/4.1.0/../../../../arm-elf/lib/libc.a(s_isnan.o)
                0x00008c58                isnan
 .text          0x00008c88      0x100 /usr/local/arm/lib/gcc/arm-elf/4.1.0/../../../../arm-elf/lib/libc.a(stdio.o)
                0x00008c9c                __sseek
                0x00008d44                __sread
                0x00008c88                __sclose
                0x00008ce4                __swrite
 .text          0x00008d88       0xa0 /usr/local/arm/lib/gcc/arm-elf/4.1.0/../../../../arm-elf/lib/libc.a(callocr.o)
                0x00008d88                _calloc_r
 .text          0x00008e28      0x128 /usr/local/arm/lib/gcc/arm-elf/4.1.0/../../../../arm-elf/lib/libc.a(fclose.o)
                0x00008e28                _fclose_r
                0x00008f3c                fclose
 .text          0x00008f50      0x110 /usr/local/arm/lib/gcc/arm-elf/4.1.0/libgcc.a(_udivsi3.o)
                0x00008f50                __udivsi3
                0x00008f50                __aeabi_uidiv
                0x00009048                __aeabi_uidivmod
 .text          0x00009060       0xcc /usr/local/arm/lib/gcc/arm-elf/4.1.0/libgcc.a(_umodsi3.o)
                0x00009060                __umodsi3
 .text          0x0000912c        0x4 /usr/local/arm/lib/gcc/arm-elf/4.1.0/libgcc.a(_dvmd_tls.o)
                0x0000912c                __aeabi_ldiv0
                0x0000912c                __div0
                0x0000912c                __aeabi_idiv0
 .text          0x00009130      0x42c /usr/local/arm/lib/gcc/arm-elf/4.1.0/libgcc.a(_addsub_df.o)
                0x00009508                __adddf3
                0x000094a8                __subdf3
 .text          0x0000955c      0x390 /usr/local/arm/lib/gcc/arm-elf/4.1.0/libgcc.a(_mul_df.o)
                0x000095a4                __muldf3
 .text          0x000098ec      0x258 /usr/local/arm/lib/gcc/arm-elf/4.1.0/libgcc.a(_div_df.o)
                0x00009934                __divdf3
 .text          0x00009b44       0x88 /usr/local/arm/lib/gcc/arm-elf/4.1.0/libgcc.a(_eq_df.o)
                0x00009b58                __eqdf2
 .text          0x00009bcc       0x88 /usr/local/arm/lib/gcc/arm-elf/4.1.0/libgcc.a(_ne_df.o)
                0x00009be0                __nedf2
 .text          0x00009c54       0x88 /usr/local/arm/lib/gcc/arm-elf/4.1.0/libgcc.a(_gt_df.o)
                0x00009c68                __gtdf2
 .text          0x00009cdc       0x88 /usr/local/arm/lib/gcc/arm-elf/4.1.0/libgcc.a(_ge_df.o)
                0x00009cf0                __gedf2
 .text          0x00009d64       0x88 /usr/local/arm/lib/gcc/arm-elf/4.1.0/libgcc.a(_lt_df.o)
                0x00009d78                __ltdf2
 .text          0x00009dec       0xbc /usr/local/arm/lib/gcc/arm-elf/4.1.0/libgcc.a(_si_to_df.o)
                0x00009dec                __floatsidf
 .text          0x00009ea8       0xf8 /usr/local/arm/lib/gcc/arm-elf/4.1.0/libgcc.a(_df_to_si.o)
                0x00009ee4                __fixdfsi
 .text          0x00009fa0      0x330 /usr/local/arm/lib/gcc/arm-elf/4.1.0/libgcc.a(_pack_df.o)
                0x00009fdc                __pack_d
 .text          0x0000a2d0      0x124 /usr/local/arm/lib/gcc/arm-elf/4.1.0/libgcc.a(_unpack_df.o)
                0x0000a2d0                __unpack_d
 .text          0x0000a3f4      0x180 /usr/local/arm/lib/gcc/arm-elf/4.1.0/libgcc.a(_fpcmp_parts_df.o)
                0x0000a430                __fpcmp_parts_d
 *(.glue_7t)
 *(.glue_7)
                0x0000a574                . = ALIGN (0x4)

.rodata         0x0000a574      0x2e8
 *(.rodata)
 .rodata        0x0000a574       0x55 cdc_enumerate.o
                0x0000a586                cfgDescriptor
                0x0000a574                devDescriptor
 .rodata        0x0000a5c9       0x20 /usr/local/arm/lib/gcc/arm-elf/4.1.0/../../../../arm-elf/lib/libc.a(vfprintf.o)
 .rodata        0x0000a5e9      0x101 /usr/local/arm/lib/gcc/arm-elf/4.1.0/../../../../arm-elf/lib/libc.a(ctype_.o)
                0x0000a5e9                _ctype_
 *fill*         0x0000a6ea        0x2 00
 .rodata        0x0000a6ec        0x4 /usr/local/arm/lib/gcc/arm-elf/4.1.0/../../../../arm-elf/lib/libc.a(impure.o)
                0x0000a6ec                _global_impure_ptr
 .rodata        0x0000a6f0       0x34 /usr/local/arm/lib/gcc/arm-elf/4.1.0/../../../../arm-elf/lib/libc.a(locale.o)
 .rodata        0x0000a724      0x124 /usr/local/arm/lib/gcc/arm-elf/4.1.0/../../../../arm-elf/lib/libc.a(mprec.o)
                0x0000a814                __mprec_tinytens
                0x0000a724                __mprec_tens
                0x0000a7ec                __mprec_bigtens
 .rodata        0x0000a848       0x14 /usr/local/arm/lib/gcc/arm-elf/4.1.0/libgcc.a(_thenan_df.o)
                0x0000a848                __thenan_df

.rodata.str1.4  0x0000a85c      0x3e3
 .rodata.str1.4
                0x0000a85c      0x33e main.o
                                0x344 (size before relaxing)
 *fill*         0x0000ab9a        0x2 00
 .rodata.str1.4
                0x0000ab9c       0x63 /usr/local/arm/lib/gcc/arm-elf/4.1.0/../../../../arm-elf/lib/libc.a(vfprintf.o)
                                 0x64 (size before relaxing)
 *fill*         0x0000abff        0x1 00
 .rodata.str1.4
                0x0000ac00       0x1e /usr/local/arm/lib/gcc/arm-elf/4.1.0/../../../../arm-elf/lib/libc.a(wctomb_r.o)
                                 0x20 (size before relaxing)
 *fill*         0x0000ac1e        0x2 00
 .rodata.str1.4
                0x0000ac20       0x10 /usr/local/arm/lib/gcc/arm-elf/4.1.0/../../../../arm-elf/lib/libc.a(dtoa.o)
                                 0x14 (size before relaxing)
 .rodata.str1.4
                0x0000ac30        0x2 /usr/local/arm/lib/gcc/arm-elf/4.1.0/../../../../arm-elf/lib/libc.a(impure.o)
                                  0x4 (size before relaxing)
 *fill*         0x0000ac32        0x2 00
 .rodata.str1.4
                0x0000ac34        0xb /usr/local/arm/lib/gcc/arm-elf/4.1.0/../../../../arm-elf/lib/libc.a(locale.o)
                                 0x18 (size before relaxing)
                0x0000ac40                . = ALIGN (0x4)
                0x0000ac40                _etext = .
                0x0000ac40                PROVIDE (etext, .)

.data           0x00200000      0x8f8 load address 0x0000ac40
                0x00200000                _data = .
 *(.data)
 .data          0x00200000       0x28 main.o
                0x0020000c                curPos
                0x00200008                minPos
                0x00200020                lockDiagForce
                0x00200004                maxPos
                0x00200014                minForce
                0x00200010                maxForce
                0x0020001c                minDiagForce
                0x00200024                diagForce
                0x00200000                LedSpeed
                0x00200018                curForce
 .data          0x00200028        0x8 cdc_enumerate.o
                0x00200028                line
 .data          0x00200030        0x8 adc.o
                0x00200034                a_pPMC
                0x00200030                a_pADC
 .data          0x00200038        0x4 /usr/local/arm/lib/gcc/arm-elf/4.1.0/../../../../arm-elf/lib/libc.a(ctype_.o)
                0x00200038                __ctype_ptr
 .data          0x0020003c      0x404 /usr/local/arm/lib/gcc/arm-elf/4.1.0/../../../../arm-elf/lib/libc.a(impure.o)
                0x0020003c                _impure_ptr
 .data          0x00200440       0x10 /usr/local/arm/lib/gcc/arm-elf/4.1.0/../../../../arm-elf/lib/libc.a(locale.o)
                0x00200440                __mb_cur_max
                0x00200444                __lc_ctype
 .data          0x00200450      0x410 /usr/local/arm/lib/gcc/arm-elf/4.1.0/../../../../arm-elf/lib/libc.a(mallocr.o)
                0x0020085c                __malloc_sbrk_base
                0x00200450                __malloc_av_
                0x00200858                __malloc_trim_threshold
 *(.fastrun)
 .fastrun       0x00200860       0x98 fastfunc.o
                0x00200860                flashWrite
                0x002008f8                . = ALIGN (0x4)
                0x002008f8                _edata = .
                0x002008f8                PROVIDE (edata, .)

.bss            0x002008f8     0x12f4
                0x002008f8                __bss_start = .
                0x002008f8                __bss_start__ = .
 *(.bss)
 .bss           0x002008f8        0x8 main.o
                0x002008f9                dataReading
                0x002008fa                aatDiag
                0x002008fb                aatDiagStep
                0x002008f8                reading
                0x002008fc                lockDiagPressure
 .bss           0x00200900        0x4 syscalls.o
 .bss           0x00200904        0x1 cdc_enumerate.o
                0x00200904                csrIdx
 *fill*         0x00200905        0x3 00
 .bss           0x00200908       0xcc interrupt_Usart.o
                0x00200908                first
 .bss           0x002009d4        0xc /usr/local/arm/lib/gcc/arm-elf/4.1.0/../../../../arm-elf/lib/libc.a(locale.o)
                0x002009d4                __nlocale_changed
                0x002009d8                __mlocale_changed
                0x002009dc                _PathLocale
 .bss           0x002009e0       0x34 /usr/local/arm/lib/gcc/arm-elf/4.1.0/../../../../arm-elf/lib/libc.a(mallocr.o)
                0x002009e0                __malloc_top_pad
                0x002009e4                __malloc_max_sbrked_mem
                0x002009ec                __malloc_current_mallinfo
                0x002009e8                __malloc_max_total_mem
 *(COMMON)
 COMMON         0x00200a14     0x1044 main.o
                0x00200a14                settings
                0x00200a94                pos
                0x00200e7c                position
                0x00200e80                msg
                0x00201268                pCDC
                0x00201280                pressure
                0x00201284                direction
                0x00201288                res
                0x00201670                cmd
 COMMON         0x00201a58      0x190 cdc_enumerate.o
                0x00201a58                csrTab
 COMMON         0x00201be8        0x4 interrupt_Usart.o
                0x00201be8                COM0
                0x00201bec                . = ALIGN (0x4)
                0x00201bec                __bss_end__ = .
                0x00201bec                __bss_end__ = .
                0x00201bec                _end = .
                0x00201bec                PROVIDE (end, .)

.int_data       0x00204000        0x0
 *(.internal_ram_top)

.stab
 *(.stab)

.stabstr
 *(.stabstr)

.stab.excl
 *(.stab.excl)

.stab.exclstr
 *(.stab.exclstr)

.stab.index
 *(.stab.index)

.stab.indexstr
 *(.stab.indexstr)

.comment        0x00000000      0x3f0
 *(.comment)
 .comment       0x00000000       0x12 main.o
 .comment       0x00000012       0x12 Cstartup_SAM7.o
 .comment       0x00000024       0x12 syscalls.o
 .comment       0x00000036       0x12 cdc_enumerate.o
 .comment       0x00000048       0x12 adc.o
 .comment       0x0000005a       0x12 interrupt_Usart.o
 .comment       0x0000006c       0x12 fastfunc.o
 .comment       0x0000007e       0x12 /usr/local/arm/lib/gcc/arm-elf/4.1.0/../../../../arm-elf/lib/libc.a(atoi.o)
 .comment       0x00000090       0x12 /usr/local/arm/lib/gcc/arm-elf/4.1.0/../../../../arm-elf/lib/libc.a(memcpy.o)
 .comment       0x000000a2       0x12 /usr/local/arm/lib/gcc/arm-elf/4.1.0/../../../../arm-elf/lib/libc.a(sprintf.o)
 .comment       0x000000b4       0x12 /usr/local/arm/lib/gcc/arm-elf/4.1.0/../../../../arm-elf/lib/libc.a(strcmp.o)
 .comment       0x000000c6       0x12 /usr/local/arm/lib/gcc/arm-elf/4.1.0/../../../../arm-elf/lib/libc.a(strlen.o)
 .comment       0x000000d8       0x12 /usr/local/arm/lib/gcc/arm-elf/4.1.0/../../../../arm-elf/lib/libc.a(strtok.o)
 .comment       0x000000ea       0x12 /usr/local/arm/lib/gcc/arm-elf/4.1.0/../../../../arm-elf/lib/libc.a(strtok_r.o)
 .comment       0x000000fc       0x12 /usr/local/arm/lib/gcc/arm-elf/4.1.0/../../../../arm-elf/lib/libc.a(strtol.o)
 .comment       0x0000010e       0x12 /usr/local/arm/lib/gcc/arm-elf/4.1.0/../../../../arm-elf/lib/libc.a(vfprintf.o)
 .comment       0x00000120       0x12 /usr/local/arm/lib/gcc/arm-elf/4.1.0/../../../../arm-elf/lib/libc.a(wcrtomb.o)
 .comment       0x00000132       0x12 /usr/local/arm/lib/gcc/arm-elf/4.1.0/../../../../arm-elf/lib/libc.a(wcsrtombs.o)
 .comment       0x00000144       0x12 /usr/local/arm/lib/gcc/arm-elf/4.1.0/../../../../arm-elf/lib/libc.a(wctomb_r.o)
 .comment       0x00000156       0x12 /usr/local/arm/lib/gcc/arm-elf/4.1.0/../../../../arm-elf/lib/libc.a(wsetup.o)
 .comment       0x00000168       0x12 /usr/local/arm/lib/gcc/arm-elf/4.1.0/../../../../arm-elf/lib/libc.a(ctype_.o)
 .comment       0x0000017a       0x12 /usr/local/arm/lib/gcc/arm-elf/4.1.0/../../../../arm-elf/lib/libc.a(dtoa.o)
 .comment       0x0000018c       0x12 /usr/local/arm/lib/gcc/arm-elf/4.1.0/../../../../arm-elf/lib/libc.a(fflush.o)
 .comment       0x0000019e       0x12 /usr/local/arm/lib/gcc/arm-elf/4.1.0/../../../../arm-elf/lib/libc.a(findfp.o)
 .comment       0x000001b0       0x12 /usr/local/arm/lib/gcc/arm-elf/4.1.0/../../../../arm-elf/lib/libc.a(freer.o)
 .comment       0x000001c2       0x12 /usr/local/arm/lib/gcc/arm-elf/4.1.0/../../../../arm-elf/lib/libc.a(fvwrite.o)
 .comment       0x000001d4       0x12 /usr/local/arm/lib/gcc/arm-elf/4.1.0/../../../../arm-elf/lib/libc.a(fwalk.o)
 .comment       0x000001e6       0x12 /usr/local/arm/lib/gcc/arm-elf/4.1.0/../../../../arm-elf/lib/libc.a(impure.o)
 .comment       0x000001f8       0x12 /usr/local/arm/lib/gcc/arm-elf/4.1.0/../../../../arm-elf/lib/libc.a(locale.o)
 .comment       0x0000020a       0x12 /usr/local/arm/lib/gcc/arm-elf/4.1.0/../../../../arm-elf/lib/libc.a(makebuf.o)
 .comment       0x0000021c       0x12 /usr/local/arm/lib/gcc/arm-elf/4.1.0/../../../../arm-elf/lib/libc.a(mallocr.o)
 .comment       0x0000022e       0x12 /usr/local/arm/lib/gcc/arm-elf/4.1.0/../../../../arm-elf/lib/libc.a(memchr.o)
 .comment       0x00000240       0x12 /usr/local/arm/lib/gcc/arm-elf/4.1.0/../../../../arm-elf/lib/libc.a(memmove.o)
 .comment       0x00000252       0x12 /usr/local/arm/lib/gcc/arm-elf/4.1.0/../../../../arm-elf/lib/libc.a(memset.o)
 .comment       0x00000264       0x12 /usr/local/arm/lib/gcc/arm-elf/4.1.0/../../../../arm-elf/lib/libc.a(mlock.o)
 .comment       0x00000276       0x12 /usr/local/arm/lib/gcc/arm-elf/4.1.0/../../../../arm-elf/lib/libc.a(mprec.o)
 .comment       0x00000288       0x12 /usr/local/arm/lib/gcc/arm-elf/4.1.0/../../../../arm-elf/lib/libc.a(reallocr.o)
 .comment       0x0000029a       0x12 /usr/local/arm/lib/gcc/arm-elf/4.1.0/../../../../arm-elf/lib/libc.a(s_isinf.o)
 .comment       0x000002ac       0x12 /usr/local/arm/lib/gcc/arm-elf/4.1.0/../../../../arm-elf/lib/libc.a(s_isnan.o)
 .comment       0x000002be       0x12 /usr/local/arm/lib/gcc/arm-elf/4.1.0/../../../../arm-elf/lib/libc.a(stdio.o)
 .comment       0x000002d0       0x12 /usr/local/arm/lib/gcc/arm-elf/4.1.0/../../../../arm-elf/lib/libc.a(callocr.o)
 .comment       0x000002e2       0x12 /usr/local/arm/lib/gcc/arm-elf/4.1.0/../../../../arm-elf/lib/libc.a(fclose.o)
 .comment       0x000002f4       0x12 /usr/local/arm/lib/gcc/arm-elf/4.1.0/libgcc.a(_addsub_df.o)
 .comment       0x00000306       0x12 /usr/local/arm/lib/gcc/arm-elf/4.1.0/libgcc.a(_mul_df.o)
 .comment       0x00000318       0x12 /usr/local/arm/lib/gcc/arm-elf/4.1.0/libgcc.a(_div_df.o)
 .comment       0x0000032a       0x12 /usr/local/arm/lib/gcc/arm-elf/4.1.0/libgcc.a(_eq_df.o)
 .comment       0x0000033c       0x12 /usr/local/arm/lib/gcc/arm-elf/4.1.0/libgcc.a(_ne_df.o)
 .comment       0x0000034e       0x12 /usr/local/arm/lib/gcc/arm-elf/4.1.0/libgcc.a(_gt_df.o)
 .comment       0x00000360       0x12 /usr/local/arm/lib/gcc/arm-elf/4.1.0/libgcc.a(_ge_df.o)
 .comment       0x00000372       0x12 /usr/local/arm/lib/gcc/arm-elf/4.1.0/libgcc.a(_lt_df.o)
 .comment       0x00000384       0x12 /usr/local/arm/lib/gcc/arm-elf/4.1.0/libgcc.a(_si_to_df.o)
 .comment       0x00000396       0x12 /usr/local/arm/lib/gcc/arm-elf/4.1.0/libgcc.a(_df_to_si.o)
 .comment       0x000003a8       0x12 /usr/local/arm/lib/gcc/arm-elf/4.1.0/libgcc.a(_thenan_df.o)
 .comment       0x000003ba       0x12 /usr/local/arm/lib/gcc/arm-elf/4.1.0/libgcc.a(_pack_df.o)
 .comment       0x000003cc       0x12 /usr/local/arm/lib/gcc/arm-elf/4.1.0/libgcc.a(_unpack_df.o)
 .comment       0x000003de       0x12 /usr/local/arm/lib/gcc/arm-elf/4.1.0/libgcc.a(_fpcmp_parts_df.o)

.debug
 *(.debug)

.line
 *(.line)

.debug_srcinfo
 *(.debug_srcinfo)

.debug_sfnames
 *(.debug_sfnames)

.debug_aranges  0x00000000      0x728
 *(.debug_aranges)
 .debug_aranges
                0x00000000       0x20 Cstartup.o
 .debug_aranges
                0x00000020       0x20 main.o
 .debug_aranges
                0x00000040       0x20 Cstartup_SAM7.o
 .debug_aranges
                0x00000060       0x20 syscalls.o
 .debug_aranges
                0x00000080       0x20 cdc_enumerate.o
 .debug_aranges
                0x000000a0       0x20 adc.o
 .debug_aranges
                0x000000c0       0x20 interrupt_Usart.o
 .debug_aranges
                0x000000e0       0x28 fastfunc.o
 .debug_aranges
                0x00000108       0x20 /usr/local/arm/lib/gcc/arm-elf/4.1.0/../../../../arm-elf/lib/libc.a(atoi.o)
 .debug_aranges
                0x00000128       0x20 /usr/local/arm/lib/gcc/arm-elf/4.1.0/../../../../arm-elf/lib/libc.a(memcpy.o)
 .debug_aranges
                0x00000148       0x20 /usr/local/arm/lib/gcc/arm-elf/4.1.0/../../../../arm-elf/lib/libc.a(sprintf.o)
 .debug_aranges
                0x00000168       0x20 /usr/local/arm/lib/gcc/arm-elf/4.1.0/../../../../arm-elf/lib/libc.a(strcmp.o)
 .debug_aranges
                0x00000188       0x20 /usr/local/arm/lib/gcc/arm-elf/4.1.0/../../../../arm-elf/lib/libc.a(strlen.o)
 .debug_aranges
                0x000001a8       0x20 /usr/local/arm/lib/gcc/arm-elf/4.1.0/../../../../arm-elf/lib/libc.a(strtok.o)
 .debug_aranges
                0x000001c8       0x20 /usr/local/arm/lib/gcc/arm-elf/4.1.0/../../../../arm-elf/lib/libc.a(strtok_r.o)
 .debug_aranges
                0x000001e8       0x20 /usr/local/arm/lib/gcc/arm-elf/4.1.0/../../../../arm-elf/lib/libc.a(strtol.o)
 .debug_aranges
                0x00000208       0x20 /usr/local/arm/lib/gcc/arm-elf/4.1.0/../../../../arm-elf/lib/libc.a(vfprintf.o)
 .debug_aranges
                0x00000228       0x20 /usr/local/arm/lib/gcc/arm-elf/4.1.0/../../../../arm-elf/lib/libc.a(wcrtomb.o)
 .debug_aranges
                0x00000248       0x20 /usr/local/arm/lib/gcc/arm-elf/4.1.0/../../../../arm-elf/lib/libc.a(wcsrtombs.o)
 .debug_aranges
                0x00000268       0x20 /usr/local/arm/lib/gcc/arm-elf/4.1.0/../../../../arm-elf/lib/libc.a(wctomb_r.o)
 .debug_aranges
                0x00000288       0x20 /usr/local/arm/lib/gcc/arm-elf/4.1.0/../../../../arm-elf/lib/libc.a(wsetup.o)
 .debug_aranges
                0x000002a8       0x20 /usr/local/arm/lib/gcc/arm-elf/4.1.0/../../../../arm-elf/lib/libc.a(dtoa.o)
 .debug_aranges
                0x000002c8       0x20 /usr/local/arm/lib/gcc/arm-elf/4.1.0/../../../../arm-elf/lib/libc.a(fflush.o)
 .debug_aranges
                0x000002e8       0x20 /usr/local/arm/lib/gcc/arm-elf/4.1.0/../../../../arm-elf/lib/libc.a(findfp.o)
 .debug_aranges
                0x00000308       0x20 /usr/local/arm/lib/gcc/arm-elf/4.1.0/../../../../arm-elf/lib/libc.a(freer.o)
 .debug_aranges
                0x00000328       0x20 /usr/local/arm/lib/gcc/arm-elf/4.1.0/../../../../arm-elf/lib/libc.a(fvwrite.o)
 .debug_aranges
                0x00000348       0x20 /usr/local/arm/lib/gcc/arm-elf/4.1.0/../../../../arm-elf/lib/libc.a(fwalk.o)
 .debug_aranges
                0x00000368       0x20 /usr/local/arm/lib/gcc/arm-elf/4.1.0/../../../../arm-elf/lib/libc.a(locale.o)
 .debug_aranges
                0x00000388       0x20 /usr/local/arm/lib/gcc/arm-elf/4.1.0/../../../../arm-elf/lib/libc.a(makebuf.o)
 .debug_aranges
                0x000003a8       0x20 /usr/local/arm/lib/gcc/arm-elf/4.1.0/../../../../arm-elf/lib/libc.a(mallocr.o)
 .debug_aranges
                0x000003c8       0x20 /usr/local/arm/lib/gcc/arm-elf/4.1.0/../../../../arm-elf/lib/libc.a(memchr.o)
 .debug_aranges
                0x000003e8       0x20 /usr/local/arm/lib/gcc/arm-elf/4.1.0/../../../../arm-elf/lib/libc.a(memmove.o)
 .debug_aranges
                0x00000408       0x20 /usr/local/arm/lib/gcc/arm-elf/4.1.0/../../../../arm-elf/lib/libc.a(memset.o)
 .debug_aranges
                0x00000428       0x20 /usr/local/arm/lib/gcc/arm-elf/4.1.0/../../../../arm-elf/lib/libc.a(mlock.o)
 .debug_aranges
                0x00000448       0x20 /usr/local/arm/lib/gcc/arm-elf/4.1.0/../../../../arm-elf/lib/libc.a(mprec.o)
 .debug_aranges
                0x00000468       0x20 /usr/local/arm/lib/gcc/arm-elf/4.1.0/../../../../arm-elf/lib/libc.a(reallocr.o)
 .debug_aranges
                0x00000488       0x20 /usr/local/arm/lib/gcc/arm-elf/4.1.0/../../../../arm-elf/lib/libc.a(s_isinf.o)
 .debug_aranges
                0x000004a8       0x20 /usr/local/arm/lib/gcc/arm-elf/4.1.0/../../../../arm-elf/lib/libc.a(s_isnan.o)
 .debug_aranges
                0x000004c8       0x20 /usr/local/arm/lib/gcc/arm-elf/4.1.0/../../../../arm-elf/lib/libc.a(stdio.o)
 .debug_aranges
                0x000004e8       0x20 /usr/local/arm/lib/gcc/arm-elf/4.1.0/../../../../arm-elf/lib/libc.a(callocr.o)
 .debug_aranges
                0x00000508       0x20 /usr/local/arm/lib/gcc/arm-elf/4.1.0/../../../../arm-elf/lib/libc.a(fclose.o)
 .debug_aranges
                0x00000528       0x20 /usr/local/arm/lib/gcc/arm-elf/4.1.0/libgcc.a(_udivsi3.o)
 .debug_aranges
                0x00000548       0x20 /usr/local/arm/lib/gcc/arm-elf/4.1.0/libgcc.a(_umodsi3.o)
 .debug_aranges
                0x00000568       0x20 /usr/local/arm/lib/gcc/arm-elf/4.1.0/libgcc.a(_dvmd_tls.o)
 .debug_aranges
                0x00000588       0x20 /usr/local/arm/lib/gcc/arm-elf/4.1.0/libgcc.a(_addsub_df.o)
 .debug_aranges
                0x000005a8       0x20 /usr/local/arm/lib/gcc/arm-elf/4.1.0/libgcc.a(_mul_df.o)
 .debug_aranges
                0x000005c8       0x20 /usr/local/arm/lib/gcc/arm-elf/4.1.0/libgcc.a(_div_df.o)
 .debug_aranges
                0x000005e8       0x20 /usr/local/arm/lib/gcc/arm-elf/4.1.0/libgcc.a(_eq_df.o)
 .debug_aranges
                0x00000608       0x20 /usr/local/arm/lib/gcc/arm-elf/4.1.0/libgcc.a(_ne_df.o)
 .debug_aranges
                0x00000628       0x20 /usr/local/arm/lib/gcc/arm-elf/4.1.0/libgcc.a(_gt_df.o)
 .debug_aranges
                0x00000648       0x20 /usr/local/arm/lib/gcc/arm-elf/4.1.0/libgcc.a(_ge_df.o)
 .debug_aranges
                0x00000668       0x20 /usr/local/arm/lib/gcc/arm-elf/4.1.0/libgcc.a(_lt_df.o)
 .debug_aranges
                0x00000688       0x20 /usr/local/arm/lib/gcc/arm-elf/4.1.0/libgcc.a(_si_to_df.o)
 .debug_aranges
                0x000006a8       0x20 /usr/local/arm/lib/gcc/arm-elf/4.1.0/libgcc.a(_df_to_si.o)
 .debug_aranges
                0x000006c8       0x20 /usr/local/arm/lib/gcc/arm-elf/4.1.0/libgcc.a(_pack_df.o)
 .debug_aranges
                0x000006e8       0x20 /usr/local/arm/lib/gcc/arm-elf/4.1.0/libgcc.a(_unpack_df.o)
 .debug_aranges
                0x00000708       0x20 /usr/local/arm/lib/gcc/arm-elf/4.1.0/libgcc.a(_fpcmp_parts_df.o)

.debug_pubnames
                0x00000000      0xe40
 *(.debug_pubnames)
 .debug_pubnames
                0x00000000      0x221 main.o
 .debug_pubnames
                0x00000221       0x29 Cstartup_SAM7.o
 .debug_pubnames
                0x0000024a       0x69 syscalls.o
 .debug_pubnames
                0x000002b3       0x96 cdc_enumerate.o
 .debug_pubnames
                0x00000349       0x73 adc.o
 .debug_pubnames
                0x000003bc       0x72 interrupt_Usart.o
 .debug_pubnames
                0x0000042e       0x21 fastfunc.o
 .debug_pubnames
                0x0000044f       0x27 /usr/local/arm/lib/gcc/arm-elf/4.1.0/../../../../arm-elf/lib/libc.a(atoi.o)
 .debug_pubnames
                0x00000476       0x1d /usr/local/arm/lib/gcc/arm-elf/4.1.0/../../../../arm-elf/lib/libc.a(memcpy.o)
 .debug_pubnames
                0x00000493       0x2d /usr/local/arm/lib/gcc/arm-elf/4.1.0/../../../../arm-elf/lib/libc.a(sprintf.o)
 .debug_pubnames
                0x000004c0       0x1d /usr/local/arm/lib/gcc/arm-elf/4.1.0/../../../../arm-elf/lib/libc.a(strcmp.o)
 .debug_pubnames
                0x000004dd       0x1d /usr/local/arm/lib/gcc/arm-elf/4.1.0/../../../../arm-elf/lib/libc.a(strlen.o)
 .debug_pubnames
                0x000004fa       0x1d /usr/local/arm/lib/gcc/arm-elf/4.1.0/../../../../arm-elf/lib/libc.a(strtok.o)
 .debug_pubnames
                0x00000517       0x2e /usr/local/arm/lib/gcc/arm-elf/4.1.0/../../../../arm-elf/lib/libc.a(strtok_r.o)
 .debug_pubnames
                0x00000545       0x2b /usr/local/arm/lib/gcc/arm-elf/4.1.0/../../../../arm-elf/lib/libc.a(strtol.o)
 .debug_pubnames
                0x00000570       0x2f /usr/local/arm/lib/gcc/arm-elf/4.1.0/../../../../arm-elf/lib/libc.a(vfprintf.o)
 .debug_pubnames
                0x0000059f       0x2d /usr/local/arm/lib/gcc/arm-elf/4.1.0/../../../../arm-elf/lib/libc.a(wcrtomb.o)
 .debug_pubnames
                0x000005cc       0x31 /usr/local/arm/lib/gcc/arm-elf/4.1.0/../../../../arm-elf/lib/libc.a(wcsrtombs.o)
 .debug_pubnames
                0x000005fd       0x20 /usr/local/arm/lib/gcc/arm-elf/4.1.0/../../../../arm-elf/lib/libc.a(wctomb_r.o)
 .debug_pubnames
                0x0000061d       0x20 /usr/local/arm/lib/gcc/arm-elf/4.1.0/../../../../arm-elf/lib/libc.a(wsetup.o)
 .debug_pubnames
                0x0000063d       0x2e /usr/local/arm/lib/gcc/arm-elf/4.1.0/../../../../arm-elf/lib/libc.a(ctype_.o)
 .debug_pubnames
                0x0000066b       0x1e /usr/local/arm/lib/gcc/arm-elf/4.1.0/../../../../arm-elf/lib/libc.a(dtoa.o)
 .debug_pubnames
                0x00000689       0x1d /usr/local/arm/lib/gcc/arm-elf/4.1.0/../../../../arm-elf/lib/libc.a(fflush.o)
 .debug_pubnames
                0x000006a6       0xdb /usr/local/arm/lib/gcc/arm-elf/4.1.0/../../../../arm-elf/lib/libc.a(findfp.o)
 .debug_pubnames
                0x00000781       0x31 /usr/local/arm/lib/gcc/arm-elf/4.1.0/../../../../arm-elf/lib/libc.a(freer.o)
 .debug_pubnames
                0x000007b2       0x21 /usr/local/arm/lib/gcc/arm-elf/4.1.0/../../../../arm-elf/lib/libc.a(fvwrite.o)
 .debug_pubnames
                0x000007d3       0x2e /usr/local/arm/lib/gcc/arm-elf/4.1.0/../../../../arm-elf/lib/libc.a(fwalk.o)
 .debug_pubnames
                0x00000801       0x39 /usr/local/arm/lib/gcc/arm-elf/4.1.0/../../../../arm-elf/lib/libc.a(impure.o)
 .debug_pubnames
                0x0000083a       0xc3 /usr/local/arm/lib/gcc/arm-elf/4.1.0/../../../../arm-elf/lib/libc.a(locale.o)
 .debug_pubnames
                0x000008fd       0x21 /usr/local/arm/lib/gcc/arm-elf/4.1.0/../../../../arm-elf/lib/libc.a(makebuf.o)
 .debug_pubnames
                0x0000091e       0xce /usr/local/arm/lib/gcc/arm-elf/4.1.0/../../../../arm-elf/lib/libc.a(mallocr.o)
 .debug_pubnames
                0x000009ec       0x1d /usr/local/arm/lib/gcc/arm-elf/4.1.0/../../../../arm-elf/lib/libc.a(memchr.o)
 .debug_pubnames
                0x00000a09       0x1e /usr/local/arm/lib/gcc/arm-elf/4.1.0/../../../../arm-elf/lib/libc.a(memmove.o)
 .debug_pubnames
                0x00000a27       0x1d /usr/local/arm/lib/gcc/arm-elf/4.1.0/../../../../arm-elf/lib/libc.a(memset.o)
 .debug_pubnames
                0x00000a44       0x38 /usr/local/arm/lib/gcc/arm-elf/4.1.0/../../../../arm-elf/lib/libc.a(mlock.o)
 .debug_pubnames
                0x00000a7c      0x112 /usr/local/arm/lib/gcc/arm-elf/4.1.0/../../../../arm-elf/lib/libc.a(mprec.o)
 .debug_pubnames
                0x00000b8e       0x21 /usr/local/arm/lib/gcc/arm-elf/4.1.0/../../../../arm-elf/lib/libc.a(reallocr.o)
 .debug_pubnames
                0x00000baf       0x1c /usr/local/arm/lib/gcc/arm-elf/4.1.0/../../../../arm-elf/lib/libc.a(s_isinf.o)
 .debug_pubnames
                0x00000bcb       0x1c /usr/local/arm/lib/gcc/arm-elf/4.1.0/../../../../arm-elf/lib/libc.a(s_isnan.o)
 .debug_pubnames
                0x00000be7       0x44 /usr/local/arm/lib/gcc/arm-elf/4.1.0/../../../../arm-elf/lib/libc.a(stdio.o)
 .debug_pubnames
                0x00000c2b       0x20 /usr/local/arm/lib/gcc/arm-elf/4.1.0/../../../../arm-elf/lib/libc.a(callocr.o)
 .debug_pubnames
                0x00000c4b       0x2b /usr/local/arm/lib/gcc/arm-elf/4.1.0/../../../../arm-elf/lib/libc.a(fclose.o)
 .debug_pubnames
                0x00000c76       0x2c /usr/local/arm/lib/gcc/arm-elf/4.1.0/libgcc.a(_addsub_df.o)
 .debug_pubnames
                0x00000ca2       0x1f /usr/local/arm/lib/gcc/arm-elf/4.1.0/libgcc.a(_mul_df.o)
 .debug_pubnames
                0x00000cc1       0x1f /usr/local/arm/lib/gcc/arm-elf/4.1.0/libgcc.a(_div_df.o)
 .debug_pubnames
                0x00000ce0       0x1e /usr/local/arm/lib/gcc/arm-elf/4.1.0/libgcc.a(_eq_df.o)
 .debug_pubnames
                0x00000cfe       0x1e /usr/local/arm/lib/gcc/arm-elf/4.1.0/libgcc.a(_ne_df.o)
 .debug_pubnames
                0x00000d1c       0x1e /usr/local/arm/lib/gcc/arm-elf/4.1.0/libgcc.a(_gt_df.o)
 .debug_pubnames
                0x00000d3a       0x1e /usr/local/arm/lib/gcc/arm-elf/4.1.0/libgcc.a(_ge_df.o)
 .debug_pubnames
                0x00000d58       0x1e /usr/local/arm/lib/gcc/arm-elf/4.1.0/libgcc.a(_lt_df.o)
 .debug_pubnames
                0x00000d76       0x22 /usr/local/arm/lib/gcc/arm-elf/4.1.0/libgcc.a(_si_to_df.o)
 .debug_pubnames
                0x00000d98       0x20 /usr/local/arm/lib/gcc/arm-elf/4.1.0/libgcc.a(_df_to_si.o)
 .debug_pubnames
                0x00000db8       0x22 /usr/local/arm/lib/gcc/arm-elf/4.1.0/libgcc.a(_thenan_df.o)
 .debug_pubnames
                0x00000dda       0x1f /usr/local/arm/lib/gcc/arm-elf/4.1.0/libgcc.a(_pack_df.o)
 .debug_pubnames
                0x00000df9       0x21 /usr/local/arm/lib/gcc/arm-elf/4.1.0/libgcc.a(_unpack_df.o)
 .debug_pubnames
                0x00000e1a       0x26 /usr/local/arm/lib/gcc/arm-elf/4.1.0/libgcc.a(_fpcmp_parts_df.o)

.debug_info     0x00000000    0x190cb
 *(.debug_info .gnu.linkonce.wi.*)
 .debug_info    0x00000000       0x47 Cstartup.o
 .debug_info    0x00000047     0x17d2 main.o
 .debug_info    0x00001819      0x208 Cstartup_SAM7.o
 .debug_info    0x00001a21     0x1022 syscalls.o
 .debug_info    0x00002a43      0x66b cdc_enumerate.o
 .debug_info    0x000030ae      0x466 adc.o
 .debug_info    0x00003514     0x11dc interrupt_Usart.o
 .debug_info    0x000046f0      0x17b fastfunc.o
 .debug_info    0x0000486b      0x945 /usr/local/arm/lib/gcc/arm-elf/4.1.0/../../../../arm-elf/lib/libc.a(atoi.o)
 .debug_info    0x000051b0      0x10a /usr/local/arm/lib/gcc/arm-elf/4.1.0/../../../../arm-elf/lib/libc.a(memcpy.o)
 .debug_info    0x000052ba      0xa00 /usr/local/arm/lib/gcc/arm-elf/4.1.0/../../../../arm-elf/lib/libc.a(sprintf.o)
 .debug_info    0x00005cba       0xd8 /usr/local/arm/lib/gcc/arm-elf/4.1.0/../../../../arm-elf/lib/libc.a(strcmp.o)
 .debug_info    0x00005d92       0xd4 /usr/local/arm/lib/gcc/arm-elf/4.1.0/../../../../arm-elf/lib/libc.a(strlen.o)
 .debug_info    0x00005e66      0x92e /usr/local/arm/lib/gcc/arm-elf/4.1.0/../../../../arm-elf/lib/libc.a(strtok.o)
 .debug_info    0x00006794      0x159 /usr/local/arm/lib/gcc/arm-elf/4.1.0/../../../../arm-elf/lib/libc.a(strtok_r.o)
 .debug_info    0x000068ed      0xa0f /usr/local/arm/lib/gcc/arm-elf/4.1.0/../../../../arm-elf/lib/libc.a(strtol.o)
 .debug_info    0x000072fc     0x10ee /usr/local/arm/lib/gcc/arm-elf/4.1.0/../../../../arm-elf/lib/libc.a(vfprintf.o)
 .debug_info    0x000083ea      0x9ef /usr/local/arm/lib/gcc/arm-elf/4.1.0/../../../../arm-elf/lib/libc.a(wcrtomb.o)
 .debug_info    0x00008dd9      0xa84 /usr/local/arm/lib/gcc/arm-elf/4.1.0/../../../../arm-elf/lib/libc.a(wcsrtombs.o)
 .debug_info    0x0000985d      0x9f7 /usr/local/arm/lib/gcc/arm-elf/4.1.0/../../../../arm-elf/lib/libc.a(wctomb_r.o)
 .debug_info    0x0000a254      0x93a /usr/local/arm/lib/gcc/arm-elf/4.1.0/../../../../arm-elf/lib/libc.a(wsetup.o)
 .debug_info    0x0000ab8e       0x79 /usr/local/arm/lib/gcc/arm-elf/4.1.0/../../../../arm-elf/lib/libc.a(ctype_.o)
 .debug_info    0x0000ac07      0xd61 /usr/local/arm/lib/gcc/arm-elf/4.1.0/../../../../arm-elf/lib/libc.a(dtoa.o)
 .debug_info    0x0000b968      0x974 /usr/local/arm/lib/gcc/arm-elf/4.1.0/../../../../arm-elf/lib/libc.a(fflush.o)
 .debug_info    0x0000c2dc      0xb61 /usr/local/arm/lib/gcc/arm-elf/4.1.0/../../../../arm-elf/lib/libc.a(findfp.o)
 .debug_info    0x0000ce3d      0xbb1 /usr/local/arm/lib/gcc/arm-elf/4.1.0/../../../../arm-elf/lib/libc.a(freer.o)
 .debug_info    0x0000d9ee      0xa5f /usr/local/arm/lib/gcc/arm-elf/4.1.0/../../../../arm-elf/lib/libc.a(fvwrite.o)
 .debug_info    0x0000e44d      0xad9 /usr/local/arm/lib/gcc/arm-elf/4.1.0/../../../../arm-elf/lib/libc.a(fwalk.o)
 .debug_info    0x0000ef26      0x922 /usr/local/arm/lib/gcc/arm-elf/4.1.0/../../../../arm-elf/lib/libc.a(impure.o)
 .debug_info    0x0000f848      0xb7e /usr/local/arm/lib/gcc/arm-elf/4.1.0/../../../../arm-elf/lib/libc.a(locale.o)
 .debug_info    0x000103c6      0xad9 /usr/local/arm/lib/gcc/arm-elf/4.1.0/../../../../arm-elf/lib/libc.a(makebuf.o)
 .debug_info    0x00010e9f      0xcba /usr/local/arm/lib/gcc/arm-elf/4.1.0/../../../../arm-elf/lib/libc.a(mallocr.o)
 .debug_info    0x00011b59      0x133 /usr/local/arm/lib/gcc/arm-elf/4.1.0/../../../../arm-elf/lib/libc.a(memchr.o)
 .debug_info    0x00011c8c      0x13f /usr/local/arm/lib/gcc/arm-elf/4.1.0/../../../../arm-elf/lib/libc.a(memmove.o)
 .debug_info    0x00011dcb      0x10e /usr/local/arm/lib/gcc/arm-elf/4.1.0/../../../../arm-elf/lib/libc.a(memset.o)
 .debug_info    0x00011ed9      0x93c /usr/local/arm/lib/gcc/arm-elf/4.1.0/../../../../arm-elf/lib/libc.a(mlock.o)
 .debug_info    0x00012815     0x1319 /usr/local/arm/lib/gcc/arm-elf/4.1.0/../../../../arm-elf/lib/libc.a(mprec.o)
 .debug_info    0x00013b2e      0xbc7 /usr/local/arm/lib/gcc/arm-elf/4.1.0/../../../../arm-elf/lib/libc.a(reallocr.o)
 .debug_info    0x000146f5      0x153 /usr/local/arm/lib/gcc/arm-elf/4.1.0/../../../../arm-elf/lib/libc.a(s_isinf.o)
 .debug_info    0x00014848      0x151 /usr/local/arm/lib/gcc/arm-elf/4.1.0/../../../../arm-elf/lib/libc.a(s_isnan.o)
 .debug_info    0x00014999      0xa70 /usr/local/arm/lib/gcc/arm-elf/4.1.0/../../../../arm-elf/lib/libc.a(stdio.o)
 .debug_info    0x00015409      0xa01 /usr/local/arm/lib/gcc/arm-elf/4.1.0/../../../../arm-elf/lib/libc.a(callocr.o)
 .debug_info    0x00015e0a      0x980 /usr/local/arm/lib/gcc/arm-elf/4.1.0/../../../../arm-elf/lib/libc.a(fclose.o)
 .debug_info    0x0001678a       0x88 /usr/local/arm/lib/gcc/arm-elf/4.1.0/libgcc.a(_udivsi3.o)
 .debug_info    0x00016812       0x88 /usr/local/arm/lib/gcc/arm-elf/4.1.0/libgcc.a(_umodsi3.o)
 .debug_info    0x0001689a       0x88 /usr/local/arm/lib/gcc/arm-elf/4.1.0/libgcc.a(_dvmd_tls.o)
 .debug_info    0x00016922      0x479 /usr/local/arm/lib/gcc/arm-elf/4.1.0/libgcc.a(_addsub_df.o)
 .debug_info    0x00016d9b      0x478 /usr/local/arm/lib/gcc/arm-elf/4.1.0/libgcc.a(_mul_df.o)
 .debug_info    0x00017213      0x3b2 /usr/local/arm/lib/gcc/arm-elf/4.1.0/libgcc.a(_div_df.o)
 .debug_info    0x000175c5      0x2aa /usr/local/arm/lib/gcc/arm-elf/4.1.0/libgcc.a(_eq_df.o)
 .debug_info    0x0001786f      0x2aa /usr/local/arm/lib/gcc/arm-elf/4.1.0/libgcc.a(_ne_df.o)
 .debug_info    0x00017b19      0x2aa /usr/local/arm/lib/gcc/arm-elf/4.1.0/libgcc.a(_gt_df.o)
 .debug_info    0x00017dc3      0x2aa /usr/local/arm/lib/gcc/arm-elf/4.1.0/libgcc.a(_ge_df.o)
 .debug_info    0x0001806d      0x2aa /usr/local/arm/lib/gcc/arm-elf/4.1.0/libgcc.a(_lt_df.o)
 .debug_info    0x00018317      0x1bd /usr/local/arm/lib/gcc/arm-elf/4.1.0/libgcc.a(_si_to_df.o)
 .debug_info    0x000184d4      0x2de /usr/local/arm/lib/gcc/arm-elf/4.1.0/libgcc.a(_df_to_si.o)
 .debug_info    0x000187b2      0x164 /usr/local/arm/lib/gcc/arm-elf/4.1.0/libgcc.a(_thenan_df.o)
 .debug_info    0x00018916      0x323 /usr/local/arm/lib/gcc/arm-elf/4.1.0/libgcc.a(_pack_df.o)
 .debug_info    0x00018c39      0x27a /usr/local/arm/lib/gcc/arm-elf/4.1.0/libgcc.a(_unpack_df.o)
 .debug_info    0x00018eb3      0x218 /usr/local/arm/lib/gcc/arm-elf/4.1.0/libgcc.a(_fpcmp_parts_df.o)

.debug_abbrev   0x00000000     0x53ce
 *(.debug_abbrev)
 .debug_abbrev  0x00000000       0x14 Cstartup.o
 .debug_abbrev  0x00000014      0x2f6 main.o
 .debug_abbrev  0x0000030a       0xaa Cstartup_SAM7.o
 .debug_abbrev  0x000003b4      0x2ac syscalls.o
 .debug_abbrev  0x00000660      0x242 cdc_enumerate.o
 .debug_abbrev  0x000008a2       0xb8 adc.o
 .debug_abbrev  0x0000095a      0x286 interrupt_Usart.o
 .debug_abbrev  0x00000be0       0xe7 fastfunc.o
 .debug_abbrev  0x00000cc7      0x176 /usr/local/arm/lib/gcc/arm-elf/4.1.0/../../../../arm-elf/lib/libc.a(atoi.o)
 .debug_abbrev  0x00000e3d       0xa6 /usr/local/arm/lib/gcc/arm-elf/4.1.0/../../../../arm-elf/lib/libc.a(memcpy.o)
 .debug_abbrev  0x00000ee3      0x1af /usr/local/arm/lib/gcc/arm-elf/4.1.0/../../../../arm-elf/lib/libc.a(sprintf.o)
 .debug_abbrev  0x00001092       0x71 /usr/local/arm/lib/gcc/arm-elf/4.1.0/../../../../arm-elf/lib/libc.a(strcmp.o)
 .debug_abbrev  0x00001103       0x8b /usr/local/arm/lib/gcc/arm-elf/4.1.0/../../../../arm-elf/lib/libc.a(strlen.o)
 .debug_abbrev  0x0000118e      0x17f /usr/local/arm/lib/gcc/arm-elf/4.1.0/../../../../arm-elf/lib/libc.a(strtok.o)
 .debug_abbrev  0x0000130d       0xbc /usr/local/arm/lib/gcc/arm-elf/4.1.0/../../../../arm-elf/lib/libc.a(strtok_r.o)
 .debug_abbrev  0x000013c9      0x1bd /usr/local/arm/lib/gcc/arm-elf/4.1.0/../../../../arm-elf/lib/libc.a(strtol.o)
 .debug_abbrev  0x00001586      0x367 /usr/local/arm/lib/gcc/arm-elf/4.1.0/../../../../arm-elf/lib/libc.a(vfprintf.o)
 .debug_abbrev  0x000018ed      0x18e /usr/local/arm/lib/gcc/arm-elf/4.1.0/../../../../arm-elf/lib/libc.a(wcrtomb.o)
 .debug_abbrev  0x00001a7b      0x1a4 /usr/local/arm/lib/gcc/arm-elf/4.1.0/../../../../arm-elf/lib/libc.a(wcsrtombs.o)
 .debug_abbrev  0x00001c1f      0x1ab /usr/local/arm/lib/gcc/arm-elf/4.1.0/../../../../arm-elf/lib/libc.a(wctomb_r.o)
 .debug_abbrev  0x00001dca      0x170 /usr/local/arm/lib/gcc/arm-elf/4.1.0/../../../../arm-elf/lib/libc.a(wsetup.o)
 .debug_abbrev  0x00001f3a       0x52 /usr/local/arm/lib/gcc/arm-elf/4.1.0/../../../../arm-elf/lib/libc.a(ctype_.o)
 .debug_abbrev  0x00001f8c      0x223 /usr/local/arm/lib/gcc/arm-elf/4.1.0/../../../../arm-elf/lib/libc.a(dtoa.o)
 .debug_abbrev  0x000021af      0x17f /usr/local/arm/lib/gcc/arm-elf/4.1.0/../../../../arm-elf/lib/libc.a(fflush.o)
 .debug_abbrev  0x0000232e      0x24c /usr/local/arm/lib/gcc/arm-elf/4.1.0/../../../../arm-elf/lib/libc.a(findfp.o)
 .debug_abbrev  0x0000257a      0x1e8 /usr/local/arm/lib/gcc/arm-elf/4.1.0/../../../../arm-elf/lib/libc.a(freer.o)
 .debug_abbrev  0x00002762      0x1b4 /usr/local/arm/lib/gcc/arm-elf/4.1.0/../../../../arm-elf/lib/libc.a(fvwrite.o)
 .debug_abbrev  0x00002916      0x1ee /usr/local/arm/lib/gcc/arm-elf/4.1.0/../../../../arm-elf/lib/libc.a(fwalk.o)
 .debug_abbrev  0x00002b04      0x157 /usr/local/arm/lib/gcc/arm-elf/4.1.0/../../../../arm-elf/lib/libc.a(impure.o)
 .debug_abbrev  0x00002c5b      0x1de /usr/local/arm/lib/gcc/arm-elf/4.1.0/../../../../arm-elf/lib/libc.a(locale.o)
 .debug_abbrev  0x00002e39      0x1a8 /usr/local/arm/lib/gcc/arm-elf/4.1.0/../../../../arm-elf/lib/libc.a(makebuf.o)
 .debug_abbrev  0x00002fe1      0x225 /usr/local/arm/lib/gcc/arm-elf/4.1.0/../../../../arm-elf/lib/libc.a(mallocr.o)
 .debug_abbrev  0x00003206       0xb5 /usr/local/arm/lib/gcc/arm-elf/4.1.0/../../../../arm-elf/lib/libc.a(memchr.o)
 .debug_abbrev  0x000032bb       0x99 /usr/local/arm/lib/gcc/arm-elf/4.1.0/../../../../arm-elf/lib/libc.a(memmove.o)
 .debug_abbrev  0x00003354       0xa9 /usr/local/arm/lib/gcc/arm-elf/4.1.0/../../../../arm-elf/lib/libc.a(memset.o)
 .debug_abbrev  0x000033fd      0x16a /usr/local/arm/lib/gcc/arm-elf/4.1.0/../../../../arm-elf/lib/libc.a(mlock.o)
 .debug_abbrev  0x00003567      0x280 /usr/local/arm/lib/gcc/arm-elf/4.1.0/../../../../arm-elf/lib/libc.a(mprec.o)
 .debug_abbrev  0x000037e7      0x1c3 /usr/local/arm/lib/gcc/arm-elf/4.1.0/../../../../arm-elf/lib/libc.a(reallocr.o)
 .debug_abbrev  0x000039aa       0xd4 /usr/local/arm/lib/gcc/arm-elf/4.1.0/../../../../arm-elf/lib/libc.a(s_isinf.o)
 .debug_abbrev  0x00003a7e       0xd4 /usr/local/arm/lib/gcc/arm-elf/4.1.0/../../../../arm-elf/lib/libc.a(s_isnan.o)
 .debug_abbrev  0x00003b52      0x1b4 /usr/local/arm/lib/gcc/arm-elf/4.1.0/../../../../arm-elf/lib/libc.a(stdio.o)
 .debug_abbrev  0x00003d06      0x1be /usr/local/arm/lib/gcc/arm-elf/4.1.0/../../../../arm-elf/lib/libc.a(callocr.o)
 .debug_abbrev  0x00003ec4      0x1a7 /usr/local/arm/lib/gcc/arm-elf/4.1.0/../../../../arm-elf/lib/libc.a(fclose.o)
 .debug_abbrev  0x0000406b       0x14 /usr/local/arm/lib/gcc/arm-elf/4.1.0/libgcc.a(_udivsi3.o)
 .debug_abbrev  0x0000407f       0x14 /usr/local/arm/lib/gcc/arm-elf/4.1.0/libgcc.a(_umodsi3.o)
 .debug_abbrev  0x00004093       0x14 /usr/local/arm/lib/gcc/arm-elf/4.1.0/libgcc.a(_dvmd_tls.o)
 .debug_abbrev  0x000040a7      0x1b5 /usr/local/arm/lib/gcc/arm-elf/4.1.0/libgcc.a(_addsub_df.o)
 .debug_abbrev  0x0000425c      0x1e7 /usr/local/arm/lib/gcc/arm-elf/4.1.0/libgcc.a(_mul_df.o)
 .debug_abbrev  0x00004443      0x1db /usr/local/arm/lib/gcc/arm-elf/4.1.0/libgcc.a(_div_df.o)
 .debug_abbrev  0x0000461e      0x157 /usr/local/arm/lib/gcc/arm-elf/4.1.0/libgcc.a(_eq_df.o)
 .debug_abbrev  0x00004775      0x157 /usr/local/arm/lib/gcc/arm-elf/4.1.0/libgcc.a(_ne_df.o)
 .debug_abbrev  0x000048cc      0x157 /usr/local/arm/lib/gcc/arm-elf/4.1.0/libgcc.a(_gt_df.o)
 .debug_abbrev  0x00004a23      0x157 /usr/local/arm/lib/gcc/arm-elf/4.1.0/libgcc.a(_ge_df.o)
 .debug_abbrev  0x00004b7a      0x157 /usr/local/arm/lib/gcc/arm-elf/4.1.0/libgcc.a(_lt_df.o)
 .debug_abbrev  0x00004cd1       0xf1 /usr/local/arm/lib/gcc/arm-elf/4.1.0/libgcc.a(_si_to_df.o)
 .debug_abbrev  0x00004dc2      0x166 /usr/local/arm/lib/gcc/arm-elf/4.1.0/libgcc.a(_df_to_si.o)
 .debug_abbrev  0x00004f28       0xba /usr/local/arm/lib/gcc/arm-elf/4.1.0/libgcc.a(_thenan_df.o)
 .debug_abbrev  0x00004fe2      0x192 /usr/local/arm/lib/gcc/arm-elf/4.1.0/libgcc.a(_pack_df.o)
 .debug_abbrev  0x00005174      0x149 /usr/local/arm/lib/gcc/arm-elf/4.1.0/libgcc.a(_unpack_df.o)
 .debug_abbrev  0x000052bd      0x111 /usr/local/arm/lib/gcc/arm-elf/4.1.0/libgcc.a(_fpcmp_parts_df.o)

.debug_line     0x00000000     0x4ccb
 *(.debug_line)
 .debug_line    0x00000000       0x87 Cstartup.o
 .debug_line    0x00000087      0x415 main.o
 .debug_line    0x0000049c       0x60 Cstartup_SAM7.o
 .debug_line    0x000004fc      0x1ca syscalls.o
 .debug_line    0x000006c6      0x142 cdc_enumerate.o
 .debug_line    0x00000808       0x53 adc.o
 .debug_line    0x0000085b      0x177 interrupt_Usart.o
 .debug_line    0x000009d2       0x5f fastfunc.o
 .debug_line    0x00000a31      0x112 /usr/local/arm/lib/gcc/arm-elf/4.1.0/../../../../arm-elf/lib/libc.a(atoi.o)
 .debug_line    0x00000b43       0xcb /usr/local/arm/lib/gcc/arm-elf/4.1.0/../../../../arm-elf/lib/libc.a(memcpy.o)
 .debug_line    0x00000c0e      0x1aa /usr/local/arm/lib/gcc/arm-elf/4.1.0/../../../../arm-elf/lib/libc.a(sprintf.o)
 .debug_line    0x00000db8       0x85 /usr/local/arm/lib/gcc/arm-elf/4.1.0/../../../../arm-elf/lib/libc.a(strcmp.o)
 .debug_line    0x00000e3d       0xaf /usr/local/arm/lib/gcc/arm-elf/4.1.0/../../../../arm-elf/lib/libc.a(strlen.o)
 .debug_line    0x00000eec      0x110 /usr/local/arm/lib/gcc/arm-elf/4.1.0/../../../../arm-elf/lib/libc.a(strtok.o)
 .debug_line    0x00000ffc       0xa5 /usr/local/arm/lib/gcc/arm-elf/4.1.0/../../../../arm-elf/lib/libc.a(strtok_r.o)
 .debug_line    0x000010a1      0x1a9 /usr/local/arm/lib/gcc/arm-elf/4.1.0/../../../../arm-elf/lib/libc.a(strtol.o)
 .debug_line    0x0000124a      0x581 /usr/local/arm/lib/gcc/arm-elf/4.1.0/../../../../arm-elf/lib/libc.a(vfprintf.o)
 .debug_line    0x000017cb      0x180 /usr/local/arm/lib/gcc/arm-elf/4.1.0/../../../../arm-elf/lib/libc.a(wcrtomb.o)
 .debug_line    0x0000194b      0x1a6 /usr/local/arm/lib/gcc/arm-elf/4.1.0/../../../../arm-elf/lib/libc.a(wcsrtombs.o)
 .debug_line    0x00001af1      0x230 /usr/local/arm/lib/gcc/arm-elf/4.1.0/../../../../arm-elf/lib/libc.a(wctomb_r.o)
 .debug_line    0x00001d21      0x17e /usr/local/arm/lib/gcc/arm-elf/4.1.0/../../../../arm-elf/lib/libc.a(wsetup.o)
 .debug_line    0x00001e9f       0x5c /usr/local/arm/lib/gcc/arm-elf/4.1.0/../../../../arm-elf/lib/libc.a(ctype_.o)
 .debug_line    0x00001efb      0x482 /usr/local/arm/lib/gcc/arm-elf/4.1.0/../../../../arm-elf/lib/libc.a(dtoa.o)
 .debug_line    0x0000237d      0x181 /usr/local/arm/lib/gcc/arm-elf/4.1.0/../../../../arm-elf/lib/libc.a(fflush.o)
 .debug_line    0x000024fe      0x1fa /usr/local/arm/lib/gcc/arm-elf/4.1.0/../../../../arm-elf/lib/libc.a(findfp.o)
 .debug_line    0x000026f8      0x1c6 /usr/local/arm/lib/gcc/arm-elf/4.1.0/../../../../arm-elf/lib/libc.a(freer.o)
 .debug_line    0x000028be      0x219 /usr/local/arm/lib/gcc/arm-elf/4.1.0/../../../../arm-elf/lib/libc.a(fvwrite.o)
 .debug_line    0x00002ad7      0x181 /usr/local/arm/lib/gcc/arm-elf/4.1.0/../../../../arm-elf/lib/libc.a(fwalk.o)
 .debug_line    0x00002c58       0xfe /usr/local/arm/lib/gcc/arm-elf/4.1.0/../../../../arm-elf/lib/libc.a(impure.o)
 .debug_line    0x00002d56      0x183 /usr/local/arm/lib/gcc/arm-elf/4.1.0/../../../../arm-elf/lib/libc.a(locale.o)
 .debug_line    0x00002ed9      0x1ab /usr/local/arm/lib/gcc/arm-elf/4.1.0/../../../../arm-elf/lib/libc.a(makebuf.o)
 .debug_line    0x00003084      0x247 /usr/local/arm/lib/gcc/arm-elf/4.1.0/../../../../arm-elf/lib/libc.a(mallocr.o)
 .debug_line    0x000032cb       0xe0 /usr/local/arm/lib/gcc/arm-elf/4.1.0/../../../../arm-elf/lib/libc.a(memchr.o)
 .debug_line    0x000033ab       0xdb /usr/local/arm/lib/gcc/arm-elf/4.1.0/../../../../arm-elf/lib/libc.a(memmove.o)
 .debug_line    0x00003486       0xd3 /usr/local/arm/lib/gcc/arm-elf/4.1.0/../../../../arm-elf/lib/libc.a(memset.o)
 .debug_line    0x00003559      0x110 /usr/local/arm/lib/gcc/arm-elf/4.1.0/../../../../arm-elf/lib/libc.a(mlock.o)
 .debug_line    0x00003669      0x41d /usr/local/arm/lib/gcc/arm-elf/4.1.0/../../../../arm-elf/lib/libc.a(mprec.o)
 .debug_line    0x00003a86      0x1df /usr/local/arm/lib/gcc/arm-elf/4.1.0/../../../../arm-elf/lib/libc.a(reallocr.o)
 .debug_line    0x00003c65      0x116 /usr/local/arm/lib/gcc/arm-elf/4.1.0/../../../../arm-elf/lib/libc.a(s_isinf.o)
 .debug_line    0x00003d7b      0x113 /usr/local/arm/lib/gcc/arm-elf/4.1.0/../../../../arm-elf/lib/libc.a(s_isnan.o)
 .debug_line    0x00003e8e      0x19f /usr/local/arm/lib/gcc/arm-elf/4.1.0/../../../../arm-elf/lib/libc.a(stdio.o)
 .debug_line    0x0000402d      0x11c /usr/local/arm/lib/gcc/arm-elf/4.1.0/../../../../arm-elf/lib/libc.a(callocr.o)
 .debug_line    0x00004149      0x180 /usr/local/arm/lib/gcc/arm-elf/4.1.0/../../../../arm-elf/lib/libc.a(fclose.o)
 .debug_line    0x000042c9       0x8d /usr/local/arm/lib/gcc/arm-elf/4.1.0/libgcc.a(_udivsi3.o)
 .debug_line    0x00004356       0x76 /usr/local/arm/lib/gcc/arm-elf/4.1.0/libgcc.a(_umodsi3.o)
 .debug_line    0x000043cc       0x61 /usr/local/arm/lib/gcc/arm-elf/4.1.0/libgcc.a(_dvmd_tls.o)
 .debug_line    0x0000442d      0x10d /usr/local/arm/lib/gcc/arm-elf/4.1.0/libgcc.a(_addsub_df.o)
 .debug_line    0x0000453a       0xf0 /usr/local/arm/lib/gcc/arm-elf/4.1.0/libgcc.a(_mul_df.o)
 .debug_line    0x0000462a       0xce /usr/local/arm/lib/gcc/arm-elf/4.1.0/libgcc.a(_div_df.o)
 .debug_line    0x000046f8       0x79 /usr/local/arm/lib/gcc/arm-elf/4.1.0/libgcc.a(_eq_df.o)
 .debug_line    0x00004771       0x79 /usr/local/arm/lib/gcc/arm-elf/4.1.0/libgcc.a(_ne_df.o)
 .debug_line    0x000047ea       0x79 /usr/local/arm/lib/gcc/arm-elf/4.1.0/libgcc.a(_gt_df.o)
 .debug_line    0x00004863       0x79 /usr/local/arm/lib/gcc/arm-elf/4.1.0/libgcc.a(_ge_df.o)
 .debug_line    0x000048dc       0x79 /usr/local/arm/lib/gcc/arm-elf/4.1.0/libgcc.a(_lt_df.o)
 .debug_line    0x00004955       0x7e /usr/local/arm/lib/gcc/arm-elf/4.1.0/libgcc.a(_si_to_df.o)
 .debug_line    0x000049d3       0x87 /usr/local/arm/lib/gcc/arm-elf/4.1.0/libgcc.a(_df_to_si.o)
 .debug_line    0x00004a5a       0x54 /usr/local/arm/lib/gcc/arm-elf/4.1.0/libgcc.a(_thenan_df.o)
 .debug_line    0x00004aae       0xca /usr/local/arm/lib/gcc/arm-elf/4.1.0/libgcc.a(_pack_df.o)
 .debug_line    0x00004b78       0xb1 /usr/local/arm/lib/gcc/arm-elf/4.1.0/libgcc.a(_unpack_df.o)
 .debug_line    0x00004c29       0xa2 /usr/local/arm/lib/gcc/arm-elf/4.1.0/libgcc.a(_fpcmp_parts_df.o)

.debug_frame    0x00000000     0x12d0
 *(.debug_frame)
 .debug_frame   0x00000000      0x17c main.o
 .debug_frame   0x0000017c       0x20 Cstartup_SAM7.o
 .debug_frame   0x0000019c       0xa4 syscalls.o
 .debug_frame   0x00000240       0xc0 cdc_enumerate.o
 .debug_frame   0x00000300       0x50 adc.o
 .debug_frame   0x00000350       0x7c interrupt_Usart.o
 .debug_frame   0x000003cc       0x2c fastfunc.o
 .debug_frame   0x000003f8       0x30 /usr/local/arm/lib/gcc/arm-elf/4.1.0/../../../../arm-elf/lib/libc.a(atoi.o)
 .debug_frame   0x00000428       0x28 /usr/local/arm/lib/gcc/arm-elf/4.1.0/../../../../arm-elf/lib/libc.a(memcpy.o)
 .debug_frame   0x00000450       0x5c /usr/local/arm/lib/gcc/arm-elf/4.1.0/../../../../arm-elf/lib/libc.a(sprintf.o)
 .debug_frame   0x000004ac       0x20 /usr/local/arm/lib/gcc/arm-elf/4.1.0/../../../../arm-elf/lib/libc.a(strcmp.o)
 .debug_frame   0x000004cc       0x20 /usr/local/arm/lib/gcc/arm-elf/4.1.0/../../../../arm-elf/lib/libc.a(strlen.o)
 .debug_frame   0x000004ec       0x20 /usr/local/arm/lib/gcc/arm-elf/4.1.0/../../../../arm-elf/lib/libc.a(strtok.o)
 .debug_frame   0x0000050c       0x3c /usr/local/arm/lib/gcc/arm-elf/4.1.0/../../../../arm-elf/lib/libc.a(strtok_r.o)
 .debug_frame   0x00000548       0x50 /usr/local/arm/lib/gcc/arm-elf/4.1.0/../../../../arm-elf/lib/libc.a(strtol.o)
 .debug_frame   0x00000598       0x6c /usr/local/arm/lib/gcc/arm-elf/4.1.0/../../../../arm-elf/lib/libc.a(vfprintf.o)
 .debug_frame   0x00000604       0x44 /usr/local/arm/lib/gcc/arm-elf/4.1.0/../../../../arm-elf/lib/libc.a(wcrtomb.o)
 .debug_frame   0x00000648       0x54 /usr/local/arm/lib/gcc/arm-elf/4.1.0/../../../../arm-elf/lib/libc.a(wcsrtombs.o)
 .debug_frame   0x0000069c       0x30 /usr/local/arm/lib/gcc/arm-elf/4.1.0/../../../../arm-elf/lib/libc.a(wctomb_r.o)
 .debug_frame   0x000006cc       0x2c /usr/local/arm/lib/gcc/arm-elf/4.1.0/../../../../arm-elf/lib/libc.a(wsetup.o)
 .debug_frame   0x000006f8       0x60 /usr/local/arm/lib/gcc/arm-elf/4.1.0/../../../../arm-elf/lib/libc.a(dtoa.o)
 .debug_frame   0x00000758       0x2c /usr/local/arm/lib/gcc/arm-elf/4.1.0/../../../../arm-elf/lib/libc.a(fflush.o)
 .debug_frame   0x00000784      0x114 /usr/local/arm/lib/gcc/arm-elf/4.1.0/../../../../arm-elf/lib/libc.a(findfp.o)
 .debug_frame   0x00000898       0x54 /usr/local/arm/lib/gcc/arm-elf/4.1.0/../../../../arm-elf/lib/libc.a(freer.o)
 .debug_frame   0x000008ec       0x38 /usr/local/arm/lib/gcc/arm-elf/4.1.0/../../../../arm-elf/lib/libc.a(fvwrite.o)
 .debug_frame   0x00000924       0x58 /usr/local/arm/lib/gcc/arm-elf/4.1.0/../../../../arm-elf/lib/libc.a(fwalk.o)
 .debug_frame   0x0000097c       0x6c /usr/local/arm/lib/gcc/arm-elf/4.1.0/../../../../arm-elf/lib/libc.a(locale.o)
 .debug_frame   0x000009e8       0x30 /usr/local/arm/lib/gcc/arm-elf/4.1.0/../../../../arm-elf/lib/libc.a(makebuf.o)
 .debug_frame   0x00000a18       0x38 /usr/local/arm/lib/gcc/arm-elf/4.1.0/../../../../arm-elf/lib/libc.a(mallocr.o)
 .debug_frame   0x00000a50       0x28 /usr/local/arm/lib/gcc/arm-elf/4.1.0/../../../../arm-elf/lib/libc.a(memchr.o)
 .debug_frame   0x00000a78       0x28 /usr/local/arm/lib/gcc/arm-elf/4.1.0/../../../../arm-elf/lib/libc.a(memmove.o)
 .debug_frame   0x00000aa0       0x20 /usr/local/arm/lib/gcc/arm-elf/4.1.0/../../../../arm-elf/lib/libc.a(memset.o)
 .debug_frame   0x00000ac0       0x30 /usr/local/arm/lib/gcc/arm-elf/4.1.0/../../../../arm-elf/lib/libc.a(mlock.o)
 .debug_frame   0x00000af0      0x1f0 /usr/local/arm/lib/gcc/arm-elf/4.1.0/../../../../arm-elf/lib/libc.a(mprec.o)
 .debug_frame   0x00000ce0       0x38 /usr/local/arm/lib/gcc/arm-elf/4.1.0/../../../../arm-elf/lib/libc.a(reallocr.o)
 .debug_frame   0x00000d18       0x28 /usr/local/arm/lib/gcc/arm-elf/4.1.0/../../../../arm-elf/lib/libc.a(s_isinf.o)
 .debug_frame   0x00000d40       0x28 /usr/local/arm/lib/gcc/arm-elf/4.1.0/../../../../arm-elf/lib/libc.a(s_isnan.o)
 .debug_frame   0x00000d68       0x70 /usr/local/arm/lib/gcc/arm-elf/4.1.0/../../../../arm-elf/lib/libc.a(stdio.o)
 .debug_frame   0x00000dd8       0x28 /usr/local/arm/lib/gcc/arm-elf/4.1.0/../../../../arm-elf/lib/libc.a(callocr.o)
 .debug_frame   0x00000e00       0x3c /usr/local/arm/lib/gcc/arm-elf/4.1.0/../../../../arm-elf/lib/libc.a(fclose.o)
 .debug_frame   0x00000e3c       0x28 /usr/local/arm/lib/gcc/arm-elf/4.1.0/libgcc.a(_udivsi3.o)
 .debug_frame   0x00000e64       0x28 /usr/local/arm/lib/gcc/arm-elf/4.1.0/libgcc.a(_umodsi3.o)
 .debug_frame   0x00000e8c       0xb0 /usr/local/arm/lib/gcc/arm-elf/4.1.0/libgcc.a(_addsub_df.o)
 .debug_frame   0x00000f3c       0x78 /usr/local/arm/lib/gcc/arm-elf/4.1.0/libgcc.a(_mul_df.o)
 .debug_frame   0x00000fb4       0x78 /usr/local/arm/lib/gcc/arm-elf/4.1.0/libgcc.a(_div_df.o)
 .debug_frame   0x0000102c       0x3c /usr/local/arm/lib/gcc/arm-elf/4.1.0/libgcc.a(_eq_df.o)
 .debug_frame   0x00001068       0x3c /usr/local/arm/lib/gcc/arm-elf/4.1.0/libgcc.a(_ne_df.o)
 .debug_frame   0x000010a4       0x3c /usr/local/arm/lib/gcc/arm-elf/4.1.0/libgcc.a(_gt_df.o)
 .debug_frame   0x000010e0       0x3c /usr/local/arm/lib/gcc/arm-elf/4.1.0/libgcc.a(_ge_df.o)
 .debug_frame   0x0000111c       0x3c /usr/local/arm/lib/gcc/arm-elf/4.1.0/libgcc.a(_lt_df.o)
 .debug_frame   0x00001158       0x2c /usr/local/arm/lib/gcc/arm-elf/4.1.0/libgcc.a(_si_to_df.o)
 .debug_frame   0x00001184       0x5c /usr/local/arm/lib/gcc/arm-elf/4.1.0/libgcc.a(_df_to_si.o)
 .debug_frame   0x000011e0       0x68 /usr/local/arm/lib/gcc/arm-elf/4.1.0/libgcc.a(_pack_df.o)
 .debug_frame   0x00001248       0x2c /usr/local/arm/lib/gcc/arm-elf/4.1.0/libgcc.a(_unpack_df.o)
 .debug_frame   0x00001274       0x5c /usr/local/arm/lib/gcc/arm-elf/4.1.0/libgcc.a(_fpcmp_parts_df.o)

.debug_str      0x00000000     0x2a4d
 *(.debug_str)
 .debug_str     0x00000000      0x789 main.o
                                0x804 (size before relaxing)
 .debug_str     0x00000789       0x23 Cstartup_SAM7.o
                                0x130 (size before relaxing)
 .debug_str     0x000007ac      0x5d5 syscalls.o
                                0x6e7 (size before relaxing)
 .debug_str     0x00000d81      0x19f cdc_enumerate.o
                                0x311 (size before relaxing)
 .debug_str     0x00000f20      0x154 adc.o
                                0x25c (size before relaxing)
 .debug_str     0x00001074      0x36a interrupt_Usart.o
                                0x81a (size before relaxing)
 .debug_str     0x000013de       0x20 fastfunc.o
                                 0xbf (size before relaxing)
 .debug_str     0x000013fe       0x91 /usr/local/arm/lib/gcc/arm-elf/4.1.0/../../../../arm-elf/lib/libc.a(atoi.o)
                                0x4af (size before relaxing)
 .debug_str     0x0000148f       0xb4 /usr/local/arm/lib/gcc/arm-elf/4.1.0/../../../../arm-elf/lib/libc.a(memcpy.o)
                                 0xe7 (size before relaxing)
 .debug_str     0x00001543       0xa7 /usr/local/arm/lib/gcc/arm-elf/4.1.0/../../../../arm-elf/lib/libc.a(sprintf.o)
                                0x4ea (size before relaxing)
 .debug_str     0x000015ea       0x47 /usr/local/arm/lib/gcc/arm-elf/4.1.0/../../../../arm-elf/lib/libc.a(strcmp.o)
                                0x116 (size before relaxing)
 .debug_str     0x00001631       0x5a /usr/local/arm/lib/gcc/arm-elf/4.1.0/../../../../arm-elf/lib/libc.a(strlen.o)
                                0x130 (size before relaxing)
 .debug_str     0x0000168b       0x47 /usr/local/arm/lib/gcc/arm-elf/4.1.0/../../../../arm-elf/lib/libc.a(strtok.o)
                                0x4bd (size before relaxing)
 .debug_str     0x000016d2       0x71 /usr/local/arm/lib/gcc/arm-elf/4.1.0/../../../../arm-elf/lib/libc.a(strtok_r.o)
                                0x14f (size before relaxing)
 .debug_str     0x00001743       0x77 /usr/local/arm/lib/gcc/arm-elf/4.1.0/../../../../arm-elf/lib/libc.a(strtol.o)
                                0x4f1 (size before relaxing)
 .debug_str     0x000017ba      0x1ba /usr/local/arm/lib/gcc/arm-elf/4.1.0/../../../../arm-elf/lib/libc.a(vfprintf.o)
                                0x6bb (size before relaxing)
 .debug_str     0x00001974       0x5b /usr/local/arm/lib/gcc/arm-elf/4.1.0/../../../../arm-elf/lib/libc.a(wcrtomb.o)
                                0x4f0 (size before relaxing)
 .debug_str     0x000019cf       0x64 /usr/local/arm/lib/gcc/arm-elf/4.1.0/../../../../arm-elf/lib/libc.a(wcsrtombs.o)
                                0x505 (size before relaxing)
 .debug_str     0x00001a33       0x69 /usr/local/arm/lib/gcc/arm-elf/4.1.0/../../../../arm-elf/lib/libc.a(wctomb_r.o)
                                0x4e5 (size before relaxing)
 .debug_str     0x00001a9c       0x49 /usr/local/arm/lib/gcc/arm-elf/4.1.0/../../../../arm-elf/lib/libc.a(wsetup.o)
                                0x4c9 (size before relaxing)
 .debug_str     0x00001ae5       0x8c /usr/local/arm/lib/gcc/arm-elf/4.1.0/../../../../arm-elf/lib/libc.a(ctype_.o)
                                 0xbb (size before relaxing)
 .debug_str     0x00001b71      0x107 /usr/local/arm/lib/gcc/arm-elf/4.1.0/../../../../arm-elf/lib/libc.a(dtoa.o)
                                0x5c0 (size before relaxing)
 .debug_str     0x00001c78       0x59 /usr/local/arm/lib/gcc/arm-elf/4.1.0/../../../../arm-elf/lib/libc.a(fflush.o)
                                0x4d9 (size before relaxing)
 .debug_str     0x00001cd1      0x107 /usr/local/arm/lib/gcc/arm-elf/4.1.0/../../../../arm-elf/lib/libc.a(findfp.o)
                                0x5b3 (size before relaxing)
 .debug_str     0x00001dd8      0x160 /usr/local/arm/lib/gcc/arm-elf/4.1.0/../../../../arm-elf/lib/libc.a(freer.o)
                                0x602 (size before relaxing)
 .debug_str     0x00001f38       0x61 /usr/local/arm/lib/gcc/arm-elf/4.1.0/../../../../arm-elf/lib/libc.a(fvwrite.o)
                                0x524 (size before relaxing)
 .debug_str     0x00001f99       0x63 /usr/local/arm/lib/gcc/arm-elf/4.1.0/../../../../arm-elf/lib/libc.a(fwalk.o)
                                0x4f4 (size before relaxing)
 .debug_str     0x00001ffc       0x90 /usr/local/arm/lib/gcc/arm-elf/4.1.0/../../../../arm-elf/lib/libc.a(impure.o)
                                0x4cd (size before relaxing)
 .debug_str     0x0000208c      0x1d9 /usr/local/arm/lib/gcc/arm-elf/4.1.0/../../../../arm-elf/lib/libc.a(locale.o)
                                0x65c (size before relaxing)
 .debug_str     0x00002265       0x56 /usr/local/arm/lib/gcc/arm-elf/4.1.0/../../../../arm-elf/lib/libc.a(makebuf.o)
                                0x5b0 (size before relaxing)
 .debug_str     0x000022bb       0xe9 /usr/local/arm/lib/gcc/arm-elf/4.1.0/../../../../arm-elf/lib/libc.a(mallocr.o)
                                0x6b0 (size before relaxing)
 .debug_str     0x000023a4       0x55 /usr/local/arm/lib/gcc/arm-elf/4.1.0/../../../../arm-elf/lib/libc.a(memchr.o)
                                0x13e (size before relaxing)
 .debug_str     0x000023f9       0x52 /usr/local/arm/lib/gcc/arm-elf/4.1.0/../../../../arm-elf/lib/libc.a(memmove.o)
                                0x150 (size before relaxing)
 .debug_str     0x0000244b       0x47 /usr/local/arm/lib/gcc/arm-elf/4.1.0/../../../../arm-elf/lib/libc.a(memset.o)
                                0x131 (size before relaxing)
 .debug_str     0x00002492       0x72 /usr/local/arm/lib/gcc/arm-elf/4.1.0/../../../../arm-elf/lib/libc.a(mlock.o)
                                0x4d6 (size before relaxing)
 .debug_str     0x00002504       0xd8 /usr/local/arm/lib/gcc/arm-elf/4.1.0/../../../../arm-elf/lib/libc.a(mprec.o)
                                0x5a8 (size before relaxing)
 .debug_str     0x000025dc       0x61 /usr/local/arm/lib/gcc/arm-elf/4.1.0/../../../../arm-elf/lib/libc.a(reallocr.o)
                                0x582 (size before relaxing)
 .debug_str     0x0000263d       0xaf /usr/local/arm/lib/gcc/arm-elf/4.1.0/../../../../arm-elf/lib/libc.a(s_isinf.o)
                                0x174 (size before relaxing)
 .debug_str     0x000026ec       0x45 /usr/local/arm/lib/gcc/arm-elf/4.1.0/../../../../arm-elf/lib/libc.a(s_isnan.o)
                                0x174 (size before relaxing)
 .debug_str     0x00002731       0x67 /usr/local/arm/lib/gcc/arm-elf/4.1.0/../../../../arm-elf/lib/libc.a(stdio.o)
                                0x4fc (size before relaxing)
 .debug_str     0x00002798       0x19 /usr/local/arm/lib/gcc/arm-elf/4.1.0/../../../../arm-elf/lib/libc.a(callocr.o)
                                0x501 (size before relaxing)
 .debug_str     0x000027b1       0x50 /usr/local/arm/lib/gcc/arm-elf/4.1.0/../../../../arm-elf/lib/libc.a(fclose.o)
                                0x4d5 (size before relaxing)
 .debug_str     0x00002801      0x161 /usr/local/arm/lib/gcc/arm-elf/4.1.0/libgcc.a(_addsub_df.o)
                                0x220 (size before relaxing)
 .debug_str     0x00002962       0x45 /usr/local/arm/lib/gcc/arm-elf/4.1.0/libgcc.a(_mul_df.o)
                                0x1f8 (size before relaxing)
 .debug_str     0x000029a7       0x35 /usr/local/arm/lib/gcc/arm-elf/4.1.0/libgcc.a(_div_df.o)
                                0x1e8 (size before relaxing)
 .debug_str     0x000029dc        0x8 /usr/local/arm/lib/gcc/arm-elf/4.1.0/libgcc.a(_eq_df.o)
                                0x1b5 (size before relaxing)
 .debug_str     0x000029e4        0x8 /usr/local/arm/lib/gcc/arm-elf/4.1.0/libgcc.a(_ne_df.o)
                                0x1b5 (size before relaxing)
 .debug_str     0x000029ec        0x8 /usr/local/arm/lib/gcc/arm-elf/4.1.0/libgcc.a(_gt_df.o)
                                0x1b5 (size before relaxing)
 .debug_str     0x000029f4        0x8 /usr/local/arm/lib/gcc/arm-elf/4.1.0/libgcc.a(_ge_df.o)
                                0x1b5 (size before relaxing)
 .debug_str     0x000029fc        0x8 /usr/local/arm/lib/gcc/arm-elf/4.1.0/libgcc.a(_lt_df.o)
                                0x1b5 (size before relaxing)
 .debug_str     0x00002a04        0xc /usr/local/arm/lib/gcc/arm-elf/4.1.0/libgcc.a(_si_to_df.o)
                                0x183 (size before relaxing)
 .debug_str     0x00002a10        0xa /usr/local/arm/lib/gcc/arm-elf/4.1.0/libgcc.a(_df_to_si.o)
                                0x1be (size before relaxing)
 .debug_str     0x00002a1a        0x0 /usr/local/arm/lib/gcc/arm-elf/4.1.0/libgcc.a(_thenan_df.o)
                                0x15a (size before relaxing)
 .debug_str     0x00002a1a       0x10 /usr/local/arm/lib/gcc/arm-elf/4.1.0/libgcc.a(_pack_df.o)
                                0x1bd (size before relaxing)
 .debug_str     0x00002a2a       0x13 /usr/local/arm/lib/gcc/arm-elf/4.1.0/libgcc.a(_unpack_df.o)
                                0x1a7 (size before relaxing)
 .debug_str     0x00002a3d       0x10 /usr/local/arm/lib/gcc/arm-elf/4.1.0/libgcc.a(_fpcmp_parts_df.o)
                                0x17d (size before relaxing)

.debug_loc      0x00000000     0x8fab
 *(.debug_loc)
 .debug_loc     0x00000000      0x3c2 main.o
 .debug_loc     0x000003c2      0x1b6 syscalls.o
 .debug_loc     0x00000578      0x4e0 cdc_enumerate.o
 .debug_loc     0x00000a58       0x9b interrupt_Usart.o
 .debug_loc     0x00000af3       0x82 fastfunc.o
 .debug_loc     0x00000b75       0x39 /usr/local/arm/lib/gcc/arm-elf/4.1.0/../../../../arm-elf/lib/libc.a(atoi.o)
 .debug_loc     0x00000bae       0xdb /usr/local/arm/lib/gcc/arm-elf/4.1.0/../../../../arm-elf/lib/libc.a(memcpy.o)
 .debug_loc     0x00000c89       0xfd /usr/local/arm/lib/gcc/arm-elf/4.1.0/../../../../arm-elf/lib/libc.a(sprintf.o)
 .debug_loc     0x00000d86       0xaf /usr/local/arm/lib/gcc/arm-elf/4.1.0/../../../../arm-elf/lib/libc.a(strcmp.o)
 .debug_loc     0x00000e35       0x47 /usr/local/arm/lib/gcc/arm-elf/4.1.0/../../../../arm-elf/lib/libc.a(strlen.o)
 .debug_loc     0x00000e7c       0x26 /usr/local/arm/lib/gcc/arm-elf/4.1.0/../../../../arm-elf/lib/libc.a(strtok.o)
 .debug_loc     0x00000ea2      0x15c /usr/local/arm/lib/gcc/arm-elf/4.1.0/../../../../arm-elf/lib/libc.a(strtok_r.o)
 .debug_loc     0x00000ffe      0x20b /usr/local/arm/lib/gcc/arm-elf/4.1.0/../../../../arm-elf/lib/libc.a(strtol.o)
 .debug_loc     0x00001209     0x1eef /usr/local/arm/lib/gcc/arm-elf/4.1.0/../../../../arm-elf/lib/libc.a(vfprintf.o)
 .debug_loc     0x000030f8      0x145 /usr/local/arm/lib/gcc/arm-elf/4.1.0/../../../../arm-elf/lib/libc.a(wcrtomb.o)
 .debug_loc     0x0000323d      0x2b2 /usr/local/arm/lib/gcc/arm-elf/4.1.0/../../../../arm-elf/lib/libc.a(wcsrtombs.o)
 .debug_loc     0x000034ef      0x248 /usr/local/arm/lib/gcc/arm-elf/4.1.0/../../../../arm-elf/lib/libc.a(wctomb_r.o)
 .debug_loc     0x00003737       0x3d /usr/local/arm/lib/gcc/arm-elf/4.1.0/../../../../arm-elf/lib/libc.a(wsetup.o)
 .debug_loc     0x00003774     0x1665 /usr/local/arm/lib/gcc/arm-elf/4.1.0/../../../../arm-elf/lib/libc.a(dtoa.o)
 .debug_loc     0x00004dd9       0xad /usr/local/arm/lib/gcc/arm-elf/4.1.0/../../../../arm-elf/lib/libc.a(fflush.o)
 .debug_loc     0x00004e86      0x20c /usr/local/arm/lib/gcc/arm-elf/4.1.0/../../../../arm-elf/lib/libc.a(findfp.o)
 .debug_loc     0x00005092      0x38f /usr/local/arm/lib/gcc/arm-elf/4.1.0/../../../../arm-elf/lib/libc.a(freer.o)
 .debug_loc     0x00005421      0x328 /usr/local/arm/lib/gcc/arm-elf/4.1.0/../../../../arm-elf/lib/libc.a(fvwrite.o)
 .debug_loc     0x00005749      0x17b /usr/local/arm/lib/gcc/arm-elf/4.1.0/../../../../arm-elf/lib/libc.a(fwalk.o)
 .debug_loc     0x000058c4       0xe9 /usr/local/arm/lib/gcc/arm-elf/4.1.0/../../../../arm-elf/lib/libc.a(locale.o)
 .debug_loc     0x000059ad       0xa7 /usr/local/arm/lib/gcc/arm-elf/4.1.0/../../../../arm-elf/lib/libc.a(makebuf.o)
 .debug_loc     0x00005a54      0x795 /usr/local/arm/lib/gcc/arm-elf/4.1.0/../../../../arm-elf/lib/libc.a(mallocr.o)
 .debug_loc     0x000061e9      0x193 /usr/local/arm/lib/gcc/arm-elf/4.1.0/../../../../arm-elf/lib/libc.a(memchr.o)
 .debug_loc     0x0000637c      0x151 /usr/local/arm/lib/gcc/arm-elf/4.1.0/../../../../arm-elf/lib/libc.a(memmove.o)
 .debug_loc     0x000064cd       0xa9 /usr/local/arm/lib/gcc/arm-elf/4.1.0/../../../../arm-elf/lib/libc.a(memset.o)
 .debug_loc     0x00006576      0xffc /usr/local/arm/lib/gcc/arm-elf/4.1.0/../../../../arm-elf/lib/libc.a(mprec.o)
 .debug_loc     0x00007572      0x922 /usr/local/arm/lib/gcc/arm-elf/4.1.0/../../../../arm-elf/lib/libc.a(reallocr.o)
 .debug_loc     0x00007e94       0x6d /usr/local/arm/lib/gcc/arm-elf/4.1.0/../../../../arm-elf/lib/libc.a(s_isinf.o)
 .debug_loc     0x00007f01       0x4f /usr/local/arm/lib/gcc/arm-elf/4.1.0/../../../../arm-elf/lib/libc.a(s_isnan.o)
 .debug_loc     0x00007f50      0x1a4 /usr/local/arm/lib/gcc/arm-elf/4.1.0/../../../../arm-elf/lib/libc.a(stdio.o)
 .debug_loc     0x000080f4       0xd6 /usr/local/arm/lib/gcc/arm-elf/4.1.0/../../../../arm-elf/lib/libc.a(callocr.o)
 .debug_loc     0x000081ca       0xa2 /usr/local/arm/lib/gcc/arm-elf/4.1.0/../../../../arm-elf/lib/libc.a(fclose.o)
 .debug_loc     0x0000826c      0x353 /usr/local/arm/lib/gcc/arm-elf/4.1.0/libgcc.a(_addsub_df.o)
 .debug_loc     0x000085bf      0x239 /usr/local/arm/lib/gcc/arm-elf/4.1.0/libgcc.a(_mul_df.o)
 .debug_loc     0x000087f8      0x179 /usr/local/arm/lib/gcc/arm-elf/4.1.0/libgcc.a(_div_df.o)
 .debug_loc     0x00008971       0x6f /usr/local/arm/lib/gcc/arm-elf/4.1.0/libgcc.a(_eq_df.o)
 .debug_loc     0x000089e0       0x6f /usr/local/arm/lib/gcc/arm-elf/4.1.0/libgcc.a(_ne_df.o)
 .debug_loc     0x00008a4f       0x6f /usr/local/arm/lib/gcc/arm-elf/4.1.0/libgcc.a(_gt_df.o)
 .debug_loc     0x00008abe       0x6f /usr/local/arm/lib/gcc/arm-elf/4.1.0/libgcc.a(_ge_df.o)
 .debug_loc     0x00008b2d       0x6f /usr/local/arm/lib/gcc/arm-elf/4.1.0/libgcc.a(_lt_df.o)
 .debug_loc     0x00008b9c       0x7f /usr/local/arm/lib/gcc/arm-elf/4.1.0/libgcc.a(_si_to_df.o)
 .debug_loc     0x00008c1b       0xb0 /usr/local/arm/lib/gcc/arm-elf/4.1.0/libgcc.a(_df_to_si.o)
 .debug_loc     0x00008ccb      0x1ac /usr/local/arm/lib/gcc/arm-elf/4.1.0/libgcc.a(_pack_df.o)
 .debug_loc     0x00008e77       0xa0 /usr/local/arm/lib/gcc/arm-elf/4.1.0/libgcc.a(_unpack_df.o)
 .debug_loc     0x00008f17       0x94 /usr/local/arm/lib/gcc/arm-elf/4.1.0/libgcc.a(_fpcmp_parts_df.o)

.debug_macinfo
 *(.debug_macinfo)

.debug_weaknames
 *(.debug_weaknames)

.debug_funcnames
 *(.debug_funcnames)

.debug_typenames
 *(.debug_typenames)

.debug_varnames
 *(.debug_varnames)
OUTPUT(main.elf elf32-littlearm)

.reset          0x00000000        0x0

.debug_ranges   0x00000000      0x790
 .debug_ranges  0x00000000      0x218 main.o
 .debug_ranges  0x00000218       0xc0 interrupt_Usart.o
 .debug_ranges  0x000002d8      0x140 /usr/local/arm/lib/gcc/arm-elf/4.1.0/../../../../arm-elf/lib/libc.a(vfprintf.o)
 .debug_ranges  0x00000418       0x28 /usr/local/arm/lib/gcc/arm-elf/4.1.0/../../../../arm-elf/lib/libc.a(wcsrtombs.o)
 .debug_ranges  0x00000440       0x48 /usr/local/arm/lib/gcc/arm-elf/4.1.0/../../../../arm-elf/lib/libc.a(wctomb_r.o)
 .debug_ranges  0x00000488       0x18 /usr/local/arm/lib/gcc/arm-elf/4.1.0/../../../../arm-elf/lib/libc.a(fvwrite.o)
 .debug_ranges  0x000004a0       0x40 /usr/local/arm/lib/gcc/arm-elf/4.1.0/../../../../arm-elf/lib/libc.a(fwalk.o)
 .debug_ranges  0x000004e0       0x50 /usr/local/arm/lib/gcc/arm-elf/4.1.0/../../../../arm-elf/lib/libc.a(mallocr.o)
 .debug_ranges  0x00000530      0x118 /usr/local/arm/lib/gcc/arm-elf/4.1.0/../../../../arm-elf/lib/libc.a(reallocr.o)
 .debug_ranges  0x00000648       0x38 /usr/local/arm/lib/gcc/arm-elf/4.1.0/../../../../arm-elf/lib/libc.a(callocr.o)
 .debug_ranges  0x00000680       0x18 /usr/local/arm/lib/gcc/arm-elf/4.1.0/libgcc.a(_addsub_df.o)
 .debug_ranges  0x00000698       0x68 /usr/local/arm/lib/gcc/arm-elf/4.1.0/libgcc.a(_mul_df.o)
 .debug_ranges  0x00000700       0x58 /usr/local/arm/lib/gcc/arm-elf/4.1.0/libgcc.a(_div_df.o)
 .debug_ranges  0x00000758       0x38 /usr/local/arm/lib/gcc/arm-elf/4.1.0/libgcc.a(_pack_df.o)

Cross Reference Table

Symbol                                            File
AT91F_CDC_Open                                    cdc_enumerate.o
                                                  main.o
AT91F_Default_FIQ_handler                         Cstartup.o
                                                  Cstartup_SAM7.o
AT91F_Default_IRQ_handler                         Cstartup.o
                                                  Cstartup_SAM7.o
AT91F_LowLevelInit                                Cstartup_SAM7.o
                                                  Cstartup.o
AT91F_Spurious_handler                            Cstartup.o
                                                  Cstartup_SAM7.o
AT91F_USB_Open                                    main.o
AT91F_USB_SendStall                               cdc_enumerate.o
AT91F_USB_SendZlp                                 cdc_enumerate.o
AT91F_US_Put                                      interrupt_Usart.o
COM0                                              interrupt_Usart.o
Delay                                             main.o
GetValue_chanel4                                  adc.o
GetValue_chanel5                                  adc.o
                                                  main.o
GetValue_chanel6                                  adc.o
                                                  main.o
IRQ_Handler_Entry                                 Cstartup.o
InitADC                                           adc.o
                                                  main.o
Init_PWM                                          main.o
LedSpeed                                          main.o
Top_Stack                                         Cstartup.o
Trace_Toggel_LED                                  interrupt_Usart.o
Usart_c_irq_handler                               interrupt_Usart.o
Usart_init                                        interrupt_Usart.o
_Balloc                                           /usr/local/arm/lib/gcc/arm-elf/4.1.0/../../../../arm-elf/lib/libc.a(mprec.o)
                                                  /usr/local/arm/lib/gcc/arm-elf/4.1.0/../../../../arm-elf/lib/libc.a(dtoa.o)
_Bfree                                            /usr/local/arm/lib/gcc/arm-elf/4.1.0/../../../../arm-elf/lib/libc.a(mprec.o)
                                                  /usr/local/arm/lib/gcc/arm-elf/4.1.0/../../../../arm-elf/lib/libc.a(dtoa.o)
_PathLocale                                       /usr/local/arm/lib/gcc/arm-elf/4.1.0/../../../../arm-elf/lib/libc.a(locale.o)
__adddf3                                          /usr/local/arm/lib/gcc/arm-elf/4.1.0/libgcc.a(_addsub_df.o)
                                                  /usr/local/arm/lib/gcc/arm-elf/4.1.0/../../../../arm-elf/lib/libc.a(dtoa.o)
__aeabi_idiv0                                     /usr/local/arm/lib/gcc/arm-elf/4.1.0/libgcc.a(_dvmd_tls.o)
__aeabi_ldiv0                                     /usr/local/arm/lib/gcc/arm-elf/4.1.0/libgcc.a(_dvmd_tls.o)
__aeabi_uidiv                                     /usr/local/arm/lib/gcc/arm-elf/4.1.0/libgcc.a(_udivsi3.o)
__aeabi_uidivmod                                  /usr/local/arm/lib/gcc/arm-elf/4.1.0/libgcc.a(_udivsi3.o)
__bss_end__                                       Cstartup.o
__bss_start__                                     Cstartup.o
__ctype_ptr                                       /usr/local/arm/lib/gcc/arm-elf/4.1.0/../../../../arm-elf/lib/libc.a(ctype_.o)
                                                  /usr/local/arm/lib/gcc/arm-elf/4.1.0/../../../../arm-elf/lib/libc.a(strtol.o)
__div0                                            /usr/local/arm/lib/gcc/arm-elf/4.1.0/libgcc.a(_dvmd_tls.o)
                                                  /usr/local/arm/lib/gcc/arm-elf/4.1.0/libgcc.a(_umodsi3.o)
                                                  /usr/local/arm/lib/gcc/arm-elf/4.1.0/libgcc.a(_udivsi3.o)
__divdf3                                          /usr/local/arm/lib/gcc/arm-elf/4.1.0/libgcc.a(_div_df.o)
                                                  /usr/local/arm/lib/gcc/arm-elf/4.1.0/../../../../arm-elf/lib/libc.a(mprec.o)
                                                  /usr/local/arm/lib/gcc/arm-elf/4.1.0/../../../../arm-elf/lib/libc.a(dtoa.o)
__eqdf2                                           /usr/local/arm/lib/gcc/arm-elf/4.1.0/libgcc.a(_eq_df.o)
                                                  /usr/local/arm/lib/gcc/arm-elf/4.1.0/../../../../arm-elf/lib/libc.a(dtoa.o)
                                                  /usr/local/arm/lib/gcc/arm-elf/4.1.0/../../../../arm-elf/lib/libc.a(vfprintf.o)
__fixdfsi                                         /usr/local/arm/lib/gcc/arm-elf/4.1.0/libgcc.a(_df_to_si.o)
                                                  /usr/local/arm/lib/gcc/arm-elf/4.1.0/../../../../arm-elf/lib/libc.a(dtoa.o)
__floatsidf                                       /usr/local/arm/lib/gcc/arm-elf/4.1.0/libgcc.a(_si_to_df.o)
                                                  /usr/local/arm/lib/gcc/arm-elf/4.1.0/../../../../arm-elf/lib/libc.a(dtoa.o)
__fp_lock_all                                     /usr/local/arm/lib/gcc/arm-elf/4.1.0/../../../../arm-elf/lib/libc.a(findfp.o)
__fp_unlock_all                                   /usr/local/arm/lib/gcc/arm-elf/4.1.0/../../../../arm-elf/lib/libc.a(findfp.o)
__fpcmp_parts_d                                   /usr/local/arm/lib/gcc/arm-elf/4.1.0/libgcc.a(_fpcmp_parts_df.o)
                                                  /usr/local/arm/lib/gcc/arm-elf/4.1.0/libgcc.a(_lt_df.o)
                                                  /usr/local/arm/lib/gcc/arm-elf/4.1.0/libgcc.a(_ge_df.o)
                                                  /usr/local/arm/lib/gcc/arm-elf/4.1.0/libgcc.a(_gt_df.o)
                                                  /usr/local/arm/lib/gcc/arm-elf/4.1.0/libgcc.a(_ne_df.o)
                                                  /usr/local/arm/lib/gcc/arm-elf/4.1.0/libgcc.a(_eq_df.o)
__gedf2                                           /usr/local/arm/lib/gcc/arm-elf/4.1.0/libgcc.a(_ge_df.o)
                                                  /usr/local/arm/lib/gcc/arm-elf/4.1.0/../../../../arm-elf/lib/libc.a(dtoa.o)
__gtdf2                                           /usr/local/arm/lib/gcc/arm-elf/4.1.0/libgcc.a(_gt_df.o)
                                                  /usr/local/arm/lib/gcc/arm-elf/4.1.0/../../../../arm-elf/lib/libc.a(dtoa.o)
__lc_ctype                                        /usr/local/arm/lib/gcc/arm-elf/4.1.0/../../../../arm-elf/lib/libc.a(locale.o)
                                                  /usr/local/arm/lib/gcc/arm-elf/4.1.0/../../../../arm-elf/lib/libc.a(wctomb_r.o)
__locale_charset                                  /usr/local/arm/lib/gcc/arm-elf/4.1.0/../../../../arm-elf/lib/libc.a(locale.o)
__ltdf2                                           /usr/local/arm/lib/gcc/arm-elf/4.1.0/libgcc.a(_lt_df.o)
                                                  /usr/local/arm/lib/gcc/arm-elf/4.1.0/../../../../arm-elf/lib/libc.a(dtoa.o)
                                                  /usr/local/arm/lib/gcc/arm-elf/4.1.0/../../../../arm-elf/lib/libc.a(vfprintf.o)
__malloc_av_                                      /usr/local/arm/lib/gcc/arm-elf/4.1.0/../../../../arm-elf/lib/libc.a(mallocr.o)
                                                  /usr/local/arm/lib/gcc/arm-elf/4.1.0/../../../../arm-elf/lib/libc.a(reallocr.o)
                                                  /usr/local/arm/lib/gcc/arm-elf/4.1.0/../../../../arm-elf/lib/libc.a(freer.o)
__malloc_current_mallinfo                         /usr/local/arm/lib/gcc/arm-elf/4.1.0/../../../../arm-elf/lib/libc.a(mallocr.o)
                                                  /usr/local/arm/lib/gcc/arm-elf/4.1.0/../../../../arm-elf/lib/libc.a(freer.o)
__malloc_lock                                     /usr/local/arm/lib/gcc/arm-elf/4.1.0/../../../../arm-elf/lib/libc.a(mlock.o)
                                                  /usr/local/arm/lib/gcc/arm-elf/4.1.0/../../../../arm-elf/lib/libc.a(reallocr.o)
                                                  /usr/local/arm/lib/gcc/arm-elf/4.1.0/../../../../arm-elf/lib/libc.a(mallocr.o)
                                                  /usr/local/arm/lib/gcc/arm-elf/4.1.0/../../../../arm-elf/lib/libc.a(freer.o)
__malloc_max_sbrked_mem                           /usr/local/arm/lib/gcc/arm-elf/4.1.0/../../../../arm-elf/lib/libc.a(mallocr.o)
__malloc_max_total_mem                            /usr/local/arm/lib/gcc/arm-elf/4.1.0/../../../../arm-elf/lib/libc.a(mallocr.o)
__malloc_sbrk_base                                /usr/local/arm/lib/gcc/arm-elf/4.1.0/../../../../arm-elf/lib/libc.a(mallocr.o)
                                                  /usr/local/arm/lib/gcc/arm-elf/4.1.0/../../../../arm-elf/lib/libc.a(freer.o)
__malloc_top_pad                                  /usr/local/arm/lib/gcc/arm-elf/4.1.0/../../../../arm-elf/lib/libc.a(mallocr.o)
                                                  /usr/local/arm/lib/gcc/arm-elf/4.1.0/../../../../arm-elf/lib/libc.a(freer.o)
__malloc_trim_threshold                           /usr/local/arm/lib/gcc/arm-elf/4.1.0/../../../../arm-elf/lib/libc.a(mallocr.o)
                                                  /usr/local/arm/lib/gcc/arm-elf/4.1.0/../../../../arm-elf/lib/libc.a(freer.o)
__malloc_unlock                                   /usr/local/arm/lib/gcc/arm-elf/4.1.0/../../../../arm-elf/lib/libc.a(mlock.o)
                                                  /usr/local/arm/lib/gcc/arm-elf/4.1.0/../../../../arm-elf/lib/libc.a(reallocr.o)
                                                  /usr/local/arm/lib/gcc/arm-elf/4.1.0/../../../../arm-elf/lib/libc.a(mallocr.o)
                                                  /usr/local/arm/lib/gcc/arm-elf/4.1.0/../../../../arm-elf/lib/libc.a(freer.o)
__mb_cur_max                                      /usr/local/arm/lib/gcc/arm-elf/4.1.0/../../../../arm-elf/lib/libc.a(locale.o)
__mcmp                                            /usr/local/arm/lib/gcc/arm-elf/4.1.0/../../../../arm-elf/lib/libc.a(mprec.o)
                                                  /usr/local/arm/lib/gcc/arm-elf/4.1.0/../../../../arm-elf/lib/libc.a(dtoa.o)
__mdiff                                           /usr/local/arm/lib/gcc/arm-elf/4.1.0/../../../../arm-elf/lib/libc.a(mprec.o)
                                                  /usr/local/arm/lib/gcc/arm-elf/4.1.0/../../../../arm-elf/lib/libc.a(dtoa.o)
__mlocale_changed                                 /usr/local/arm/lib/gcc/arm-elf/4.1.0/../../../../arm-elf/lib/libc.a(locale.o)
__mprec_bigtens                                   /usr/local/arm/lib/gcc/arm-elf/4.1.0/../../../../arm-elf/lib/libc.a(mprec.o)
                                                  /usr/local/arm/lib/gcc/arm-elf/4.1.0/../../../../arm-elf/lib/libc.a(dtoa.o)
__mprec_tens                                      /usr/local/arm/lib/gcc/arm-elf/4.1.0/../../../../arm-elf/lib/libc.a(mprec.o)
                                                  /usr/local/arm/lib/gcc/arm-elf/4.1.0/../../../../arm-elf/lib/libc.a(dtoa.o)
__mprec_tinytens                                  /usr/local/arm/lib/gcc/arm-elf/4.1.0/../../../../arm-elf/lib/libc.a(mprec.o)
__muldf3                                          /usr/local/arm/lib/gcc/arm-elf/4.1.0/libgcc.a(_mul_df.o)
                                                  /usr/local/arm/lib/gcc/arm-elf/4.1.0/../../../../arm-elf/lib/libc.a(mprec.o)
                                                  /usr/local/arm/lib/gcc/arm-elf/4.1.0/../../../../arm-elf/lib/libc.a(dtoa.o)
__nedf2                                           /usr/local/arm/lib/gcc/arm-elf/4.1.0/libgcc.a(_ne_df.o)
                                                  /usr/local/arm/lib/gcc/arm-elf/4.1.0/../../../../arm-elf/lib/libc.a(dtoa.o)
                                                  /usr/local/arm/lib/gcc/arm-elf/4.1.0/../../../../arm-elf/lib/libc.a(vfprintf.o)
__nlocale_changed                                 /usr/local/arm/lib/gcc/arm-elf/4.1.0/../../../../arm-elf/lib/libc.a(locale.o)
__pack_d                                          /usr/local/arm/lib/gcc/arm-elf/4.1.0/libgcc.a(_pack_df.o)
                                                  /usr/local/arm/lib/gcc/arm-elf/4.1.0/libgcc.a(_si_to_df.o)
                                                  /usr/local/arm/lib/gcc/arm-elf/4.1.0/libgcc.a(_div_df.o)
                                                  /usr/local/arm/lib/gcc/arm-elf/4.1.0/libgcc.a(_mul_df.o)
                                                  /usr/local/arm/lib/gcc/arm-elf/4.1.0/libgcc.a(_addsub_df.o)
__sclose                                          /usr/local/arm/lib/gcc/arm-elf/4.1.0/../../../../arm-elf/lib/libc.a(stdio.o)
                                                  /usr/local/arm/lib/gcc/arm-elf/4.1.0/../../../../arm-elf/lib/libc.a(findfp.o)
__sfmoreglue                                      /usr/local/arm/lib/gcc/arm-elf/4.1.0/../../../../arm-elf/lib/libc.a(findfp.o)
__sfp                                             /usr/local/arm/lib/gcc/arm-elf/4.1.0/../../../../arm-elf/lib/libc.a(findfp.o)
__sfp_lock_acquire                                /usr/local/arm/lib/gcc/arm-elf/4.1.0/../../../../arm-elf/lib/libc.a(findfp.o)