Archive member included because of file (symbol)

/home/maska/ATMEL/arm-gnu-toolchain-linux-2/bin/../lib/gcc/arm-elf/4.1.0/../../../../arm-elf/lib/thumb/interwork/libc.a(sprintf.o)
                              main.o (sprintf)
/home/maska/ATMEL/arm-gnu-toolchain-linux-2/bin/../lib/gcc/arm-elf/4.1.0/../../../../arm-elf/lib/thumb/interwork/libc.a(strcpy.o)
                              main.o (strcpy)
/home/maska/ATMEL/arm-gnu-toolchain-linux-2/bin/../lib/gcc/arm-elf/4.1.0/../../../../arm-elf/lib/thumb/interwork/libc.a(strlen.o)
                              main.o (strlen)
/home/maska/ATMEL/arm-gnu-toolchain-linux-2/bin/../lib/gcc/arm-elf/4.1.0/../../../../arm-elf/lib/thumb/interwork/libc.a(vfprintf.o)
                              /home/maska/ATMEL/arm-gnu-toolchain-linux-2/bin/../lib/gcc/arm-elf/4.1.0/../../../../arm-elf/lib/thumb/interwork/libc.a(sprintf.o) (_vfprintf_r)
/home/maska/ATMEL/arm-gnu-toolchain-linux-2/bin/../lib/gcc/arm-elf/4.1.0/../../../../arm-elf/lib/thumb/interwork/libc.a(wcrtomb.o)
                              /home/maska/ATMEL/arm-gnu-toolchain-linux-2/bin/../lib/gcc/arm-elf/4.1.0/../../../../arm-elf/lib/thumb/interwork/libc.a(vfprintf.o) (_wcrtomb_r)
/home/maska/ATMEL/arm-gnu-toolchain-linux-2/bin/../lib/gcc/arm-elf/4.1.0/../../../../arm-elf/lib/thumb/interwork/libc.a(wcsrtombs.o)
                              /home/maska/ATMEL/arm-gnu-toolchain-linux-2/bin/../lib/gcc/arm-elf/4.1.0/../../../../arm-elf/lib/thumb/interwork/libc.a(vfprintf.o) (_wcsrtombs_r)
/home/maska/ATMEL/arm-gnu-toolchain-linux-2/bin/../lib/gcc/arm-elf/4.1.0/../../../../arm-elf/lib/thumb/interwork/libc.a(wctomb_r.o)
                              /home/maska/ATMEL/arm-gnu-toolchain-linux-2/bin/../lib/gcc/arm-elf/4.1.0/../../../../arm-elf/lib/thumb/interwork/libc.a(wcrtomb.o) (_wctomb_r)
/home/maska/ATMEL/arm-gnu-toolchain-linux-2/bin/../lib/gcc/arm-elf/4.1.0/../../../../arm-elf/lib/thumb/interwork/libc.a(wsetup.o)
                              /home/maska/ATMEL/arm-gnu-toolchain-linux-2/bin/../lib/gcc/arm-elf/4.1.0/../../../../arm-elf/lib/thumb/interwork/libc.a(vfprintf.o) (__swsetup)
/home/maska/ATMEL/arm-gnu-toolchain-linux-2/bin/../lib/gcc/arm-elf/4.1.0/../../../../arm-elf/lib/thumb/interwork/libc.a(dtoa.o)
                              /home/maska/ATMEL/arm-gnu-toolchain-linux-2/bin/../lib/gcc/arm-elf/4.1.0/../../../../arm-elf/lib/thumb/interwork/libc.a(vfprintf.o) (_dtoa_r)
/home/maska/ATMEL/arm-gnu-toolchain-linux-2/bin/../lib/gcc/arm-elf/4.1.0/../../../../arm-elf/lib/thumb/interwork/libc.a(fflush.o)
                              /home/maska/ATMEL/arm-gnu-toolchain-linux-2/bin/../lib/gcc/arm-elf/4.1.0/../../../../arm-elf/lib/thumb/interwork/libc.a(vfprintf.o) (fflush)
/home/maska/ATMEL/arm-gnu-toolchain-linux-2/bin/../lib/gcc/arm-elf/4.1.0/../../../../arm-elf/lib/thumb/interwork/libc.a(findfp.o)
                              /home/maska/ATMEL/arm-gnu-toolchain-linux-2/bin/../lib/gcc/arm-elf/4.1.0/../../../../arm-elf/lib/thumb/interwork/libc.a(vfprintf.o) (__sinit)
/home/maska/ATMEL/arm-gnu-toolchain-linux-2/bin/../lib/gcc/arm-elf/4.1.0/../../../../arm-elf/lib/thumb/interwork/libc.a(freer.o)
                              /home/maska/ATMEL/arm-gnu-toolchain-linux-2/bin/../lib/gcc/arm-elf/4.1.0/../../../../arm-elf/lib/thumb/interwork/libc.a(vfprintf.o) (_free_r)
/home/maska/ATMEL/arm-gnu-toolchain-linux-2/bin/../lib/gcc/arm-elf/4.1.0/../../../../arm-elf/lib/thumb/interwork/libc.a(fvwrite.o)
                              /home/maska/ATMEL/arm-gnu-toolchain-linux-2/bin/../lib/gcc/arm-elf/4.1.0/../../../../arm-elf/lib/thumb/interwork/libc.a(vfprintf.o) (__sfvwrite)
/home/maska/ATMEL/arm-gnu-toolchain-linux-2/bin/../lib/gcc/arm-elf/4.1.0/../../../../arm-elf/lib/thumb/interwork/libc.a(fwalk.o)
                              /home/maska/ATMEL/arm-gnu-toolchain-linux-2/bin/../lib/gcc/arm-elf/4.1.0/../../../../arm-elf/lib/thumb/interwork/libc.a(fflush.o) (_fwalk)
/home/maska/ATMEL/arm-gnu-toolchain-linux-2/bin/../lib/gcc/arm-elf/4.1.0/../../../../arm-elf/lib/thumb/interwork/libc.a(impure.o)
                              /home/maska/ATMEL/arm-gnu-toolchain-linux-2/bin/../lib/gcc/arm-elf/4.1.0/../../../../arm-elf/lib/thumb/interwork/libc.a(sprintf.o) (_impure_ptr)
/home/maska/ATMEL/arm-gnu-toolchain-linux-2/bin/../lib/gcc/arm-elf/4.1.0/../../../../arm-elf/lib/thumb/interwork/libc.a(locale.o)
                              /home/maska/ATMEL/arm-gnu-toolchain-linux-2/bin/../lib/gcc/arm-elf/4.1.0/../../../../arm-elf/lib/thumb/interwork/libc.a(vfprintf.o) (localeconv)
/home/maska/ATMEL/arm-gnu-toolchain-linux-2/bin/../lib/gcc/arm-elf/4.1.0/../../../../arm-elf/lib/thumb/interwork/libc.a(makebuf.o)
                              /home/maska/ATMEL/arm-gnu-toolchain-linux-2/bin/../lib/gcc/arm-elf/4.1.0/../../../../arm-elf/lib/thumb/interwork/libc.a(wsetup.o) (__smakebuf)
/home/maska/ATMEL/arm-gnu-toolchain-linux-2/bin/../lib/gcc/arm-elf/4.1.0/../../../../arm-elf/lib/thumb/interwork/libc.a(mallocr.o)
[...]
Memory Configuration

Name             Origin             Length             Attributes
CODE             0x00100000         0x00010000         xr
DATA             0x00200000         0x00004000         rw
STACK            0x00204000         0x00000000         rw
*default*        0x00000000         0xffffffff

Linker script and memory map

LOAD Cstartup.o
LOAD main.o
LOAD Cstartup_SAM7.o
LOAD interrupt_timer.o
LOAD interrupt_Usart.o
LOAD cdc_enumerate.o
LOAD syscalls.o
LOAD /home/maska/ATMEL/arm-gnu-toolchain-linux-2/bin/../lib/gcc/arm-elf/4.1.0/../../../../arm-elf/lib/thumb/interwork/libc.a
LOAD /home/maska/ATMEL/arm-gnu-toolchain-linux-2/bin/../lib/gcc/arm-elf/4.1.0/../../../../arm-elf/lib/thumb/interwork/libm.a
LOAD /home/maska/ATMEL/arm-gnu-toolchain-linux-2/bin/../lib/gcc/arm-elf/4.1.0/../../../../arm-elf/lib/thumb/interwork/libc.a
LOAD /home/maska/ATMEL/arm-gnu-toolchain-linux-2/bin/../lib/gcc/arm-elf/4.1.0/thumb/interwork/libgcc.a
START GROUP
LOAD /home/maska/ATMEL/arm-gnu-toolchain-linux-2/bin/../lib/gcc/arm-elf/4.1.0/thumb/interwork/libgcc.a
LOAD /home/maska/ATMEL/arm-gnu-toolchain-linux-2/bin/../lib/gcc/arm-elf/4.1.0/../../../../arm-elf/lib/thumb/interwork/libg.a
LOAD /home/maska/ATMEL/arm-gnu-toolchain-linux-2/bin/../lib/gcc/arm-elf/4.1.0/../../../../arm-elf/lib/thumb/interwork/libc.a
END GROUP
                0x00000000                . = 0x0

.text           0x00100000     0x72e8
 *Cstartup.o(.text)
 .text          0x00100000      0x13c Cstartup.o
                0x001000bc                IRQ_Handler_Entry
                0x0010010c                AT91F_Default_FIQ_handler
                0x00100000                _startup
                0x00100110                AT91F_Default_IRQ_handler
                0x00100114                AT91F_Spurious_handler
                0x001000b8                exit
 *(.text)
 .text          0x0010013c      0x344 main.o
                0x0010013c                at91_IRQ0_handler
                0x001001e4                AT91F_USB_Open
                0x00100290                main
                0x00100238                aic_software_interrupt
                0x001001b0                printTrace
                0x00100150                delay
                0x00100184                Delay
                0x00100258                pio_c_irq_handler
 .text          0x00100480       0xdc Cstartup_SAM7.o
                0x00100480                AT91F_LowLevelInit
 .text          0x0010055c      0x1b8 interrupt_timer.o
                0x00100644                timer_init
                0x00100604                timer0_c_irq_handler
                0x001005c4                timer1_c_irq_handler
                0x00100594                AT91F_TC_Open
 .text          0x00100714      0x18c interrupt_Usart.o
                0x00100838                Usart_c_irq_handler
                0x00100714                Usart_init
 .text          0x001008a0      0x724 cdc_enumerate.o
                0x001009a0                AT91F_USB_SendZlp
                0x001009d4                AT91F_USB_SendStall
                0x001008a0                AT91F_CDC_Open
 .text          0x00100fc4      0x124 syscalls.o
                0x0010109c                _lseek_r
                0x001010a4                _fstat_r
                0x001010b4                isatty
                0x001010bc                _sbrk_r
                0x00100fe8                _read_r
                0x00101094                _close_r
                0x00101050                _write_r
 .text          0x001010e8       0x84 /home/maska/ATMEL/arm-gnu-toolchain-linux-2/bin/../lib/gcc/arm-elf/4.1.0/../../../../arm-elf/lib/thumb/interwork/libc.a(sprintf.o)
                0x0010112c                _sprintf_r
                0x001010e8                sprintf
 .text          0x0010116c       0x50 /home/maska/ATMEL/arm-gnu-toolchain-linux-2/bin/../lib/gcc/arm-elf/4.1.0/../../../../arm-elf/lib/thumb/interwork/libc.a(strcpy.o)
                0x0010116c                strcpy
 .text          0x001011bc       0x50 /home/maska/ATMEL/arm-gnu-toolchain-linux-2/bin/../lib/gcc/arm-elf/4.1.0/../../../../arm-elf/lib/thumb/interwork/libc.a(strlen.o)
                0x001011bc                strlen
 .text          0x0010120c     0x1a60 /home/maska/ATMEL/arm-gnu-toolchain-linux-2/bin/../lib/gcc/arm-elf/4.1.0/../../../../arm-elf/lib/thumb/interwork/libc.a(vfprintf.o)
                0x0010122c                _vfprintf_r
                0x00102c4c                vfprintf
 .text          0x00102c6c       0x54 /home/maska/ATMEL/arm-gnu-toolchain-linux-2/bin/../lib/gcc/arm-elf/4.1.0/../../../../arm-elf/lib/thumb/interwork/libc.a(wcrtomb.o)
                0x00102c6c                _wcrtomb_r
                0x00102ca0                wcrtomb
 .text          0x00102cc0      0x10c /home/maska/ATMEL/arm-gnu-toolchain-linux-2/bin/../lib/gcc/arm-elf/4.1.0/../../../../arm-elf/lib/thumb/interwork/libc.a(wcsrtombs.o)
                0x00102cc0                _wcsrtombs_r
                0x00102da4                wcsrtombs
 .text          0x00102dcc      0x2b8 /home/maska/ATMEL/arm-gnu-toolchain-linux-2/bin/../lib/gcc/arm-elf/4.1.0/../../../../arm-elf/lib/thumb/interwork/libc.a(wctomb_r.o)
                0x00102dcc                _wctomb_r
 .text          0x00103084       0xa0 /home/maska/ATMEL/arm-gnu-toolchain-linux-2/bin/../lib/gcc/arm-elf/4.1.0/../../../../arm-elf/lib/thumb/interwork/libc.a(wsetup.o)
                0x00103084                __swsetup
 .text          0x00103124      0xf28 /home/maska/ATMEL/arm-gnu-toolchain-linux-2/bin/../lib/gcc/arm-elf/4.1.0/../../../../arm-elf/lib/thumb/interwork/libc.a(dtoa.o)
                0x00103274                _dtoa_r
 .text          0x0010404c       0x90 /home/maska/ATMEL/arm-gnu-toolchain-linux-2/bin/../lib/gcc/arm-elf/4.1.0/../../../../arm-elf/lib/thumb/interwork/libc.a(fflush.o)
                0x0010404c                fflush
 .text          0x001040dc      0x1c4 /home/maska/ATMEL/arm-gnu-toolchain-linux-2/bin/../lib/gcc/arm-elf/4.1.0/../../../../arm-elf/lib/thumb/interwork/libc.a(findfp.o)
                0x00104124                __sinit
                0x001041dc                __sfmoreglue
                0x001041c8                _cleanup
                0x001041b8                _cleanup_r
                0x001041a0                __fp_lock_all
                0x00104114                __sfp_lock_acquire
                0x00104214                __sfp
                0x00104120                __sinit_lock_release
                0x00104188                __fp_unlock_all
                0x00104118                __sfp_lock_release
                0x0010411c                __sinit_lock_acquire
 .text          0x001042a0      0x268 /home/maska/ATMEL/arm-gnu-toolchain-linux-2/bin/../lib/gcc/arm-elf/4.1.0/../../../../arm-elf/lib/thumb/interwork/libc.a(freer.o)
                0x00104340                _free_r
                0x001042a0                _malloc_trim_r
 .text          0x00104508      0x298 /home/maska/ATMEL/arm-gnu-toolchain-linux-2/bin/../lib/gcc/arm-elf/4.1.0/../../../../arm-elf/lib/thumb/interwork/libc.a(fvwrite.o)
                0x00104508                __sfvwrite
 .text          0x001047a0       0xf0 /home/maska/ATMEL/arm-gnu-toolchain-linux-2/bin/../lib/gcc/arm-elf/4.1.0/../../../../arm-elf/lib/thumb/interwork/libc.a(fwalk.o)
                0x00104818                _fwalk
                0x001047a0                _fwalk_reent
 .text          0x00104890       0x88 /home/maska/ATMEL/arm-gnu-toolchain-linux-2/bin/../lib/gcc/arm-elf/4.1.0/../../../../arm-elf/lib/thumb/interwork/libc.a(locale.o)
                0x001048b8                _setlocale_r
                0x00104890                __locale_charset
                0x0010489c                _localeconv_r
                0x001048fc                setlocale
                0x001048a4                localeconv
 .text          0x00104918       0xdc /home/maska/ATMEL/arm-gnu-toolchain-linux-2/bin/../lib/gcc/arm-elf/4.1.0/../../../../arm-elf/lib/thumb/interwork/libc.a(makebuf.o)
                0x00104918                __smakebuf
 .text          0x001049f4      0x538 /home/maska/ATMEL/arm-gnu-toolchain-linux-2/bin/../lib/gcc/arm-elf/4.1.0/../../../../arm-elf/lib/thumb/interwork/libc.a(mallocr.o)
                0x001049f4                _malloc_r
 .text          0x00104f2c       0xbc /home/maska/ATMEL/arm-gnu-toolchain-linux-2/bin/../lib/gcc/arm-elf/4.1.0/../../../../arm-elf/lib/thumb/interwork/libc.a(memchr.o)
                0x00104f2c                memchr
 .text          0x00104fe8       0x64 /home/maska/ATMEL/arm-gnu-toolchain-linux-2/bin/../lib/gcc/arm-elf/4.1.0/../../../../arm-elf/lib/thumb/interwork/libc.a(memcpy.o)
                0x00104fe8                memcpy
 .text          0x0010504c       0x8c /home/maska/ATMEL/arm-gnu-toolchain-linux-2/bin/../lib/gcc/arm-elf/4.1.0/../../../../arm-elf/lib/thumb/interwork/libc.a(memmove.o)
                0x0010504c                memmove
 .text          0x001050d8       0x64 /home/maska/ATMEL/arm-gnu-toolchain-linux-2/bin/../lib/gcc/arm-elf/4.1.0/../../../../arm-elf/lib/thumb/interwork/libc.a(memset.o)
                0x001050d8                memset
 .text          0x0010513c        0x8 /home/maska/ATMEL/arm-gnu-toolchain-linux-2/bin/../lib/gcc/arm-elf/4.1.0/../../../../arm-elf/lib/thumb/interwork/libc.a(mlock.o)
                0x00105140                __malloc_unlock
                0x0010513c                __malloc_lock
 .text          0x00105144      0x8c0 /home/maska/ATMEL/arm-gnu-toolchain-linux-2/bin/../lib/gcc/arm-elf/4.1.0/../../../../arm-elf/lib/thumb/interwork/libc.a(mprec.o)
                0x001053bc                _mprec_log10
                0x0010515c                _hi0bits
                0x001053fc                _Balloc
                0x00105458                _d2b
                0x001056d4                _multiply
                0x00105368                _ratio
                0x00105974                _s2b
                0x00105824                _i2b
                0x001051a4                _lo0bits
                0x00105210                __mcmp
                0x001058d8                _pow5mult
                0x00105250                _ulp
                0x001052a0                _b2d
                0x0010583c                _multadd
                0x00105540                __mdiff
                0x00105628                _lshift
                0x00105144                _Bfree
 .text          0x00105a04      0x3d8 /home/maska/ATMEL/arm-gnu-toolchain-linux-2/bin/../lib/gcc/arm-elf/4.1.0/../../../../arm-elf/lib/thumb/interwork/libc.a(reallocr.o)
                0x00105a04                _realloc_r
 .text          0x00105ddc       0x24 /home/maska/ATMEL/arm-gnu-toolchain-linux-2/bin/../lib/gcc/arm-elf/4.1.0/../../../../arm-elf/lib/thumb/interwork/libc.a(s_isinf.o)
                0x00105ddc                isinf
 .text          0x00105e00       0x1c /home/maska/ATMEL/arm-gnu-toolchain-linux-2/bin/../lib/gcc/arm-elf/4.1.0/../../../../arm-elf/lib/thumb/interwork/libc.a(s_isnan.o)
                0x00105e00                isnan
 .text          0x00105e1c       0xd8 /home/maska/ATMEL/arm-gnu-toolchain-linux-2/bin/../lib/gcc/arm-elf/4.1.0/../../../../arm-elf/lib/thumb/interwork/libc.a(stdio.o)
                0x00105e34                __sseek
                0x00105ebc                __sread
                0x00105e1c                __sclose
                0x00105e74                __swrite
 .text          0x00105ef4       0x68 /home/maska/ATMEL/arm-gnu-toolchain-linux-2/bin/../lib/gcc/arm-elf/4.1.0/../../../../arm-elf/lib/thumb/interwork/libc.a(strcmp.o)
                0x00105ef4                strcmp
 .text          0x00105f5c       0x60 /home/maska/ATMEL/arm-gnu-toolchain-linux-2/bin/../lib/gcc/arm-elf/4.1.0/../../../../arm-elf/lib/thumb/interwork/libc.a(callocr.o)
                0x00105f5c                _calloc_r
 .text          0x00105fbc       0xbc /home/maska/ATMEL/arm-gnu-toolchain-linux-2/bin/../lib/gcc/arm-elf/4.1.0/../../../../arm-elf/lib/thumb/interwork/libc.a(fclose.o)
                0x00105fbc                _fclose_r
                0x00106060                fclose
 .text          0x00106078       0x8c /home/maska/ATMEL/arm-gnu-toolchain-linux-2/bin/../lib/gcc/arm-elf/4.1.0/thumb/interwork/libgcc.a(_udivsi3.o)
                0x00106078                __udivsi3
                0x00106078                __aeabi_uidiv
                0x001060f4                __aeabi_uidivmod
 .text          0x00106104       0xa4 /home/maska/ATMEL/arm-gnu-toolchain-linux-2/bin/../lib/gcc/arm-elf/4.1.0/thumb/interwork/libgcc.a(_divsi3.o)
                0x00106104                __aeabi_idiv
                0x00106104                __divsi3
                0x00106198                __aeabi_idivmod
 .text          0x001061a8       0xc8 /home/maska/ATMEL/arm-gnu-toolchain-linux-2/bin/../lib/gcc/arm-elf/4.1.0/thumb/interwork/libgcc.a(_umodsi3.o)
                0x001061a8                __umodsi3
 .text          0x00106270       0xd8 /home/maska/ATMEL/arm-gnu-toolchain-linux-2/bin/../lib/gcc/arm-elf/4.1.0/thumb/interwork/libgcc.a(_modsi3.o)
                0x00106270                __modsi3
 .text          0x00106348        0x4 /home/maska/ATMEL/arm-gnu-toolchain-linux-2/bin/../lib/gcc/arm-elf/4.1.0/thumb/interwork/libgcc.a(_dvmd_tls.o)
                0x00106348                __aeabi_ldiv0
                0x00106348                __div0
                0x00106348                __aeabi_idiv0
 .text          0x0010634c      0x328 /home/maska/ATMEL/arm-gnu-toolchain-linux-2/bin/../lib/gcc/arm-elf/4.1.0/thumb/interwork/libgcc.a(_addsub_df.o)
                0x0010663c                __adddf3
                0x001065fc                __subdf3
 .text          0x00106674      0x2ac /home/maska/ATMEL/arm-gnu-toolchain-linux-2/bin/../lib/gcc/arm-elf/4.1.0/thumb/interwork/libgcc.a(_mul_df.o)
                0x001066ac                __muldf3
 .text          0x00106920      0x1ac /home/maska/ATMEL/arm-gnu-toolchain-linux-2/bin/../lib/gcc/arm-elf/4.1.0/thumb/interwork/libgcc.a(_div_df.o)
                0x00106958                __divdf3
 .text          0x00106acc       0x58 /home/maska/ATMEL/arm-gnu-toolchain-linux-2/bin/../lib/gcc/arm-elf/4.1.0/thumb/interwork/libgcc.a(_eq_df.o)
                0x00106adc                __eqdf2
 .text          0x00106b24       0x58 /home/maska/ATMEL/arm-gnu-toolchain-linux-2/bin/../lib/gcc/arm-elf/4.1.0/thumb/interwork/libgcc.a(_ne_df.o)
                0x00106b34                __nedf2
 .text          0x00106b7c       0x58 /home/maska/ATMEL/arm-gnu-toolchain-linux-2/bin/../lib/gcc/arm-elf/4.1.0/thumb/interwork/libgcc.a(_gt_df.o)
                0x00106b8c                __gtdf2
 .text          0x00106bd4       0x58 /home/maska/ATMEL/arm-gnu-toolchain-linux-2/bin/../lib/gcc/arm-elf/4.1.0/thumb/interwork/libgcc.a(_ge_df.o)
                0x00106be4                __gedf2
 .text          0x00106c2c       0x58 /home/maska/ATMEL/arm-gnu-toolchain-linux-2/bin/../lib/gcc/arm-elf/4.1.0/thumb/interwork/libgcc.a(_lt_df.o)
                0x00106c3c                __ltdf2
 .text          0x00106c84       0x8c /home/maska/ATMEL/arm-gnu-toolchain-linux-2/bin/../lib/gcc/arm-elf/4.1.0/thumb/interwork/libgcc.a(_si_to_df.o)
                0x00106c84                __floatsidf
 .text          0x00106d10       0xb4 /home/maska/ATMEL/arm-gnu-toolchain-linux-2/bin/../lib/gcc/arm-elf/4.1.0/thumb/interwork/libgcc.a(_df_to_si.o)
                0x00106d40                __fixdfsi
 .text          0x00106dc4       0x84 /home/maska/ATMEL/arm-gnu-toolchain-linux-2/bin/../lib/gcc/arm-elf/4.1.0/thumb/interwork/libgcc.a(_muldi3.o)
                0x00106dc4                __muldi3
 .text          0x00106e48      0x290 /home/maska/ATMEL/arm-gnu-toolchain-linux-2/bin/../lib/gcc/arm-elf/4.1.0/thumb/interwork/libgcc.a(_pack_df.o)
                0x00106e78                __pack_d
 .text          0x001070d8       0xc4 /home/maska/ATMEL/arm-gnu-toolchain-linux-2/bin/../lib/gcc/arm-elf/4.1.0/thumb/interwork/libgcc.a(_unpack_df.o)
                0x001070d8                __unpack_d
 .text          0x0010719c       0xf0 /home/maska/ATMEL/arm-gnu-toolchain-linux-2/bin/../lib/gcc/arm-elf/4.1.0/thumb/interwork/libgcc.a(_fpcmp_parts_df.o)
                0x001071cc                __fpcmp_parts_d
 *(.glue_7t)
 .glue_7t       0x0010728c       0x38 /home/maska/ATMEL/arm-gnu-toolchain-linux-2/bin/../lib/gcc/arm-elf/4.1.0/thumb/interwork/libgcc.a(_fpcmp_parts_df.o)
                0x00107290                ___sbrk_r_change_to_arm
                0x001072bc                ___read_r_from_thumb
                0x00107294                ___fstat_r_from_thumb
                0x001072a0                __isatty_change_to_arm
                0x001072a8                ___close_r_change_to_arm
                0x001072c0                ___read_r_change_to_arm
                0x00107298                ___fstat_r_change_to_arm
                0x001072b0                ___lseek_r_change_to_arm
                0x001072b8                ___write_r_change_to_arm
                0x001072ac                ___lseek_r_from_thumb
                0x001072a4                ___close_r_from_thumb
                0x0010728c                ___sbrk_r_from_thumb
                0x001072b4                ___write_r_from_thumb
                0x0010729c                __isatty_from_thumb
 *(.glue_7)
 .glue_7        0x001072c4       0x24 /home/maska/ATMEL/arm-gnu-toolchain-linux-2/bin/../lib/gcc/arm-elf/4.1.0/thumb/interwork/libgcc.a(_fpcmp_parts_df.o)
                0x001072d0                __strcpy_from_arm
                0x001072c4                __strlen_from_arm
                0x001072dc                __sprintf_from_arm
                0x001072e8                . = ALIGN (0x4)

.rodata         0x001072e8      0x3c4
 *(.rodata)
 .rodata        0x001072e8       0x60 interrupt_Usart.o
 .rodata        0x00107348       0x55 cdc_enumerate.o
                0x0010735a                cfgDescriptor
                0x00107348                devDescriptor
 *fill*         0x0010739d        0x3 00
 .rodata        0x001073a0      0x184 /home/maska/ATMEL/arm-gnu-toolchain-linux-2/bin/../lib/gcc/arm-elf/4.1.0/../../../../arm-elf/lib/thumb/interwork/libc.a(vfprintf.o)
 .rodata        0x00107524       0x18 /home/maska/ATMEL/arm-gnu-toolchain-linux-2/bin/../lib/gcc/arm-elf/4.1.0/../../../../arm-elf/lib/thumb/interwork/libc.a(dtoa.o)
 .rodata        0x0010753c        0x4 /home/maska/ATMEL/arm-gnu-toolchain-linux-2/bin/../lib/gcc/arm-elf/4.1.0/../../../../arm-elf/lib/thumb/interwork/libc.a(impure.o)
                0x0010753c                _global_impure_ptr
 .rodata        0x00107540       0x34 /home/maska/ATMEL/arm-gnu-toolchain-linux-2/bin/../lib/gcc/arm-elf/4.1.0/../../../../arm-elf/lib/thumb/interwork/libc.a(locale.o)
 .rodata        0x00107574      0x124 /home/maska/ATMEL/arm-gnu-toolchain-linux-2/bin/../lib/gcc/arm-elf/4.1.0/../../../../arm-elf/lib/thumb/interwork/libc.a(mprec.o)
                0x00107664                __mprec_tinytens
                0x00107574                __mprec_tens
                0x0010763c                __mprec_bigtens
 .rodata        0x00107698       0x14 /home/maska/ATMEL/arm-gnu-toolchain-linux-2/bin/../lib/gcc/arm-elf/4.1.0/thumb/interwork/libgcc.a(_thenan_df.o)
                0x00107698                __thenan_df

.rodata.str1.4  0x001076ac       0xbb
 .rodata.str1.4
                0x001076ac       0x15 main.o
                                 0x18 (size before relaxing)
 *fill*         0x001076c1        0x3 00
 .rodata.str1.4
                0x001076c4       0x63 /home/maska/ATMEL/arm-gnu-toolchain-linux-2/bin/../lib/gcc/arm-elf/4.1.0/../../../../arm-elf/lib/thumb/interwork/libc.a(vfprintf.o)
                                 0x64 (size before relaxing)
 *fill*         0x00107727        0x1 00
 .rodata.str1.4
                0x00107728       0x1e /home/maska/ATMEL/arm-gnu-toolchain-linux-2/bin/../lib/gcc/arm-elf/4.1.0/../../../../arm-elf/lib/thumb/interwork/libc.a(wctomb_r.o)
                                 0x20 (size before relaxing)
 *fill*         0x00107746        0x2 00
 .rodata.str1.4
                0x00107748       0x10 /home/maska/ATMEL/arm-gnu-toolchain-linux-2/bin/../lib/gcc/arm-elf/4.1.0/../../../../arm-elf/lib/thumb/interwork/libc.a(dtoa.o)
                                 0x14 (size before relaxing)
 .rodata.str1.4
                0x00107758        0x2 /home/maska/ATMEL/arm-gnu-toolchain-linux-2/bin/../lib/gcc/arm-elf/4.1.0/../../../../arm-elf/lib/thumb/interwork/libc.a(impure.o)
                                  0x4 (size before relaxing)
 *fill*         0x0010775a        0x2 00
 .rodata.str1.4
                0x0010775c        0xb /home/maska/ATMEL/arm-gnu-toolchain-linux-2/bin/../lib/gcc/arm-elf/4.1.0/../../../../arm-elf/lib/thumb/interwork/libc.a(locale.o)
                                 0x18 (size before relaxing)
                0x00107768                . = ALIGN (0x4)
                0x00107768                _etext = .
                0x00107768                PROVIDE (etext, .)

.data           0x00200000      0x82c load address 0x00107768
                0x00200000                _data = .
 *(.data)
 .data          0x00200000        0x8 cdc_enumerate.o
                0x00200000                line
 .data          0x00200008      0x404 /home/maska/ATMEL/arm-gnu-toolchain-linux-2/bin/../lib/gcc/arm-elf/4.1.0/../../../../arm-elf/lib/thumb/interwork/libc.a(impure.o)
                0x00200008                _impure_ptr
 .data          0x0020040c       0x10 /home/maska/ATMEL/arm-gnu-toolchain-linux-2/bin/../lib/gcc/arm-elf/4.1.0/../../../../arm-elf/lib/thumb/interwork/libc.a(locale.o)
                0x0020040c                __mb_cur_max
                0x00200410                __lc_ctype
 .data          0x0020041c      0x410 /home/maska/ATMEL/arm-gnu-toolchain-linux-2/bin/../lib/gcc/arm-elf/4.1.0/../../../../arm-elf/lib/thumb/interwork/libc.a(mallocr.o)
                0x00200828                __malloc_sbrk_base
                0x0020041c                __malloc_av_
                0x00200824                __malloc_trim_threshold
                0x0020082c                . = ALIGN (0x4)
                0x0020082c                _edata = .
                0x0020082c                PROVIDE (edata, .)

.bss            0x0020082c      0x5e8
                0x0020082c                __bss_start = .
                0x0020082c                __bss_start__ = .
 *(.bss)
 .bss           0x0020082c        0x8 main.o
 .bss           0x00200834        0x1 cdc_enumerate.o
                0x00200834                csrIdx
 *fill*         0x00200835        0x3 00
 .bss           0x00200838        0x4 syscalls.o
 .bss           0x0020083c        0xc /home/maska/ATMEL/arm-gnu-toolchain-linux-2/bin/../lib/gcc/arm-elf/4.1.0/../../../../arm-elf/lib/thumb/interwork/libc.a(locale.o)
                0x0020083c                __nlocale_changed
                0x00200840                __mlocale_changed
                0x00200844                _PathLocale
 .bss           0x00200848       0x34 /home/maska/ATMEL/arm-gnu-toolchain-linux-2/bin/../lib/gcc/arm-elf/4.1.0/../../../../arm-elf/lib/thumb/interwork/libc.a(mallocr.o)
                0x00200848                __malloc_top_pad
                0x0020084c                __malloc_max_sbrked_mem
                0x00200854                __malloc_current_mallinfo
                0x00200850                __malloc_max_total_mem
 *(COMMON)
 COMMON         0x0020087c      0x400 main.o
                0x0020087c                msg
                0x00200c64                pCDC
 COMMON         0x00200c7c        0x8 interrupt_timer.o
                0x00200c7c                count_timer0_interrupt
                0x00200c80                count_timer1_interrupt
 COMMON         0x00200c84      0x190 cdc_enumerate.o
                0x00200c84                csrTab
                0x00200e14                . = ALIGN (0x4)
                0x00200e14                __bss_end__ = .
                0x00200e14                __bss_end__ = .
                0x00200e14                _end = .
                0x00200e14                PROVIDE (end, .)

.int_data       0x00204000        0x0
 *(.internal_ram_top)

.stab
 *(.stab)

.stabstr
 *(.stabstr)

.stab.excl
 *(.stab.excl)

.stab.exclstr
 *(.stab.exclstr)

.stab.index
 *(.stab.index)

.stab.indexstr
 *(.stab.indexstr)

.comment        0x00000000      0x3a8
 *(.comment)
 .comment       0x00000000       0x12 main.o
 .comment       0x00000012       0x12 Cstartup_SAM7.o
 .comment       0x00000024       0x12 interrupt_timer.o
 .comment       0x00000036       0x12 interrupt_Usart.o
 .comment       0x00000048       0x12 cdc_enumerate.o
 .comment       0x0000005a       0x12 syscalls.o
 .comment       0x0000006c       0x12 /home/maska/ATMEL/arm-gnu-toolchain-linux-2/bin/../lib/gcc/arm-elf/4.1.0/../../../../arm-elf/lib/thumb/interwork/libc.a(sprintf.o)
 .comment       0x0000007e       0x12 /home/maska/ATMEL/arm-gnu-toolchain-linux-2/bin/../lib/gcc/arm-elf/4.1.0/../../../../arm-elf/lib/thumb/interwork/libc.a(strcpy.o)
 .comment       0x00000090       0x12 /home/maska/ATMEL/arm-gnu-toolchain-linux-2/bin/../lib/gcc/arm-elf/4.1.0/../../../../arm-elf/lib/thumb/interwork/libc.a(strlen.o)
 .comment       0x000000a2       0x12 /home/maska/ATMEL/arm-gnu-toolchain-linux-2/bin/../lib/gcc/arm-elf/4.1.0/../../../../arm-elf/lib/thumb/interwork/libc.a(vfprintf.o)
 .comment       0x000000b4       0x12 /home/maska/ATMEL/arm-gnu-toolchain-linux-2/bin/../lib/gcc/arm-elf/4.1.0/../../../../arm-elf/lib/thumb/interwork/libc.a(wcrtomb.o)
 .comment       0x000000c6       0x12 /home/maska/ATMEL/arm-gnu-toolchain-linux-2/bin/../lib/gcc/arm-elf/4.1.0/../../../../arm-elf/lib/thumb/interwork/libc.a(wcsrtombs.o)
 .comment       0x000000d8       0x12 /home/maska/ATMEL/arm-gnu-toolchain-linux-2/bin/../lib/gcc/arm-elf/4.1.0/../../../../arm-elf/lib/thumb/interwork/libc.a(wctomb_r.o)
 .comment       0x000000ea       0x12 /home/maska/ATMEL/arm-gnu-toolchain-linux-2/bin/../lib/gcc/arm-elf/4.1.0/../../../../arm-elf/lib/thumb/interwork/libc.a(wsetup.o)
 .comment       0x000000fc       0x12 /home/maska/ATMEL/arm-gnu-toolchain-linux-2/bin/../lib/gcc/arm-elf/4.1.0/../../../../arm-elf/lib/thumb/interwork/libc.a(dtoa.o)
 .comment       0x0000010e       0x12 /home/maska/ATMEL/arm-gnu-toolchain-linux-2/bin/../lib/gcc/arm-elf/4.1.0/../../../../arm-elf/lib/thumb/interwork/libc.a(fflush.o)
 .comment       0x00000120       0x12 /home/maska/ATMEL/arm-gnu-toolchain-linux-2/bin/../lib/gcc/arm-elf/4.1.0/../../../../arm-elf/lib/thumb/interwork/libc.a(findfp.o)
 .comment       0x00000132       0x12 /home/maska/ATMEL/arm-gnu-toolchain-linux-2/bin/../lib/gcc/arm-elf/4.1.0/../../../../arm-elf/lib/thumb/interwork/libc.a(freer.o)
 .comment       0x00000144       0x12 /home/maska/ATMEL/arm-gnu-toolchain-linux-2/bin/../lib/gcc/arm-elf/4.1.0/../../../../arm-elf/lib/thumb/interwork/libc.a(fvwrite.o)
 .comment       0x00000156       0x12 /home/maska/ATMEL/arm-gnu-toolchain-linux-2/bin/../lib/gcc/arm-elf/4.1.0/../../../../arm-elf/lib/thumb/interwork/libc.a(fwalk.o)
 .comment       0x00000168       0x12 /home/maska/ATMEL/arm-gnu-toolchain-linux-2/bin/../lib/gcc/arm-elf/4.1.0/../../../../arm-elf/lib/thumb/interwork/libc.a(impure.o)
 .comment       0x0000017a       0x12 /home/maska/ATMEL/arm-gnu-toolchain-linux-2/bin/../lib/gcc/arm-elf/4.1.0/../../../../arm-elf/lib/thumb/interwork/libc.a(locale.o)
 .comment       0x0000018c       0x12 /home/maska/ATMEL/arm-gnu-toolchain-linux-2/bin/../lib/gcc/arm-elf/4.1.0/../../../../arm-elf/lib/thumb/interwork/libc.a(makebuf.o)
 .comment       0x0000019e       0x12 /home/maska/ATMEL/arm-gnu-toolchain-linux-2/bin/../lib/gcc/arm-elf/4.1.0/../../../../arm-elf/lib/thumb/interwork/libc.a(mallocr.o)
 .comment       0x000001b0       0x12 /home/maska/ATMEL/arm-gnu-toolchain-linux-2/bin/../lib/gcc/arm-elf/4.1.0/../../../../arm-elf/lib/thumb/interwork/libc.a(memchr.o)
 .comment       0x000001c2       0x12 /home/maska/ATMEL/arm-gnu-toolchain-linux-2/bin/../lib/gcc/arm-elf/4.1.0/../../../../arm-elf/lib/thumb/interwork/libc.a(memcpy.o)
 .comment       0x000001d4       0x12 /home/maska/ATMEL/arm-gnu-toolchain-linux-2/bin/../lib/gcc/arm-elf/4.1.0/../../../../arm-elf/lib/thumb/interwork/libc.a(memmove.o)
 .comment       0x000001e6       0x12 /home/maska/ATMEL/arm-gnu-toolchain-linux-2/bin/../lib/gcc/arm-elf/4.1.0/../../../../arm-elf/lib/thumb/interwork/libc.a(memset.o)
 .comment       0x000001f8       0x12 /home/maska/ATMEL/arm-gnu-toolchain-linux-2/bin/../lib/gcc/arm-elf/4.1.0/../../../../arm-elf/lib/thumb/interwork/libc.a(mlock.o)
 .comment       0x0000020a       0x12 /home/maska/ATMEL/arm-gnu-toolchain-linux-2/bin/../lib/gcc/arm-elf/4.1.0/../../../../arm-elf/lib/thumb/interwork/libc.a(mprec.o)
 .comment       0x0000021c       0x12 /home/maska/ATMEL/arm-gnu-toolchain-linux-2/bin/../lib/gcc/arm-elf/4.1.0/../../../../arm-elf/lib/thumb/interwork/libc.a(reallocr.o)
 .comment       0x0000022e       0x12 /home/maska/ATMEL/arm-gnu-toolchain-linux-2/bin/../lib/gcc/arm-elf/4.1.0/../../../../arm-elf/lib/thumb/interwork/libc.a(s_isinf.o)
 .comment       0x00000240       0x12 /home/maska/ATMEL/arm-gnu-toolchain-linux-2/bin/../lib/gcc/arm-elf/4.1.0/../../../../arm-elf/lib/thumb/interwork/libc.a(s_isnan.o)
 .comment       0x00000252       0x12 /home/maska/ATMEL/arm-gnu-toolchain-linux-2/bin/../lib/gcc/arm-elf/4.1.0/../../../../arm-elf/lib/thumb/interwork/libc.a(stdio.o)
 .comment       0x00000264       0x12 /home/maska/ATMEL/arm-gnu-toolchain-linux-2/bin/../lib/gcc/arm-elf/4.1.0/../../../../arm-elf/lib/thumb/interwork/libc.a(strcmp.o)
 .comment       0x00000276       0x12 /home/maska/ATMEL/arm-gnu-toolchain-linux-2/bin/../lib/gcc/arm-elf/4.1.0/../../../../arm-elf/lib/thumb/interwork/libc.a(callocr.o)
 .comment       0x00000288       0x12 /home/maska/ATMEL/arm-gnu-toolchain-linux-2/bin/../lib/gcc/arm-elf/4.1.0/../../../../arm-elf/lib/thumb/interwork/libc.a(fclose.o)
 .comment       0x0000029a       0x12 /home/maska/ATMEL/arm-gnu-toolchain-linux-2/bin/../lib/gcc/arm-elf/4.1.0/thumb/interwork/libgcc.a(_addsub_df.o)
 .comment       0x000002ac       0x12 /home/maska/ATMEL/arm-gnu-toolchain-linux-2/bin/../lib/gcc/arm-elf/4.1.0/thumb/interwork/libgcc.a(_mul_df.o)
 .comment       0x000002be       0x12 /home/maska/ATMEL/arm-gnu-toolchain-linux-2/bin/../lib/gcc/arm-elf/4.1.0/thumb/interwork/libgcc.a(_div_df.o)
 .comment       0x000002d0       0x12 /home/maska/ATMEL/arm-gnu-toolchain-linux-2/bin/../lib/gcc/arm-elf/4.1.0/thumb/interwork/libgcc.a(_eq_df.o)
 .comment       0x000002e2       0x12 /home/maska/ATMEL/arm-gnu-toolchain-linux-2/bin/../lib/gcc/arm-elf/4.1.0/thumb/interwork/libgcc.a(_ne_df.o)
 .comment       0x000002f4       0x12 /home/maska/ATMEL/arm-gnu-toolchain-linux-2/bin/../lib/gcc/arm-elf/4.1.0/thumb/interwork/libgcc.a(_gt_df.o)
 .comment       0x00000306       0x12 /home/maska/ATMEL/arm-gnu-toolchain-linux-2/bin/../lib/gcc/arm-elf/4.1.0/thumb/interwork/libgcc.a(_ge_df.o)
 .comment       0x00000318       0x12 /home/maska/ATMEL/arm-gnu-toolchain-linux-2/bin/../lib/gcc/arm-elf/4.1.0/thumb/interwork/libgcc.a(_lt_df.o)
 .comment       0x0000032a       0x12 /home/maska/ATMEL/arm-gnu-toolchain-linux-2/bin/../lib/gcc/arm-elf/4.1.0/thumb/interwork/libgcc.a(_si_to_df.o)
 .comment       0x0000033c       0x12 /home/maska/ATMEL/arm-gnu-toolchain-linux-2/bin/../lib/gcc/arm-elf/4.1.0/thumb/interwork/libgcc.a(_df_to_si.o)
 .comment       0x0000034e       0x12 /home/maska/ATMEL/arm-gnu-toolchain-linux-2/bin/../lib/gcc/arm-elf/4.1.0/thumb/interwork/libgcc.a(_thenan_df.o)
 .comment       0x00000360       0x12 /home/maska/ATMEL/arm-gnu-toolchain-linux-2/bin/../lib/gcc/arm-elf/4.1.0/thumb/interwork/libgcc.a(_muldi3.o)
 .comment       0x00000372       0x12 /home/maska/ATMEL/arm-gnu-toolchain-linux-2/bin/../lib/gcc/arm-elf/4.1.0/thumb/interwork/libgcc.a(_pack_df.o)
 .comment       0x00000384       0x12 /home/maska/ATMEL/arm-gnu-toolchain-linux-2/bin/../lib/gcc/arm-elf/4.1.0/thumb/interwork/libgcc.a(_unpack_df.o)
 .comment       0x00000396       0x12 /home/maska/ATMEL/arm-gnu-toolchain-linux-2/bin/../lib/gcc/arm-elf/4.1.0/thumb/interwork/libgcc.a(_fpcmp_parts_df.o)

.debug
 *(.debug)

.line
 *(.line)

.debug_srcinfo
 *(.debug_srcinfo)

.debug_sfnames
 *(.debug_sfnames)

.debug_aranges  0x00000000      0x700
 *(.debug_aranges)
 .debug_aranges
                0x00000000       0x20 Cstartup.o
 .debug_aranges
                0x00000020       0x20 main.o
 .debug_aranges
                0x00000040       0x20 Cstartup_SAM7.o
 .debug_aranges
                0x00000060       0x20 interrupt_timer.o
 .debug_aranges
                0x00000080       0x20 interrupt_Usart.o
 .debug_aranges
                0x000000a0       0x20 cdc_enumerate.o
 .debug_aranges
                0x000000c0       0x20 syscalls.o
 .debug_aranges
                0x000000e0       0x20 /home/maska/ATMEL/arm-gnu-toolchain-linux-2/bin/../lib/gcc/arm-elf/4.1.0/../../../../arm-elf/lib/thumb/interwork/libc.a(sprintf.o)
 .debug_aranges
                0x00000100       0x20 /home/maska/ATMEL/arm-gnu-toolchain-linux-2/bin/../lib/gcc/arm-elf/4.1.0/../../../../arm-elf/lib/thumb/interwork/libc.a(strcpy.o)
 .debug_aranges
                0x00000120       0x20 /home/maska/ATMEL/arm-gnu-toolchain-linux-2/bin/../lib/gcc/arm-elf/4.1.0/../../../../arm-elf/lib/thumb/interwork/libc.a(strlen.o)
 .debug_aranges
                0x00000140       0x20 /home/maska/ATMEL/arm-gnu-toolchain-linux-2/bin/../lib/gcc/arm-elf/4.1.0/../../../../arm-elf/lib/thumb/interwork/libc.a(vfprintf.o)
 .debug_aranges
                0x00000160       0x20 /home/maska/ATMEL/arm-gnu-toolchain-linux-2/bin/../lib/gcc/arm-elf/4.1.0/../../../../arm-elf/lib/thumb/interwork/libc.a(wcrtomb.o)
 .debug_aranges
                0x00000180       0x20 /home/maska/ATMEL/arm-gnu-toolchain-linux-2/bin/../lib/gcc/arm-elf/4.1.0/../../../../arm-elf/lib/thumb/interwork/libc.a(wcsrtombs.o)
 .debug_aranges
                0x000001a0       0x20 /home/maska/ATMEL/arm-gnu-toolchain-linux-2/bin/../lib/gcc/arm-elf/4.1.0/../../../../arm-elf/lib/thumb/interwork/libc.a(wctomb_r.o)
 .debug_aranges
                0x000001c0       0x20 /home/maska/ATMEL/arm-gnu-toolchain-linux-2/bin/../lib/gcc/arm-elf/4.1.0/../../../../arm-elf/lib/thumb/interwork/libc.a(wsetup.o)
 .debug_aranges
                0x000001e0       0x20 /home/maska/ATMEL/arm-gnu-toolchain-linux-2/bin/../lib/gcc/arm-elf/4.1.0/../../../../arm-elf/lib/thumb/interwork/libc.a(dtoa.o)
 .debug_aranges
                0x00000200       0x20 /home/maska/ATMEL/arm-gnu-toolchain-linux-2/bin/../lib/gcc/arm-elf/4.1.0/../../../../arm-elf/lib/thumb/interwork/libc.a(fflush.o)
 .debug_aranges
                0x00000220       0x20 /home/maska/ATMEL/arm-gnu-toolchain-linux-2/bin/../lib/gcc/arm-elf/4.1.0/../../../../arm-elf/lib/thumb/interwork/libc.a(findfp.o)
 .debug_aranges
                0x00000240       0x20 /home/maska/ATMEL/arm-gnu-toolchain-linux-2/bin/../lib/gcc/arm-elf/4.1.0/../../../../arm-elf/lib/thumb/interwork/libc.a(freer.o)
 .debug_aranges
                0x00000260       0x20 /home/maska/ATMEL/arm-gnu-toolchain-linux-2/bin/../lib/gcc/arm-elf/4.1.0/../../../../arm-elf/lib/thumb/interwork/libc.a(fvwrite.o)
 .debug_aranges
                0x00000280       0x20 /home/maska/ATMEL/arm-gnu-toolchain-linux-2/bin/../lib/gcc/arm-elf/4.1.0/../../../../arm-elf/lib/thumb/interwork/libc.a(fwalk.o)
 .debug_aranges
                0x000002a0       0x20 /home/maska/ATMEL/arm-gnu-toolchain-linux-2/bin/../lib/gcc/arm-elf/4.1.0/../../../../arm-elf/lib/thumb/interwork/libc.a(locale.o)
 .debug_aranges
                0x000002c0       0x20 /home/maska/ATMEL/arm-gnu-toolchain-linux-2/bin/../lib/gcc/arm-elf/4.1.0/../../../../arm-elf/lib/thumb/interwork/libc.a(makebuf.o)
 .debug_aranges
                0x000002e0       0x20 /home/maska/ATMEL/arm-gnu-toolchain-linux-2/bin/../lib/gcc/arm-elf/4.1.0/../../../../arm-elf/lib/thumb/interwork/libc.a(mallocr.o)
 .debug_aranges
                0x00000300       0x20 /home/maska/ATMEL/arm-gnu-toolchain-linux-2/bin/../lib/gcc/arm-elf/4.1.0/../../../../arm-elf/lib/thumb/interwork/libc.a(memchr.o)
 .debug_aranges
                0x00000320       0x20 /home/maska/ATMEL/arm-gnu-toolchain-linux-2/bin/../lib/gcc/arm-elf/4.1.0/../../../../arm-elf/lib/thumb/interwork/libc.a(memcpy.o)
 .debug_aranges
                0x00000340       0x20 /home/maska/ATMEL/arm-gnu-toolchain-linux-2/bin/../lib/gcc/arm-elf/4.1.0/../../../../arm-elf/lib/thumb/interwork/libc.a(memmove.o)
 .debug_aranges
                0x00000360       0x20 /home/maska/ATMEL/arm-gnu-toolchain-linux-2/bin/../lib/gcc/arm-elf/4.1.0/../../../../arm-elf/lib/thumb/interwork/libc.a(memset.o)
 .debug_aranges
                0x00000380       0x20 /home/maska/ATMEL/arm-gnu-toolchain-linux-2/bin/../lib/gcc/arm-elf/4.1.0/../../../../arm-elf/lib/thumb/interwork/libc.a(mlock.o)
 .debug_aranges
                0x000003a0       0x20 /home/maska/ATMEL/arm-gnu-toolchain-linux-2/bin/../lib/gcc/arm-elf/4.1.0/../../../../arm-elf/lib/thumb/interwork/libc.a(mprec.o)
 .debug_aranges
                0x000003c0       0x20 /home/maska/ATMEL/arm-gnu-toolchain-linux-2/bin/../lib/gcc/arm-elf/4.1.0/../../../../arm-elf/lib/thumb/interwork/libc.a(reallocr.o)
 .debug_aranges
                0x000003e0       0x20 /home/maska/ATMEL/arm-gnu-toolchain-linux-2/bin/../lib/gcc/arm-elf/4.1.0/../../../../arm-elf/lib/thumb/interwork/libc.a(s_isinf.o)
 .debug_aranges
                0x00000400       0x20 /home/maska/ATMEL/arm-gnu-toolchain-linux-2/bin/../lib/gcc/arm-elf/4.1.0/../../../../arm-elf/lib/thumb/interwork/libc.a(s_isnan.o)
 .debug_aranges
                0x00000420       0x20 /home/maska/ATMEL/arm-gnu-toolchain-linux-2/bin/../lib/gcc/arm-elf/4.1.0/../../../../arm-elf/lib/thumb/interwork/libc.a(stdio.o)
 .debug_aranges
                0x00000440       0x20 /home/maska/ATMEL/arm-gnu-toolchain-linux-2/bin/../lib/gcc/arm-elf/4.1.0/../../../../arm-elf/lib/thumb/interwork/libc.a(strcmp.o)
 .debug_aranges
                0x00000460       0x20 /home/maska/ATMEL/arm-gnu-toolchain-linux-2/bin/../lib/gcc/arm-elf/4.1.0/../../../../arm-elf/lib/thumb/interwork/libc.a(callocr.o)
 .debug_aranges
                0x00000480       0x20 /home/maska/ATMEL/arm-gnu-toolchain-linux-2/bin/../lib/gcc/arm-elf/4.1.0/../../../../arm-elf/lib/thumb/interwork/libc.a(fclose.o)
 .debug_aranges
                0x000004a0       0x20 /home/maska/ATMEL/arm-gnu-toolchain-linux-2/bin/../lib/gcc/arm-elf/4.1.0/thumb/interwork/libgcc.a(_udivsi3.o)
 .debug_aranges
                0x000004c0       0x20 /home/maska/ATMEL/arm-gnu-toolchain-linux-2/bin/../lib/gcc/arm-elf/4.1.0/thumb/interwork/libgcc.a(_divsi3.o)
 .debug_aranges
                0x000004e0       0x20 /home/maska/ATMEL/arm-gnu-toolchain-linux-2/bin/../lib/gcc/arm-elf/4.1.0/thumb/interwork/libgcc.a(_umodsi3.o)
 .debug_aranges
                0x00000500       0x20 /home/maska/ATMEL/arm-gnu-toolchain-linux-2/bin/../lib/gcc/arm-elf/4.1.0/thumb/interwork/libgcc.a(_modsi3.o)
 .debug_aranges
                0x00000520       0x20 /home/maska/ATMEL/arm-gnu-toolchain-linux-2/bin/../lib/gcc/arm-elf/4.1.0/thumb/interwork/libgcc.a(_dvmd_tls.o)
 .debug_aranges
                0x00000540       0x20 /home/maska/ATMEL/arm-gnu-toolchain-linux-2/bin/../lib/gcc/arm-elf/4.1.0/thumb/interwork/libgcc.a(_addsub_df.o)
 .debug_aranges
                0x00000560       0x20 /home/maska/ATMEL/arm-gnu-toolchain-linux-2/bin/../lib/gcc/arm-elf/4.1.0/thumb/interwork/libgcc.a(_mul_df.o)
 .debug_aranges
                0x00000580       0x20 /home/maska/ATMEL/arm-gnu-toolchain-linux-2/bin/../lib/gcc/arm-elf/4.1.0/thumb/interwork/libgcc.a(_div_df.o)
 .debug_aranges
                0x000005a0       0x20 /home/maska/ATMEL/arm-gnu-toolchain-linux-2/bin/../lib/gcc/arm-elf/4.1.0/thumb/interwork/libgcc.a(_eq_df.o)
 .debug_aranges
                0x000005c0       0x20 /home/maska/ATMEL/arm-gnu-toolchain-linux-2/bin/../lib/gcc/arm-elf/4.1.0/thumb/interwork/libgcc.a(_ne_df.o)
 .debug_aranges
                0x000005e0       0x20 /home/maska/ATMEL/arm-gnu-toolchain-linux-2/bin/../lib/gcc/arm-elf/4.1.0/thumb/interwork/libgcc.a(_gt_df.o)
 .debug_aranges
                0x00000600       0x20 /home/maska/ATMEL/arm-gnu-toolchain-linux-2/bin/../lib/gcc/arm-elf/4.1.0/thumb/interwork/libgcc.a(_ge_df.o)
 .debug_aranges
                0x00000620       0x20 /home/maska/ATMEL/arm-gnu-toolchain-linux-2/bin/../lib/gcc/arm-elf/4.1.0/thumb/interwork/libgcc.a(_lt_df.o)
 .debug_aranges
                0x00000640       0x20 /home/maska/ATMEL/arm-gnu-toolchain-linux-2/bin/../lib/gcc/arm-elf/4.1.0/thumb/interwork/libgcc.a(_si_to_df.o)
 .debug_aranges
                0x00000660       0x20 /home/maska/ATMEL/arm-gnu-toolchain-linux-2/bin/../lib/gcc/arm-elf/4.1.0/thumb/interwork/libgcc.a(_df_to_si.o)
 .debug_aranges
                0x00000680       0x20 /home/maska/ATMEL/arm-gnu-toolchain-linux-2/bin/../lib/gcc/arm-elf/4.1.0/thumb/interwork/libgcc.a(_muldi3.o)
 .debug_aranges
                0x000006a0       0x20 /home/maska/ATMEL/arm-gnu-toolchain-linux-2/bin/../lib/gcc/arm-elf/4.1.0/thumb/interwork/libgcc.a(_pack_df.o)
 .debug_aranges
                0x000006c0       0x20 /home/maska/ATMEL/arm-gnu-toolchain-linux-2/bin/../lib/gcc/arm-elf/4.1.0/thumb/interwork/libgcc.a(_unpack_df.o)
 .debug_aranges
                0x000006e0       0x20 /home/maska/ATMEL/arm-gnu-toolchain-linux-2/bin/../lib/gcc/arm-elf/4.1.0/thumb/interwork/libgcc.a(_fpcmp_parts_df.o)

.debug_pubnames
                0x00000000      0xc07
 *(.debug_pubnames)
 .debug_pubnames
                0x00000000       0xa9 main.o
 .debug_pubnames
                0x000000a9       0x29 Cstartup_SAM7.o
 .debug_pubnames
                0x000000d2       0x9b interrupt_timer.o
 .debug_pubnames
                0x0000016d       0x39 interrupt_Usart.o
 .debug_pubnames
                0x000001a6       0x96 cdc_enumerate.o
 .debug_pubnames
                0x0000023c       0x69 syscalls.o
 .debug_pubnames
                0x000002a5       0x2d /home/maska/ATMEL/arm-gnu-toolchain-linux-2/bin/../lib/gcc/arm-elf/4.1.0/../../../../arm-elf/lib/thumb/interwork/libc.a(sprintf.o)
 .debug_pubnames
                0x000002d2       0x1d /home/maska/ATMEL/arm-gnu-toolchain-linux-2/bin/../lib/gcc/arm-elf/4.1.0/../../../../arm-elf/lib/thumb/interwork/libc.a(strcpy.o)
 .debug_pubnames
                0x000002ef       0x1d /home/maska/ATMEL/arm-gnu-toolchain-linux-2/bin/../lib/gcc/arm-elf/4.1.0/../../../../arm-elf/lib/thumb/interwork/libc.a(strlen.o)
 .debug_pubnames
                0x0000030c       0x2f /home/maska/ATMEL/arm-gnu-toolchain-linux-2/bin/../lib/gcc/arm-elf/4.1.0/../../../../arm-elf/lib/thumb/interwork/libc.a(vfprintf.o)
 .debug_pubnames
                0x0000033b       0x2d /home/maska/ATMEL/arm-gnu-toolchain-linux-2/bin/../lib/gcc/arm-elf/4.1.0/../../../../arm-elf/lib/thumb/interwork/libc.a(wcrtomb.o)
 .debug_pubnames
                0x00000368       0x31 /home/maska/ATMEL/arm-gnu-toolchain-linux-2/bin/../lib/gcc/arm-elf/4.1.0/../../../../arm-elf/lib/thumb/interwork/libc.a(wcsrtombs.o)
 .debug_pubnames
                0x00000399       0x20 /home/maska/ATMEL/arm-gnu-toolchain-linux-2/bin/../lib/gcc/arm-elf/4.1.0/../../../../arm-elf/lib/thumb/interwork/libc.a(wctomb_r.o)
 .debug_pubnames
                0x000003b9       0x20 /home/maska/ATMEL/arm-gnu-toolchain-linux-2/bin/../lib/gcc/arm-elf/4.1.0/../../../../arm-elf/lib/thumb/interwork/libc.a(wsetup.o)
 .debug_pubnames
                0x000003d9       0x1e /home/maska/ATMEL/arm-gnu-toolchain-linux-2/bin/../lib/gcc/arm-elf/4.1.0/../../../../arm-elf/lib/thumb/interwork/libc.a(dtoa.o)
 .debug_pubnames
                0x000003f7       0x1d /home/maska/ATMEL/arm-gnu-toolchain-linux-2/bin/../lib/gcc/arm-elf/4.1.0/../../../../arm-elf/lib/thumb/interwork/libc.a(fflush.o)
 .debug_pubnames
                0x00000414       0xdb /home/maska/ATMEL/arm-gnu-toolchain-linux-2/bin/../lib/gcc/arm-elf/4.1.0/../../../../arm-elf/lib/thumb/interwork/libc.a(findfp.o)
 .debug_pubnames
                0x000004ef       0x31 /home/maska/ATMEL/arm-gnu-toolchain-linux-2/bin/../lib/gcc/arm-elf/4.1.0/../../../../arm-elf/lib/thumb/interwork/libc.a(freer.o)
 .debug_pubnames
                0x00000520       0x21 /home/maska/ATMEL/arm-gnu-toolchain-linux-2/bin/../lib/gcc/arm-elf/4.1.0/../../../../arm-elf/lib/thumb/interwork/libc.a(fvwrite.o)
 .debug_pubnames
                0x00000541       0x2e /home/maska/ATMEL/arm-gnu-toolchain-linux-2/bin/../lib/gcc/arm-elf/4.1.0/../../../../arm-elf/lib/thumb/interwork/libc.a(fwalk.o)
 .debug_pubnames
                0x0000056f       0x39 /home/maska/ATMEL/arm-gnu-toolchain-linux-2/bin/../lib/gcc/arm-elf/4.1.0/../../../../arm-elf/lib/thumb/interwork/libc.a(impure.o)
 .debug_pubnames
                0x000005a8       0xc3 /home/maska/ATMEL/arm-gnu-toolchain-linux-2/bin/../lib/gcc/arm-elf/4.1.0/../../../../arm-elf/lib/thumb/interwork/libc.a(locale.o)
 .debug_pubnames
                0x0000066b       0x21 /home/maska/ATMEL/arm-gnu-toolchain-linux-2/bin/../lib/gcc/arm-elf/4.1.0/../../../../arm-elf/lib/thumb/interwork/libc.a(makebuf.o)
 .debug_pubnames
                0x0000068c       0xce /home/maska/ATMEL/arm-gnu-toolchain-linux-2/bin/../lib/gcc/arm-elf/4.1.0/../../../../arm-elf/lib/thumb/interwork/libc.a(mallocr.o)
 .debug_pubnames
                0x0000075a       0x1d /home/maska/ATMEL/arm-gnu-toolchain-linux-2/bin/../lib/gcc/arm-elf/4.1.0/../../../../arm-elf/lib/thumb/interwork/libc.a(memchr.o)
 .debug_pubnames
                0x00000777       0x1d /home/maska/ATMEL/arm-gnu-toolchain-linux-2/bin/../lib/gcc/arm-elf/4.1.0/../../../../arm-elf/lib/thumb/interwork/libc.a(memcpy.o)
 .debug_pubnames
                0x00000794       0x1e /home/maska/ATMEL/arm-gnu-toolchain-linux-2/bin/../lib/gcc/arm-elf/4.1.0/../../../../arm-elf/lib/thumb/interwork/libc.a(memmove.o)
 .debug_pubnames
                0x000007b2       0x1d /home/maska/ATMEL/arm-gnu-toolchain-linux-2/bin/../lib/gcc/arm-elf/4.1.0/../../../../arm-elf/lib/thumb/interwork/libc.a(memset.o)
 .debug_pubnames
                0x000007cf       0x38 /home/maska/ATMEL/arm-gnu-toolchain-linux-2/bin/../lib/gcc/arm-elf/4.1.0/../../../../arm-elf/lib/thumb/interwork/libc.a(mlock.o)
 .debug_pubnames
                0x00000807      0x112 /home/maska/ATMEL/arm-gnu-toolchain-linux-2/bin/../lib/gcc/arm-elf/4.1.0/../../../../arm-elf/lib/thumb/interwork/libc.a(mprec.o)
 .debug_pubnames
                0x00000919       0x21 /home/maska/ATMEL/arm-gnu-toolchain-linux-2/bin/../lib/gcc/arm-elf/4.1.0/../../../../arm-elf/lib/thumb/interwork/libc.a(reallocr.o)
 .debug_pubnames
                0x0000093a       0x1c /home/maska/ATMEL/arm-gnu-toolchain-linux-2/bin/../lib/gcc/arm-elf/4.1.0/../../../../arm-elf/lib/thumb/interwork/libc.a(s_isinf.o)
 .debug_pubnames
                0x00000956       0x1c /home/maska/ATMEL/arm-gnu-toolchain-linux-2/bin/../lib/gcc/arm-elf/4.1.0/../../../../arm-elf/lib/thumb/interwork/libc.a(s_isnan.o)
 .debug_pubnames
                0x00000972       0x44 /home/maska/ATMEL/arm-gnu-toolchain-linux-2/bin/../lib/gcc/arm-elf/4.1.0/../../../../arm-elf/lib/thumb/interwork/libc.a(stdio.o)
 .debug_pubnames
                0x000009b6       0x1d /home/maska/ATMEL/arm-gnu-toolchain-linux-2/bin/../lib/gcc/arm-elf/4.1.0/../../../../arm-elf/lib/thumb/interwork/libc.a(strcmp.o)
 .debug_pubnames
                0x000009d3       0x20 /home/maska/ATMEL/arm-gnu-toolchain-linux-2/bin/../lib/gcc/arm-elf/4.1.0/../../../../arm-elf/lib/thumb/interwork/libc.a(callocr.o)
 .debug_pubnames
                0x000009f3       0x2b /home/maska/ATMEL/arm-gnu-toolchain-linux-2/bin/../lib/gcc/arm-elf/4.1.0/../../../../arm-elf/lib/thumb/interwork/libc.a(fclose.o)
 .debug_pubnames
                0x00000a1e       0x2c /home/maska/ATMEL/arm-gnu-toolchain-linux-2/bin/../lib/gcc/arm-elf/4.1.0/thumb/interwork/libgcc.a(_addsub_df.o)
 .debug_pubnames
                0x00000a4a       0x1f /home/maska/ATMEL/arm-gnu-toolchain-linux-2/bin/../lib/gcc/arm-elf/4.1.0/thumb/interwork/libgcc.a(_mul_df.o)
 .debug_pubnames
                0x00000a69       0x1f /home/maska/ATMEL/arm-gnu-toolchain-linux-2/bin/../lib/gcc/arm-elf/4.1.0/thumb/interwork/libgcc.a(_div_df.o)
 .debug_pubnames
                0x00000a88       0x1e /home/maska/ATMEL/arm-gnu-toolchain-linux-2/bin/../lib/gcc/arm-elf/4.1.0/thumb/interwork/libgcc.a(_eq_df.o)
 .debug_pubnames
                0x00000aa6       0x1e /home/maska/ATMEL/arm-gnu-toolchain-linux-2/bin/../lib/gcc/arm-elf/4.1.0/thumb/interwork/libgcc.a(_ne_df.o)
 .debug_pubnames
                0x00000ac4       0x1e /home/maska/ATMEL/arm-gnu-toolchain-linux-2/bin/../lib/gcc/arm-elf/4.1.0/thumb/interwork/libgcc.a(_gt_df.o)
 .debug_pubnames
                0x00000ae2       0x1e /home/maska/ATMEL/arm-gnu-toolchain-linux-2/bin/../lib/gcc/arm-elf/4.1.0/thumb/interwork/libgcc.a(_ge_df.o)
 .debug_pubnames
                0x00000b00       0x1e /home/maska/ATMEL/arm-gnu-toolchain-linux-2/bin/../lib/gcc/arm-elf/4.1.0/thumb/interwork/libgcc.a(_lt_df.o)
 .debug_pubnames
                0x00000b1e       0x22 /home/maska/ATMEL/arm-gnu-toolchain-linux-2/bin/../lib/gcc/arm-elf/4.1.0/thumb/interwork/libgcc.a(_si_to_df.o)
 .debug_pubnames
                0x00000b40       0x20 /home/maska/ATMEL/arm-gnu-toolchain-linux-2/bin/../lib/gcc/arm-elf/4.1.0/thumb/interwork/libgcc.a(_df_to_si.o)
 .debug_pubnames
                0x00000b60       0x22 /home/maska/ATMEL/arm-gnu-toolchain-linux-2/bin/../lib/gcc/arm-elf/4.1.0/thumb/interwork/libgcc.a(_thenan_df.o)
 .debug_pubnames
                0x00000b82       0x1f /home/maska/ATMEL/arm-gnu-toolchain-linux-2/bin/../lib/gcc/arm-elf/4.1.0/thumb/interwork/libgcc.a(_muldi3.o)
 .debug_pubnames
                0x00000ba1       0x1f /home/maska/ATMEL/arm-gnu-toolchain-linux-2/bin/../lib/gcc/arm-elf/4.1.0/thumb/interwork/libgcc.a(_pack_df.o)
 .debug_pubnames
                0x00000bc0       0x21 /home/maska/ATMEL/arm-gnu-toolchain-linux-2/bin/../lib/gcc/arm-elf/4.1.0/thumb/interwork/libgcc.a(_unpack_df.o)
 .debug_pubnames
                0x00000be1       0x26 /home/maska/ATMEL/arm-gnu-toolchain-linux-2/bin/../lib/gcc/arm-elf/4.1.0/thumb/interwork/libgcc.a(_fpcmp_parts_df.o)

.debug_info     0x00000000    0x16fbc
 *(.debug_info .gnu.linkonce.wi.*)
 .debug_info    0x00000000       0x8c Cstartup.o
 .debug_info    0x0000008c      0xe70 main.o
 .debug_info    0x00000efc      0x208 Cstartup_SAM7.o
 .debug_info    0x00001104      0x997 interrupt_timer.o
 .debug_info    0x00001a9b     0x10fa interrupt_Usart.o
 .debug_info    0x00002b95      0x68f cdc_enumerate.o
 .debug_info    0x00003224     0x1022 syscalls.o
 .debug_info    0x00004246      0xa02 /home/maska/ATMEL/arm-gnu-toolchain-linux-2/bin/../lib/gcc/arm-elf/4.1.0/../../../../arm-elf/lib/thumb/interwork/libc.a(sprintf.o)
 .debug_info    0x00004c48      0x10d /home/maska/ATMEL/arm-gnu-toolchain-linux-2/bin/../lib/gcc/arm-elf/4.1.0/../../../../arm-elf/lib/thumb/interwork/libc.a(strcpy.o)
 .debug_info    0x00004d55       0xd6 /home/maska/ATMEL/arm-gnu-toolchain-linux-2/bin/../lib/gcc/arm-elf/4.1.0/../../../../arm-elf/lib/thumb/interwork/libc.a(strlen.o)
 .debug_info    0x00004e2b     0x10eb /home/maska/ATMEL/arm-gnu-toolchain-linux-2/bin/../lib/gcc/arm-elf/4.1.0/../../../../arm-elf/lib/thumb/interwork/libc.a(vfprintf.o)
 .debug_info    0x00005f16      0x9ef /home/maska/ATMEL/arm-gnu-toolchain-linux-2/bin/../lib/gcc/arm-elf/4.1.0/../../../../arm-elf/lib/thumb/interwork/libc.a(wcrtomb.o)
 .debug_info    0x00006905      0xa84 /home/maska/ATMEL/arm-gnu-toolchain-linux-2/bin/../lib/gcc/arm-elf/4.1.0/../../../../arm-elf/lib/thumb/interwork/libc.a(wcsrtombs.o)
 .debug_info    0x00007389      0x9f7 /home/maska/ATMEL/arm-gnu-toolchain-linux-2/bin/../lib/gcc/arm-elf/4.1.0/../../../../arm-elf/lib/thumb/interwork/libc.a(wctomb_r.o)
 .debug_info    0x00007d80      0x93a /home/maska/ATMEL/arm-gnu-toolchain-linux-2/bin/../lib/gcc/arm-elf/4.1.0/../../../../arm-elf/lib/thumb/interwork/libc.a(wsetup.o)
 .debug_info    0x000086ba      0xd65 /home/maska/ATMEL/arm-gnu-toolchain-linux-2/bin/../lib/gcc/arm-elf/4.1.0/../../../../arm-elf/lib/thumb/interwork/libc.a(dtoa.o)
 .debug_info    0x0000941f      0x974 /home/maska/ATMEL/arm-gnu-toolchain-linux-2/bin/../lib/gcc/arm-elf/4.1.0/../../../../arm-elf/lib/thumb/interwork/libc.a(fflush.o)
 .debug_info    0x00009d93      0xb67 /home/maska/ATMEL/arm-gnu-toolchain-linux-2/bin/../lib/gcc/arm-elf/4.1.0/../../../../arm-elf/lib/thumb/interwork/libc.a(findfp.o)
 .debug_info    0x0000a8fa      0xbb5 /home/maska/ATMEL/arm-gnu-toolchain-linux-2/bin/../lib/gcc/arm-elf/4.1.0/../../../../arm-elf/lib/thumb/interwork/libc.a(freer.o)
 .debug_info    0x0000b4af      0xa5f /home/maska/ATMEL/arm-gnu-toolchain-linux-2/bin/../lib/gcc/arm-elf/4.1.0/../../../../arm-elf/lib/thumb/interwork/libc.a(fvwrite.o)
 .debug_info    0x0000bf0e      0xad9 /home/maska/ATMEL/arm-gnu-toolchain-linux-2/bin/../lib/gcc/arm-elf/4.1.0/../../../../arm-elf/lib/thumb/interwork/libc.a(fwalk.o)
 .debug_info    0x0000c9e7      0x922 /home/maska/ATMEL/arm-gnu-toolchain-linux-2/bin/../lib/gcc/arm-elf/4.1.0/../../../../arm-elf/lib/thumb/interwork/libc.a(impure.o)
 .debug_info    0x0000d309      0xb82 /home/maska/ATMEL/arm-gnu-toolchain-linux-2/bin/../lib/gcc/arm-elf/4.1.0/../../../../arm-elf/lib/thumb/interwork/libc.a(locale.o)
 .debug_info    0x0000de8b      0xad9 /home/maska/ATMEL/arm-gnu-toolchain-linux-2/bin/../lib/gcc/arm-elf/4.1.0/../../../../arm-elf/lib/thumb/interwork/libc.a(makebuf.o)
 .debug_info    0x0000e964      0xcbc /home/maska/ATMEL/arm-gnu-toolchain-linux-2/bin/../lib/gcc/arm-elf/4.1.0/../../../../arm-elf/lib/thumb/interwork/libc.a(mallocr.o)
 .debug_info    0x0000f620      0x133 /home/maska/ATMEL/arm-gnu-toolchain-linux-2/bin/../lib/gcc/arm-elf/4.1.0/../../../../arm-elf/lib/thumb/interwork/libc.a(memchr.o)
 .debug_info    0x0000f753      0x10e /home/maska/ATMEL/arm-gnu-toolchain-linux-2/bin/../lib/gcc/arm-elf/4.1.0/../../../../arm-elf/lib/thumb/interwork/libc.a(memcpy.o)
 .debug_info    0x0000f861      0x13f /home/maska/ATMEL/arm-gnu-toolchain-linux-2/bin/../lib/gcc/arm-elf/4.1.0/../../../../arm-elf/lib/thumb/interwork/libc.a(memmove.o)
 .debug_info    0x0000f9a0      0x112 /home/maska/ATMEL/arm-gnu-toolchain-linux-2/bin/../lib/gcc/arm-elf/4.1.0/../../../../arm-elf/lib/thumb/interwork/libc.a(memset.o)
 .debug_info    0x0000fab2      0x93c /home/maska/ATMEL/arm-gnu-toolchain-linux-2/bin/../lib/gcc/arm-elf/4.1.0/../../../../arm-elf/lib/thumb/interwork/libc.a(mlock.o)
 .debug_info    0x000103ee     0x1336 /home/maska/ATMEL/arm-gnu-toolchain-linux-2/bin/../lib/gcc/arm-elf/4.1.0/../../../../arm-elf/lib/thumb/interwork/libc.a(mprec.o)
 .debug_info    0x00011724      0xbc7 /home/maska/ATMEL/arm-gnu-toolchain-linux-2/bin/../lib/gcc/arm-elf/4.1.0/../../../../arm-elf/lib/thumb/interwork/libc.a(reallocr.o)
 .debug_info    0x000122eb       0xd7 /home/maska/ATMEL/arm-gnu-toolchain-linux-2/bin/../lib/gcc/arm-elf/4.1.0/../../../../arm-elf/lib/thumb/interwork/libc.a(s_isinf.o)
 .debug_info    0x000123c2       0xd5 /home/maska/ATMEL/arm-gnu-toolchain-linux-2/bin/../lib/gcc/arm-elf/4.1.0/../../../../arm-elf/lib/thumb/interwork/libc.a(s_isnan.o)
 .debug_info    0x00012497      0xa74 /home/maska/ATMEL/arm-gnu-toolchain-linux-2/bin/../lib/gcc/arm-elf/4.1.0/../../../../arm-elf/lib/thumb/interwork/libc.a(stdio.o)
 .debug_info    0x00012f0b       0xda /home/maska/ATMEL/arm-gnu-toolchain-linux-2/bin/../lib/gcc/arm-elf/4.1.0/../../../../arm-elf/lib/thumb/interwork/libc.a(strcmp.o)
 .debug_info    0x00012fe5      0xa03 /home/maska/ATMEL/arm-gnu-toolchain-linux-2/bin/../lib/gcc/arm-elf/4.1.0/../../../../arm-elf/lib/thumb/interwork/libc.a(callocr.o)
 .debug_info    0x000139e8      0x982 /home/maska/ATMEL/arm-gnu-toolchain-linux-2/bin/../lib/gcc/arm-elf/4.1.0/../../../../arm-elf/lib/thumb/interwork/libc.a(fclose.o)
 .debug_info    0x0001436a       0x88 /home/maska/ATMEL/arm-gnu-toolchain-linux-2/bin/../lib/gcc/arm-elf/4.1.0/thumb/interwork/libgcc.a(_udivsi3.o)
 .debug_info    0x000143f2       0x88 /home/maska/ATMEL/arm-gnu-toolchain-linux-2/bin/../lib/gcc/arm-elf/4.1.0/thumb/interwork/libgcc.a(_divsi3.o)
 .debug_info    0x0001447a       0x88 /home/maska/ATMEL/arm-gnu-toolchain-linux-2/bin/../lib/gcc/arm-elf/4.1.0/thumb/interwork/libgcc.a(_umodsi3.o)
 .debug_info    0x00014502       0x88 /home/maska/ATMEL/arm-gnu-toolchain-linux-2/bin/../lib/gcc/arm-elf/4.1.0/thumb/interwork/libgcc.a(_modsi3.o)
 .debug_info    0x0001458a       0x88 /home/maska/ATMEL/arm-gnu-toolchain-linux-2/bin/../lib/gcc/arm-elf/4.1.0/thumb/interwork/libgcc.a(_dvmd_tls.o)
 .debug_info    0x00014612      0x47d /home/maska/ATMEL/arm-gnu-toolchain-linux-2/bin/../lib/gcc/arm-elf/4.1.0/thumb/interwork/libgcc.a(_addsub_df.o)
 .debug_info    0x00014a8f      0x473 /home/maska/ATMEL/arm-gnu-toolchain-linux-2/bin/../lib/gcc/arm-elf/4.1.0/thumb/interwork/libgcc.a(_mul_df.o)
 .debug_info    0x00014f02      0x3ad /home/maska/ATMEL/arm-gnu-toolchain-linux-2/bin/../lib/gcc/arm-elf/4.1.0/thumb/interwork/libgcc.a(_div_df.o)
 .debug_info    0x000152af      0x2aa /home/maska/ATMEL/arm-gnu-toolchain-linux-2/bin/../lib/gcc/arm-elf/4.1.0/thumb/interwork/libgcc.a(_eq_df.o)
 .debug_info    0x00015559      0x2aa /home/maska/ATMEL/arm-gnu-toolchain-linux-2/bin/../lib/gcc/arm-elf/4.1.0/thumb/interwork/libgcc.a(_ne_df.o)
 .debug_info    0x00015803      0x2aa /home/maska/ATMEL/arm-gnu-toolchain-linux-2/bin/../lib/gcc/arm-elf/4.1.0/thumb/interwork/libgcc.a(_gt_df.o)
 .debug_info    0x00015aad      0x2aa /home/maska/ATMEL/arm-gnu-toolchain-linux-2/bin/../lib/gcc/arm-elf/4.1.0/thumb/interwork/libgcc.a(_ge_df.o)
 .debug_info    0x00015d57      0x2aa /home/maska/ATMEL/arm-gnu-toolchain-linux-2/bin/../lib/gcc/arm-elf/4.1.0/thumb/interwork/libgcc.a(_lt_df.o)
 .debug_info    0x00016001      0x1bd /home/maska/ATMEL/arm-gnu-toolchain-linux-2/bin/../lib/gcc/arm-elf/4.1.0/thumb/interwork/libgcc.a(_si_to_df.o)
 .debug_info    0x000161be      0x2de /home/maska/ATMEL/arm-gnu-toolchain-linux-2/bin/../lib/gcc/arm-elf/4.1.0/thumb/interwork/libgcc.a(_df_to_si.o)
 .debug_info    0x0001649c      0x164 /home/maska/ATMEL/arm-gnu-toolchain-linux-2/bin/../lib/gcc/arm-elf/4.1.0/thumb/interwork/libgcc.a(_thenan_df.o)
 .debug_info    0x00016600      0x207 /home/maska/ATMEL/arm-gnu-toolchain-linux-2/bin/../lib/gcc/arm-elf/4.1.0/thumb/interwork/libgcc.a(_muldi3.o)
 .debug_info    0x00016807      0x323 /home/maska/ATMEL/arm-gnu-toolchain-linux-2/bin/../lib/gcc/arm-elf/4.1.0/thumb/interwork/libgcc.a(_pack_df.o)
 .debug_info    0x00016b2a      0x27a /home/maska/ATMEL/arm-gnu-toolchain-linux-2/bin/../lib/gcc/arm-elf/4.1.0/thumb/interwork/libgcc.a(_unpack_df.o)
 .debug_info    0x00016da4      0x218 /home/maska/ATMEL/arm-gnu-toolchain-linux-2/bin/../lib/gcc/arm-elf/4.1.0/thumb/interwork/libgcc.a(_fpcmp_parts_df.o)

.debug_abbrev   0x00000000     0x4da7
 *(.debug_abbrev)
 .debug_abbrev  0x00000000       0x14 Cstartup.o
 .debug_abbrev  0x00000014      0x289 main.o
 .debug_abbrev  0x0000029d       0xaa Cstartup_SAM7.o
 .debug_abbrev  0x00000347      0x1e8 interrupt_timer.o
 .debug_abbrev  0x0000052f      0x217 interrupt_Usart.o
 .debug_abbrev  0x00000746      0x242 cdc_enumerate.o
 .debug_abbrev  0x00000988      0x2ac syscalls.o
 .debug_abbrev  0x00000c34      0x193 /home/maska/ATMEL/arm-gnu-toolchain-linux-2/bin/../lib/gcc/arm-elf/4.1.0/../../../../arm-elf/lib/thumb/interwork/libc.a(sprintf.o)
 .debug_abbrev  0x00000dc7       0x80 /home/maska/ATMEL/arm-gnu-toolchain-linux-2/bin/../lib/gcc/arm-elf/4.1.0/../../../../arm-elf/lib/thumb/interwork/libc.a(strcpy.o)
 .debug_abbrev  0x00000e47       0x8b /home/maska/ATMEL/arm-gnu-toolchain-linux-2/bin/../lib/gcc/arm-elf/4.1.0/../../../../arm-elf/lib/thumb/interwork/libc.a(strlen.o)
 .debug_abbrev  0x00000ed2      0x356 /home/maska/ATMEL/arm-gnu-toolchain-linux-2/bin/../lib/gcc/arm-elf/4.1.0/../../../../arm-elf/lib/thumb/interwork/libc.a(vfprintf.o)
 .debug_abbrev  0x00001228      0x18e /home/maska/ATMEL/arm-gnu-toolchain-linux-2/bin/../lib/gcc/arm-elf/4.1.0/../../../../arm-elf/lib/thumb/interwork/libc.a(wcrtomb.o)
 .debug_abbrev  0x000013b6      0x1a4 /home/maska/ATMEL/arm-gnu-toolchain-linux-2/bin/../lib/gcc/arm-elf/4.1.0/../../../../arm-elf/lib/thumb/interwork/libc.a(wcsrtombs.o)
 .debug_abbrev  0x0000155a      0x1ab /home/maska/ATMEL/arm-gnu-toolchain-linux-2/bin/../lib/gcc/arm-elf/4.1.0/../../../../arm-elf/lib/thumb/interwork/libc.a(wctomb_r.o)
 .debug_abbrev  0x00001705      0x170 /home/maska/ATMEL/arm-gnu-toolchain-linux-2/bin/../lib/gcc/arm-elf/4.1.0/../../../../arm-elf/lib/thumb/interwork/libc.a(wsetup.o)
 .debug_abbrev  0x00001875      0x214 /home/maska/ATMEL/arm-gnu-toolchain-linux-2/bin/../lib/gcc/arm-elf/4.1.0/../../../../arm-elf/lib/thumb/interwork/libc.a(dtoa.o)
 .debug_abbrev  0x00001a89      0x17f /home/maska/ATMEL/arm-gnu-toolchain-linux-2/bin/../lib/gcc/arm-elf/4.1.0/../../../../arm-elf/lib/thumb/interwork/libc.a(fflush.o)
 .debug_abbrev  0x00001c08      0x24a /home/maska/ATMEL/arm-gnu-toolchain-linux-2/bin/../lib/gcc/arm-elf/4.1.0/../../../../arm-elf/lib/thumb/interwork/libc.a(findfp.o)
 .debug_abbrev  0x00001e52      0x1d9 /home/maska/ATMEL/arm-gnu-toolchain-linux-2/bin/../lib/gcc/arm-elf/4.1.0/../../../../arm-elf/lib/thumb/interwork/libc.a(freer.o)
 .debug_abbrev  0x0000202b      0x1b4 /home/maska/ATMEL/arm-gnu-toolchain-linux-2/bin/../lib/gcc/arm-elf/4.1.0/../../../../arm-elf/lib/thumb/interwork/libc.a(fvwrite.o)
 .debug_abbrev  0x000021df      0x1e3 /home/maska/ATMEL/arm-gnu-toolchain-linux-2/bin/../lib/gcc/arm-elf/4.1.0/../../../../arm-elf/lib/thumb/interwork/libc.a(fwalk.o)
 .debug_abbrev  0x000023c2      0x157 /home/maska/ATMEL/arm-gnu-toolchain-linux-2/bin/../lib/gcc/arm-elf/4.1.0/../../../../arm-elf/lib/thumb/interwork/libc.a(impure.o)
 .debug_abbrev  0x00002519      0x20e /home/maska/ATMEL/arm-gnu-toolchain-linux-2/bin/../lib/gcc/arm-elf/4.1.0/../../../../arm-elf/lib/thumb/interwork/libc.a(locale.o)
 .debug_abbrev  0x00002727      0x1a8 /home/maska/ATMEL/arm-gnu-toolchain-linux-2/bin/../lib/gcc/arm-elf/4.1.0/../../../../arm-elf/lib/thumb/interwork/libc.a(makebuf.o)
 .debug_abbrev  0x000028cf      0x216 /home/maska/ATMEL/arm-gnu-toolchain-linux-2/bin/../lib/gcc/arm-elf/4.1.0/../../../../arm-elf/lib/thumb/interwork/libc.a(mallocr.o)
 .debug_abbrev  0x00002ae5       0xb5 /home/maska/ATMEL/arm-gnu-toolchain-linux-2/bin/../lib/gcc/arm-elf/4.1.0/../../../../arm-elf/lib/thumb/interwork/libc.a(memchr.o)
 .debug_abbrev  0x00002b9a       0x99 /home/maska/ATMEL/arm-gnu-toolchain-linux-2/bin/../lib/gcc/arm-elf/4.1.0/../../../../arm-elf/lib/thumb/interwork/libc.a(memcpy.o)
 .debug_abbrev  0x00002c33       0x99 /home/maska/ATMEL/arm-gnu-toolchain-linux-2/bin/../lib/gcc/arm-elf/4.1.0/../../../../arm-elf/lib/thumb/interwork/libc.a(memmove.o)
 .debug_abbrev  0x00002ccc       0x9a /home/maska/ATMEL/arm-gnu-toolchain-linux-2/bin/../lib/gcc/arm-elf/4.1.0/../../../../arm-elf/lib/thumb/interwork/libc.a(memset.o)
 .debug_abbrev  0x00002d66      0x16a /home/maska/ATMEL/arm-gnu-toolchain-linux-2/bin/../lib/gcc/arm-elf/4.1.0/../../../../arm-elf/lib/thumb/interwork/libc.a(mlock.o)
 .debug_abbrev  0x00002ed0      0x262 /home/maska/ATMEL/arm-gnu-toolchain-linux-2/bin/../lib/gcc/arm-elf/4.1.0/../../../../arm-elf/lib/thumb/interwork/libc.a(mprec.o)
 .debug_abbrev  0x00003132      0x1c3 /home/maska/ATMEL/arm-gnu-toolchain-linux-2/bin/../lib/gcc/arm-elf/4.1.0/../../../../arm-elf/lib/thumb/interwork/libc.a(reallocr.o)
 .debug_abbrev  0x000032f5       0x79 /home/maska/ATMEL/arm-gnu-toolchain-linux-2/bin/../lib/gcc/arm-elf/4.1.0/../../../../arm-elf/lib/thumb/interwork/libc.a(s_isinf.o)
 .debug_abbrev  0x0000336e       0x79 /home/maska/ATMEL/arm-gnu-toolchain-linux-2/bin/../lib/gcc/arm-elf/4.1.0/../../../../arm-elf/lib/thumb/interwork/libc.a(s_isnan.o)
 .debug_abbrev  0x000033e7      0x1aa /home/maska/ATMEL/arm-gnu-toolchain-linux-2/bin/../lib/gcc/arm-elf/4.1.0/../../../../arm-elf/lib/thumb/interwork/libc.a(stdio.o)
 .debug_abbrev  0x00003591       0x71 /home/maska/ATMEL/arm-gnu-toolchain-linux-2/bin/../lib/gcc/arm-elf/4.1.0/../../../../arm-elf/lib/thumb/interwork/libc.a(strcmp.o)
 .debug_abbrev  0x00003602      0x1af /home/maska/ATMEL/arm-gnu-toolchain-linux-2/bin/../lib/gcc/arm-elf/4.1.0/../../../../arm-elf/lib/thumb/interwork/libc.a(callocr.o)
 .debug_abbrev  0x000037b1      0x18e /home/maska/ATMEL/arm-gnu-toolchain-linux-2/bin/../lib/gcc/arm-elf/4.1.0/../../../../arm-elf/lib/thumb/interwork/libc.a(fclose.o)
 .debug_abbrev  0x0000393f       0x14 /home/maska/ATMEL/arm-gnu-toolchain-linux-2/bin/../lib/gcc/arm-elf/4.1.0/thumb/interwork/libgcc.a(_udivsi3.o)
 .debug_abbrev  0x00003953       0x14 /home/maska/ATMEL/arm-gnu-toolchain-linux-2/bin/../lib/gcc/arm-elf/4.1.0/thumb/interwork/libgcc.a(_divsi3.o)
 .debug_abbrev  0x00003967       0x14 /home/maska/ATMEL/arm-gnu-toolchain-linux-2/bin/../lib/gcc/arm-elf/4.1.0/thumb/interwork/libgcc.a(_umodsi3.o)
 .debug_abbrev  0x0000397b       0x14 /home/maska/ATMEL/arm-gnu-toolchain-linux-2/bin/../lib/gcc/arm-elf/4.1.0/thumb/interwork/libgcc.a(_modsi3.o)
 .debug_abbrev  0x0000398f       0x14 /home/maska/ATMEL/arm-gnu-toolchain-linux-2/bin/../lib/gcc/arm-elf/4.1.0/thumb/interwork/libgcc.a(_dvmd_tls.o)
 .debug_abbrev  0x000039a3      0x1a8 /home/maska/ATMEL/arm-gnu-toolchain-linux-2/bin/../lib/gcc/arm-elf/4.1.0/thumb/interwork/libgcc.a(_addsub_df.o)
 .debug_abbrev  0x00003b4b      0x1e7 /home/maska/ATMEL/arm-gnu-toolchain-linux-2/bin/../lib/gcc/arm-elf/4.1.0/thumb/interwork/libgcc.a(_mul_df.o)
 .debug_abbrev  0x00003d32      0x1d9 /home/maska/ATMEL/arm-gnu-toolchain-linux-2/bin/../lib/gcc/arm-elf/4.1.0/thumb/interwork/libgcc.a(_div_df.o)
 .debug_abbrev  0x00003f0b      0x157 /home/maska/ATMEL/arm-gnu-toolchain-linux-2/bin/../lib/gcc/arm-elf/4.1.0/thumb/interwork/libgcc.a(_eq_df.o)
 .debug_abbrev  0x00004062      0x157 /home/maska/ATMEL/arm-gnu-toolchain-linux-2/bin/../lib/gcc/arm-elf/4.1.0/thumb/interwork/libgcc.a(_ne_df.o)
 .debug_abbrev  0x000041b9      0x157 /home/maska/ATMEL/arm-gnu-toolchain-linux-2/bin/../lib/gcc/arm-elf/4.1.0/thumb/interwork/libgcc.a(_gt_df.o)
 .debug_abbrev  0x00004310      0x157 /home/maska/ATMEL/arm-gnu-toolchain-linux-2/bin/../lib/gcc/arm-elf/4.1.0/thumb/interwork/libgcc.a(_ge_df.o)
 .debug_abbrev  0x00004467      0x157 /home/maska/ATMEL/arm-gnu-toolchain-linux-2/bin/../lib/gcc/arm-elf/4.1.0/thumb/interwork/libgcc.a(_lt_df.o)
 .debug_abbrev  0x000045be       0xf1 /home/maska/ATMEL/arm-gnu-toolchain-linux-2/bin/../lib/gcc/arm-elf/4.1.0/thumb/interwork/libgcc.a(_si_to_df.o)
 .debug_abbrev  0x000046af      0x166 /home/maska/ATMEL/arm-gnu-toolchain-linux-2/bin/../lib/gcc/arm-elf/4.1.0/thumb/interwork/libgcc.a(_df_to_si.o)
 .debug_abbrev  0x00004815       0xba /home/maska/ATMEL/arm-gnu-toolchain-linux-2/bin/../lib/gcc/arm-elf/4.1.0/thumb/interwork/libgcc.a(_thenan_df.o)
 .debug_abbrev  0x000048cf       0xec /home/maska/ATMEL/arm-gnu-toolchain-linux-2/bin/../lib/gcc/arm-elf/4.1.0/thumb/interwork/libgcc.a(_muldi3.o)
 .debug_abbrev  0x000049bb      0x192 /home/maska/ATMEL/arm-gnu-toolchain-linux-2/bin/../lib/gcc/arm-elf/4.1.0/thumb/interwork/libgcc.a(_pack_df.o)
 .debug_abbrev  0x00004b4d      0x149 /home/maska/ATMEL/arm-gnu-toolchain-linux-2/bin/../lib/gcc/arm-elf/4.1.0/thumb/interwork/libgcc.a(_unpack_df.o)
 .debug_abbrev  0x00004c96      0x111 /home/maska/ATMEL/arm-gnu-toolchain-linux-2/bin/../lib/gcc/arm-elf/4.1.0/thumb/interwork/libgcc.a(_fpcmp_parts_df.o)

.debug_line     0x00000000     0x4664
 *(.debug_line)
 .debug_line    0x00000000       0x87 Cstartup.o
 .debug_line    0x00000087      0x1cc main.o
 .debug_line    0x00000253       0x60 Cstartup_SAM7.o
 .debug_line    0x000002b3      0x10c interrupt_timer.o
 .debug_line    0x000003bf      0x145 interrupt_Usart.o
 .debug_line    0x00000504      0x142 cdc_enumerate.o
 .debug_line    0x00000646      0x236 syscalls.o
 .debug_line    0x0000087c      0x1a6 /home/maska/ATMEL/arm-gnu-toolchain-linux-2/bin/../lib/gcc/arm-elf/4.1.0/../../../../arm-elf/lib/thumb/interwork/libc.a(sprintf.o)
 .debug_line    0x00000a22       0x85 /home/maska/ATMEL/arm-gnu-toolchain-linux-2/bin/../lib/gcc/arm-elf/4.1.0/../../../../arm-elf/lib/thumb/interwork/libc.a(strcpy.o)
 .debug_line    0x00000aa7       0xb8 /home/maska/ATMEL/arm-gnu-toolchain-linux-2/bin/../lib/gcc/arm-elf/4.1.0/../../../../arm-elf/lib/thumb/interwork/libc.a(strlen.o)
 .debug_line    0x00000b5f      0x5a4 /home/maska/ATMEL/arm-gnu-toolchain-linux-2/bin/../lib/gcc/arm-elf/4.1.0/../../../../arm-elf/lib/thumb/interwork/libc.a(vfprintf.o)
 .debug_line    0x00001103      0x178 /home/maska/ATMEL/arm-gnu-toolchain-linux-2/bin/../lib/gcc/arm-elf/4.1.0/../../../../arm-elf/lib/thumb/interwork/libc.a(wcrtomb.o)
 .debug_line    0x0000127b      0x1a5 /home/maska/ATMEL/arm-gnu-toolchain-linux-2/bin/../lib/gcc/arm-elf/4.1.0/../../../../arm-elf/lib/thumb/interwork/libc.a(wcsrtombs.o)
 .debug_line    0x00001420      0x1fb /home/maska/ATMEL/arm-gnu-toolchain-linux-2/bin/../lib/gcc/arm-elf/4.1.0/../../../../arm-elf/lib/thumb/interwork/libc.a(wctomb_r.o)
 .debug_line    0x0000161b      0x185 /home/maska/ATMEL/arm-gnu-toolchain-linux-2/bin/../lib/gcc/arm-elf/4.1.0/../../../../arm-elf/lib/thumb/interwork/libc.a(wsetup.o)
 .debug_line    0x000017a0      0x453 /home/maska/ATMEL/arm-gnu-toolchain-linux-2/bin/../lib/gcc/arm-elf/4.1.0/../../../../arm-elf/lib/thumb/interwork/libc.a(dtoa.o)
 .debug_line    0x00001bf3      0x183 /home/maska/ATMEL/arm-gnu-toolchain-linux-2/bin/../lib/gcc/arm-elf/4.1.0/../../../../arm-elf/lib/thumb/interwork/libc.a(fflush.o)
 .debug_line    0x00001d76      0x1e4 /home/maska/ATMEL/arm-gnu-toolchain-linux-2/bin/../lib/gcc/arm-elf/4.1.0/../../../../arm-elf/lib/thumb/interwork/libc.a(findfp.o)
 .debug_line    0x00001f5a      0x185 /home/maska/ATMEL/arm-gnu-toolchain-linux-2/bin/../lib/gcc/arm-elf/4.1.0/../../../../arm-elf/lib/thumb/interwork/libc.a(freer.o)
 .debug_line    0x000020df      0x205 /home/maska/ATMEL/arm-gnu-toolchain-linux-2/bin/../lib/gcc/arm-elf/4.1.0/../../../../arm-elf/lib/thumb/interwork/libc.a(fvwrite.o)
 .debug_line    0x000022e4      0x198 /home/maska/ATMEL/arm-gnu-toolchain-linux-2/bin/../lib/gcc/arm-elf/4.1.0/../../../../arm-elf/lib/thumb/interwork/libc.a(fwalk.o)
 .debug_line    0x0000247c      0x104 /home/maska/ATMEL/arm-gnu-toolchain-linux-2/bin/../lib/gcc/arm-elf/4.1.0/../../../../arm-elf/lib/thumb/interwork/libc.a(impure.o)
 .debug_line    0x00002580      0x187 /home/maska/ATMEL/arm-gnu-toolchain-linux-2/bin/../lib/gcc/arm-elf/4.1.0/../../../../arm-elf/lib/thumb/interwork/libc.a(locale.o)
 .debug_line    0x00002707      0x1a0 /home/maska/ATMEL/arm-gnu-toolchain-linux-2/bin/../lib/gcc/arm-elf/4.1.0/../../../../arm-elf/lib/thumb/interwork/libc.a(makebuf.o)
 .debug_line    0x000028a7      0x255 /home/maska/ATMEL/arm-gnu-toolchain-linux-2/bin/../lib/gcc/arm-elf/4.1.0/../../../../arm-elf/lib/thumb/interwork/libc.a(mallocr.o)
 .debug_line    0x00002afc       0xde /home/maska/ATMEL/arm-gnu-toolchain-linux-2/bin/../lib/gcc/arm-elf/4.1.0/../../../../arm-elf/lib/thumb/interwork/libc.a(memchr.o)
 .debug_line    0x00002bda       0xc9 /home/maska/ATMEL/arm-gnu-toolchain-linux-2/bin/../lib/gcc/arm-elf/4.1.0/../../../../arm-elf/lib/thumb/interwork/libc.a(memcpy.o)
 .debug_line    0x00002ca3       0xd0 /home/maska/ATMEL/arm-gnu-toolchain-linux-2/bin/../lib/gcc/arm-elf/4.1.0/../../../../arm-elf/lib/thumb/interwork/libc.a(memmove.o)
 .debug_line    0x00002d73       0xd5 /home/maska/ATMEL/arm-gnu-toolchain-linux-2/bin/../lib/gcc/arm-elf/4.1.0/../../../../arm-elf/lib/thumb/interwork/libc.a(memset.o)
 .debug_line    0x00002e48      0x116 /home/maska/ATMEL/arm-gnu-toolchain-linux-2/bin/../lib/gcc/arm-elf/4.1.0/../../../../arm-elf/lib/thumb/interwork/libc.a(mlock.o)
 .debug_line    0x00002f5e      0x3dd /home/maska/ATMEL/arm-gnu-toolchain-linux-2/bin/../lib/gcc/arm-elf/4.1.0/../../../../arm-elf/lib/thumb/interwork/libc.a(mprec.o)
 .debug_line    0x0000333b      0x1be /home/maska/ATMEL/arm-gnu-toolchain-linux-2/bin/../lib/gcc/arm-elf/4.1.0/../../../../arm-elf/lib/thumb/interwork/libc.a(reallocr.o)
 .debug_line    0x000034f9       0xcb /home/maska/ATMEL/arm-gnu-toolchain-linux-2/bin/../lib/gcc/arm-elf/4.1.0/../../../../arm-elf/lib/thumb/interwork/libc.a(s_isinf.o)
 .debug_line    0x000035c4       0xcb /home/maska/ATMEL/arm-gnu-toolchain-linux-2/bin/../lib/gcc/arm-elf/4.1.0/../../../../arm-elf/lib/thumb/interwork/libc.a(s_isnan.o)
 .debug_line    0x0000368f      0x196 /home/maska/ATMEL/arm-gnu-toolchain-linux-2/bin/../lib/gcc/arm-elf/4.1.0/../../../../arm-elf/lib/thumb/interwork/libc.a(stdio.o)
 .debug_line    0x00003825       0x8c /home/maska/ATMEL/arm-gnu-toolchain-linux-2/bin/../lib/gcc/arm-elf/4.1.0/../../../../arm-elf/lib/thumb/interwork/libc.a(strcmp.o)
 .debug_line    0x000038b1      0x11f /home/maska/ATMEL/arm-gnu-toolchain-linux-2/bin/../lib/gcc/arm-elf/4.1.0/../../../../arm-elf/lib/thumb/interwork/libc.a(callocr.o)
 .debug_line    0x000039d0      0x184 /home/maska/ATMEL/arm-gnu-toolchain-linux-2/bin/../lib/gcc/arm-elf/4.1.0/../../../../arm-elf/lib/thumb/interwork/libc.a(fclose.o)
 .debug_line    0x00003b54       0x77 /home/maska/ATMEL/arm-gnu-toolchain-linux-2/bin/../lib/gcc/arm-elf/4.1.0/thumb/interwork/libgcc.a(_udivsi3.o)
 .debug_line    0x00003bcb       0x83 /home/maska/ATMEL/arm-gnu-toolchain-linux-2/bin/../lib/gcc/arm-elf/4.1.0/thumb/interwork/libgcc.a(_divsi3.o)
 .debug_line    0x00003c4e       0x6f /home/maska/ATMEL/arm-gnu-toolchain-linux-2/bin/../lib/gcc/arm-elf/4.1.0/thumb/interwork/libgcc.a(_umodsi3.o)
 .debug_line    0x00003cbd       0x78 /home/maska/ATMEL/arm-gnu-toolchain-linux-2/bin/../lib/gcc/arm-elf/4.1.0/thumb/interwork/libgcc.a(_modsi3.o)
 .debug_line    0x00003d35       0x61 /home/maska/ATMEL/arm-gnu-toolchain-linux-2/bin/../lib/gcc/arm-elf/4.1.0/thumb/interwork/libgcc.a(_dvmd_tls.o)
 .debug_line    0x00003d96      0x10a /home/maska/ATMEL/arm-gnu-toolchain-linux-2/bin/../lib/gcc/arm-elf/4.1.0/thumb/interwork/libgcc.a(_addsub_df.o)
 .debug_line    0x00003ea0       0xe5 /home/maska/ATMEL/arm-gnu-toolchain-linux-2/bin/../lib/gcc/arm-elf/4.1.0/thumb/interwork/libgcc.a(_mul_df.o)
 .debug_line    0x00003f85       0xca /home/maska/ATMEL/arm-gnu-toolchain-linux-2/bin/../lib/gcc/arm-elf/4.1.0/thumb/interwork/libgcc.a(_div_df.o)
 .debug_line    0x0000404f       0x75 /home/maska/ATMEL/arm-gnu-toolchain-linux-2/bin/../lib/gcc/arm-elf/4.1.0/thumb/interwork/libgcc.a(_eq_df.o)
 .debug_line    0x000040c4       0x75 /home/maska/ATMEL/arm-gnu-toolchain-linux-2/bin/../lib/gcc/arm-elf/4.1.0/thumb/interwork/libgcc.a(_ne_df.o)
 .debug_line    0x00004139       0x75 /home/maska/ATMEL/arm-gnu-toolchain-linux-2/bin/../lib/gcc/arm-elf/4.1.0/thumb/interwork/libgcc.a(_gt_df.o)
 .debug_line    0x000041ae       0x75 /home/maska/ATMEL/arm-gnu-toolchain-linux-2/bin/../lib/gcc/arm-elf/4.1.0/thumb/interwork/libgcc.a(_ge_df.o)
 .debug_line    0x00004223       0x75 /home/maska/ATMEL/arm-gnu-toolchain-linux-2/bin/../lib/gcc/arm-elf/4.1.0/thumb/interwork/libgcc.a(_lt_df.o)
 .debug_line    0x00004298       0x7e /home/maska/ATMEL/arm-gnu-toolchain-linux-2/bin/../lib/gcc/arm-elf/4.1.0/thumb/interwork/libgcc.a(_si_to_df.o)
 .debug_line    0x00004316       0x88 /home/maska/ATMEL/arm-gnu-toolchain-linux-2/bin/../lib/gcc/arm-elf/4.1.0/thumb/interwork/libgcc.a(_df_to_si.o)
 .debug_line    0x0000439e       0x54 /home/maska/ATMEL/arm-gnu-toolchain-linux-2/bin/../lib/gcc/arm-elf/4.1.0/thumb/interwork/libgcc.a(_thenan_df.o)
 .debug_line    0x000043f2       0x67 /home/maska/ATMEL/arm-gnu-toolchain-linux-2/bin/../lib/gcc/arm-elf/4.1.0/thumb/interwork/libgcc.a(_muldi3.o)
 .debug_line    0x00004459       0xcc /home/maska/ATMEL/arm-gnu-toolchain-linux-2/bin/../lib/gcc/arm-elf/4.1.0/thumb/interwork/libgcc.a(_pack_df.o)
 .debug_line    0x00004525       0x99 /home/maska/ATMEL/arm-gnu-toolchain-linux-2/bin/../lib/gcc/arm-elf/4.1.0/thumb/interwork/libgcc.a(_unpack_df.o)
 .debug_line    0x000045be       0xa6 /home/maska/ATMEL/arm-gnu-toolchain-linux-2/bin/../lib/gcc/arm-elf/4.1.0/thumb/interwork/libgcc.a(_fpcmp_parts_df.o)

.debug_frame    0x00000000     0x1254
 *(.debug_frame)
 .debug_frame   0x00000000       0xb8 main.o
 .debug_frame   0x000000b8       0x20 Cstartup_SAM7.o
 .debug_frame   0x000000d8       0x78 interrupt_timer.o
 .debug_frame   0x00000150       0x38 interrupt_Usart.o
 .debug_frame   0x00000188       0xc0 cdc_enumerate.o
 .debug_frame   0x00000248       0xa4 syscalls.o
 .debug_frame   0x000002ec       0x50 /home/maska/ATMEL/arm-gnu-toolchain-linux-2/bin/../lib/gcc/arm-elf/4.1.0/../../../../arm-elf/lib/thumb/interwork/libc.a(sprintf.o)
 .debug_frame   0x0000033c       0x2c /home/maska/ATMEL/arm-gnu-toolchain-linux-2/bin/../lib/gcc/arm-elf/4.1.0/../../../../arm-elf/lib/thumb/interwork/libc.a(strcpy.o)
 .debug_frame   0x00000368       0x2c /home/maska/ATMEL/arm-gnu-toolchain-linux-2/bin/../lib/gcc/arm-elf/4.1.0/../../../../arm-elf/lib/thumb/interwork/libc.a(strlen.o)
 .debug_frame   0x00000394       0x70 /home/maska/ATMEL/arm-gnu-toolchain-linux-2/bin/../lib/gcc/arm-elf/4.1.0/../../../../arm-elf/lib/thumb/interwork/libc.a(vfprintf.o)
 .debug_frame   0x00000404       0x48 /home/maska/ATMEL/arm-gnu-toolchain-linux-2/bin/../lib/gcc/arm-elf/4.1.0/../../../../arm-elf/lib/thumb/interwork/libc.a(wcrtomb.o)
 .debug_frame   0x0000044c       0x5c /home/maska/ATMEL/arm-gnu-toolchain-linux-2/bin/../lib/gcc/arm-elf/4.1.0/../../../../arm-elf/lib/thumb/interwork/libc.a(wcsrtombs.o)
 .debug_frame   0x000004a8       0x30 /home/maska/ATMEL/arm-gnu-toolchain-linux-2/bin/../lib/gcc/arm-elf/4.1.0/../../../../arm-elf/lib/thumb/interwork/libc.a(wctomb_r.o)
 .debug_frame   0x000004d8       0x2c /home/maska/ATMEL/arm-gnu-toolchain-linux-2/bin/../lib/gcc/arm-elf/4.1.0/../../../../arm-elf/lib/thumb/interwork/libc.a(wsetup.o)
 .debug_frame   0x00000504       0x68 /home/maska/ATMEL/arm-gnu-toolchain-linux-2/bin/../lib/gcc/arm-elf/4.1.0/../../../../arm-elf/lib/thumb/interwork/libc.a(dtoa.o)
 .debug_frame   0x0000056c       0x2c /home/maska/ATMEL/arm-gnu-toolchain-linux-2/bin/../lib/gcc/arm-elf/4.1.0/../../../../arm-elf/lib/thumb/interwork/libc.a(fflush.o)
 .debug_frame   0x00000598      0x130 /home/maska/ATMEL/arm-gnu-toolchain-linux-2/bin/../lib/gcc/arm-elf/4.1.0/../../../../arm-elf/lib/thumb/interwork/libc.a(findfp.o)
 .debug_frame   0x000006c8       0x54 /home/maska/ATMEL/arm-gnu-toolchain-linux-2/bin/../lib/gcc/arm-elf/4.1.0/../../../../arm-elf/lib/thumb/interwork/libc.a(freer.o)
 .debug_frame   0x0000071c       0x3c /home/maska/ATMEL/arm-gnu-toolchain-linux-2/bin/../lib/gcc/arm-elf/4.1.0/../../../../arm-elf/lib/thumb/interwork/libc.a(fvwrite.o)
 .debug_frame   0x00000758       0x5c /home/maska/ATMEL/arm-gnu-toolchain-linux-2/bin/../lib/gcc/arm-elf/4.1.0/../../../../arm-elf/lib/thumb/interwork/libc.a(fwalk.o)
 .debug_frame   0x000007b4       0x80 /home/maska/ATMEL/arm-gnu-toolchain-linux-2/bin/../lib/gcc/arm-elf/4.1.0/../../../../arm-elf/lib/thumb/interwork/libc.a(locale.o)
 .debug_frame   0x00000834       0x30 /home/maska/ATMEL/arm-gnu-toolchain-linux-2/bin/../lib/gcc/arm-elf/4.1.0/../../../../arm-elf/lib/thumb/interwork/libc.a(makebuf.o)
 .debug_frame   0x00000864       0x3c /home/maska/ATMEL/arm-gnu-toolchain-linux-2/bin/../lib/gcc/arm-elf/4.1.0/../../../../arm-elf/lib/thumb/interwork/libc.a(mallocr.o)
 .debug_frame   0x000008a0       0x38 /home/maska/ATMEL/arm-gnu-toolchain-linux-2/bin/../lib/gcc/arm-elf/4.1.0/../../../../arm-elf/lib/thumb/interwork/libc.a(memchr.o)
 .debug_frame   0x000008d8       0x28 /home/maska/ATMEL/arm-gnu-toolchain-linux-2/bin/../lib/gcc/arm-elf/4.1.0/../../../../arm-elf/lib/thumb/interwork/libc.a(memcpy.o)
 .debug_frame   0x00000900       0x2c /home/maska/ATMEL/arm-gnu-toolchain-linux-2/bin/../lib/gcc/arm-elf/4.1.0/../../../../arm-elf/lib/thumb/interwork/libc.a(memmove.o)
 .debug_frame   0x0000092c       0x2c /home/maska/ATMEL/arm-gnu-toolchain-linux-2/bin/../lib/gcc/arm-elf/4.1.0/../../../../arm-elf/lib/thumb/interwork/libc.a(memset.o)
 .debug_frame   0x00000958       0x30 /home/maska/ATMEL/arm-gnu-toolchain-linux-2/bin/../lib/gcc/arm-elf/4.1.0/../../../../arm-elf/lib/thumb/interwork/libc.a(mlock.o)
 .debug_frame   0x00000988      0x224 /home/maska/ATMEL/arm-gnu-toolchain-linux-2/bin/../lib/gcc/arm-elf/4.1.0/../../../../arm-elf/lib/thumb/interwork/libc.a(mprec.o)
 .debug_frame   0x00000bac       0x3c /home/maska/ATMEL/arm-gnu-toolchain-linux-2/bin/../lib/gcc/arm-elf/4.1.0/../../../../arm-elf/lib/thumb/interwork/libc.a(reallocr.o)
 .debug_frame   0x00000be8       0x20 /home/maska/ATMEL/arm-gnu-toolchain-linux-2/bin/../lib/gcc/arm-elf/4.1.0/../../../../arm-elf/lib/thumb/interwork/libc.a(s_isinf.o)
 .debug_frame   0x00000c08       0x20 /home/maska/ATMEL/arm-gnu-toolchain-linux-2/bin/../lib/gcc/arm-elf/4.1.0/../../../../arm-elf/lib/thumb/interwork/libc.a(s_isnan.o)
 .debug_frame   0x00000c28       0x80 /home/maska/ATMEL/arm-gnu-toolchain-linux-2/bin/../lib/gcc/arm-elf/4.1.0/../../../../arm-elf/lib/thumb/interwork/libc.a(stdio.o)
 .debug_frame   0x00000ca8       0x2c /home/maska/ATMEL/arm-gnu-toolchain-linux-2/bin/../lib/gcc/arm-elf/4.1.0/../../../../arm-elf/lib/thumb/interwork/libc.a(strcmp.o)
 .debug_frame   0x00000cd4       0x28 /home/maska/ATMEL/arm-gnu-toolchain-linux-2/bin/../lib/gcc/arm-elf/4.1.0/../../../../arm-elf/lib/thumb/interwork/libc.a(callocr.o)
 .debug_frame   0x00000cfc       0x44 /home/maska/ATMEL/arm-gnu-toolchain-linux-2/bin/../lib/gcc/arm-elf/4.1.0/../../../../arm-elf/lib/thumb/interwork/libc.a(fclose.o)
 .debug_frame   0x00000d40       0x28 /home/maska/ATMEL/arm-gnu-toolchain-linux-2/bin/../lib/gcc/arm-elf/4.1.0/thumb/interwork/libgcc.a(_udivsi3.o)
 .debug_frame   0x00000d68       0x28 /home/maska/ATMEL/arm-gnu-toolchain-linux-2/bin/../lib/gcc/arm-elf/4.1.0/thumb/interwork/libgcc.a(_divsi3.o)
 .debug_frame   0x00000d90       0x28 /home/maska/ATMEL/arm-gnu-toolchain-linux-2/bin/../lib/gcc/arm-elf/4.1.0/thumb/interwork/libgcc.a(_umodsi3.o)
 .debug_frame   0x00000db8       0x28 /home/maska/ATMEL/arm-gnu-toolchain-linux-2/bin/../lib/gcc/arm-elf/4.1.0/thumb/interwork/libgcc.a(_modsi3.o)
 .debug_frame   0x00000de0       0xb4 /home/maska/ATMEL/arm-gnu-toolchain-linux-2/bin/../lib/gcc/arm-elf/4.1.0/thumb/interwork/libgcc.a(_addsub_df.o)
 .debug_frame   0x00000e94       0x74 /home/maska/ATMEL/arm-gnu-toolchain-linux-2/bin/../lib/gcc/arm-elf/4.1.0/thumb/interwork/libgcc.a(_mul_df.o)
 .debug_frame   0x00000f08       0x70 /home/maska/ATMEL/arm-gnu-toolchain-linux-2/bin/../lib/gcc/arm-elf/4.1.0/thumb/interwork/libgcc.a(_div_df.o)
 .debug_frame   0x00000f78       0x3c /home/maska/ATMEL/arm-gnu-toolchain-linux-2/bin/../lib/gcc/arm-elf/4.1.0/thumb/interwork/libgcc.a(_eq_df.o)
 .debug_frame   0x00000fb4       0x3c /home/maska/ATMEL/arm-gnu-toolchain-linux-2/bin/../lib/gcc/arm-elf/4.1.0/thumb/interwork/libgcc.a(_ne_df.o)
 .debug_frame   0x00000ff0       0x3c /home/maska/ATMEL/arm-gnu-toolchain-linux-2/bin/../lib/gcc/arm-elf/4.1.0/thumb/interwork/libgcc.a(_gt_df.o)
 .debug_frame   0x0000102c       0x3c /home/maska/ATMEL/arm-gnu-toolchain-linux-2/bin/../lib/gcc/arm-elf/4.1.0/thumb/interwork/libgcc.a(_ge_df.o)
 .debug_frame   0x00001068       0x3c /home/maska/ATMEL/arm-gnu-toolchain-linux-2/bin/../lib/gcc/arm-elf/4.1.0/thumb/interwork/libgcc.a(_lt_df.o)
 .debug_frame   0x000010a4       0x2c /home/maska/ATMEL/arm-gnu-toolchain-linux-2/bin/../lib/gcc/arm-elf/4.1.0/thumb/interwork/libgcc.a(_si_to_df.o)
 .debug_frame   0x000010d0       0x60 /home/maska/ATMEL/arm-gnu-toolchain-linux-2/bin/../lib/gcc/arm-elf/4.1.0/thumb/interwork/libgcc.a(_df_to_si.o)
 .debug_frame   0x00001130       0x38 /home/maska/ATMEL/arm-gnu-toolchain-linux-2/bin/../lib/gcc/arm-elf/4.1.0/thumb/interwork/libgcc.a(_muldi3.o)
 .debug_frame   0x00001168       0x60 /home/maska/ATMEL/arm-gnu-toolchain-linux-2/bin/../lib/gcc/arm-elf/4.1.0/thumb/interwork/libgcc.a(_pack_df.o)
 .debug_frame   0x000011c8       0x30 /home/maska/ATMEL/arm-gnu-toolchain-linux-2/bin/../lib/gcc/arm-elf/4.1.0/thumb/interwork/libgcc.a(_unpack_df.o)
 .debug_frame   0x000011f8       0x5c /home/maska/ATMEL/arm-gnu-toolchain-linux-2/bin/../lib/gcc/arm-elf/4.1.0/thumb/interwork/libgcc.a(_fpcmp_parts_df.o)

.debug_str      0x00000000     0x2766
 *(.debug_str)
 .debug_str     0x00000000      0x649 main.o
                                0x6a4 (size before relaxing)
 .debug_str     0x00000649       0x23 Cstartup_SAM7.o
                                0x175 (size before relaxing)
 .debug_str     0x0000066c       0xe6 interrupt_timer.o
                                0x4de (size before relaxing)
 .debug_str     0x00000752      0x38f interrupt_Usart.o
                                0x77f (size before relaxing)
 .debug_str     0x00000ae1      0x1a6 cdc_enumerate.o
                                0x360 (size before relaxing)
 .debug_str     0x00000c87      0x4d9 syscalls.o
                                0x72c (size before relaxing)
 .debug_str     0x00001160       0xbd /home/maska/ATMEL/arm-gnu-toolchain-linux-2/bin/../lib/gcc/arm-elf/4.1.0/../../../../arm-elf/lib/thumb/interwork/libc.a(sprintf.o)
                                0x500 (size before relaxing)
 .debug_str     0x0000121d       0xc5 /home/maska/ATMEL/arm-gnu-toolchain-linux-2/bin/../lib/gcc/arm-elf/4.1.0/../../../../arm-elf/lib/thumb/interwork/libc.a(strcpy.o)
                                0x14e (size before relaxing)
 .debug_str     0x000012e2       0x60 /home/maska/ATMEL/arm-gnu-toolchain-linux-2/bin/../lib/gcc/arm-elf/4.1.0/../../../../arm-elf/lib/thumb/interwork/libc.a(strlen.o)
                                0x146 (size before relaxing)
 .debug_str     0x00001342      0x1bf /home/maska/ATMEL/arm-gnu-toolchain-linux-2/bin/../lib/gcc/arm-elf/4.1.0/../../../../arm-elf/lib/thumb/interwork/libc.a(vfprintf.o)
                                0x6d1 (size before relaxing)
 .debug_str     0x00001501       0xb7 /home/maska/ATMEL/arm-gnu-toolchain-linux-2/bin/../lib/gcc/arm-elf/4.1.0/../../../../arm-elf/lib/thumb/interwork/libc.a(wcrtomb.o)
                                0x506 (size before relaxing)
 .debug_str     0x000015b8       0x6a /home/maska/ATMEL/arm-gnu-toolchain-linux-2/bin/../lib/gcc/arm-elf/4.1.0/../../../../arm-elf/lib/thumb/interwork/libc.a(wcsrtombs.o)
                                0x51b (size before relaxing)
 .debug_str     0x00001622       0x6f /home/maska/ATMEL/arm-gnu-toolchain-linux-2/bin/../lib/gcc/arm-elf/4.1.0/../../../../arm-elf/lib/thumb/interwork/libc.a(wctomb_r.o)
                                0x4fb (size before relaxing)
 .debug_str     0x00001691       0x4f /home/maska/ATMEL/arm-gnu-toolchain-linux-2/bin/../lib/gcc/arm-elf/4.1.0/../../../../arm-elf/lib/thumb/interwork/libc.a(wsetup.o)
                                0x4df (size before relaxing)
 .debug_str     0x000016e0      0x10d /home/maska/ATMEL/arm-gnu-toolchain-linux-2/bin/../lib/gcc/arm-elf/4.1.0/../../../../arm-elf/lib/thumb/interwork/libc.a(dtoa.o)
                                0x5d6 (size before relaxing)
 .debug_str     0x000017ed       0x5f /home/maska/ATMEL/arm-gnu-toolchain-linux-2/bin/../lib/gcc/arm-elf/4.1.0/../../../../arm-elf/lib/thumb/interwork/libc.a(fflush.o)
                                0x4ef (size before relaxing)
 .debug_str     0x0000184c      0x10d /home/maska/ATMEL/arm-gnu-toolchain-linux-2/bin/../lib/gcc/arm-elf/4.1.0/../../../../arm-elf/lib/thumb/interwork/libc.a(findfp.o)
                                0x5c9 (size before relaxing)
 .debug_str     0x00001959      0x166 /home/maska/ATMEL/arm-gnu-toolchain-linux-2/bin/../lib/gcc/arm-elf/4.1.0/../../../../arm-elf/lib/thumb/interwork/libc.a(freer.o)
                                0x618 (size before relaxing)
 .debug_str     0x00001abf       0x67 /home/maska/ATMEL/arm-gnu-toolchain-linux-2/bin/../lib/gcc/arm-elf/4.1.0/../../../../arm-elf/lib/thumb/interwork/libc.a(fvwrite.o)
                                0x53a (size before relaxing)
 .debug_str     0x00001b26       0x69 /home/maska/ATMEL/arm-gnu-toolchain-linux-2/bin/../lib/gcc/arm-elf/4.1.0/../../../../arm-elf/lib/thumb/interwork/libc.a(fwalk.o)
                                0x50a (size before relaxing)
 .debug_str     0x00001b8f       0xa6 /home/maska/ATMEL/arm-gnu-toolchain-linux-2/bin/../lib/gcc/arm-elf/4.1.0/../../../../arm-elf/lib/thumb/interwork/libc.a(impure.o)
                                0x4e3 (size before relaxing)
 .debug_str     0x00001c35      0x1ef /home/maska/ATMEL/arm-gnu-toolchain-linux-2/bin/../lib/gcc/arm-elf/4.1.0/../../../../arm-elf/lib/thumb/interwork/libc.a(locale.o)
                                0x672 (size before relaxing)
 .debug_str     0x00001e24       0x5c /home/maska/ATMEL/arm-gnu-toolchain-linux-2/bin/../lib/gcc/arm-elf/4.1.0/../../../../arm-elf/lib/thumb/interwork/libc.a(makebuf.o)
                                0x5c6 (size before relaxing)
 .debug_str     0x00001e80       0xe9 /home/maska/ATMEL/arm-gnu-toolchain-linux-2/bin/../lib/gcc/arm-elf/4.1.0/../../../../arm-elf/lib/thumb/interwork/libc.a(mallocr.o)
                                0x6c6 (size before relaxing)
 .debug_str     0x00001f69       0x62 /home/maska/ATMEL/arm-gnu-toolchain-linux-2/bin/../lib/gcc/arm-elf/4.1.0/../../../../arm-elf/lib/thumb/interwork/libc.a(memchr.o)
                                0x154 (size before relaxing)
 .debug_str     0x00001fcb       0x52 /home/maska/ATMEL/arm-gnu-toolchain-linux-2/bin/../lib/gcc/arm-elf/4.1.0/../../../../arm-elf/lib/thumb/interwork/libc.a(memcpy.o)
                                 0xfd (size before relaxing)
 .debug_str     0x0000201d       0x58 /home/maska/ATMEL/arm-gnu-toolchain-linux-2/bin/../lib/gcc/arm-elf/4.1.0/../../../../arm-elf/lib/thumb/interwork/libc.a(memmove.o)
                                0x166 (size before relaxing)
 .debug_str     0x00002075       0x4d /home/maska/ATMEL/arm-gnu-toolchain-linux-2/bin/../lib/gcc/arm-elf/4.1.0/../../../../arm-elf/lib/thumb/interwork/libc.a(memset.o)
                                0x147 (size before relaxing)
 .debug_str     0x000020c2       0x78 /home/maska/ATMEL/arm-gnu-toolchain-linux-2/bin/../lib/gcc/arm-elf/4.1.0/../../../../arm-elf/lib/thumb/interwork/libc.a(mlock.o)
                                0x4ec (size before relaxing)
 .debug_str     0x0000213a       0xde /home/maska/ATMEL/arm-gnu-toolchain-linux-2/bin/../lib/gcc/arm-elf/4.1.0/../../../../arm-elf/lib/thumb/interwork/libc.a(mprec.o)
                                0x5be (size before relaxing)
 .debug_str     0x00002218       0x61 /home/maska/ATMEL/arm-gnu-toolchain-linux-2/bin/../lib/gcc/arm-elf/4.1.0/../../../../arm-elf/lib/thumb/interwork/libc.a(reallocr.o)
                                0x598 (size before relaxing)
 .debug_str     0x00002279       0xa9 /home/maska/ATMEL/arm-gnu-toolchain-linux-2/bin/../lib/gcc/arm-elf/4.1.0/../../../../arm-elf/lib/thumb/interwork/libc.a(s_isinf.o)
                                0x157 (size before relaxing)
 .debug_str     0x00002322       0x4b /home/maska/ATMEL/arm-gnu-toolchain-linux-2/bin/../lib/gcc/arm-elf/4.1.0/../../../../arm-elf/lib/thumb/interwork/libc.a(s_isnan.o)
                                0x157 (size before relaxing)
 .debug_str     0x0000236d       0x6d /home/maska/ATMEL/arm-gnu-toolchain-linux-2/bin/../lib/gcc/arm-elf/4.1.0/../../../../arm-elf/lib/thumb/interwork/libc.a(stdio.o)
                                0x512 (size before relaxing)
 .debug_str     0x000023da       0x4d /home/maska/ATMEL/arm-gnu-toolchain-linux-2/bin/../lib/gcc/arm-elf/4.1.0/../../../../arm-elf/lib/thumb/interwork/libc.a(strcmp.o)
                                0x12c (size before relaxing)
 .debug_str     0x00002427       0x19 /home/maska/ATMEL/arm-gnu-toolchain-linux-2/bin/../lib/gcc/arm-elf/4.1.0/../../../../arm-elf/lib/thumb/interwork/libc.a(callocr.o)
                                0x517 (size before relaxing)
 .debug_str     0x00002440       0x56 /home/maska/ATMEL/arm-gnu-toolchain-linux-2/bin/../lib/gcc/arm-elf/4.1.0/../../../../arm-elf/lib/thumb/interwork/libc.a(fclose.o)
                                0x4eb (size before relaxing)
 .debug_str     0x00002496      0x161 /home/maska/ATMEL/arm-gnu-toolchain-linux-2/bin/../lib/gcc/arm-elf/4.1.0/thumb/interwork/libgcc.a(_addsub_df.o)
                                0x220 (size before relaxing)
 .debug_str     0x000025f7       0x45 /home/maska/ATMEL/arm-gnu-toolchain-linux-2/bin/../lib/gcc/arm-elf/4.1.0/thumb/interwork/libgcc.a(_mul_df.o)
                                0x1f8 (size before relaxing)
 .debug_str     0x0000263c       0x35 /home/maska/ATMEL/arm-gnu-toolchain-linux-2/bin/../lib/gcc/arm-elf/4.1.0/thumb/interwork/libgcc.a(_div_df.o)
                                0x1e8 (size before relaxing)
 .debug_str     0x00002671        0x8 /home/maska/ATMEL/arm-gnu-toolchain-linux-2/bin/../lib/gcc/arm-elf/4.1.0/thumb/interwork/libgcc.a(_eq_df.o)
                                0x1b5 (size before relaxing)
 .debug_str     0x00002679        0x8 /home/maska/ATMEL/arm-gnu-toolchain-linux-2/bin/../lib/gcc/arm-elf/4.1.0/thumb/interwork/libgcc.a(_ne_df.o)
                                0x1b5 (size before relaxing)
 .debug_str     0x00002681        0x8 /home/maska/ATMEL/arm-gnu-toolchain-linux-2/bin/../lib/gcc/arm-elf/4.1.0/thumb/interwork/libgcc.a(_gt_df.o)
                                0x1b5 (size before relaxing)
 .debug_str     0x00002689        0x8 /home/maska/ATMEL/arm-gnu-toolchain-linux-2/bin/../lib/gcc/arm-elf/4.1.0/thumb/interwork/libgcc.a(_ge_df.o)
                                0x1b5 (size before relaxing)
 .debug_str     0x00002691        0x8 /home/maska/ATMEL/arm-gnu-toolchain-linux-2/bin/../lib/gcc/arm-elf/4.1.0/thumb/interwork/libgcc.a(_lt_df.o)
                                0x1b5 (size before relaxing)
 .debug_str     0x00002699        0xc /home/maska/ATMEL/arm-gnu-toolchain-linux-2/bin/../lib/gcc/arm-elf/4.1.0/thumb/interwork/libgcc.a(_si_to_df.o)
                                0x183 (size before relaxing)
 .debug_str     0x000026a5        0xa /home/maska/ATMEL/arm-gnu-toolchain-linux-2/bin/../lib/gcc/arm-elf/4.1.0/thumb/interwork/libgcc.a(_df_to_si.o)
                                0x1be (size before relaxing)
 .debug_str     0x000026af        0x0 /home/maska/ATMEL/arm-gnu-toolchain-linux-2/bin/../lib/gcc/arm-elf/4.1.0/thumb/interwork/libgcc.a(_thenan_df.o)
                                0x15a (size before relaxing)
 .debug_str     0x000026af       0x84 /home/maska/ATMEL/arm-gnu-toolchain-linux-2/bin/../lib/gcc/arm-elf/4.1.0/thumb/interwork/libgcc.a(_muldi3.o)
                                0x168 (size before relaxing)
 .debug_str     0x00002733       0x10 /home/maska/ATMEL/arm-gnu-toolchain-linux-2/bin/../lib/gcc/arm-elf/4.1.0/thumb/interwork/libgcc.a(_pack_df.o)
                                0x1bd (size before relaxing)